2026-09-22T03:31:38.254741Z  WARN carrick::commands: carrick trace: not root; re-executing under sudo
TRACECHILD1|euid=501|egid=20|groups=12,20,33,61,79,80,81,98,100,204,250,395,398,399,400,701

real	0m1.506s
user	0m2.348s
sys	0m0.738s
ok

real	0m1.389s
user	0m2.223s
sys	0m0.692s
ok

real	0m1.379s
user	0m2.260s
sys	0m0.674s
ok

real	0m1.417s
user	0m2.270s
sys	0m0.694s
ok

real	0m1.435s
user	0m2.266s
sys	0m0.710s
ok
HVPatch carrier low-rate CPU: samples=1865, user_stacks=506, stack_count_closure=1865, bundled_program_sha256=4411c42ae3bd1cca3b188ea86471817e82db0a7b372ba7f5f030e0a33bea77a2, image_text_base=0x102c28000, raw_bytes=233206
