2026-09-22T03:31:32.631499Z  WARN carrick::commands: carrick trace: not root; re-executing under sudo
TRACECHILD1|euid=501|egid=20|groups=12,20,33,61,79,80,81,98,100,204,250,395,398,399,400,701

real	0m0.312s
user	0m0.072s
sys	0m0.165s

real	0m0.221s
user	0m0.061s
sys	0m0.158s

real	0m0.227s
user	0m0.065s
sys	0m0.163s

real	0m0.222s
user	0m0.064s
sys	0m0.159s

real	0m0.214s
user	0m0.062s
sys	0m0.152s

real	0m0.219s
user	0m0.062s
sys	0m0.157s

real	0m0.222s
user	0m0.065s
sys	0m0.163s

real	0m0.220s
user	0m0.065s
sys	0m0.153s

real	0m0.218s
user	0m0.061s
sys	0m0.155s

real	0m0.219s
user	0m0.061s
sys	0m0.160s

real	0m0.221s
user	0m0.067s
sys	0m0.159s

real	0m0.221s
user	0m0.064s
sys	0m0.161s

real	0m0.222s
user	0m0.062s
sys	0m0.156s

real	0m0.219s
user	0m0.065s
sys	0m0.157s

real	0m0.224s
user	0m0.069s
sys	0m0.159s

real	0m0.218s
user	0m0.061s
sys	0m0.157s

real	0m0.224s
user	0m0.067s
sys	0m0.157s

real	0m0.225s
user	0m0.065s
sys	0m0.160s

real	0m0.227s
user	0m0.062s
sys	0m0.162s

real	0m0.228s
user	0m0.065s
sys	0m0.161s
HVPatch carrier low-rate CPU: samples=472, user_stacks=205, stack_count_closure=472, bundled_program_sha256=4411c42ae3bd1cca3b188ea86471817e82db0a7b372ba7f5f030e0a33bea77a2, image_text_base=0x100420000, raw_bytes=110511
