{
  "population": 472,
  "first_resolved_frame": [
    [
      "applevisor::vcpu::Vcpu::run::h9ac3ac5faebfe78c",
      123
    ],
    [
      "carrick_kernel::dispatch::mem::madvise::_$LT$impl$u20$carrick_kernel..dispatch..dispatcher..MemView$GT$::madvise::hd6c8e80522e51e4c",
      85
    ],
    [
      "alloc::collections::btree::navigate::_$LT$impl$u20$alloc..collections..btree..node..NodeRef$LT$BorrowType$C$K$C$V$C$alloc..collections..btree..node..marker..LeafOrInternal$GT$$GT$::find_leaf_edges_spanning_range::hd195491f3adad07a",
      21
    ],
    [
      "carrick_vmm_hvf::trap::frame_inventory::CowArmedRanges::span_for::h90784a7f089ec741",
      21
    ],
    [
      "carrick_vmm_hvf::trap::cow_engine::_$LT$impl$u20$carrick_vmm_hvf..trap..HvfVmState$GT$::ensure_frame_cow_write::hbbb597848a1be06a",
      20
    ],
    [
      "<deduplicated_symbol>",
      19
    ],
    [
      "alloc::sync::Arc$LT$T$C$A$GT$::drop_slow::h72f4ab1409c3043e",
      11
    ],
    [
      "carrick_vmm_hvf::trap::global_frame::global_frame_host_owner_matches_in::h4b485b3c8b650566",
      10
    ],
    [
      "carrick_mem::page_table::PageTableManager::translate_with_invalid_leaf::h1b947f582caf0355",
      5
    ],
    [
      "carrick_vmm_hvf::trap::guest_memory::_$LT$impl$u20$carrick_vmm_hvf..trap..HvfVmState$GT$::zero_guest_backing::h3a67ae0f5a825c3e",
      5
    ],
    [
      "_RNvMNtNtNtNtCsaLOjE9VYtxK_3std3sys3pal4unix4timeNtB2_8Timespec3now",
      5
    ],
    [
      "carrick_vmm_hvf::trap::memory_protection::AliasRegistry::index_insert::h1e7401047b069a55",
      4
    ],
    [
      "core::ops::function::FnMut::call_mut::h21394cd07a215d09",
      4
    ],
    [
      "_$LT$alloc..collections..btree..map..Values$LT$K$C$V$GT$$u20$as$u20$core..iter..traits..double_ended..DoubleEndedIterator$GT$::next_back::h322b7560fb456e1f",
      3
    ],
    [
      "alloc::collections::btree::search::_$LT$impl$u20$alloc..collections..btree..node..NodeRef$LT$BorrowType$C$K$C$V$C$Type$GT$$GT$::find_lower_bound_index::h004febcb3094e434",
      3
    ],
    [
      "carrick_kernel::dispatch::mm_quiesce::drain_exact_mm::haa8c567220183811",
      3
    ],
    [
      "carrick_guest_mem::protections::MemoryProtections::range_unmapped::h8ed0a8fa4e332bcf",
      3
    ],
    [
      "core::ops::function::impls::_$LT$impl$u20$core..ops..function..FnMut$LT$A$GT$$u20$for$u20$$RF$mut$u20$F$GT$::call_mut::ha7907cd50cbc1e7e",
      3
    ]
  ]
}
{
  "population": 1865,
  "first_resolved_frame": [
    [
      "applevisor::vcpu::Vcpu::run::h9ac3ac5faebfe78c",
      1119
    ],
    [
      "std::sys::backtrace::__rust_begin_short_backtrace::h33c69b3ac1ec1b39",
      56
    ],
    [
      "parking_lot::raw_mutex::RawMutex::lock_slow::hedf000c10f0767ce",
      37
    ],
    [
      "parking_lot::condvar::Condvar::wait_until_internal::heb307538a997ec5d",
      34
    ],
    [
      "carrick_runtime::vcpu_loop::executor::run_executor_loop::hbf7b91e9709ca397",
      27
    ],
    [
      "<deduplicated_symbol>",
      22
    ],
    [
      "applevisor::vcpu::Vcpu::get_sys_reg::h3efe6a3aabef6ac0",
      18
    ],
    [
      "carrick_thread::fork_quiesce::PtQuiesce::park_servicing_exact_invalidation::h8f0edbc68294dd36",
      17
    ],
    [
      "parking_lot::raw_mutex::RawMutex::unlock_slow::h06e9ca36e4e864ff",
      17
    ],
    [
      "carrick_vfs::fs_backend::host::HostFsBackend::openat_for_guest::h5d7e361ddf5e6312",
      17
    ],
    [
      "carrick_vfs::vfs::dentry::DentryCache::fast_open::h8868e7895bfad313",
      16
    ],
    [
      "applevisor::vcpu::Vcpu::get_reg::he016fca7d5b7b45b",
      14
    ],
    [
      "carrick_kernel::dispatch::io_pipe::write_host_pipe::he965cb1e006c3b61",
      14
    ],
    [
      "carrick_vmm_hvf::trap::stage2_backend::prepare_exec_region_raw_in::h8dc64908336d92a6",
      11
    ],
    [
      "_$LT$T$u20$as$u20$carrick_hal..threaded..VcpuKickDyn$GT$::kick::h4aafac49c15f9fa7",
      9
    ],
    [
      "applevisor::vcpu::Vcpu::set_sys_reg::h70a2a67a7cbbed4f",
      9
    ],
    [
      "_RNvMNtNtNtNtCsaLOjE9VYtxK_3std3sys3pal4unix4timeNtB2_8Timespec3now",
      9
    ],
    [
      "carrick_kernel::kernel::core::KernelContext::retain_exact::hf5e7b2824e4b7dda",
      8
    ]
  ]
}
{
  "population": 787,
  "first_resolved_frame": [
    [
      "applevisor::vcpu::Vcpu::run::h9ac3ac5faebfe78c",
      198
    ],
    [
      "carrick_vfs::fs_backend::host::read_plain_host_dir_entries::h8aab323fb33c7371",
      90
    ],
    [
      "parking_lot::condvar::Condvar::wait_until_internal::heb307538a997ec5d",
      20
    ],
    [
      "_$LT$carrick_vfs..fs_backend..host..HostFsBackend$u20$as$u20$carrick_vfs..fs_backend..FsBackend$GT$::real_stat::h2b459833a4f56cbd",
      17
    ],
    [
      "_$LT$carrick_vfs..fs_backend..host..HostFsBackend$u20$as$u20$carrick_vfs..fs_backend..FsBackend$GT$::remove_entry_at::h1ae5c33351109e01",
      15
    ],
    [
      "carrick_vfs::fs_backend::host::HostFsBackend::dir_fd_for_hops::hf6ef32a7ee05aae2",
      14
    ],
    [
      "<deduplicated_symbol>",
      12
    ],
    [
      "_RNvXsi_NtCsaLOjE9VYtxK_3std4pathNtB5_10ComponentsNtNtNtNtCs6sq8b9ugfBC_4core4iter6traits8iterator8Iterator4next",
      8
    ],
    [
      "parking_lot::raw_mutex::RawMutex::unlock_slow::h06e9ca36e4e864ff",
      8
    ],
    [
      "carrick_vfs::vfs::rootfs::RootFsVfs::mkdir_admitted::hffb97b7bf84cd36a",
      8
    ],
    [
      "_$LT$carrick_vfs..fs_backend..host..HostFsBackend$u20$as$u20$carrick_vfs..fs_backend..FsBackend$GT$::open_trusted_dir_fd::hb207a437d21c2d64",
      7
    ],
    [
      "_RNvNtCsaLOjE9VYtxK_3std4path18compare_components",
      6
    ],
    [
      "carrick_vmm_hvf::trap::memory_protection::AliasRegistry::remove_exact_values_in_batch::he3b3a6c199d25fb6",
      6
    ],
    [
      "carrick_vmm_hvf::trap::frame_inventory::final_exec_physical_extents::h54594b854792b317",
      6
    ],
    [
      "carrick_vmm_hvf::trap::memory_protection::AliasRegistry::private_owned_containing_physical::hbc4b0a647ceb0eaf",
      6
    ],
    [
      "_RNvMNtNtNtNtCsaLOjE9VYtxK_3std3sys3pal4unix4timeNtB2_8Timespec3now",
      6
    ],
    [
      "carrick_vmm_hvf::trap::guest_memory::_$LT$impl$u20$carrick_vmm_hvf..trap..HvfVmState$GT$::write_guest_bytes::h9fb31beff1f92381",
      6
    ],
    [
      "carrick_vfs::vfs::dentry::DentryCache::fast_open::h8868e7895bfad313",
      6
    ]
  ]
}
