{"name": "node-app", "phase": "carrick", "returncode": 0, "timed_out": false, "outer_wall_s": 0.8236814999982016, "guest_timing": [[0.365, 0.098, 0.189]]}
{"name": "go-build-cold", "phase": "carrick", "returncode": 0, "timed_out": false, "outer_wall_s": 1.481636291005998, "guest_timing": [[1.407, 2.012, 0.663]]}
{"name": "python-os", "phase": "carrick", "returncode": 0, "timed_out": false, "outer_wall_s": 2.694418749990291, "guest_timing": [[2.627, 0.81, 1.517]]}
{"name": "node-app", "phase": "carrick", "returncode": 0, "timed_out": false, "outer_wall_s": 0.65027758400538, "guest_timing": [[0.261, 0.064, 0.145]]}
{"name": "go-build-cold", "phase": "carrick", "returncode": 0, "timed_out": false, "outer_wall_s": 1.3848601249919739, "guest_timing": [[1.32, 1.991, 0.65]]}
{"name": "python-os", "phase": "carrick", "returncode": 0, "timed_out": false, "outer_wall_s": 2.6156290420040023, "guest_timing": [[2.55, 0.78, 1.51]]}
{"name": "node-app", "phase": "carrick", "returncode": 0, "timed_out": false, "outer_wall_s": 0.3142160419956781, "guest_timing": [[0.256, 0.068, 0.144]]}
{"name": "go-build-cold", "phase": "carrick", "returncode": 0, "timed_out": false, "outer_wall_s": 1.382702666989644, "guest_timing": [[1.318, 1.962, 0.673]]}
{"name": "python-os", "phase": "carrick", "returncode": 0, "timed_out": false, "outer_wall_s": 2.62935087500955, "guest_timing": [[2.563, 0.781, 1.52]]}
{"name": "node-app", "phase": "carrick", "returncode": 0, "timed_out": false, "outer_wall_s": 0.3565884580020793, "guest_timing": [[0.302, 0.065, 0.191]]}
{"name": "go-build-cold", "phase": "carrick", "returncode": 0, "timed_out": false, "outer_wall_s": 1.3903812089993153, "guest_timing": [[1.327, 2.022, 0.636]]}
{"name": "python-os", "phase": "carrick", "returncode": 0, "timed_out": false, "outer_wall_s": 2.615111582999816, "guest_timing": [[2.552, 0.78, 1.51]]}
{"name": "node-app", "phase": "carrick", "returncode": 0, "timed_out": false, "outer_wall_s": 0.35373666700616013, "guest_timing": [[0.3, 0.066, 0.186]]}
{"name": "go-build-cold", "phase": "carrick", "returncode": 0, "timed_out": false, "outer_wall_s": 1.4078393750096438, "guest_timing": [[1.342, 2.026, 0.667]]}
{"name": "python-os", "phase": "carrick", "returncode": 0, "timed_out": false, "outer_wall_s": 2.614749083004426, "guest_timing": [[2.55, 0.781, 1.505]]}
{"name": "node-app", "phase": "carrick", "returncode": 0, "timed_out": false, "outer_wall_s": 0.3221226250025211, "guest_timing": [[0.266, 0.075, 0.15]]}
{"name": "go-build-cold", "phase": "carrick", "returncode": 0, "timed_out": false, "outer_wall_s": 1.3855542090022936, "guest_timing": [[1.321, 1.958, 0.638]]}
{"name": "python-os", "phase": "carrick", "returncode": 0, "timed_out": false, "outer_wall_s": 2.617252374999225, "guest_timing": [[2.553, 0.78, 1.51]]}
{"name": "node-app", "phase": "carrick", "returncode": 0, "timed_out": false, "outer_wall_s": 0.31933862500591204, "guest_timing": [[0.263, 0.075, 0.148]]}
{"name": "go-build-cold", "phase": "carrick", "returncode": 0, "timed_out": false, "outer_wall_s": 1.3707394579978427, "guest_timing": [[1.307, 1.955, 0.628]]}
{"name": "python-os", "phase": "carrick", "returncode": 0, "timed_out": false, "outer_wall_s": 2.6113529580034083, "guest_timing": [[2.549, 0.779, 1.511]]}
{"name": "node-app", "phase": "carrick", "returncode": 0, "timed_out": false, "outer_wall_s": 0.3600116669986164, "guest_timing": [[0.304, 0.07, 0.194]]}
{"name": "go-build-cold", "phase": "carrick", "returncode": 0, "timed_out": false, "outer_wall_s": 1.3884972920059226, "guest_timing": [[1.323, 1.986, 0.652]]}
{"name": "python-os", "phase": "carrick", "returncode": 0, "timed_out": false, "outer_wall_s": 2.61056041700067, "guest_timing": [[2.546, 0.778, 1.503]]}
{
  "node-app": {
    "control_s": [
      0.365,
      0.302,
      0.3,
      0.304
    ],
    "candidate_s": [
      0.261,
      0.256,
      0.266,
      0.263
    ],
    "candidate_control_mean_ratio": 0.822974036191975
  },
  "go-build-cold": {
    "control_s": [
      1.407,
      1.327,
      1.342,
      1.323
    ],
    "candidate_s": [
      1.32,
      1.318,
      1.321,
      1.307
    ],
    "candidate_control_mean_ratio": 0.9753658084830524
  },
  "python-os": {
    "control_s": [
      2.627,
      2.552,
      2.55,
      2.546
    ],
    "candidate_s": [
      2.55,
      2.563,
      2.553,
      2.549
    ],
    "candidate_control_mean_ratio": 0.994160583941606
  }
}
