    Finished `release` profile [optimized] target(s) in 0.07s
build-embed-interceptor-probe: wrote /Volumes/CaseSensitive/carrick/.worktrees/wt-batch3/target/embed-fixtures/interceptor-probe-aarch64
    Finished `release` profile [optimized] target(s) in 0.06s
build-embed-zone-readers: wrote /Volumes/CaseSensitive/carrick/.worktrees/wt-batch3/target/embed-fixtures/zone-readers-aarch64
    Finished `release` profile [optimized] target(s) in 0.07s
build-embed-el1-sched: wrote /Volumes/CaseSensitive/carrick/.worktrees/wt-batch3/target/embed-fixtures/el1-sched-aarch64
   Compiling carrick-kernel v0.1.0 (/Volumes/CaseSensitive/carrick/.worktrees/wt-batch3/crates/carrick-kernel)
   Compiling carrick-runtime v0.1.0 (/Volumes/CaseSensitive/carrick/.worktrees/wt-batch3/crates/carrick-runtime)
   Compiling carrick-engine v0.1.0 (/Volumes/CaseSensitive/carrick/.worktrees/wt-batch3/crates/carrick-engine)
   Compiling carrick-embed v0.1.0 (/Volumes/CaseSensitive/carrick/.worktrees/wt-batch3/crates/carrick-embed)
    Finished `release` profile [optimized + debuginfo] target(s) in 2m 18s
/Volumes/CaseSensitive/carrick/.worktrees/wt-batch3/target/release/deps/write_seek_contract-655aefdea1874a90.tmp.81355: replacing existing signature
test-signed: signed /Volumes/CaseSensitive/carrick/.worktrees/wt-batch3/target/release/deps/write_seek_contract-655aefdea1874a90
/Volumes/CaseSensitive/carrick/.worktrees/wt-batch3/target/release/deps/inotify_hotpath_contract-b6e66637595bd8ed.tmp.81355: replacing existing signature
test-signed: signed /Volumes/CaseSensitive/carrick/.worktrees/wt-batch3/target/release/deps/inotify_hotpath_contract-b6e66637595bd8ed
/Volumes/CaseSensitive/carrick/.worktrees/wt-batch3/target/release/deps/host_wait_policy-f53fc18f775ffe51.tmp.81355: replacing existing signature
test-signed: signed /Volumes/CaseSensitive/carrick/.worktrees/wt-batch3/target/release/deps/host_wait_policy-f53fc18f775ffe51
/Volumes/CaseSensitive/carrick/.worktrees/wt-batch3/target/release/deps/entitlement_negative-2ea3128a996608c8.tmp.81355: replacing existing signature
test-signed: signed /Volumes/CaseSensitive/carrick/.worktrees/wt-batch3/target/release/deps/entitlement_negative-2ea3128a996608c8
/Volumes/CaseSensitive/carrick/.worktrees/wt-batch3/target/release/deps/crash_parked_thread-ac4b8d7e5234f849.tmp.81355: replacing existing signature
test-signed: signed /Volumes/CaseSensitive/carrick/.worktrees/wt-batch3/target/release/deps/crash_parked_thread-ac4b8d7e5234f849
/Volumes/CaseSensitive/carrick/.worktrees/wt-batch3/target/release/deps/wedge_capture_ladder-901bc0106cd0e8dd.tmp.81355: replacing existing signature
test-signed: signed /Volumes/CaseSensitive/carrick/.worktrees/wt-batch3/target/release/deps/wedge_capture_ladder-901bc0106cd0e8dd
/Volumes/CaseSensitive/carrick/.worktrees/wt-batch3/target/release/deps/el1_inotify09_probe-e2247aca698e3431.tmp.81355: replacing existing signature
test-signed: signed /Volumes/CaseSensitive/carrick/.worktrees/wt-batch3/target/release/deps/el1_inotify09_probe-e2247aca698e3431
/Volumes/CaseSensitive/carrick/.worktrees/wt-batch3/target/release/deps/el1_kick_served_loop-515d037f012f44fb.tmp.81355: replacing existing signature
test-signed: signed /Volumes/CaseSensitive/carrick/.worktrees/wt-batch3/target/release/deps/el1_kick_served_loop-515d037f012f44fb
/Volumes/CaseSensitive/carrick/.worktrees/wt-batch3/target/release/deps/discard_fork_threads-ede4836bafd3d408.tmp.81355: replacing existing signature
test-signed: signed /Volumes/CaseSensitive/carrick/.worktrees/wt-batch3/target/release/deps/discard_fork_threads-ede4836bafd3d408
/Volumes/CaseSensitive/carrick/.worktrees/wt-batch3/target/release/deps/scheduler_race-6158a0c72347df12.tmp.81355: replacing existing signature
test-signed: signed /Volumes/CaseSensitive/carrick/.worktrees/wt-batch3/target/release/deps/scheduler_race-6158a0c72347df12
/Volumes/CaseSensitive/carrick/.worktrees/wt-batch3/target/release/deps/scheduler_preemption-a848ab6a40a27c3a.tmp.81355: replacing existing signature
test-signed: signed /Volumes/CaseSensitive/carrick/.worktrees/wt-batch3/target/release/deps/scheduler_preemption-a848ab6a40a27c3a
/Volumes/CaseSensitive/carrick/.worktrees/wt-batch3/target/release/deps/perf_regression-28b7174fbae1d3a3.tmp.81355: replacing existing signature
test-signed: signed /Volumes/CaseSensitive/carrick/.worktrees/wt-batch3/target/release/deps/perf_regression-28b7174fbae1d3a3
/Volumes/CaseSensitive/carrick/.worktrees/wt-batch3/target/release/deps/realtime_calibration-17c355e0310708c2.tmp.81355: replacing existing signature
test-signed: signed /Volumes/CaseSensitive/carrick/.worktrees/wt-batch3/target/release/deps/realtime_calibration-17c355e0310708c2
/Volumes/CaseSensitive/carrick/.worktrees/wt-batch3/target/release/deps/pt_pause_drain_pressure-8c901bf0cbbb2367.tmp.81355: replacing existing signature
test-signed: signed /Volumes/CaseSensitive/carrick/.worktrees/wt-batch3/target/release/deps/pt_pause_drain_pressure-8c901bf0cbbb2367
/Volumes/CaseSensitive/carrick/.worktrees/wt-batch3/target/release/deps/fault_budget_guest-d7108058cd078309.tmp.81355: replacing existing signature
test-signed: signed /Volumes/CaseSensitive/carrick/.worktrees/wt-batch3/target/release/deps/fault_budget_guest-d7108058cd078309
/Volumes/CaseSensitive/carrick/.worktrees/wt-batch3/target/release/deps/el1_sched-5c0e433fa1c09ea5.tmp.81355: replacing existing signature
test-signed: signed /Volumes/CaseSensitive/carrick/.worktrees/wt-batch3/target/release/deps/el1_sched-5c0e433fa1c09ea5
/Volumes/CaseSensitive/carrick/.worktrees/wt-batch3/target/release/deps/el1_files-1e6a92366579cf6c.tmp.81355: replacing existing signature
test-signed: signed /Volumes/CaseSensitive/carrick/.worktrees/wt-batch3/target/release/deps/el1_files-1e6a92366579cf6c
/Volumes/CaseSensitive/carrick/.worktrees/wt-batch3/target/release/deps/guest_smoke-42224af0716988ce.tmp.81355: replacing existing signature
test-signed: signed /Volumes/CaseSensitive/carrick/.worktrees/wt-batch3/target/release/deps/guest_smoke-42224af0716988ce
/Volumes/CaseSensitive/carrick/.worktrees/wt-batch3/target/release/deps/el1_transparent-9f1543913016aba2.tmp.81355: replacing existing signature
test-signed: signed /Volumes/CaseSensitive/carrick/.worktrees/wt-batch3/target/release/deps/el1_transparent-9f1543913016aba2
/Volumes/CaseSensitive/carrick/.worktrees/wt-batch3/target/release/deps/el1_gic-16f015d9c1504abe.tmp.81355: replacing existing signature
test-signed: signed /Volumes/CaseSensitive/carrick/.worktrees/wt-batch3/target/release/deps/el1_gic-16f015d9c1504abe
/Volumes/CaseSensitive/carrick/.worktrees/wt-batch3/target/release/deps/el1_inotify-bce76854a0c94a41.tmp.81355: replacing existing signature
test-signed: signed /Volumes/CaseSensitive/carrick/.worktrees/wt-batch3/target/release/deps/el1_inotify-bce76854a0c94a41
/Volumes/CaseSensitive/carrick/.worktrees/wt-batch3/target/release/deps/shared_buffer_futex-692fbc5fdd19b57b.tmp.81355: replacing existing signature
test-signed: signed /Volumes/CaseSensitive/carrick/.worktrees/wt-batch3/target/release/deps/shared_buffer_futex-692fbc5fdd19b57b
/Volumes/CaseSensitive/carrick/.worktrees/wt-batch3/target/release/deps/two_process_parallelism-4f3c6fc63376028d.tmp.81355: replacing existing signature
test-signed: signed /Volumes/CaseSensitive/carrick/.worktrees/wt-batch3/target/release/deps/two_process_parallelism-4f3c6fc63376028d
/Volumes/CaseSensitive/carrick/.worktrees/wt-batch3/target/release/deps/kernel_abort-d1ac0df7510c64fb.tmp.81355: replacing existing signature
test-signed: signed /Volumes/CaseSensitive/carrick/.worktrees/wt-batch3/target/release/deps/kernel_abort-d1ac0df7510c64fb
/Volumes/CaseSensitive/carrick/.worktrees/wt-batch3/target/release/deps/conformance_contracts-7718e7bd813cbef7.tmp.81355: replacing existing signature
test-signed: signed /Volumes/CaseSensitive/carrick/.worktrees/wt-batch3/target/release/deps/conformance_contracts-7718e7bd813cbef7
/Volumes/CaseSensitive/carrick/.worktrees/wt-batch3/target/release/deps/carrick_embed-46b7704b908cc13f.tmp.81355: replacing existing signature
test-signed: signed /Volumes/CaseSensitive/carrick/.worktrees/wt-batch3/target/release/deps/carrick_embed-46b7704b908cc13f
/Volumes/CaseSensitive/carrick/.worktrees/wt-batch3/target/release/deps/el1_vcpu_lifetime-2567fb3a3dc40a15.tmp.81355: replacing existing signature
test-signed: signed /Volumes/CaseSensitive/carrick/.worktrees/wt-batch3/target/release/deps/el1_vcpu_lifetime-2567fb3a3dc40a15
test-signed: running /Volumes/CaseSensitive/carrick/.worktrees/wt-batch3/target/release/deps/el1_sched-5c0e433fa1c09ea5 el1_sched --nocapture

running 14 tests
test el1_sched_cross_vcpu_handoff_has_no_host_exits ... el1-sched pinned-pingpong iters=2000 work_us=5 exits=80 carrier_cpu_ns=83971000 wall_ms=79 zone=ZoneCounts { el1_parks: 4403, el1_switches: 4401, host_parks: 1, signal_claims: 0, control_claims: 0, cross_wakes: 4400, sgis: 1, preemptions: 0, migrations: 0, timeouts: 0, idle_entries: 4408, wfi_entries: 8, idle_exits: 4, misplaced: 0, steals: 0, service_exits: 1, service_placements: 5, ready_placements: 0, service_adoptions: 5, exit_adoptions: 1, host_handbacks: 3, host_queue_claims: 1, host_executor_parks: 0 } pinned-pingpong iters=2000 work_us=5 rt_p50_ns=5875 handoff_p50_ns=438 handoff_p99_ns=458 rt_max_ns=11583
el1-sched pinned-pingpong iters=22000 work_us=5 exits=77 carrier_cpu_ns=490444000 wall_ms=257 zone=ZoneCounts { el1_parks: 44402, el1_switches: 44400, host_parks: 0, signal_claims: 0, control_claims: 0, cross_wakes: 44399, sgis: 1, preemptions: 0, migrations: 0, timeouts: 0, idle_entries: 44403, wfi_entries: 4, idle_exits: 4, misplaced: 0, steals: 0, service_exits: 1, service_placements: 5, ready_placements: 0, service_adoptions: 5, exit_adoptions: 1, host_handbacks: 2, host_queue_claims: 0, host_executor_parks: 0 } pinned-pingpong iters=22000 work_us=5 rt_p50_ns=5875 handoff_p50_ns=438 handoff_p99_ns=458 rt_max_ns=15125
el1-sched pinned-pingpong iters=2000 work_us=5 exits=77 carrier_cpu_ns=54998000 wall_ms=31 zone=ZoneCounts { el1_parks: 4403, el1_switches: 4401, host_parks: 1, signal_claims: 0, control_claims: 0, cross_wakes: 4400, sgis: 1, preemptions: 0, migrations: 0, timeouts: 0, idle_entries: 4404, wfi_entries: 4, idle_exits: 4, misplaced: 0, steals: 0, service_exits: 1, service_placements: 6, ready_placements: 0, service_adoptions: 6, exit_adoptions: 1, host_handbacks: 3, host_queue_claims: 0, host_executor_parks: 0 } pinned-pingpong iters=2000 work_us=5 rt_p50_ns=5917 handoff_p50_ns=458 handoff_p99_ns=500 rt_max_ns=16333
el1-sched pinned-pingpong iters=22000 work_us=5 exits=78 carrier_cpu_ns=494110000 wall_ms=252 zone=ZoneCounts { el1_parks: 44401, el1_switches: 44399, host_parks: 1, signal_claims: 0, control_claims: 0, cross_wakes: 44398, sgis: 3, preemptions: 0, migrations: 0, timeouts: 0, idle_entries: 44403, wfi_entries: 6, idle_exits: 4, misplaced: 0, steals: 0, service_exits: 2, service_placements: 6, ready_placements: 0, service_adoptions: 6, exit_adoptions: 1, host_handbacks: 3, host_queue_claims: 0, host_executor_parks: 0 } pinned-pingpong iters=22000 work_us=5 rt_p50_ns=5917 handoff_p50_ns=458 handoff_p99_ns=625 rt_max_ns=38792
el1-sched cross-vcpu-handoff work_us=5 exits_per_round_trip=-0.0001 carrier_cpu_ns_per_round_trip=20324 handoff_p50_ns=438
el1-sched cross-vcpu-handoff work_us=5 exits_per_round_trip=0.0001 carrier_cpu_ns_per_round_trip=21956 handoff_p50_ns=458
el1-sched pinned-pingpong iters=300 work_us=200 exits=76 carrier_cpu_ns=236074000 wall_ms=218 zone=ZoneCounts { el1_parks: 1003, el1_switches: 1001, host_parks: 0, signal_claims: 0, control_claims: 0, cross_wakes: 1000, sgis: 999, preemptions: 0, migrations: 0, timeouts: 0, idle_entries: 1004, wfi_entries: 1002, idle_exits: 4, misplaced: 0, steals: 0, service_exits: 1, service_placements: 5, ready_placements: 0, service_adoptions: 5, exit_adoptions: 1, host_handbacks: 2, host_queue_claims: 0, host_executor_parks: 0 } pinned-pingpong iters=300 work_us=200 rt_p50_ns=217333 handoff_p50_ns=8667 handoff_p99_ns=13292 rt_max_ns=230792
el1-sched pinned-pingpong iters=3300 work_us=200 exits=70 carrier_cpu_ns=1598616000 wall_ms=1467 zone=ZoneCounts { el1_parks: 7003, el1_switches: 7002, host_parks: 0, signal_claims: 0, control_claims: 0, cross_wakes: 7001, sgis: 7000, preemptions: 0, migrations: 0, timeouts: 0, idle_entries: 7003, wfi_entries: 7004, idle_exits: 2, misplaced: 0, steals: 0, service_exits: 1, service_placements: 3, ready_placements: 0, service_adoptions: 3, exit_adoptions: 1, host_handbacks: 1, host_queue_claims: 0, host_executor_parks: 0 } pinned-pingpong iters=3300 work_us=200 rt_p50_ns=216208 handoff_p50_ns=8104 handoff_p99_ns=12667 rt_max_ns=232333
el1-sched pinned-pingpong iters=300 work_us=200 exits=77 carrier_cpu_ns=234269000 wall_ms=217 zone=ZoneCounts { el1_parks: 1003, el1_switches: 1001, host_parks: 0, signal_claims: 0, control_claims: 0, cross_wakes: 1000, sgis: 999, preemptions: 0, migrations: 0, timeouts: 0, idle_entries: 1004, wfi_entries: 1004, idle_exits: 4, misplaced: 0, steals: 0, service_exits: 1, service_placements: 5, ready_placements: 0, service_adoptions: 5, exit_adoptions: 1, host_handbacks: 2, host_queue_claims: 0, host_executor_parks: 0 } pinned-pingpong iters=300 work_us=200 rt_p50_ns=215708 handoff_p50_ns=7854 handoff_p99_ns=11521 rt_max_ns=234333
el1-sched pinned-pingpong iters=3300 work_us=200 exits=71 carrier_cpu_ns=1593635000 wall_ms=1462 zone=ZoneCounts { el1_parks: 7003, el1_switches: 7002, host_parks: 1, signal_claims: 0, control_claims: 0, cross_wakes: 7001, sgis: 7000, preemptions: 0, migrations: 0, timeouts: 0, idle_entries: 7003, wfi_entries: 7004, idle_exits: 2, misplaced: 0, steals: 0, service_exits: 1, service_placements: 4, ready_placements: 0, service_adoptions: 4, exit_adoptions: 1, host_handbacks: 2, host_queue_claims: 0, host_executor_parks: 0 } pinned-pingpong iters=3300 work_us=200 rt_p50_ns=214750 handoff_p50_ns=7375 handoff_p99_ns=15542 rt_max_ns=242542
el1-sched cross-vcpu-handoff work_us=200 exits_per_round_trip=-0.0020 carrier_cpu_ns_per_round_trip=454181 handoff_p50_ns=8104
el1-sched cross-vcpu-handoff work_us=200 exits_per_round_trip=-0.0020 carrier_cpu_ns_per_round_trip=453122 handoff_p50_ns=7375
ok
test el1_sched_exec_from_a_sibling_with_parked_threads ... el1-sched exec exec-child ok wall_ms=136 zone=ZoneCounts { el1_parks: 193547, el1_switches: 193540, host_parks: 0, signal_claims: 0, control_claims: 4, cross_wakes: 190239, sgis: 18, preemptions: 0, migrations: 0, timeouts: 0, idle_entries: 190269, wfi_entries: 29, idle_exits: 13, misplaced: 0, steals: 311, service_exits: 16, service_placements: 16, ready_placements: 1, service_adoptions: 16, exit_adoptions: 6, host_handbacks: 0, host_queue_claims: 0, host_executor_parks: 0 }
el1-sched exec exec-child ok wall_ms=137 zone=ZoneCounts { el1_parks: 185330, el1_switches: 185325, host_parks: 1, signal_claims: 0, control_claims: 3, cross_wakes: 181458, sgis: 1, preemptions: 0, migrations: 0, timeouts: 0, idle_entries: 181490, wfi_entries: 19, idle_exits: 16, misplaced: 0, steals: 34, service_exits: 14, service_placements: 16, ready_placements: 0, service_adoptions: 16, exit_adoptions: 2, host_handbacks: 2, host_queue_claims: 0, host_executor_parks: 0 }
el1-sched exec exec-child ok wall_ms=134 zone=ZoneCounts { el1_parks: 134613, el1_switches: 134608, host_parks: 0, signal_claims: 0, control_claims: 4, cross_wakes: 131592, sgis: 2, preemptions: 0, migrations: 0, timeouts: 0, idle_entries: 131616, wfi_entries: 16, idle_exits: 12, misplaced: 0, steals: 20, service_exits: 10, service_placements: 15, ready_placements: 1, service_adoptions: 15, exit_adoptions: 4, host_handbacks: 0, host_queue_claims: 0, host_executor_parks: 0 }
el1-sched exec exec-child ok wall_ms=135 zone=ZoneCounts { el1_parks: 203496, el1_switches: 203488, host_parks: 1, signal_claims: 0, control_claims: 4, cross_wakes: 201054, sgis: 4, preemptions: 0, migrations: 0, timeouts: 0, idle_entries: 201087, wfi_entries: 21, idle_exits: 18, misplaced: 0, steals: 16, service_exits: 15, service_placements: 15, ready_placements: 1, service_adoptions: 15, exit_adoptions: 2, host_handbacks: 0, host_queue_claims: 0, host_executor_parks: 0 }
el1-sched exec exec-child ok wall_ms=135 zone=ZoneCounts { el1_parks: 192891, el1_switches: 192884, host_parks: 0, signal_claims: 0, control_claims: 4, cross_wakes: 192734, sgis: 2, preemptions: 0, migrations: 0, timeouts: 0, idle_entries: 192763, wfi_entries: 15, idle_exits: 18, misplaced: 0, steals: 45, service_exits: 10, service_placements: 14, ready_placements: 1, service_adoptions: 14, exit_adoptions: 3, host_handbacks: 0, host_queue_claims: 0, host_executor_parks: 0 }
ok
test el1_sched_exit_group_with_parked_threads ... el1-sched exit-group exit=42 wall_ms=131 zone=ZoneCounts { el1_parks: 226189, el1_switches: 226184, host_parks: 0, signal_claims: 0, control_claims: 3, cross_wakes: 226016, sgis: 0, preemptions: 0, migrations: 0, timeouts: 0, idle_entries: 226040, wfi_entries: 14, idle_exits: 13, misplaced: 0, steals: 58, service_exits: 9, service_placements: 12, ready_placements: 0, service_adoptions: 12, exit_adoptions: 2, host_handbacks: 1, host_queue_claims: 0, host_executor_parks: 0 }
el1-sched exit-group exit=42 wall_ms=131 zone=ZoneCounts { el1_parks: 175872, el1_switches: 175868, host_parks: 0, signal_claims: 0, control_claims: 2, cross_wakes: 175483, sgis: 1, preemptions: 0, migrations: 0, timeouts: 0, idle_entries: 175503, wfi_entries: 10, idle_exits: 11, misplaced: 0, steals: 37, service_exits: 10, service_placements: 11, ready_placements: 2, service_adoptions: 11, exit_adoptions: 2, host_handbacks: 0, host_queue_claims: 0, host_executor_parks: 0 }
el1-sched exit-group exit=42 wall_ms=130 zone=ZoneCounts { el1_parks: 215737, el1_switches: 215731, host_parks: 0, signal_claims: 0, control_claims: 3, cross_wakes: 215702, sgis: 3, preemptions: 0, migrations: 0, timeouts: 0, idle_entries: 215718, wfi_entries: 8, idle_exits: 11, misplaced: 0, steals: 30, service_exits: 10, service_placements: 12, ready_placements: 0, service_adoptions: 12, exit_adoptions: 1, host_handbacks: 1, host_queue_claims: 0, host_executor_parks: 0 }
el1-sched exit-group exit=42 wall_ms=129 zone=ZoneCounts { el1_parks: 114814, el1_switches: 114812, host_parks: 0, signal_claims: 0, control_claims: 2, cross_wakes: 114447, sgis: 5, preemptions: 0, migrations: 0, timeouts: 0, idle_entries: 114464, wfi_entries: 11, idle_exits: 13, misplaced: 0, steals: 26, service_exits: 5, service_placements: 11, ready_placements: 0, service_adoptions: 11, exit_adoptions: 3, host_handbacks: 0, host_queue_claims: 0, host_executor_parks: 0 }
el1-sched exit-group exit=42 wall_ms=130 zone=ZoneCounts { el1_parks: 159988, el1_switches: 159984, host_parks: 0, signal_claims: 0, control_claims: 2, cross_wakes: 159446, sgis: 1, preemptions: 0, migrations: 0, timeouts: 0, idle_entries: 159470, wfi_entries: 8, idle_exits: 13, misplaced: 0, steals: 37, service_exits: 13, service_placements: 12, ready_placements: 0, service_adoptions: 12, exit_adoptions: 1, host_handbacks: 0, host_queue_claims: 0, host_executor_parks: 0 }
ok
test el1_sched_futex_handoff_has_no_host_exits ... el1-sched pingpong iters=5000 exits=259 host_classes=canceled:12 idle:6 kick:2 syscall:140 metadata:0 maintenance:99 fault:0 other:0 hvc_not_svc=91 hvc_not_svc_reasons=hvc_fn:2,ec:[(36, 91)],fsc:[(5, 1), (7, 90)],sysreg:cntfrq:0|cntvct:0|ctr:0|dczid:0|feature_id:0|other:0,emulated_sys64:0 el1_reasons=idle_host_work:3 idle_entry_host_work:0 service:3 interrupt_host_work:2 host_work=slot:2 all:10 task:0 file_table:0 forwarded_by_nr=[(64, 1), (73, 1), (93, 1), (94, 1), (96, 1), (98, 2), (122, 2), (132, 7), (134, 5), (135, 8), (178, 1), (215, 3), (220, 1), (226, 3)] carrier_cpu_ns=19873000 wall_ms=19 zone=ZoneCounts { el1_parks: 14000, el1_switches: 13999, host_parks: 1, signal_claims: 0, control_claims: 0, cross_wakes: 0, sgis: 0, preemptions: 0, migrations: 0, timeouts: 0, idle_entries: 9, wfi_entries: 6, idle_exits: 3, misplaced: 0, steals: 1, service_exits: 3, service_placements: 4, ready_placements: 0, service_adoptions: 4, exit_adoptions: 1, host_handbacks: 1, host_queue_claims: 0, host_executor_parks: 0 } pingpong iters=5000 p50_ns=625 mean_ns=653 max_ns=6250
el1-sched pingpong iters=55000 exits=65 host_classes=canceled:1 idle:3 kick:0 syscall:50 metadata:0 maintenance:11 fault:0 other:0 hvc_not_svc=4 hvc_not_svc_reasons=hvc_fn:2,ec:[(36, 4)],fsc:[(5, 1), (7, 3)],sysreg:cntfrq:0|cntvct:0|ctr:0|dczid:0|feature_id:0|other:0,emulated_sys64:0 el1_reasons=idle_host_work:1 idle_entry_host_work:0 service:2 interrupt_host_work:0 host_work=slot:0 all:0 task:0 file_table:0 forwarded_by_nr=[(64, 1), (73, 1), (93, 1), (94, 1), (96, 1), (122, 2), (132, 6), (134, 5), (135, 8), (178, 1), (215, 3), (220, 1), (226, 3)] carrier_cpu_ns=52105000 wall_ms=51 zone=ZoneCounts { el1_parks: 114001, el1_switches: 114000, host_parks: 0, signal_claims: 0, control_claims: 0, cross_wakes: 0, sgis: 0, preemptions: 0, migrations: 0, timeouts: 0, idle_entries: 2, wfi_entries: 1, idle_exits: 1, misplaced: 0, steals: 0, service_exits: 2, service_placements: 2, ready_placements: 0, service_adoptions: 2, exit_adoptions: 0, host_handbacks: 0, host_queue_claims: 0, host_executor_parks: 0 } pingpong iters=55000 p50_ns=625 mean_ns=671 max_ns=11750
el1-sched pingpong iters=5000 exits=65 host_classes=canceled:1 idle:3 kick:0 syscall:50 metadata:0 maintenance:11 fault:0 other:0 hvc_not_svc=4 hvc_not_svc_reasons=hvc_fn:2,ec:[(36, 4)],fsc:[(5, 1), (7, 3)],sysreg:cntfrq:0|cntvct:0|ctr:0|dczid:0|feature_id:0|other:0,emulated_sys64:0 el1_reasons=idle_host_work:1 idle_entry_host_work:0 service:2 interrupt_host_work:0 host_work=slot:0 all:0 task:0 file_table:0 forwarded_by_nr=[(64, 1), (73, 1), (93, 1), (94, 1), (96, 1), (122, 2), (132, 6), (134, 5), (135, 8), (178, 1), (215, 3), (220, 1), (226, 3)] carrier_cpu_ns=13438000 wall_ms=13 zone=ZoneCounts { el1_parks: 14001, el1_switches: 14000, host_parks: 0, signal_claims: 0, control_claims: 0, cross_wakes: 0, sgis: 0, preemptions: 0, migrations: 0, timeouts: 0, idle_entries: 2, wfi_entries: 1, idle_exits: 1, misplaced: 0, steals: 0, service_exits: 2, service_placements: 2, ready_placements: 0, service_adoptions: 2, exit_adoptions: 0, host_handbacks: 0, host_queue_claims: 0, host_executor_parks: 0 } pingpong iters=5000 p50_ns=625 mean_ns=627 max_ns=13417
el1-sched pingpong iters=55000 exits=65 host_classes=canceled:1 idle:3 kick:0 syscall:50 metadata:0 maintenance:11 fault:0 other:0 hvc_not_svc=4 hvc_not_svc_reasons=hvc_fn:2,ec:[(36, 4)],fsc:[(5, 1), (7, 3)],sysreg:cntfrq:0|cntvct:0|ctr:0|dczid:0|feature_id:0|other:0,emulated_sys64:0 el1_reasons=idle_host_work:1 idle_entry_host_work:0 service:2 interrupt_host_work:0 host_work=slot:0 all:0 task:0 file_table:0 forwarded_by_nr=[(64, 1), (73, 1), (93, 1), (94, 1), (96, 1), (122, 2), (132, 6), (134, 5), (135, 8), (178, 1), (215, 3), (220, 1), (226, 3)] carrier_cpu_ns=51613000 wall_ms=51 zone=ZoneCounts { el1_parks: 114001, el1_switches: 114000, host_parks: 0, signal_claims: 0, control_claims: 0, cross_wakes: 0, sgis: 0, preemptions: 0, migrations: 0, timeouts: 0, idle_entries: 2, wfi_entries: 3, idle_exits: 1, misplaced: 0, steals: 0, service_exits: 2, service_placements: 2, ready_placements: 0, service_adoptions: 2, exit_adoptions: 0, host_handbacks: 0, host_queue_claims: 0, host_executor_parks: 0 } pingpong iters=55000 p50_ns=625 mean_ns=661 max_ns=11167
el1-sched futex-handoff exits_per_round_trip=-0.0039 carrier_cpu_ns_per_round_trip=645 p50_ns=625
el1-sched futex-handoff exits_per_round_trip=0.0000 carrier_cpu_ns_per_round_trip=764 p50_ns=625
ok
test el1_sched_host_blocked_read_resumes_by_guest_scheduling ... el1-sched pipe-pingpong iters=1000 exits=12892 carrier_cpu_ns=255407000 wall_ms=92 zone=ZoneCounts { el1_parks: 0, el1_switches: 0, host_parks: 0, signal_claims: 0, control_claims: 0, cross_wakes: 0, sgis: 0, preemptions: 0, migrations: 0, timeouts: 0, idle_entries: 4065, wfi_entries: 1545, idle_exits: 1542, misplaced: 0, steals: 1663, service_exits: 2519, service_placements: 2398, ready_placements: 0, service_adoptions: 2398, exit_adoptions: 0, host_handbacks: 0, host_queue_claims: 0, host_executor_parks: 0 } pipe-pingpong iters=1000 rt_p50_ns=61458 rt_p99_ns=85792
el1-sched pipe-pingpong iters=6000 exits=66353 carrier_cpu_ns=1146911000 wall_ms=374 zone=ZoneCounts { el1_parks: 1, el1_switches: 1, host_parks: 1, signal_claims: 0, control_claims: 0, cross_wakes: 1, sgis: 0, preemptions: 0, migrations: 0, timeouts: 0, idle_entries: 21600, wfi_entries: 7229, idle_exits: 7228, misplaced: 0, steals: 9198, service_exits: 14371, service_placements: 12401, ready_placements: 0, service_adoptions: 12401, exit_adoptions: 0, host_handbacks: 1, host_queue_claims: 0, host_executor_parks: 0 } pipe-pingpong iters=6000 rt_p50_ns=58958 rt_p99_ns=75250
el1-sched pipe-pingpong iters=1000 exits=12805 carrier_cpu_ns=227465000 wall_ms=77 zone=ZoneCounts { el1_parks: 1, el1_switches: 1, host_parks: 1, signal_claims: 0, control_claims: 0, cross_wakes: 1, sgis: 0, preemptions: 0, migrations: 0, timeouts: 0, idle_entries: 4075, wfi_entries: 1418, idle_exits: 1418, misplaced: 0, steals: 1672, service_exits: 2656, service_placements: 2402, ready_placements: 0, service_adoptions: 2402, exit_adoptions: 0, host_handbacks: 1, host_queue_claims: 0, host_executor_parks: 0 } pipe-pingpong iters=1000 rt_p50_ns=59083 rt_p99_ns=85000
el1-sched pipe-pingpong iters=6000 exits=66410 carrier_cpu_ns=1150486000 wall_ms=373 zone=ZoneCounts { el1_parks: 1, el1_switches: 1, host_parks: 1, signal_claims: 0, control_claims: 0, cross_wakes: 1, sgis: 0, preemptions: 0, migrations: 0, timeouts: 0, idle_entries: 21562, wfi_entries: 7267, idle_exits: 7267, misplaced: 0, steals: 9160, service_exits: 14294, service_placements: 12401, ready_placements: 0, service_adoptions: 12401, exit_adoptions: 0, host_handbacks: 1, host_queue_claims: 0, host_executor_parks: 0 } pipe-pingpong iters=6000 rt_p50_ns=58958 rt_p99_ns=76375
el1-sched host-blocked-read host_queue_claims_per_rt=0.0000 host_executor_parks_per_rt=0.0000 service_adoptions_per_rt=2.001 carrier_cpu_ns_per_rt=178301 rt_p50_ns=58958
el1-sched host-blocked-read host_queue_claims_per_rt=0.0000 host_executor_parks_per_rt=0.0000 service_adoptions_per_rt=2.000 carrier_cpu_ns_per_rt=184604 rt_p50_ns=58958
ok
test el1_sched_host_woken_thread_preempts_a_compute_loop ... el1-sched pipe-compute exits=73 zone=ZoneCounts { el1_parks: 1, el1_switches: 150, host_parks: 0, signal_claims: 0, control_claims: 0, cross_wakes: 0, sgis: 0, preemptions: 150, migrations: 0, timeouts: 0, idle_entries: 10, wfi_entries: 6, idle_exits: 3, misplaced: 0, steals: 2, service_exits: 4, service_placements: 4, ready_placements: 0, service_adoptions: 4, exit_adoptions: 0, host_handbacks: 0, host_queue_claims: 0, host_executor_parks: 0 } pipe-compute ms=300 a_count=15047590 b_count=84008975 b_first_ms=4.033
el1-sched pipe-compute exits=71 zone=ZoneCounts { el1_parks: 1, el1_switches: 150, host_parks: 0, signal_claims: 0, control_claims: 0, cross_wakes: 0, sgis: 0, preemptions: 150, migrations: 0, timeouts: 0, idle_entries: 4, wfi_entries: 5, idle_exits: 3, misplaced: 0, steals: 0, service_exits: 2, service_placements: 4, ready_placements: 0, service_adoptions: 4, exit_adoptions: 0, host_handbacks: 0, host_queue_claims: 0, host_executor_parks: 0 } pipe-compute ms=300 a_count=15205841 b_count=83390414 b_first_ms=4.039
el1-sched pipe-compute exits=71 zone=ZoneCounts { el1_parks: 1, el1_switches: 150, host_parks: 0, signal_claims: 0, control_claims: 0, cross_wakes: 0, sgis: 0, preemptions: 150, migrations: 0, timeouts: 0, idle_entries: 4, wfi_entries: 3, idle_exits: 3, misplaced: 0, steals: 0, service_exits: 2, service_placements: 4, ready_placements: 0, service_adoptions: 4, exit_adoptions: 0, host_handbacks: 0, host_queue_claims: 0, host_executor_parks: 0 } pipe-compute ms=300 a_count=15463162 b_count=83332648 b_first_ms=4.042
ok
test el1_sched_idle_carrier_costs_no_host_cpu ... el1-sched idle-carrier ms=500 exits=142 carrier_cpu_ns=20842000 wall_ms=549 zone=ZoneCounts { el1_parks: 6, el1_switches: 3, host_parks: 0, signal_claims: 0, control_claims: 0, cross_wakes: 4, sgis: 4, preemptions: 0, migrations: 0, timeouts: 1, idle_entries: 20, wfi_entries: 12, idle_exits: 5, misplaced: 0, steals: 7, service_exits: 8, service_placements: 6, ready_placements: 0, service_adoptions: 6, exit_adoptions: 2, host_handbacks: 0, host_queue_claims: 0, host_executor_parks: 0 } idle-carrier ms=500 result=-110 elapsed_ms=510.068
el1-sched idle-carrier ms=2500 exits=155 carrier_cpu_ns=18118000 wall_ms=2547 zone=ZoneCounts { el1_parks: 5, el1_switches: 4, host_parks: 4, signal_claims: 0, control_claims: 0, cross_wakes: 4, sgis: 4, preemptions: 0, migrations: 0, timeouts: 1, idle_entries: 18, wfi_entries: 13, idle_exits: 9, misplaced: 0, steals: 5, service_exits: 5, service_placements: 9, ready_placements: 0, service_adoptions: 9, exit_adoptions: 2, host_handbacks: 3, host_queue_claims: 0, host_executor_parks: 0 } idle-carrier ms=2500 result=-110 elapsed_ms=2510.070
el1-sched idle-carrier ms=500 exits=136 carrier_cpu_ns=17574000 wall_ms=546 zone=ZoneCounts { el1_parks: 7, el1_switches: 5, host_parks: 0, signal_claims: 0, control_claims: 0, cross_wakes: 4, sgis: 4, preemptions: 0, migrations: 0, timeouts: 1, idle_entries: 13, wfi_entries: 11, idle_exits: 6, misplaced: 0, steals: 2, service_exits: 2, service_placements: 6, ready_placements: 1, service_adoptions: 6, exit_adoptions: 2, host_handbacks: 0, host_queue_claims: 0, host_executor_parks: 0 } idle-carrier ms=500 result=-110 elapsed_ms=510.063
el1-sched idle-carrier ms=2500 exits=160 carrier_cpu_ns=26771000 wall_ms=2552 zone=ZoneCounts { el1_parks: 6, el1_switches: 3, host_parks: 3, signal_claims: 0, control_claims: 0, cross_wakes: 4, sgis: 4, preemptions: 0, migrations: 0, timeouts: 1, idle_entries: 20, wfi_entries: 13, idle_exits: 10, misplaced: 0, steals: 8, service_exits: 7, service_placements: 9, ready_placements: 1, service_adoptions: 9, exit_adoptions: 2, host_handbacks: 3, host_queue_claims: 0, host_executor_parks: 0 } idle-carrier ms=2500 result=-110 elapsed_ms=2510.082
el1-sched idle-carrier cpu_fraction_of_one_core=-0.00136 exits_per_idle_second=6.5
el1-sched idle-carrier cpu_fraction_of_one_core=0.00460 exits_per_idle_second=12.0
ok
test el1_sched_mm_occupancy_two_processes ... el1-sched mm-occupancy exits=120833 carrier_cpu_ns=2141847000 wall_ms=849 zone=ZoneCounts { el1_parks: 6298, el1_switches: 3794, host_parks: 1371, signal_claims: 0, control_claims: 0, cross_wakes: 71, sgis: 16, preemptions: 104, migrations: 0, timeouts: 0, idle_entries: 2702, wfi_entries: 379, idle_exits: 390, misplaced: 0, steals: 4288, service_exits: 4564, service_placements: 7776, ready_placements: 174, service_adoptions: 7776, exit_adoptions: 3743, host_handbacks: 724, host_queue_claims: 0, host_executor_parks: 0 } mm-occupancy parent writers=8 forks=150 edits=710 edit_failures=0 edit_errors=none torn=0 snapshot_changes=0 child_failures=0 join_failures=0 ok=true
mm-occupancy child writers=8 forks=150 edits=648 edit_failures=0 edit_errors=none torn=0 snapshot_changes=0 child_failures=0 join_failures=0 ok=true
mm-occupancy child_ok=true
ok
test el1_sched_preemption_reaches_compute_loops ... el1-sched compute-pair exits=69 wall_ms=341 zone=ZoneCounts { el1_parks: 2, el1_switches: 152, host_parks: 1, signal_claims: 0, control_claims: 0, cross_wakes: 1, sgis: 1, preemptions: 150, migrations: 0, timeouts: 0, idle_entries: 8, wfi_entries: 7, idle_exits: 2, misplaced: 0, steals: 0, service_exits: 1, service_placements: 3, ready_placements: 0, service_adoptions: 3, exit_adoptions: 1, host_handbacks: 0, host_queue_claims: 0, host_executor_parks: 0 } compute-pair ms=300 a_count=15560783 b_count=83569124 b_first_ms=4.003
el1-sched compute-pair exits=69 wall_ms=339 zone=ZoneCounts { el1_parks: 2, el1_switches: 152, host_parks: 1, signal_claims: 0, control_claims: 0, cross_wakes: 1, sgis: 1, preemptions: 150, migrations: 0, timeouts: 0, idle_entries: 5, wfi_entries: 4, idle_exits: 3, misplaced: 0, steals: 0, service_exits: 1, service_placements: 3, ready_placements: 0, service_adoptions: 3, exit_adoptions: 1, host_handbacks: 0, host_queue_claims: 0, host_executor_parks: 0 } compute-pair ms=300 a_count=15885653 b_count=85664928 b_first_ms=4.002
el1-sched compute-pair exits=69 wall_ms=338 zone=ZoneCounts { el1_parks: 2, el1_switches: 152, host_parks: 1, signal_claims: 0, control_claims: 0, cross_wakes: 1, sgis: 1, preemptions: 150, migrations: 0, timeouts: 0, idle_entries: 5, wfi_entries: 4, idle_exits: 3, misplaced: 0, steals: 0, service_exits: 1, service_placements: 3, ready_placements: 0, service_adoptions: 3, exit_adoptions: 1, host_handbacks: 0, host_queue_claims: 0, host_executor_parks: 0 } compute-pair ms=300 a_count=15912023 b_count=86083177 b_first_ms=4.002
ok
test el1_sched_pstate_seen_by_the_guest_is_unchanged ... el1-sched pstate pstate tgkill=0/0 sync_daif=0x3c0 async_daif=0x3c0 sync_el=0 async_el=0
ok
test el1_sched_signal_reaches_a_parked_thread ... el1-sched signal zone=ZoneCounts { el1_parks: 4, el1_switches: 2, host_parks: 0, signal_claims: 2, control_claims: 0, cross_wakes: 1, sgis: 1, preemptions: 0, migrations: 0, timeouts: 0, idle_entries: 21, wfi_entries: 15, idle_exits: 8, misplaced: 0, steals: 7, service_exits: 8, service_placements: 9, ready_placements: 0, service_adoptions: 9, exit_adoptions: 1, host_handbacks: 0, host_queue_claims: 0, host_executor_parks: 0 } signal eintr_result=-4 usr1_handled=1 restart_result=-4 usr2_handled=1
ok
test el1_sched_signal_reaches_a_wfi_parked_vcpu ... el1-sched wfi-signal exits=3341 wall_ms=633 zone=ZoneCounts { el1_parks: 401, el1_switches: 200, host_parks: 0, signal_claims: 200, control_claims: 0, cross_wakes: 63, sgis: 63, preemptions: 0, migrations: 0, timeouts: 0, idle_entries: 877, wfi_entries: 685, idle_exits: 540, misplaced: 0, steals: 204, service_exits: 270, service_placements: 534, ready_placements: 0, service_adoptions: 534, exit_adoptions: 137, host_handbacks: 0, host_queue_claims: 0, host_executor_parks: 0 } wfi-signal rounds=200 eintr=200 handled=200 wake_p50_us=232.2 wake_max_us=376.8
ok
test el1_sched_timed_wait_times_out_in_guest ... el1-sched timed-wait iters=200 exits=42 host_classes=canceled:1 idle:6 kick:0 syscall:28 metadata:0 maintenance:7 fault:0 other:0 hvc_not_svc=4 hvc_not_svc_reasons=hvc_fn:2,ec:[(36, 4)],fsc:[(5, 1), (7, 3)],sysreg:cntfrq:0|cntvct:0|ctr:0|dczid:0|feature_id:0|other:0,emulated_sys64:0 el1_reasons=idle_host_work:1 idle_entry_host_work:0 service:5 interrupt_host_work:0 host_work=slot:0 all:0 task:0 file_table:0 forwarded_by_nr=[(64, 1), (73, 1), (94, 1), (96, 1), (132, 3), (134, 5), (135, 1), (215, 2), (226, 1)] carrier_cpu_ns=30878000 wall_ms=321 zone=ZoneCounts { el1_parks: 200, el1_switches: 200, host_parks: 0, signal_claims: 0, control_claims: 0, cross_wakes: 0, sgis: 0, preemptions: 0, migrations: 0, timeouts: 200, idle_entries: 210, wfi_entries: 403, idle_exits: 1, misplaced: 0, steals: 5, service_exits: 5, service_placements: 1, ready_placements: 0, service_adoptions: 1, exit_adoptions: 0, host_handbacks: 0, host_queue_claims: 0, host_executor_parks: 0 } timed-wait iters=200 wrong=0 early=0 late_p50_ns=509625 late_p99_ns=539333 late_max_ns=546167
el1-sched timed-wait iters=1200 exits=37 host_classes=canceled:1 idle:1 kick:0 syscall:28 metadata:0 maintenance:7 fault:0 other:0 hvc_not_svc=4 hvc_not_svc_reasons=hvc_fn:2,ec:[(36, 4)],fsc:[(5, 1), (7, 3)],sysreg:cntfrq:0|cntvct:0|ctr:0|dczid:0|feature_id:0|other:0,emulated_sys64:0 el1_reasons=idle_host_work:1 idle_entry_host_work:0 service:0 interrupt_host_work:0 host_work=slot:0 all:0 task:0 file_table:0 forwarded_by_nr=[(64, 1), (73, 1), (94, 1), (96, 1), (132, 3), (134, 5), (135, 1), (215, 2), (226, 1)] carrier_cpu_ns=61971000 wall_ms=1808 zone=ZoneCounts { el1_parks: 1200, el1_switches: 1200, host_parks: 0, signal_claims: 0, control_claims: 0, cross_wakes: 0, sgis: 0, preemptions: 0, migrations: 0, timeouts: 1200, idle_entries: 1201, wfi_entries: 2394, idle_exits: 1, misplaced: 0, steals: 0, service_exits: 0, service_placements: 1, ready_placements: 0, service_adoptions: 1, exit_adoptions: 0, host_handbacks: 0, host_queue_claims: 0, host_executor_parks: 0 } timed-wait iters=1200 wrong=0 early=0 late_p50_ns=502250 late_p99_ns=526125 late_max_ns=545125
el1-sched timed-wait iters=200 exits=37 host_classes=canceled:1 idle:1 kick:0 syscall:28 metadata:0 maintenance:7 fault:0 other:0 hvc_not_svc=4 hvc_not_svc_reasons=hvc_fn:2,ec:[(36, 4)],fsc:[(5, 1), (7, 3)],sysreg:cntfrq:0|cntvct:0|ctr:0|dczid:0|feature_id:0|other:0,emulated_sys64:0 el1_reasons=idle_host_work:1 idle_entry_host_work:0 service:0 interrupt_host_work:0 host_work=slot:0 all:0 task:0 file_table:0 forwarded_by_nr=[(64, 1), (73, 1), (94, 1), (96, 1), (132, 3), (134, 5), (135, 1), (215, 2), (226, 1)] carrier_cpu_ns=19300000 wall_ms=308 zone=ZoneCounts { el1_parks: 200, el1_switches: 200, host_parks: 0, signal_claims: 0, control_claims: 0, cross_wakes: 0, sgis: 0, preemptions: 0, migrations: 0, timeouts: 200, idle_entries: 201, wfi_entries: 399, idle_exits: 1, misplaced: 0, steals: 0, service_exits: 0, service_placements: 1, ready_placements: 0, service_adoptions: 1, exit_adoptions: 0, host_handbacks: 0, host_queue_claims: 0, host_executor_parks: 0 } timed-wait iters=200 wrong=0 early=0 late_p50_ns=504792 late_p99_ns=523917 late_max_ns=538750
el1-sched timed-wait iters=1200 exits=37 host_classes=canceled:1 idle:1 kick:0 syscall:28 metadata:0 maintenance:7 fault:0 other:0 hvc_not_svc=4 hvc_not_svc_reasons=hvc_fn:2,ec:[(36, 4)],fsc:[(5, 1), (7, 3)],sysreg:cntfrq:0|cntvct:0|ctr:0|dczid:0|feature_id:0|other:0,emulated_sys64:0 el1_reasons=idle_host_work:1 idle_entry_host_work:0 service:0 interrupt_host_work:0 host_work=slot:0 all:0 task:0 file_table:0 forwarded_by_nr=[(64, 1), (73, 1), (94, 1), (96, 1), (132, 3), (134, 5), (135, 1), (215, 2), (226, 1)] carrier_cpu_ns=71341000 wall_ms=1819 zone=ZoneCounts { el1_parks: 1200, el1_switches: 1200, host_parks: 0, signal_claims: 0, control_claims: 0, cross_wakes: 0, sgis: 0, preemptions: 0, migrations: 0, timeouts: 1200, idle_entries: 1201, wfi_entries: 2398, idle_exits: 1, misplaced: 0, steals: 0, service_exits: 0, service_placements: 1, ready_placements: 0, service_adoptions: 1, exit_adoptions: 0, host_handbacks: 0, host_queue_claims: 0, host_executor_parks: 0 } timed-wait iters=1200 wrong=0 early=0 late_p50_ns=507208 late_p99_ns=539875 late_max_ns=604542
el1-sched timed-wait exits_per_wait=-0.0050 late_p50_ns=502250
el1-sched timed-wait exits_per_wait=0.0000 late_p50_ns=507208
ok
test el1_sched_two_processes_share_vcpus ... el1-sched two-process iters=500 exits=301 carrier_cpu_ns=35177000 wall_ms=25 zone=ZoneCounts { el1_parks: 1919, el1_switches: 1916, host_parks: 1, signal_claims: 0, control_claims: 0, cross_wakes: 1862, sgis: 130, preemptions: 0, migrations: 0, timeouts: 0, idle_entries: 1793, wfi_entries: 70, idle_exits: 5, misplaced: 3, steals: 11, service_exits: 9, service_placements: 12, ready_placements: 51, service_adoptions: 12, exit_adoptions: 29, host_handbacks: 4, host_queue_claims: 0, host_executor_parks: 0 } two-process child round_trips=500 ms=5.3
two-process parent round_trips=500 ms=4.6 child_ok=true
el1-sched two-process iters=3000 exits=1285 carrier_cpu_ns=64437000 wall_ms=35 zone=ZoneCounts { el1_parks: 8098, el1_switches: 8094, host_parks: 1, signal_claims: 0, control_claims: 0, cross_wakes: 7586, sgis: 793, preemptions: 0, migrations: 0, timeouts: 0, idle_entries: 7011, wfi_entries: 291, idle_exits: 10, misplaced: 14, steals: 19, service_exits: 8, service_placements: 11, ready_placements: 496, service_adoptions: 11, exit_adoptions: 138, host_handbacks: 3, host_queue_claims: 0, host_executor_parks: 0 } two-process child round_trips=3000 ms=18.0
two-process parent round_trips=3000 ms=15.2 child_ok=true
el1-sched two-process iters=500 exits=574 carrier_cpu_ns=30892000 wall_ms=21 zone=ZoneCounts { el1_parks: 1186, el1_switches: 1090, host_parks: 0, signal_claims: 0, control_claims: 0, cross_wakes: 1068, sgis: 178, preemptions: 0, migrations: 0, timeouts: 0, idle_entries: 987, wfi_entries: 71, idle_exits: 8, misplaced: 0, steals: 4, service_exits: 96, service_placements: 102, ready_placements: 22, service_adoptions: 102, exit_adoptions: 38, host_handbacks: 96, host_queue_claims: 0, host_executor_parks: 0 } two-process child round_trips=500 ms=6.4
two-process parent round_trips=500 ms=7.6 child_ok=true
el1-sched two-process iters=3000 exits=494 carrier_cpu_ns=44693000 wall_ms=28 zone=ZoneCounts { el1_parks: 6527, el1_switches: 6522, host_parks: 0, signal_claims: 0, control_claims: 0, cross_wakes: 6393, sgis: 276, preemptions: 0, migrations: 0, timeouts: 0, idle_entries: 6218, wfi_entries: 124, idle_exits: 9, misplaced: 4, steals: 8, service_exits: 8, service_placements: 10, ready_placements: 127, service_adoptions: 10, exit_adoptions: 57, host_handbacks: 3, host_queue_claims: 0, host_executor_parks: 0 } two-process child round_trips=3000 ms=7.2
two-process parent round_trips=3000 ms=12.2 child_ok=true
el1-sched two-process exits_per_rt=0.197 cross_wakes_per_rt=1.145 service_exits_per_rt=-0.000 host_queue_claims_per_rt=0.0000 carrier_cpu_ns_per_rt=5852
el1-sched two-process exits_per_rt=-0.016 cross_wakes_per_rt=1.065 service_exits_per_rt=-0.018 host_queue_claims_per_rt=0.0000 carrier_cpu_ns_per_rt=2760
ok

test result: ok. 14 passed; 0 failed; 0 ignored; 0 measured; 25 filtered out; finished in 24.47s

/Volumes/CaseSensitive/carrick/.worktrees/wt-batch3/target/release/deps/entitlement_negative-2ea3128a996608c8.noent.81355: replacing existing signature
test-signed: negative control on /Volumes/CaseSensitive/carrick/.worktrees/wt-batch3/target/release/deps/entitlement_negative-2ea3128a996608c8.noent.81355

running 1 test
test unsigned_executable_maps_hv_denied_to_entitlement ... ok

test result: ok. 1 passed; 0 failed; 0 ignored; 0 measured; 0 filtered out; finished in 0.05s

remaining carrick procs (run-id el1-b3-handback-sched-20260929) = 0
remaining carrick procs (run-id el1-b3-handback-sched-20260929-cli) = 0
test-signed: receipt target/test-results/carrick-embed-signed-artifacts.jsonl
test-signed: OK (carrick-embed: 1 invoked signed executable(s) passed, 27 signed, negative control passed)
