   Compiling carrick-sched-core v0.1.0 (/Volumes/CaseSensitive/carrick/.worktrees/wt-batch3/crates/carrick-sched-core)
   Compiling carrick-el1-image v0.1.0 (/Volumes/CaseSensitive/carrick/.worktrees/wt-batch3/crates/carrick-el1-image)
   Compiling carrick-el1-abi v0.1.0 (/Volumes/CaseSensitive/carrick/.worktrees/wt-batch3/crates/carrick-el1-abi)
   Compiling carrick-el1 v0.1.0 (/Volumes/CaseSensitive/carrick/.worktrees/wt-batch3/crates/carrick-el1)
   Compiling carrick-mem v0.1.0 (/Volumes/CaseSensitive/carrick/.worktrees/wt-batch3/crates/carrick-mem)
   Compiling carrick-hal v0.1.0 (/Volumes/CaseSensitive/carrick/.worktrees/wt-batch3/crates/carrick-hal)
   Compiling carrick-host-bsd v0.1.0 (/Volumes/CaseSensitive/carrick/.worktrees/wt-batch3/crates/carrick-host-bsd)
   Compiling carrick-thread v0.1.0 (/Volumes/CaseSensitive/carrick/.worktrees/wt-batch3/crates/carrick-thread)
   Compiling carrick-aarch64 v0.1.0 (/Volumes/CaseSensitive/carrick/.worktrees/wt-batch3/crates/carrick-aarch64)
   Compiling carrick-vfs v0.1.0 (/Volumes/CaseSensitive/carrick/.worktrees/wt-batch3/crates/carrick-vfs)
   Compiling carrick-vmm-hvf v0.1.0 (/Volumes/CaseSensitive/carrick/.worktrees/wt-batch3/crates/carrick-vmm-hvf)
   Compiling carrick-kernel v0.1.0 (/Volumes/CaseSensitive/carrick/.worktrees/wt-batch3/crates/carrick-kernel)
   Compiling carrick-kernel-example v0.1.0 (/Volumes/CaseSensitive/carrick/.worktrees/wt-batch3/crates/carrick-kernel-example)
   Compiling carrick-runtime v0.1.0 (/Volumes/CaseSensitive/carrick/.worktrees/wt-batch3/crates/carrick-runtime)
   Compiling native-syscall-slice v0.1.0 (/Volumes/CaseSensitive/carrick/.worktrees/wt-batch3/experiments/native-syscall-slice)
    Finished `test` profile [unoptimized + debuginfo] target(s) in 29.22s
     Running unittests src/lib.rs (target/debug/deps/carrick_runtime-ac6ca1c49daa9635)

running 638 tests
test binfmt::tests::aarch64_elf_does_not_match ... ok
test binfmt::tests::non_elf_and_truncated_do_not_match ... ok
test binfmt::tests::x86_64_exec_and_dyn_elf_match_rosetta ... ok
test carrier::tests::a_second_different_scheduling_policy_is_refused_not_ignored ... ok
test carrier::tests::abandoned_and_failed_explicit_generations_release_owner_gate ... ok
test carrier::tests::artifact_publication_failure_is_stable_and_never_retried ... ok
test carrier::tests::carrier_keeps_mount_census_live_until_mount_destruction_finishes ... ok
test carrier::tests::carrier_runtime_owns_prepared_running_retired_and_close_transitions ... ok
test carrier::tests::concurrent_kernel_boot_publishes_one_graph_and_directory ... ok
test carrier::tests::concurrent_public_shutdown_publishes_one_artifact_and_returns_equal_results ... ok
test carrier::tests::concurrent_shutdown_claims_the_destructor_exactly_once ... ok
test carrier::tests::destructor_failure_releases_claim_without_publishing_close_and_retry_succeeds ... ok
test carrier::tests::dropped_first_root_activation_rolls_back_and_allows_retry ... ok
test carrier::tests::dropping_running_lease_marks_carrier_failed_without_decrementing_census ... ok
test carrier::tests::duplicate_later_root_is_rejected_before_initializer_side_effects ... ok
test carrier::tests::duplicate_reserve_preserves_prepared_owner_record ... ok
test carrier::tests::duplicate_reserve_preserves_running_owner_record_and_census ... ok
test carrier::tests::explicit_and_implicit_owners_never_join_ambiently ... ok
test carrier::tests::explicit_carrier_owns_one_cleanup_scope_and_distinct_container_run_ids ... ok
test carrier::tests::failed_container_retirement_retains_the_exact_running_lease_for_retry ... ok
test carrier::tests::failed_first_kernel_boot_rolls_slot_back_to_vacant ... ok
test carrier::tests::first_root_services_publish_only_inside_final_activation ... ok
test carrier::tests::fork_child_reset_invalidates_inherited_carrier_and_window_together ... ok
test carrier::tests::independent_carrier_gate_requires_closed_generation_and_final_lease_drop ... ok
test carrier::tests::later_root_post_publication_initialization_failure_retires_only_that_root ... ok
test carrier::tests::later_root_publication_failure_drops_prepared_effects_and_allows_retry ... ok
test carrier::tests::later_root_waits_until_first_root_activation_commits ... ok
test carrier::tests::lifecycle_windows_are_generation_scoped_rebased_and_capacity_safe ... ok
test carrier::tests::panicking_first_kernel_boot_releases_claim_and_root_publication ... ok
test carrier::tests::prepared_close_race_never_releases_custody_before_exact_rollback ... ok
test dtrace_consumer::post_child_linger_tests::hatch_contract_zero_disables_absent_is_sixty_seconds_number_overrides ... ok
test dtrace_consumer::tests::bsd_dtrace_drop_ordinals_and_categories_are_pinned ... ok
test dtrace_consumer::tests::default_trace_options_print_remaining_aggregates ... ok
test dtrace_consumer::tests::join_ids_formats_comma_separated_decimal_ids ... ok
test dtrace_consumer::tests::native_amplification_capture_bound_is_a_substitutable_declared_parameter ... ok
test dtrace_consumer::tests::native_amplification_declares_buffer_headroom_over_the_fs_census ... ok
test dtrace_consumer::tests::native_amplification_emits_its_drop_section_unconditionally ... ok
test dtrace_consumer::tests::native_amplification_separates_inherited_window_closes_from_drops ... ok
test dtrace_consumer::tests::native_amplification_substitutes_one_header_and_one_terminal_roster ... ok
test dtrace_consumer::tests::native_shape_template_is_snapshot_only_and_tracks_one_population ... ok
test dtrace_consumer::tests::native_shape_template_tracks_lifecycle_and_exact_sections ... ok
test dtrace_consumer::tests::native_wall_copies_one_canonical_host_catalog ... ok
test dtrace_consumer::tests::native_wall_reports_dtrace_fault_details ... ok
test dtrace_consumer::tests::native_wall_reserves_space_for_wide_dynamic_values ... ok
test dtrace_consumer::tests::native_wall_watchdog_allows_perturbed_cold_builds_to_finish ... ok
test dtrace_consumer::tests::observed_compile_exec_and_go_failures_precede_child_launch ... ok
test dtrace_consumer::tests::observed_post_continue_failures_retain_exact_loss_and_interruption_report ... ok
test dtrace_consumer::tests::observed_public_surface_preserves_launch_state_on_failure ... ok
test dtrace_consumer::tests::post_stop_callback_returns_owned_value_and_maps_errors ... ok
test dtrace_consumer::tests::record_consumer_reads_exit_status_from_record_payload_without_formatting_it ... ok
test dtrace_consumer::tests::trace_exec_argv_with_credentials_uses_self_demoting_child ... ok
test dtrace_consumer::tests::trace_exec_argv_without_credentials_runs_child_directly ... ok
test dtrace_symbols::tests::apple_public_abi_layouts_are_exact ... ok
test dtrace_symbols::tests::apple_symbol_declarations_link_without_opening_dtrace ... ok
test dtrace_symbols::tests::borrowed_conversion_rejects_bad_strings_ranges_and_lookup_results ... ok
test dtrace_symbols::tests::borrowed_records_are_deep_copied_before_backing_storage_reuse ... ok
test dtrace_symbols::tests::census_aggregate_reconciliation_detects_internal_drift ... ok
test dtrace_symbols::tests::census_failure_classes_come_from_actual_lookup_validation_sources ... ok
test dtrace_symbols::tests::census_status_histogram_and_raw_fallback_are_aggregate_only ... ok
test dtrace_symbols::tests::census_trigger_matches_only_the_observed_mach_kernel_shape ... ok
test dtrace_symbols::tests::live_name_copy_accepts_bounded_private_and_aux_names_but_rejects_raw_fallback ... ok
test dtrace_symbols::tests::lookup_census_rejects_swapped_results_without_address_values ... ok
test dtrace_symbols::tests::lookup_census_reports_owner_duplicate_and_address_set_counts ... ok
test dtrace_symbols::tests::object_callback_captures_conversion_error_and_always_returns_zero ... ok
test dtrace_symbols::tests::object_info_status_does_not_decode_poisoned_output_and_copies_buffers ... ok
test dtrace_symbols::tests::optional_object_file_normalizes_empty_but_rejects_invalid_values ... ok
test dtrace_symbols::tests::other_zero_text_kernel_object_still_refines_and_publishes ... ok
test dtrace_symbols::tests::refinement_mismatch_diagnostic_preserves_the_valid_none_file_policy ... ok
test dtrace_symbols::tests::refinement_mismatch_diagnostics_name_every_changed_field_in_stable_order ... ok
test dtrace_symbols::tests::refinement_mismatch_diagnostics_report_only_the_changed_fields ... ok
test dtrace_symbols::tests::refinement_never_queries_nonzero_objects_and_rejects_ambiguous_names ... ok
test dtrace_symbols::tests::refinement_rejects_mismatched_records_and_unresolved_ranges ... ok
test dtrace_symbols::tests::resolver_orders_identity_update_iteration_and_lookups_once ... ok
test dtrace_symbols::tests::resolver_preserves_nonzero_object_publication_before_lookups ... ok
test dtrace_symbols::tests::sampled_overlay_empty_set_uses_sha256_of_empty_bytes ... ok
test dtrace_symbols::tests::sampled_overlay_exact_partition_is_sorted_hashed_and_identity_free ... ok
test dtrace_symbols::tests::sampled_overlay_preserves_non_census_status_for_frame_role_rejection ... ok
test dtrace_symbols::tests::sampled_overlay_rejects_duplicate_and_overlapping_results ... ok
test dtrace_symbols::tests::sampled_overlay_rejects_duplicate_requested_addresses ... ok
test dtrace_symbols::tests::sampled_overlay_rejects_each_empty_identity_field ... ok
test dtrace_symbols::tests::sampled_overlay_rejects_invalid_symbol_ranges_and_offsets ... ok
test dtrace_symbols::tests::sampled_overlay_rejects_missing_and_extra_results ... ok
test dtrace_symbols::tests::snapshot_consumes_the_live_symbolizer ... ok
test dtrace_symbols::tests::snapshot_rejects_invalid_identity_objects_symbols_and_conflicts ... ok
test dtrace_symbols::tests::snapshot_sorting_dedup_and_exact_reconciliation_are_deterministic ... ok
test dtrace_symbols::tests::unresolved_text_census_skips_object_info_after_one_update_and_iteration ... ok
test dtrace_symbols::tests::unresolved_text_runs_a_sorted_lookup_census_but_never_publishes ... ok
test dtrace_symbols::tests::zero_text_kernel_object_is_refined_once_before_symbol_lookup ... ok
test el1_census::tests::aggregate_fails_closed_on_empty_or_unknown_input ... ok
test el1_census::tests::aggregate_sums_by_number_and_ranks_by_host_cpu ... ok
test el1_census::tests::summarize_names_the_top_class_and_the_syscall_share ... ok
test execute::exit_code_tests::cached_lower_existing_overlay_stays_conservative ... ok
test execute::exit_code_tests::cached_lower_hatch_preserves_materialized_root_setup ... ok
test execute::exit_code_tests::cached_lower_setup_leaves_the_per_run_upper_sparse ... ok
test execute::exit_code_tests::not_executable_maps_to_126_class_only ... ok
test execute::exit_code_tests::not_found_maps_to_127_class_only ... ok
test execute::exit_code_tests::seed_guest_baseline_adds_bridge_host_gateway_names ... ok
test execute::exit_code_tests::seed_guest_baseline_does_not_shadow_rootfs_symlinks ... ok
test execute::exit_code_tests::seed_guest_baseline_expands_extra_host_gateway_token ... ok
test execute::exit_code_tests::seed_guest_baseline_extra_hosts_override_generated_gateway_name ... ok
test execute::exit_code_tests::seed_guest_baseline_writes_extra_hosts_entries ... ok
test execute::exit_code_tests::seed_guest_baseline_writes_requested_hostname_surfaces ... ok
test host_process::tests::prepare_is_idempotent ... ok
test hvpatch::asid::tests::allocates_distinct_nonzero_asids_until_exhausted ... ok
test hvpatch::asid::tests::cancelled_preinstall_load_does_not_require_an_invalidation ... ok
test hvpatch::asid::tests::fresh_asids_are_consumed_before_a_retired_identifier_is_recycled ... ok
test hvpatch::asid::tests::generation_overflow_does_not_consume_a_reusable_numeric_asid ... ok
test hvpatch::asid::tests::hardware_dirty_partial_load_survives_concurrent_retirement_until_invalidated ... ok
test hvpatch::asid::tests::recycled_numeric_asid_receives_a_distinct_strong_generation ... ok
test hvpatch::asid::tests::rejects_retiring_an_asid_that_is_not_live ... ok
test hvpatch::asid::tests::retired_asid_is_quarantined_until_tlb_flush_is_acknowledged ... ok
test hvpatch::asid::tests::retirement_closes_new_loads_and_waits_for_an_in_flight_load ... ok
test hvpatch::asid::tests::retirement_needs_one_broadcast_invalidation_of_its_exact_generation ... ok
test hvpatch::asid::tests::unpublished_asid_returns_without_entering_retirement_quarantine ... ok
test hvpatch::info_page::tests::info_page_layout_is_stable_and_fits_one_linux_page ... ok
test hvpatch::info_page::tests::serializes_fields_little_endian_and_zero_fills_the_page ... ok
test hvpatch::island::tests::credential_and_ppid_sites_trap_instead_of_reading_a_shared_page ... ok
test hvpatch::island::tests::generates_smart_island_for_getpid ... ok
test hvpatch::island::tests::generates_smart_island_for_gettid ... ok
test hvpatch::island::tests::phase_one_island_has_one_svc_and_non_linking_return_per_patch_site ... ok
test hvpatch::mm_resources::tests::aborted_final_exec_reservation_never_touched_predecessor_loads ... ok
test hvpatch::mm_resources::tests::active_exec_marker_rejects_every_same_mm_mutator_before_topology_changes ... ok
test hvpatch::mm_resources::tests::active_exec_reservation_leaves_unrelated_mm_operations_independent ... ok
test hvpatch::mm_resources::tests::delayed_old_generation_cleanup_cannot_touch_reused_pid ... ok
test hvpatch::mm_resources::tests::dropping_dirty_final_reservation_restores_predecessor_and_quarantines_replacement ... ok
test hvpatch::mm_resources::tests::dropping_dirty_retained_reservation_quarantines_replacement_and_clears_marker ... ok
test hvpatch::mm_resources::tests::duplicate_exact_generation_does_not_consume_prepared_root_slot ... ok
test hvpatch::mm_resources::tests::eventual_exec_reservation_waits_then_recomputes_final_owner_disposition ... ok
test hvpatch::mm_resources::tests::exec_abort_uses_the_same_exact_marker_validation_as_commit ... ok
test hvpatch::mm_resources::tests::exec_allocates_fresh_asid_and_root_without_mutating_the_old_observer ... ok
test hvpatch::mm_resources::tests::exec_commit_consumes_pinned_disposition_and_publishes_one_coherent_replacement ... ok
test hvpatch::mm_resources::tests::exec_commit_rejects_task_generation_id_and_predecessor_mismatches_fail_closed ... ok
test hvpatch::mm_resources::tests::exec_reservation_pins_shared_and_final_predecessor_dispositions ... ok
test hvpatch::mm_resources::tests::exec_reservation_waits_for_an_in_flight_shared_publication ... ok
test hvpatch::mm_resources::tests::explicit_dirty_final_abort_orders_replacement_predecessor_marker_settlement ... ok
test hvpatch::mm_resources::tests::explicit_exec_abort_restores_retained_and_final_topology_for_exact_retry ... ok
test hvpatch::mm_resources::tests::explicit_exec_abort_returns_dirty_replacement_quarantine_for_both_dispositions ... ok
test hvpatch::mm_resources::tests::failure_after_exec_marker_insertion_clears_marker_and_permits_exact_retry ... ok
test hvpatch::mm_resources::tests::failure_after_replacement_allocation_settles_replacement_before_marker_clear ... ok
test hvpatch::mm_resources::tests::final_exec_reservation_keeps_predecessor_loadable_until_commit ... ok
test hvpatch::mm_resources::tests::published_backend_retires_only_after_tlb_acknowledgement ... ok
test hvpatch::mm_resources::tests::reserve_vs_shared_publish_barriers_cover_both_linearization_orders ... ok
test hvpatch::mm_resources::tests::reserve_vs_shared_retire_barriers_cover_both_linearization_orders ... ok
test hvpatch::mm_resources::tests::shared_mm_child_does_not_retire_parent_lease ... ok
test hvpatch::mm_resources::tests::shared_mm_child_exec_replaces_only_its_edge ... ok
test hvpatch::mm_resources::tests::shared_publication_is_refused_at_admission_while_an_exec_reservation_is_active ... ok
test hvpatch::mm_resources::tests::sibling_exit_retirement_is_admitted_through_the_owner_set_edit_hold ... ok
test hvpatch::mm_resources::tests::unpublished_child_preparation_rolls_back_root_slot_and_asid ... ok
test hvpatch::patcher::tests::classifies_clobbered_x8_between_movz_and_svc_as_unknown ... ok
test hvpatch::patcher::tests::classifies_dynamic_x8_as_unknown ... ok
test hvpatch::patcher::tests::classifies_svc_at_offset_zero_as_unknown ... ok
test hvpatch::patcher::tests::encodes_forward_and_backward_b_at_range_edges ... ok
test hvpatch::patcher::tests::patched_syscall_branch_does_not_write_the_guest_link_register ... ok
test hvpatch::patcher::tests::patches_only_svc_zero_and_records_a_manifest ... ok
test hvpatch::patcher::tests::preserves_svc_shaped_data_skipped_by_a_forward_branch ... ok
test hvpatch::patcher::tests::rejects_an_island_outside_every_patched_sites_branch_range ... ok
test hvpatch::patcher::tests::rejects_unaligned_addresses_but_preserves_trailing_region_bytes ... ok
test hvpatch::patcher::tests::resolves_syscall_number_one_instruction_prior ... ok
test hvpatch::patcher::tests::resolves_syscall_number_two_instructions_prior_with_non_clobbering_argument ... ok
test hvpatch::patcher::tests::resolves_syscall_number_with_32bit_w8 ... ok
test hvpatch::stage1_mm::tests::a_publication_during_a_service_stays_owed ... ok
test hvpatch::stage1_mm::tests::child_retirement_returns_extension_slots_leaving_parent_untouched ... ok
test hvpatch::stage1_mm::tests::clean_inflight_abort_retirement_completes_after_the_load_cancels ... ok
test hvpatch::stage1_mm::tests::clean_inflight_load_cancellation_stays_cancelled_across_retirement_rollback ... ok
test hvpatch::stage1_mm::tests::clean_replacement_abort_releases_exact_unpublished_asid_and_root ... ok
test hvpatch::stage1_mm::tests::committed_mm_reuses_neither_asid_nor_root_until_all_residency_acks ... ok
test hvpatch::stage1_mm::tests::concurrent_carrier_roots_allocate_distinct_asids_and_root_slots ... ok
test hvpatch::stage1_mm::tests::dirty_inflight_load_cancellation_survives_retirement_rollback_as_resident ... ok
test hvpatch::stage1_mm::tests::dirty_replacement_abort_quarantines_until_exact_invalidation_completes ... ok
test hvpatch::stage1_mm::tests::dirty_resident_replacement_abort_has_the_same_quarantine_requirement ... ok
test hvpatch::stage1_mm::tests::dropped_preparation_returns_root_slot_and_asid_without_retirement_proof ... ok
test hvpatch::stage1_mm::tests::dropped_retirement_preparation_reopens_the_exact_live_predecessor ... ok
test hvpatch::stage1_mm::tests::dropping_dirty_replacement_without_settlement_quarantines_permanently ... ok
test hvpatch::stage1_mm::tests::explicit_abort_classifies_hardware_exposure_atomically ... ok
test hvpatch::stage1_mm::tests::extension_slots_return_to_free_root_slots_on_retirement ... ok
test hvpatch::stage1_mm::tests::fails_closed_when_vma_authority_is_unbound ... ok
test hvpatch::stage1_mm::tests::failure_after_allocator_preparation_restores_exact_generation_and_retry ... ok
test hvpatch::stage1_mm::tests::failure_after_lease_gate_transition_restores_an_exact_retry ... ok
test hvpatch::stage1_mm::tests::failure_after_residency_preparation_restores_every_earlier_layer ... ok
test hvpatch::stage1_mm::tests::hvpatch_task_binding_carries_the_exact_shared_mm_residency_authority ... ok
test hvpatch::stage1_mm::tests::implicit_drop_classifies_hardware_exposure_atomically ... ok
test hvpatch::stage1_mm::tests::no_work_current_mm_reentry_never_enters_cow_invalidation_slow_path ... ok
test hvpatch::stage1_mm::tests::old_observer_keeps_its_binding_after_exec_and_retirement ... ok
test hvpatch::stage1_mm::tests::one_service_on_any_vcpu_covers_a_publication_for_every_vcpu ... ok
test hvpatch::stage1_mm::tests::page_table_root_slots_scale_to_the_complete_arena ... ok
test hvpatch::stage1_mm::tests::pre_entry_service_records_coverage_only_after_hardware_success ... ok
test hvpatch::stage1_mm::tests::quarantined_root_slot_is_skipped_then_reused_exactly_after_completion ... ok
test hvpatch::stage1_mm::tests::reusable_root_slot_stays_quarantined_without_backend_retirement_receipt ... ok
test hvpatch::stage1_mm::tests::rollback_keeps_load_and_root_publication_blocked_until_every_layer_restores ... ok
test hvpatch::tests::active_exec_reservation_rejects_later_shared_child_bind ... ok
test hvpatch::tests::assigns_a_near_island_to_each_distant_executable_region ... ok
test hvpatch::tests::child_wait_reports_still_running_during_an_overlapping_exit_reservation ... ok
test hvpatch::tests::clone_vm_dispatchers_share_before_exec_and_isolate_after ... ok
test hvpatch::tests::clone_vm_dispatchers_share_vma_mutations_bidirectionally_before_exec ... ok
test hvpatch::tests::copied_mm_dispatchers_keep_vma_mutations_private ... ok
test hvpatch::tests::copied_mm_fork_keeps_the_prepared_stage1_backend ... ok
test hvpatch::tests::destructive_exec_defers_vfork_parent_release_until_scheduler_publication ... ok
test hvpatch::tests::dispatcher_binding_attaches_root_and_fork_child_vma_sources ... ok
test hvpatch::tests::dispatcher_binding_preserves_launch_fs_context ... ok
test hvpatch::tests::dropped_exec_preparation_keeps_old_vma_observer_live ... ok
test hvpatch::tests::dropping_armed_exec_terminates_siblings_without_publishing_replacement_mm ... ok
test hvpatch::tests::every_hvpatch_image_publishes_host_identity_before_preparation ... ok
test hvpatch::tests::exec_keeps_old_and_replacement_mm_observers_permanently_distinct ... ok
test hvpatch::tests::exec_mm_authority_commit_promotes_only_calling_dispatcher ... ok
test hvpatch::tests::exec_mm_authority_is_private_until_commit_and_drop_abandons_it ... ok
test hvpatch::tests::exec_mm_authority_promotion_does_not_wait_for_shared_parent_alias_transaction ... ok
test hvpatch::tests::exec_mm_authority_promotion_waits_for_active_predecessor_dispatch ... ok
test hvpatch::tests::exec_publication_rejects_process_backend_drift_before_freeze ... ok
test hvpatch::tests::exec_replacement_is_repatched_for_the_hvpatch_backend ... ok
test hvpatch::tests::failed_final_owner_freeze_rolls_back_every_mm_authority ... ok
test hvpatch::tests::foreign_mm_live_snapshot_tracks_real_backend_vma_and_inventory_authorities ... ok
test hvpatch::tests::fork_child_binding_does_not_recapture_through_a_retired_parent_leader ... ok
test hvpatch::tests::hvpatch_root_bootstrap_identity_is_linux_init ... ok
test hvpatch::tests::leaves_tpidr_el0_reads_unmodified ... ok
test hvpatch::tests::nonleader_exec_preparation_reselects_survivor_after_leader_retirement ... ok
test hvpatch::tests::nonleader_exec_promotes_the_authoritative_hvpatch_survivor ... ok
test hvpatch::tests::prepares_loaded_text_with_near_island_and_fixed_info_page ... ok
test hvpatch::tests::process_adapter_publishes_and_retires_through_kernel_authority ... ok
test hvpatch::tests::process_adapter_reports_task_scoped_stop_and_continue_wait_status ... ok
test hvpatch::tests::process_context_retains_container_identity_after_task_retirement ... ok
test hvpatch::tests::process_group_leader_setsid_failure_is_eperm ... ok
test hvpatch::tests::process_mm_retirement_requires_external_invalidation_before_release ... ok
test hvpatch::tests::process_parent_pid_follows_authoritative_orphan_reparenting ... ok
test hvpatch::tests::process_timer_delivery_targets_only_the_exact_hvpatch_task ... ok
test hvpatch::tests::root_kernel_mm_keeps_the_exact_stage1_backend ... ok
test hvpatch::tests::shared_child_private_exec_accepts_later_dispatcher_vma_binding ... ok
test hvpatch::tests::shared_mm_exec_never_freezes_retained_parent_backend ... ok
test hvpatch::tests::shared_mm_fork_keeps_kernel_mm_and_vfork_release_authoritative ... ok
test hvpatch::tests::unacknowledged_exec_vma_change_cannot_detach_the_old_observer ... ok
test hvpatch::tests::waitid_siginfo_uses_the_visible_pid_retained_by_the_wait_receipt ... ok
test interactive_supervisor::tests::concurrent_interactive_session_admission_is_rejected_and_reusable ... ok
test prepare::tests::execute_releases_pid_placement_after_the_run ... ok
test prepare::tests::hvpatch_uses_container_entrypoint_resolution ... ok
test prepare::tests::hvpatch_uses_container_entrypoint_resolution_for_every_container_in_one_carrier ... ok
test prepare::tests::named_initial_identity_reads_the_already_prepared_rootfs ... ok
test prepare::tests::named_initial_identity_reads_the_materialized_host_root ... ok
test prepare::tests::prepare_failure_releases_pid_placement ... ok
test prepare::tests::prepare_on_holds_and_rolls_back_the_exact_carrier_lease ... ok
test prepare::tests::prepared_run_is_single_use_and_extensions_seal_at_prepare ... ok
test prepare::tests::run_outcome_preserves_typed_interceptor_panics ... ok
test prepare::tests::runtime_extensions_preserve_interceptor_registration_order ... ok
test prepare::tests::stdio_mode_and_extension_must_agree ... ok
test rosetta_detection_tests::binfmt_without_interpreter_line_is_none ... ok
test rosetta_detection_tests::parses_rosetta_binfmt_interpreter_path ... ok
test runtime::exec::tests::cache_classifier_accepts_only_little_endian_aarch64_elf ... ok
test runtime::exec::tests::exec_head_budget_reads_one_prefix_per_direct_elf ... ok
test runtime::exec::tests::prepared_exec_cache_is_shared_by_in_process_fork ... ok
test runtime::exec::tests::production_hvpatch_exec_builder_emits_only_asid_scoped_leaves ... ok
test runtime::rosetta_tests::aarch64_binary_is_not_redirected ... ok
test runtime::rosetta_tests::dynamic_x86_64_target_is_flagged_so_rosetta_gets_at_base ... ok
test runtime::rosetta_tests::non_elf_is_not_redirected ... ok
test runtime::rosetta_tests::rosetta_argv_passes_program_argv0_through_not_the_interpreter ... ok
test runtime::rosetta_tests::rosetta_license_blob_is_sourced_from_binary_if_present ... ok
test runtime::rosetta_tests::static_x86_64_target_is_not_flagged_dynamic ... ok
test runtime::rosetta_tests::x86_64_binary_redirects_to_rosetta_preserving_program_argv0 ... ok
test runtime::tests::entrypoint_path_search_resolves_bare_command_like_execvp ... ok
test runtime::tests::entrypoint_program_passes_through_plain_elf ... ok
test runtime::tests::entrypoint_program_resolves_shebang_to_interpreter ... ok
test runtime::tests::hardware_tso_debug_control_only_suppresses_requested_tso ... ok
test runtime::tests::interception_blocking_write_partial_completion_publishes_actual_value_once ... ok
test runtime::tests::interception_nonreturning_rt_sigreturn_and_exit_retire_without_publication ... ok
test runtime::tests::interception_nonreturning_signal_death_retires_without_publication ... ok
test runtime::tests::interception_nonreturning_successful_exec_retires_without_publication ... ok
test runtime::tests::interception_redispatch_reuses_one_prepared_envelope_once_and_twice ... ok
test runtime::tests::namespace_supervisor_launch_surface_is_deleted ... ok
test runtime::tests::runtime_host_process_creation_inventory_is_exact_and_shrinking ... ok
test runtime::tests::setup_failure_has_one_vm_teardown_and_runtime_error_artifact ... ok
test threaded_loop::tests::dropped_initial_inventory_guard_removes_the_uncommitted_publication ... ok
test threaded_loop::tests::hvpatch_main_registry_id_is_linux_init ... ok
test threaded_loop::tests::initial_inventory_abandons_reservation_when_backend_staging_fails ... ok
test threaded_loop::tests::initial_inventory_is_hvpatch_only_and_publishes_once_to_exact_mm ... ok
test vcpu_loop::binding::bootstrap_thread_child_probe_ordinal_is_append_only ... ok
test vcpu_loop::binding::tests::alias_install_publishes_inventory_before_releasing_the_topology_lock ... ok
test vcpu_loop::binding::tests::alias_inventory_applies_to_the_syscall_context_mm ... ok
test vcpu_loop::binding::tests::control_exec_complete_restores_exact_blocked_frame_and_vfork_identity ... ok
test vcpu_loop::binding::tests::control_exec_completion_clear_then_rechecks_coalesced_queue ... ok
test vcpu_loop::binding::tests::control_exec_retry_carries_exact_blocked_frame_and_vfork_identity ... ok
test vcpu_loop::binding::tests::deferred_thread_clone_parks_on_the_admission_epoch ... ok
test vcpu_loop::binding::tests::exec_replacement_treats_removed_sibling_as_done_after_flag_clears ... ok
test vcpu_loop::binding::tests::failed_crash_admission_suppresses_registry_publication ... ok
test vcpu_loop::binding::tests::fork_barrier_raise_uses_durable_threads_when_sibling_owns_no_executor ... ok
test vcpu_loop::binding::tests::fork_owner_registration_ignores_raised_barrier_and_preserves_phase ... ok
test vcpu_loop::binding::tests::guest_run_accounting_uses_non_aliasing_engine_receipts ... ok
test vcpu_loop::binding::tests::hvpatch_child_output_writer_drains_payload_larger_than_a_pipe ... ok
test vcpu_loop::binding::tests::hvpatch_migration_endpoint_routes_task_wake_to_exact_scheduler_generation ... ok
test vcpu_loop::binding::tests::initial_execution_authority_precedes_registration_and_guest_run ... ok
test vcpu_loop::binding::tests::installed_scheduler_rejection_never_falls_back_to_broad_task_wake_authority ... ok
test vcpu_loop::binding::tests::missing_terminal_publication_fails_but_an_externally_settled_sibling_stays_thread_done ... ok
test vcpu_loop::binding::tests::occupancy_precedes_registry_publication ... ok
test vcpu_loop::binding::tests::persistent_error_after_exit_starts_waits_for_process_physical_retirement ... ok
test vcpu_loop::binding::tests::persistent_exec_drain_retains_leader_result_until_exact_completion ... ok
test vcpu_loop::binding::tests::persistent_exec_stop_control_wakes_unreleased_vfork_parent_without_guest_readiness ... ok
test vcpu_loop::binding::tests::persistent_exec_terminal_check_precedes_blocked_vfork_resume ... ok
test vcpu_loop::binding::tests::persistent_root_wait_does_not_outrun_sibling_terminal_mount_owner ... ok
test vcpu_loop::binding::tests::persistent_root_waits_for_physical_retirement_after_error_result ... ok
test vcpu_loop::binding::tests::persistent_terminal_owner_withdrawal_clears_child_tid_and_wakes_joiner ... ok
test vcpu_loop::binding::tests::persistent_terminal_transition_phases_are_not_aborted_by_process_exiting ... ok
test vcpu_loop::binding::tests::persistent_worker_drain_never_waits_for_a_removed_logical_job ... ok
test vcpu_loop::binding::tests::post_close_exec_failures_reach_production_poll_as_typed_authority ... ok
test vcpu_loop::binding::tests::pre_exit_executor_failure_reaps_late_clone_before_physical_retirement ... ok
test vcpu_loop::binding::tests::process_exit_admits_its_retirement_against_exec_reservations ... ok
test vcpu_loop::binding::tests::process_quiesce_callback_wakes_on_any_barrier_event ... ok
test vcpu_loop::binding::tests::production_registration_has_no_barrier_precheck_or_phase_replacement ... ok
test vcpu_loop::binding::tests::production_registration_keeps_occupancy_before_registry_publication ... ok
test vcpu_loop::binding::tests::registration_thaw_wakes_external_exec_control_quantum ... ok
test vcpu_loop::binding::tests::registration_thaw_wakes_pending_control_quantum_before_phase_transition ... ok
test vcpu_loop::binding::tests::registration_wait_is_sidecar_not_hvpatch_phase ... ok
test vcpu_loop::binding::tests::removed_persistent_job_is_settled_once_without_repoll_or_binding_cycle ... ok
test vcpu_loop::binding::tests::retired_host_wait_finishes_only_its_thread_without_guest_return ... ok
test vcpu_loop::binding::tests::terminal_physical_retirement_includes_a_sole_current_member ... ok
test vcpu_loop::binding::tests::trap_watchdog_decision_gates_clock_and_window_reads ... ok
test vcpu_loop::binding::tests::trap_watchdog_keeps_running_below_count_prefilter ... ok
test vcpu_loop::binding::tests::trap_watchdog_resets_budget_when_count_exceeded_but_wall_intact ... ok
test vcpu_loop::binding::tests::trap_watchdog_step_seam_proves_call_path_zero_reads_and_signal_reset ... ok
test vcpu_loop::binding::tests::trap_watchdog_trips_on_count_and_wall_stall ... ok
test vcpu_loop::continuation::quantum::tests::exec_predecessor_binding_settlement_never_completes_successor_logical_job ... ok
test vcpu_loop::continuation::quantum::tests::exec_replacement_keeps_physical_retirement_pending ... ok
test vcpu_loop::continuation::quantum::tests::fake_engine_resumes_across_all_seven_hvpatch_loop_suspensions ... ok
test vcpu_loop::continuation::quantum::tests::hvpatch_binding_rejects_aarch64_cpu_ttbr_drift_with_matching_generations ... ok
test vcpu_loop::continuation::quantum::tests::hvpatch_loop_job_is_send_and_contains_only_logical_state ... ok
test vcpu_loop::continuation::quantum::tests::hvpatch_persistent_quantum_and_binding_exclude_executor_authority ... ok
test vcpu_loop::continuation::quantum::tests::persistent_process_drain_is_engine_free_and_ready_only_after_all_siblings ... ok
test vcpu_loop::continuation::quantum::tests::physical_retirement_waits_for_every_final_binding_field ... ok
test vcpu_loop::continuation::quantum::tests::production_hvpatch_process_fork_never_reaches_host_thread_or_vcpu_materialization ... ok
test vcpu_loop::continuation::quantum::tests::production_hvpatch_thread_clone_never_reaches_host_thread_or_vcpu_materialization ... ok
test vcpu_loop::continuation::quantum::tests::task4_quantum_drives_the_real_hvpatch_job_across_all_seven_boundaries ... ok
test vcpu_loop::continuation::tests::host_slot_signal_is_reserved_and_cancelled_into_exact_kernel_ownership ... ok
test vcpu_loop::continuation::tests::hvpatch_launch_callgraph_never_constructs_the_compatibility_loop_future ... ok
test vcpu_loop::continuation::tests::kernel_native_guest_signal_continuation_cancels_and_delivers_without_host_sidecars ... ok
test vcpu_loop::continuation::tests::logical_group_wait_dispatch_builds_an_any_child_continuation ... ok
test vcpu_loop::continuation::tests::realtime_host_slot_import_preserves_fifo_multiplicity_and_exact_cancellation_requeue ... ok
test vcpu_loop::continuation::tests::static_hvpatch_continuation_closure_forbids_host_blocking_authority ... ok
test vcpu_loop::crash::tests::capture_core_engine_read_error_fails_closed ... ok
test vcpu_loop::crash::tests::capture_core_sparse_large_vma_reads_only_materialized_subranges_and_preserves_filesz ... ok
test vcpu_loop::crash::tests::crash_guard_source_spans_quorum_and_read_core_bytes ... ok
test vcpu_loop::crash::tests::crash_lease_drain_callback_before_park_completes_without_poll_interval ... ok
test vcpu_loop::crash::tests::crash_lease_drain_deadline_reenrolls_after_waiting_member_leaves ... ok
test vcpu_loop::crash::tests::crash_lease_drain_freezes_late_registration ... ok
test vcpu_loop::crash::tests::crash_lease_drain_park_caps_to_remaining_budget ... ok
test vcpu_loop::crash::tests::crash_lease_drain_short_budget_reports_busy_owner ... ok
test vcpu_loop::crash::tests::crash_lease_drain_short_budget_reports_exact_waiting_tid ... ok
test vcpu_loop::crash::tests::crash_lease_drain_timeout_releases_collection_and_barriers ... ok
test vcpu_loop::crash::tests::crash_teardown_releases_barrier_before_guard ... ok
test vcpu_loop::exec::exec_image_verification_tests::exec_inventory_applies_only_replacement_when_old_mm_is_retained ... ok
test vcpu_loop::exec::exec_image_verification_tests::exec_inventory_cannot_be_taken_before_engine_replacement_succeeds ... ok
test vcpu_loop::exec::exec_image_verification_tests::exec_inventory_routes_retirement_before_replacement_to_prepared_mms ... ok
test vcpu_loop::exec::exec_image_verification_tests::exec_mm_admission_runs_only_after_in_flight_process_fork_drains ... ok
test vcpu_loop::exec::exec_image_verification_tests::hvpatch_exec_failure_injection_requires_known_point_and_absolute_target ... ok
test vcpu_loop::exec::exec_image_verification_tests::hvpatch_exec_verifier_covers_initialized_data_as_well_as_code ... ok
test vcpu_loop::exec::exec_image_verification_tests::no_return_arming_precedes_destructive_work_and_mm_publication_follows_it ... ok
test vcpu_loop::exec::exec_image_verification_tests::persistent_exec_never_fabricates_a_transitional_executor ... ok
test vcpu_loop::exec::exec_image_verification_tests::pinned_exec_disposition_drives_engine_sharing_and_inventory_presence ... ok
test vcpu_loop::exec::exec_image_verification_tests::predecessor_authority_is_validated_before_destructive_exec_replacement ... ok
test vcpu_loop::exec::exec_image_verification_tests::reclaim_exec_reclaim_replaces_the_exact_kernel_execution_lease ... ok
test vcpu_loop::exec::exec_image_verification_tests::reports_the_first_divergent_exec_byte ... ok
test vcpu_loop::exec::exec_image_verification_tests::shared_vm_exec_preserves_process_aware_host_thread_identity ... ok
test vcpu_loop::exec::tests::el1_served_with_work_maps_negative_result_to_errno_outcome ... ok
test vcpu_loop::exec::tests::executor_failure_after_a_lost_exit_claim_publishes_its_own_result ... ok
test vcpu_loop::exec::tests::guest_syscall_completion_owner_retains_token_inline ... ok
test vcpu_loop::exec::tests::interception_completion_dynamic_blocking_partial_runs_driver_before_one_publication ... ok
test vcpu_loop::exec::tests::interception_completion_dynamic_clone_child_job_preserves_exact_observer_identity_once ... ok
test vcpu_loop::exec::tests::interception_completion_dynamic_fork_and_clone_children_publish_once_at_bootstrap ... ok
test vcpu_loop::exec::tests::interception_completion_dynamic_fork_child_job_preserves_exact_observer_identity_once ... ok
test vcpu_loop::exec::tests::interception_completion_dynamic_guest_exec_failure_completes_errno_once ... ok
test vcpu_loop::exec::tests::interception_completion_dynamic_readiness_once_and_twice_redispatches_handler_only ... ok
test vcpu_loop::exec::tests::interception_completion_dynamic_signal_and_partial_return_publish_after_engine_once ... ok
test vcpu_loop::exec::tests::interception_completion_dynamic_timeout_and_interruption_resume_through_scheduler_once ... ok
test vcpu_loop::exec::tests::invalid_inotify_quantum_wrapper_cost ... ignored, explicit release-mode syscall cost diagnostic
test vcpu_loop::exec::tests::invalid_inotify_resident_poll_cost ... ignored, explicit release-mode syscall cost diagnostic
test vcpu_loop::exec::tests::invalid_inotify_service_completion_cost ... ignored, explicit release-mode syscall cost diagnostic
test vcpu_loop::exec::tests::invalid_inotify_worker_operations_cost ... ignored, explicit release-mode syscall cost diagnostic
test vcpu_loop::exec::tests::pending_exec_completion_ownership_is_drop_safe_for_external_settlement_and_unwind ... ok
test vcpu_loop::exec::tests::pending_exec_completion_ownership_survives_control_context_failure_without_abort ... ok
test vcpu_loop::exec::tests::pending_exec_completion_ownership_survives_mm_readmission_failure_without_masking_error ... ok
test vcpu_loop::exec::tests::pending_exec_owner_executor_failure_converts_exec_close_to_exit ... ok
test vcpu_loop::exec::tests::production_poll_exec_failure_at_image_replacement_exits_and_retires_predecessor ... ok
test vcpu_loop::exec::tests::production_poll_exec_terminal_context_changes_only_at_kernel_successor_commit ... ok
test vcpu_loop::exec::tests::production_poll_preserves_immediate_exec_drain_begin_errors_for_both_origins ... ok
test vcpu_loop::exec::tests::production_poll_preserves_immediate_exec_suffix_errors_for_both_origins ... ok
test vcpu_loop::exec::tests::production_poll_preserves_successor_context_on_actual_duplicate_replacement_publication ... ok
test vcpu_loop::exec::tests::production_poll_terminal_outcome_after_successor_commit_keeps_successor_context ... ok
test vcpu_loop::exec::tests::two_task_mm_thread_sibling_sharing_manager_does_not_error ... ok
test vcpu_loop::exec::tests::typed_completion_ownership_delayed_guest_and_internal_suffix_errors_consume_origins ... ok
test vcpu_loop::exec::tests::typed_completion_ownership_delayed_guest_exec_drain_finish_error_consumes_origin ... ok
test vcpu_loop::exec::tests::typed_completion_ownership_delayed_internal_exec_drain_finish_error_consumes_origin ... ok
test vcpu_loop::exec::tests::typed_completion_ownership_external_exec_bootstrap_is_tokenless_and_nonpublishing ... ok
test vcpu_loop::exec::tests::typed_completion_ownership_guest_exec_missing_token_is_rejected ... ok
test vcpu_loop::exec::tests::typed_completion_ownership_guest_valid_exec_authenticates_before_preparation ... ok
test vcpu_loop::exec::tests::typed_completion_ownership_immediate_guest_exec_drain_begin_error_consumes_origin ... ok
test vcpu_loop::exec::tests::typed_completion_ownership_immediate_guest_exec_suffix_error_consumes_origin ... ok
test vcpu_loop::exec::tests::typed_completion_ownership_immediate_internal_exec_drain_begin_error_consumes_origin ... ok
test vcpu_loop::exec::tests::typed_completion_ownership_immediate_internal_exec_suffix_error_consumes_origin ... ok
test vcpu_loop::exec::tests::typed_completion_ownership_internal_exec_failure_is_tokenless_and_nonpublishing ... ok
test vcpu_loop::executor::pool::tests::debug_host_wait_census_preserves_ownership_and_exact_work_counts ... ok
test vcpu_loop::executor::tests::a_clone_rollback_tolerates_a_child_that_already_settled ... ok
test vcpu_loop::executor::tests::a_dropped_dormant_submission_leaves_no_claimable_row_for_its_generation ... ok
test vcpu_loop::executor::tests::a_legitimate_wake_before_activation_does_not_reject_the_dormant_submission ... ok
test vcpu_loop::executor::tests::a_reaped_yield_publishes_the_process_job_it_would_have_stranded ... ok
test vcpu_loop::executor::tests::a_second_pool_on_one_kernel_cannot_replace_the_debug_owner ... ok
test vcpu_loop::executor::tests::a_wake_before_activation_leaves_the_dormant_row_unclaimable ... ok
test vcpu_loop::executor::tests::alternating_tasks_never_inherit_cpu_mailbox_restart_or_tls_state ... ok
test vcpu_loop::executor::tests::authority_rolls_across_yield_and_preempt_before_normal_descendant_publication ... ok
test vcpu_loop::executor::tests::blocked_task_releases_the_only_worker_immediately ... ok
test vcpu_loop::executor::tests::boundary_inventory_is_typed_exhaustive_and_receipts_are_totally_ordered ... ok
test vcpu_loop::executor::tests::clone_failure_retirement_is_scheduler_then_kernel_and_never_silent ... ok
test vcpu_loop::executor::tests::compute_bound_preemption_reaches_the_exact_live_hardware_kick ... ok
test vcpu_loop::executor::tests::controller_close_failing_audit_worker_retires_across_census_race ... ok
test vcpu_loop::executor::tests::creation_is_transactional_and_every_created_vcpu_dies_on_its_owner_worker ... ok
test vcpu_loop::executor::tests::demand_preemption_and_exact_signal_kick_advance_two_compute_tasks_without_stale_leak ... ok
test vcpu_loop::executor::tests::destroy_error_and_panic_are_terminal_and_reported_after_join ... ok
test vcpu_loop::executor::tests::dormant_activation_coalesces_onto_a_preexisting_exact_queue_row ... ok
test vcpu_loop::executor::tests::dormant_and_active_clone_directory_retirement_is_exact ... ok
test vcpu_loop::executor::tests::dormant_root_submission_rejects_a_process_child_authority_shape ... ok
test vcpu_loop::executor::tests::dormant_submission_activates_all_four_exact_authority_shapes ... ok
test vcpu_loop::executor::tests::dormant_submission_drop_rolls_back_binding_and_queue_authority ... ok
test vcpu_loop::executor::tests::dormant_submission_is_invisible_until_exact_activation ... ok
test vcpu_loop::executor::tests::dormant_submission_rejects_duplicate_exact_key ... ok
test vcpu_loop::executor::tests::dormant_submission_rejects_each_wrong_non_root_authority_shape ... ok
test vcpu_loop::executor::tests::dropped_vfork_activation_releases_unpublished_job_reservation ... ok
test vcpu_loop::executor::tests::exact_activation_publishes_without_holding_the_binding_directory ... ok
test vcpu_loop::executor::tests::exec_replacement_keeps_worker_identity_and_swaps_thread_mm_asid_binding ... ok
test vcpu_loop::executor::tests::executor_claim_probe_keeps_invalid_snapshot_claims_observable ... ok
test vcpu_loop::executor::tests::executor_event_ring_excludes_nonleader_quantum_churn ... ok
test vcpu_loop::executor::tests::host_signal_mask_boundary_error_names_the_changed_signal ... ok
test vcpu_loop::executor::tests::host_wait_lends_the_only_cpu_through_the_executor_submission_interface ... ok
test vcpu_loop::executor::tests::hvpatch_binding_rollover_publishes_exact_successor_before_retiring_predecessor ... ok
test vcpu_loop::executor::tests::hvpatch_quantum_borrows_a_fresh_injected_engine_at_every_boundary ... ok
test vcpu_loop::executor::tests::invalid_migration_authority_and_invalidation_failure_never_load_or_run_backend ... ok
test vcpu_loop::executor::tests::last_worker_failure_fails_queued_exact_generation_and_shutdown_returns ... ok
test vcpu_loop::executor::tests::load_save_run_panic_audit_and_invalid_state_fail_exact_task_and_retire_worker ... ok
test vcpu_loop::executor::tests::malicious_backend_retained_binding_cannot_receive_authority_or_hold_terminal_drain_open ... ok
test vcpu_loop::executor::tests::mismatched_hardware_identity_fails_exact_loaded_claim ... ok
test vcpu_loop::executor::tests::missing_exact_hardware_identity_fails_pool_start_before_any_task_claim ... ok
test vcpu_loop::executor::tests::missing_scoped_lease_return_fails_and_retires_exact_claim ... ok
test vcpu_loop::executor::tests::multi_worker_initial_audit_panic_returns_transactionally_and_destroys_every_created_backend ... ok
test vcpu_loop::executor::tests::opened_start_gate_is_kernel_minted_only_after_start_and_consumed_once ... ok
test vcpu_loop::executor::tests::ordinary_task_load_never_performs_an_asid_invalidation ... ok
test vcpu_loop::executor::tests::persistent_save_restores_worker_controls_after_task_snapshot_before_detach ... ok
test vcpu_loop::executor::tests::pool_drives_owned_blocked_continuation_into_kernel_state ... ok
test vcpu_loop::executor::tests::pool_size_is_bounded_and_zero_host_capacity_fails_before_creation ... ok
test vcpu_loop::executor::tests::pre_exit_executor_failure_publishes_an_error_instead_of_thread_done ... ok
test vcpu_loop::executor::tests::pre_fork_exec_hardware_and_shutdown_guards_are_fail_closed ... ok
test vcpu_loop::executor::tests::preemption_driver_close_before_start_shuts_down_cleanly ... ok
test vcpu_loop::executor::tests::preemption_driver_close_during_expiry_wakes_and_terminates ... ok
test vcpu_loop::executor::tests::preemption_driver_disabled_via_env_var ... ok
test vcpu_loop::executor::tests::preemption_driver_duplicate_attachment_fails_with_typed_error ... ok
test vcpu_loop::executor::tests::preemption_driver_shutdown_with_future_deadline ... ok
test vcpu_loop::executor::tests::preemption_driver_worker_failure_allows_clean_shutdown ... ok
test vcpu_loop::executor::tests::prohibited_real_owner_state_retires_worker_and_cleanup_leaves_no_inherited_state ... ok
test vcpu_loop::executor::tests::queued_task_preempts_resident_syscall_loop_at_boundary ... ok
test vcpu_loop::executor::tests::real_owner_boundary_state_fails_or_resets_and_successor_observes_clean_state ... ok
test vcpu_loop::executor::tests::rebind_in_delivery_validation_to_mutation_window_cannot_flag_or_receipt_successor ... ok
test vcpu_loop::executor::tests::resident_task_crosses_ten_thousand_syscalls_without_snapshot_or_tick ... ok
test vcpu_loop::executor::tests::run_error_and_panic_charge_exact_cpu_receipt_once_before_failure ... ok
test vcpu_loop::executor::tests::same_task_clone_binding_stays_dormant_until_kernel_gate_opens ... ok
test vcpu_loop::executor::tests::save_error_retains_exact_lease_authority_until_failure_settlement ... ok
test vcpu_loop::executor::tests::saved_host_wait_slot_release_rejects_live_and_foreign_execution_claims ... ok
test vcpu_loop::executor::tests::saved_replacement_returns_host_wait_slot_before_terminal_retirement ... ok
test vcpu_loop::executor::tests::sequential_generations_reuse_one_executor_and_migration_follows_save ... ok
test vcpu_loop::executor::tests::shutdown_cancels_dormant_exact_binding_and_completes_once ... ok
test vcpu_loop::executor::tests::shutdown_drains_recursive_child_and_grandchild_before_destroy_and_join ... ok
test vcpu_loop::executor::tests::spares_take_only_what_the_vcpu_budget_leaves_after_the_guest_cpus ... ok
test vcpu_loop::executor::tests::task_migrates_between_workers_only_after_complete_save_and_unbind ... ok
test vcpu_loop::executor::tests::task_only_save_restores_worker_vcpu_before_binding_publication_can_fail ... ok
test vcpu_loop::executor::tests::terminal_retirement_does_not_hold_topology_lock_across_detached_cleanup ... ok
test vcpu_loop::executor::tests::terminal_settlement_retires_the_exact_binding_before_worker_destroy ... ok
test vcpu_loop::executor::tests::test_lazy_vcpu_cross_executor_claim_waits_for_idle_flush_and_overlays_materialized ... ok
test vcpu_loop::executor::tests::test_lazy_vcpu_cross_executor_pool_execution ... ok
test vcpu_loop::executor::tests::test_lazy_vcpu_executor_destroy_materializes_resident_task ... ok
test vcpu_loop::executor::tests::test_lazy_vcpu_flush_request_in_check_wait_window_not_lost ... ok
test vcpu_loop::executor::tests::test_lazy_vcpu_intervening_load_materializes_resident_task ... ok
test vcpu_loop::executor::tests::test_lazy_vcpu_same_executor_reclaim_after_block_with_empty_queue_has_zero_snapshots_and_overlays ... ok
test vcpu_loop::executor::tests::test_lazy_vcpu_same_executor_reclaim_skips_snapshot_and_overlay ... ok
test vcpu_loop::executor::tests::test_lazy_vcpu_source_shape_no_guest_cpu_from_resident_lease ... ok
test vcpu_loop::executor::tests::test_lazy_vcpu_stale_record_on_reentry_after_other_executor_run_discards_and_overlays ... ok
test vcpu_loop::executor::tests::test_lazy_vcpu_targeted_flush_request_wakes_owner_and_avoids_broadcast ... ok
test vcpu_loop::executor::tests::test_lazy_vcpu_typed_accessor_forces_materialization ... ok
test vcpu_loop::executor::tests::test_production_exec_failure_at_identity_publication_settles_in_executor_pool ... ok
test vcpu_loop::executor::tests::test_production_exec_failure_at_image_replacement_settles_in_executor_pool ... ok
test vcpu_loop::executor::tests::vfork_child_activation_failpoint_rolls_back_and_fails_parent_claim ... ok
test vcpu_loop::executor::tests::vfork_child_activation_failure_rolls_back_and_fails_parent_claim ... ok
test vcpu_loop::executor::tests::vfork_continuation_enrollment_failure_releases_job_reservation ... ok
test vcpu_loop::executor::tests::vfork_deferred_child_activation_runs_after_parent_backend_saved ... ok
test vcpu_loop::executor::tests::vfork_release_during_child_activation_preserves_wake_edge_through_parent_settlement ... ok
test vcpu_loop::executor::tests::worker_hardware_identity_is_create_owned_across_idle_load_save_and_shutdown ... ok
test vcpu_loop::fd_ceiling::tests::resource_budget_closes_publisher_before_initial_raise ... ok
test vcpu_loop::fd_ceiling::tests::restrictive_observer_closes_publisher_before_initial_raise ... ok
test vcpu_loop::lifecycle::tests::backend_fork_boundary_rejects_invalid_projection_before_prepare ... ok
test vcpu_loop::lifecycle::tests::backend_fork_boundary_rejects_wrong_inventory_mode_and_mm_identity ... ok
test vcpu_loop::lifecycle::tests::backend_prepare_error_does_not_double_rollback ... ok
test vcpu_loop::lifecycle::tests::backend_staleness_after_successful_prepare_aborts_and_rolls_copied_parent_back_exactly_once ... ok
test vcpu_loop::lifecycle::tests::hvpatch_process_child_identity_bootstrap_handles_shared_and_copied_mm ... ok
test vcpu_loop::lifecycle::tests::initial_cpu_cleanup_attempts_cancel_and_rollback_after_abort_failure ... ok
test vcpu_loop::lifecycle::tests::prepared_unwind_attempts_parent_rollback_after_abort_failure ... ok
test vcpu_loop::lifecycle::tests::production_clone_failpoints_are_exact_and_consumed_once ... ok
test vcpu_loop::lifecycle::tests::production_process_failpoints_run_the_real_kernel_copyout_and_publication_body ... ok
test vcpu_loop::memory::tests::foreign_cow_proof_issuer_does_not_sign_transport_chosen_owner_generation ... ok
test vcpu_loop::memory::tests::foreign_cow_rejects_wrong_mm_guard_range_and_backend_receipt_identity ... ok
test vcpu_loop::memory::tests::foreign_cow_runtime_rejects_transport_owner_after_independent_proof_issuance ... ok
test vcpu_loop::memory::tests::frame_grant_inventory_receipt_is_exact_and_rollbackable_before_leaf_publication ... ok
test vcpu_loop::memory::tests::instruction_fetch_composes_kernel_lease_and_production_carrier ... ok
test vcpu_loop::memory::tests::mandatory_child_contextidr_stamp_propagates_injected_failure ... ok
test vcpu_loop::memory::tests::native_admission_allows_carrier_cow_without_hardware_ack ... ok
test vcpu_loop::memory::tests::native_buffers::carrier_buffer_elf_control ... ignored, requires CARRICK_NATIVE_BUFFER_ELF and a bounded research ELF
test vcpu_loop::memory::tests::native_buffers::current_copies_cross_compounds_and_preserve_source ... ok
test vcpu_loop::memory::tests::native_buffers::current_copies_honor_vma_read_write_and_executable_permissions ... ok
test vcpu_loop::memory::tests::native_buffers::current_copies_reject_wrong_lease_and_invalid_ranges ... ok
test vcpu_loop::memory::tests::native_buffers::current_copyout_rechecks_live_leaf_and_protection_tracker ... ok
test vcpu_loop::memory::tests::native_buffers::current_read_window_observes_changed_bytes_and_rejects_other_ranges_and_leases ... ok
test vcpu_loop::memory::tests::native_buffers::current_read_window_rechecks_live_carrier_authorities ... ok
test vcpu_loop::memory::tests::native_buffers::current_read_window_rejects_vma_revocation_and_cow_replacement ... ok
test vcpu_loop::memory::tests::native_buffers::current_read_window_uses_live_leaf_after_guest_publication ... ok
test vcpu_loop::memory::tests::native_buffers::repeated_copyout_crosses_private_guest_pages ... ok
test vcpu_loop::memory::tests::native_buffers::stage1_snapshot_observes_live_leaf_after_guest_publication ... ok
test vcpu_loop::memory::tests::native_buffers::syscall_copyout_updates_carrier_not_private_elf_data ... ok
test vcpu_loop::memory::tests::native_carrier_elf_memory_control_round_trip ... ok
test vcpu_loop::memory::tests::native_data_activation_entry_cost ... ignored, release-only native activation cost diagnostic
test vcpu_loop::memory::tests::native_data_activation_outlives_mutation_but_not_execution ... ok
test vcpu_loop::memory::tests::native_data_activation_rejects_changes_after_preparation ... ok
test vcpu_loop::memory::tests::native_data_activation_requires_exact_authority_and_real_drain ... ok
test vcpu_loop::memory::tests::native_data_borrow_composes_execution_lease_and_production_cow ... ok
test vcpu_loop::memory::tests::native_data_borrow_isolates_same_va_and_accepts_private_identity ... ok
test vcpu_loop::memory::tests::native_data_borrow_rechecks_all_vma_permissions_and_revision ... ok
test vcpu_loop::memory::tests::native_data_borrow_refuses_denied_second_leaf_and_stale_owner ... ok
test vcpu_loop::memory::tests::native_floor::carrier_checkpoint_component_cost ... ignored, release-only carrier syscall floor attribution
test vcpu_loop::memory::tests::native_floor::native_code_density_contract ... ok
test vcpu_loop::memory::tests::native_floor::native_data_demand_contract ... ok
test vcpu_loop::memory::tests::proc_maps_projects_linux_initial_stack_vma_not_full_rlimit_backing ... ok
test vcpu_loop::memory::tests::production_carrier_active_target_services_publication_at_its_next_entry ... ok
test vcpu_loop::memory::tests::production_carrier_budget_one_full_occupancy_defers_caller_self_ack_to_entry ... 
running 1 test
test vcpu_loop::memory::tests::production_carrier_budget_one_full_occupancy_defers_caller_self_ack_to_entry ... ok

test result: ok. 1 passed; 0 failed; 0 ignored; 0 measured; 637 filtered out; finished in 0.02s

ok
test vcpu_loop::memory::tests::production_carrier_clone_vm_target_reuses_exact_cow_authority ... ok
test vcpu_loop::memory::tests::production_carrier_foreign_cow_runs_end_to_end_through_runtime_facade ... ok
test vcpu_loop::memory::tests::production_carrier_target_exec_and_retirement_race_foreign_acquisition ... ok
test vcpu_loop::memory::tests::production_composition_committed_cow_ignores_final_snapshot_contention ... ok
test vcpu_loop::memory::tests::production_composition_foreign_cow_does_not_reacquire_snapshot_under_alias ... ok
test vcpu_loop::memory::tests::production_ptrace_text_carries_executable_authority_when_snapshot_is_writable_but_source_is_rx ... ok
test vcpu_loop::memory::tests::production_rx_ptrace_text_commit_accepts_post_cow_inventory_revision ... ok
test vcpu_loop::memory::tests::remap_file_pages_does_not_edit_stage1 ... ok
test vcpu_loop::memory::tests::shmdt_validates_before_editing_stage1 ... ok
test vcpu_loop::memory::tests::stage1_editors_are_claimed_regardless_of_peers ... ok
test vcpu_loop::outcome::tests::a_changing_census_restarts_confirmation ... ok
test vcpu_loop::outcome::tests::a_claim_that_never_makes_boundary_progress_is_eventually_dead ... ok
test vcpu_loop::outcome::tests::a_dropped_kernel_stops_the_invariant_rather_than_convicting_it ... ok
test vcpu_loop::outcome::tests::a_graph_that_goes_dead_and_then_publishes_finishes_normally ... ok
test vcpu_loop::outcome::tests::a_graph_with_only_zombies_is_dead ... ok
test vcpu_loop::outcome::tests::a_live_graph_never_trips_the_invariant_however_long_the_job_takes ... ok
test vcpu_loop::outcome::tests::a_published_result_returns_from_the_supervised_wait_without_a_verdict ... ok
test vcpu_loop::outcome::tests::a_real_kernel_with_a_live_root_task_reads_as_alive ... ok
test vcpu_loop::outcome::tests::a_recorded_abort_answers_every_later_wait_in_the_carrier ... ok
test vcpu_loop::outcome::tests::an_outstanding_executor_claim_keeps_the_invariant_from_firing ... ok
test vcpu_loop::outcome::tests::an_unbound_liveness_never_judges ... ok
test vcpu_loop::outcome::tests::an_unpublished_job_on_a_dead_graph_aborts_instead_of_parking ... ok
test vcpu_loop::quiesce::pt_pause_tests::deferred_process_fork_parks_on_the_admission_epoch ... ok
test vcpu_loop::quiesce::pt_pause_tests::exact_mm_pause_drains_distinct_dispatcher_registries_and_fences_new_occupants ... ok
test vcpu_loop::quiesce::pt_pause_tests::foreign_cow_pauses_the_active_target_and_defers_invalidation_to_the_next_entry ... ok
test vcpu_loop::quiesce::pt_pause_tests::foreign_cow_vcpu_budget_one_full_occupancy_never_waits_on_caller_worker_self_ack ... ok
test vcpu_loop::quiesce::pt_pause_tests::fork_lease_wait_wakes_on_terminal_unregister_without_barrier_progress ... ok
test vcpu_loop::quiesce::pt_pause_tests::fork_owner_can_retry_while_its_barrier_remains_raised ... ok
test vcpu_loop::quiesce::pt_pause_tests::fork_release_lowers_barriers_before_thaw_callback ... ok
test vcpu_loop::quiesce::pt_pause_tests::fork_reservation_task_busy_is_retried_on_the_reservation_epoch ... ok
test vcpu_loop::quiesce::pt_pause_tests::inventory_guard_abandons_unpublished_runtime_reservation ... ok
test vcpu_loop::quiesce::pt_pause_tests::losing_hvpatch_fork_does_not_enroll_clone_admission ... ok
test vcpu_loop::quiesce::pt_pause_tests::mm_mutation_alias_waiter_cannot_enter_inner_before_real_pt_pause ... ok
test vcpu_loop::quiesce::pt_pause_tests::nested_frame_cow_borrows_exact_mm_lease_and_extends_real_pause ... ok
test vcpu_loop::quiesce::pt_pause_tests::process_fork_behind_a_sibling_fork_close_is_deferred_with_the_barrier_released ... ok
test vcpu_loop::quiesce::pt_pause_tests::process_fork_close_retry_parks_on_the_admission_epoch ... ok
test vcpu_loop::quiesce::pt_pause_tests::process_fork_install_pauses_peer_executors_instead_of_eagain ... ok
test vcpu_loop::quiesce::pt_pause_tests::process_fork_loser_waits_on_the_fork_token_not_the_quiesce ... ok
test vcpu_loop::quiesce::pt_pause_tests::process_fork_uses_identity_lease_subscription ... ok
test vcpu_loop::quiesce::pt_pause_tests::pt_pause_drain_sees_a_sibling_that_reregistered_after_a_block ... ok
test vcpu_loop::quiesce::pt_pause_tests::pt_pause_drain_waits_for_late_sibling_acknowledgement ... ok
test vcpu_loop::quiesce::pt_pause_tests::pt_pause_drain_wakes_for_a_sibling_registered_mid_drain ... ok
test vcpu_loop::quiesce::pt_pause_tests::pt_pause_election_timeout_gives_up_without_disturbing_the_coordinator ... ok
test vcpu_loop::quiesce::pt_pause_tests::pt_pause_exact_drain_returns_guard_and_allows_backend ... ok
test vcpu_loop::quiesce::pt_pause_tests::pt_pause_probe_abi_and_dtrace_contract ... ok
test vcpu_loop::quiesce::pt_pause_tests::raised_pt_pause_denies_guest_reentry_until_guard_releases ... ok
test vcpu_loop::quiesce::pt_pause_tests::shared_mm_fork_admits_against_exec_reservations_before_kernel_publication ... ok
test vcpu_loop::quiesce::pt_pause_tests::standalone_frame_cow_sole_witness_fences_exact_mm_entry ... ok
test vcpu_loop::quiesce::pt_pause_tests::two_parents_fork_concurrently ... ok
test vcpu_loop::signal::first_touch_access_tests::abort_hatch_converts_only_memory_fault_signals ... ok
test vcpu_loop::signal::first_touch_access_tests::allowed_first_touch_commits_only_after_successful_protection ... ok
test vcpu_loop::signal::first_touch_access_tests::backend_refusal_fires_first_touch_refused_probe ... ok
test vcpu_loop::signal::first_touch_access_tests::denied_first_touch_does_not_edit_or_commit_residency ... ok
test vcpu_loop::signal::first_touch_access_tests::frame_grant_claim_requires_the_exact_mm_fault_and_access ... ok
test vcpu_loop::signal::first_touch_access_tests::ring_access_preserves_the_decoded_direction ... ok
test vcpu_loop::signal::tests::continuation_restart_decision_controls_real_handler_injection ... ok
test vcpu_loop::signal::tests::default_sigcont_resumes_without_terminating ... ok
test vcpu_loop::signal::tests::forked_private_file_bus_tail_is_classified_at_synchronous_injection ... ok
test vcpu_loop::signal::tests::initially_blocked_write_then_reader_close_returns_epipe_and_queues_sigpipe ... ok
test vcpu_loop::signal::tests::ptrace_signal_stop_queued_host_sigkill_remains_terminal ... ok
test vcpu_loop::signal::tests::reserved_default_action_wins_over_concurrent_sigaction_change ... ok
test vcpu_loop::signal::tests::reserved_delivery_cannot_borrow_later_signal_action_or_restart_class ... ok
test vcpu_loop::signal::tests::reserved_ppoll_pselect_default_terminate_and_stop_ignore_restored_persistent_block ... ok
test vcpu_loop::signal::tests::synchronous_fault_reinjection_preserves_siginfo_pc_and_forced_rules ... ok
test vcpu_loop::signal::tests::synchronous_fault_stops_for_ptrace_before_default_termination ... ok
test vcpu_loop::terminal::tests::clone_admission_cancels_enrolled_process_fork_before_exec_drain ... ok
test vcpu_loop::terminal::tests::clone_admission_terminal_claim_cost_receipt ... ignored, manual release-mode performance receipt
test vcpu_loop::terminal::tests::clone_admission_terminal_epochs_wrap_for_generic_and_exact_claims ... ok
test vcpu_loop::terminal::tests::clone_enrollment_defers_behind_a_fork_close_and_wakes_on_reopen ... ok
test vcpu_loop::terminal::tests::core_note_uses_exception_pair_only_for_synchronous_fatal_owner ... ok
test vcpu_loop::terminal::tests::exec_terminal_handoff_never_reopens_admission_to_competing_exec ... ok
test vcpu_loop::terminal::tests::exec_terminal_handoff_rejects_owner_and_generation_mismatch ... ok
test vcpu_loop::terminal::tests::exec_terminal_perf_observation_counts_successful_competing_exec_admissions ... ok
test vcpu_loop::terminal::tests::fatal_core_authority_belongs_only_to_the_matching_terminal_owner ... ok
test vcpu_loop::terminal::tests::fatal_core_authority_rebinds_at_exec_and_rejects_late_old_image_signal ... ok
test vcpu_loop::terminal::tests::fork_admission_drains_existing_clones_without_cancelling_them ... ok
test vcpu_loop::terminal::tests::fork_close_behind_a_thread_clone_permit_wakes_on_that_permits_release ... ok
test vcpu_loop::terminal::tests::guest_visible_resume_pc_passes_through_a_non_island_pc_unchanged ... ok
test vcpu_loop::terminal::tests::guest_visible_resume_pc_recovers_the_original_svc_return_address ... ok
test vcpu_loop::terminal::tests::persistent_terminal_claim_has_one_owner_and_retries_without_blocking ... ok
test vcpu_loop::terminal::tests::persistent_terminal_claim_lost_to_exec_does_not_poison_later_owner ... ok
test vcpu_loop::tests::brk_aarch64_maps_to_sigtrap_brkpt ... ok
test vcpu_loop::tests::hw_breakpoint_and_watchpoint_map_to_sigtrap_hwbkpt ... ok
test vcpu_loop::tests::lower_el0_fault_covers_both_debug_and_abort_arms ... ok
test vcpu_loop::tests::non_debug_faults_are_not_debug_signals ... ok
test vcpu_loop::tests::non_macos_exec_loader_accepts_visibility_contract ... ok
test vcpu_loop::tests::sa_restart_restarts_exactly_the_documented_syscalls ... ok
test vcpu_loop::tests::software_step_maps_to_sigtrap_trace ... ok
test vcpu_loop::tests::vmm_image_policy_restricts_aarch64_and_x8664_fastpaths_production_shaped_vmm_vdso_auxv_coherence ... ok
test vcpu_loop::threads::clone_tid_output_tests::metadata_refusal_during_tid_copyout_retains_rollback_preimages ... ok
test vcpu_loop::threads::clone_tid_output_tests::rollback_write_failure_is_reported_after_attempting_every_preimage ... ok
test vcpu_loop::threads::clone_tid_output_tests::second_tid_copyout_failure_restores_both_exact_preimages ... ok
test vcpu_loop::threads::clone_tid_output_tests::sibling_drain_keeps_the_surviving_job_enrolled ... ok
test vcpu_loop::threads::clone_tid_output_tests::vcpu_thread_registry_encapsulates_lifecycle_operations ... ok
test vcpu_loop::wait_wake::tests::carrier_retains_and_retires_exact_persistent_process_completion ... ok
test vcpu_loop::wait_wake::tests::carrier_shutdown_closes_admission_and_replays_one_failure ... ok
test vcpu_loop::wait_wake::tests::carrier_shutdown_waits_for_container_specific_active_drain ... ok
test vcpu_loop::wait_wake::tests::child_exit_notification_snapshot_cannot_wake_a_reaped_parent ... ok
test vcpu_loop::wait_wake::tests::container_job_close_waits_for_preclose_reservation_and_reclaims_row ... ok
test vcpu_loop::wait_wake::tests::container_job_groups_are_scoped ... ok
test vcpu_loop::wait_wake::tests::dropped_job_reservation_rolls_back_without_leaking_group_row ... ok
test vcpu_loop::wait_wake::tests::hvpatch_child_exit_reads_the_post_exec_sighand_generation ... ok
test vcpu_loop::wait_wake::tests::parent_exit_between_child_commit_and_runtime_wake_is_reparented_without_error ... ok
test vcpu_loop::wait_wake::tests::prepared_persistent_services_accept_exact_boot_published_authority ... ok
test vcpu_loop::wait_wake::tests::prepared_persistent_services_publish_only_after_commit_and_are_retryable ... ok
test vcpu_loop::wait_wake::tests::process_child_join_does_not_outrun_sibling_terminal_mount_owner ... ok
test vcpu_loop::wait_wake::tests::process_retirement_receipt_fails_closed_after_exit_starts ... ok
test vcpu_loop::wait_wake::tests::task_waker_targets_only_the_tasks_live_threads ... ok

test result: ok. 630 passed; 0 failed; 8 ignored; 0 measured; 0 filtered out; finished in 18.36s

