    Finished `release` profile [optimized] target(s) in 0.06s
build-embed-interceptor-probe: wrote /Volumes/CaseSensitive/carrick/.worktrees/wt-batch3/target/embed-fixtures/interceptor-probe-aarch64
    Finished `release` profile [optimized] target(s) in 0.06s
build-embed-zone-readers: wrote /Volumes/CaseSensitive/carrick/.worktrees/wt-batch3/target/embed-fixtures/zone-readers-aarch64
   Compiling carrick-sched-core v0.1.0 (/Volumes/CaseSensitive/carrick/.worktrees/wt-batch3/crates/carrick-sched-core)
   Compiling carrick-el1-abi v0.1.0 (/Volumes/CaseSensitive/carrick/.worktrees/wt-batch3/crates/carrick-el1-abi)
   Compiling carrick-embed-el1-sched v0.0.0 (/Volumes/CaseSensitive/carrick/.worktrees/wt-batch3/fixtures/embed-el1-sched)
    Finished `release` profile [optimized] target(s) in 1.08s
build-embed-el1-sched: wrote /Volumes/CaseSensitive/carrick/.worktrees/wt-batch3/target/embed-fixtures/el1-sched-aarch64
   Compiling carrick-sched-core v0.1.0 (/Volumes/CaseSensitive/carrick/.worktrees/wt-batch3/crates/carrick-sched-core)
   Compiling carrick-el1-image v0.1.0 (/Volumes/CaseSensitive/carrick/.worktrees/wt-batch3/crates/carrick-el1-image)
   Compiling carrick-kernel v0.1.0 (/Volumes/CaseSensitive/carrick/.worktrees/wt-batch3/crates/carrick-kernel)
   Compiling carrick-el1-abi v0.1.0 (/Volumes/CaseSensitive/carrick/.worktrees/wt-batch3/crates/carrick-el1-abi)
   Compiling carrick-el1 v0.1.0 (/Volumes/CaseSensitive/carrick/.worktrees/wt-batch3/crates/carrick-el1)
   Compiling carrick-mem v0.1.0 (/Volumes/CaseSensitive/carrick/.worktrees/wt-batch3/crates/carrick-mem)
   Compiling carrick-hal v0.1.0 (/Volumes/CaseSensitive/carrick/.worktrees/wt-batch3/crates/carrick-hal)
   Compiling carrick-host-bsd v0.1.0 (/Volumes/CaseSensitive/carrick/.worktrees/wt-batch3/crates/carrick-host-bsd)
   Compiling carrick-thread v0.1.0 (/Volumes/CaseSensitive/carrick/.worktrees/wt-batch3/crates/carrick-thread)
   Compiling carrick-aarch64 v0.1.0 (/Volumes/CaseSensitive/carrick/.worktrees/wt-batch3/crates/carrick-aarch64)
   Compiling carrick-vfs v0.1.0 (/Volumes/CaseSensitive/carrick/.worktrees/wt-batch3/crates/carrick-vfs)
   Compiling carrick-vmm-hvf v0.1.0 (/Volumes/CaseSensitive/carrick/.worktrees/wt-batch3/crates/carrick-vmm-hvf)
   Compiling carrick-runtime v0.1.0 (/Volumes/CaseSensitive/carrick/.worktrees/wt-batch3/crates/carrick-runtime)
   Compiling carrick-engine v0.1.0 (/Volumes/CaseSensitive/carrick/.worktrees/wt-batch3/crates/carrick-engine)
   Compiling carrick-embed v0.1.0 (/Volumes/CaseSensitive/carrick/.worktrees/wt-batch3/crates/carrick-embed)
    Finished `release` profile [optimized + debuginfo] target(s) in 2m 26s
/Volumes/CaseSensitive/carrick/.worktrees/wt-batch3/target/release/deps/entitlement_negative-2ea3128a996608c8.tmp.44033: replacing existing signature
test-signed: signed /Volumes/CaseSensitive/carrick/.worktrees/wt-batch3/target/release/deps/entitlement_negative-2ea3128a996608c8
/Volumes/CaseSensitive/carrick/.worktrees/wt-batch3/target/release/deps/el1_transparent-9f1543913016aba2.tmp.44033: replacing existing signature
test-signed: signed /Volumes/CaseSensitive/carrick/.worktrees/wt-batch3/target/release/deps/el1_transparent-9f1543913016aba2
/Volumes/CaseSensitive/carrick/.worktrees/wt-batch3/target/release/deps/el1_inotify09_probe-e2247aca698e3431.tmp.44033: replacing existing signature
test-signed: signed /Volumes/CaseSensitive/carrick/.worktrees/wt-batch3/target/release/deps/el1_inotify09_probe-e2247aca698e3431
/Volumes/CaseSensitive/carrick/.worktrees/wt-batch3/target/release/deps/el1_gic-16f015d9c1504abe.tmp.44033: replacing existing signature
test-signed: signed /Volumes/CaseSensitive/carrick/.worktrees/wt-batch3/target/release/deps/el1_gic-16f015d9c1504abe
/Volumes/CaseSensitive/carrick/.worktrees/wt-batch3/target/release/deps/el1_inotify-bce76854a0c94a41.tmp.44033: replacing existing signature
test-signed: signed /Volumes/CaseSensitive/carrick/.worktrees/wt-batch3/target/release/deps/el1_inotify-bce76854a0c94a41
/Volumes/CaseSensitive/carrick/.worktrees/wt-batch3/target/release/deps/pt_pause_drain_pressure-8c901bf0cbbb2367.tmp.44033: replacing existing signature
test-signed: signed /Volumes/CaseSensitive/carrick/.worktrees/wt-batch3/target/release/deps/pt_pause_drain_pressure-8c901bf0cbbb2367
/Volumes/CaseSensitive/carrick/.worktrees/wt-batch3/target/release/deps/crash_parked_thread-ac4b8d7e5234f849.tmp.44033: replacing existing signature
test-signed: signed /Volumes/CaseSensitive/carrick/.worktrees/wt-batch3/target/release/deps/crash_parked_thread-ac4b8d7e5234f849
/Volumes/CaseSensitive/carrick/.worktrees/wt-batch3/target/release/deps/discard_fork_threads-ede4836bafd3d408.tmp.44033: replacing existing signature
test-signed: signed /Volumes/CaseSensitive/carrick/.worktrees/wt-batch3/target/release/deps/discard_fork_threads-ede4836bafd3d408
/Volumes/CaseSensitive/carrick/.worktrees/wt-batch3/target/release/deps/host_wait_policy-f53fc18f775ffe51.tmp.44033: replacing existing signature
test-signed: signed /Volumes/CaseSensitive/carrick/.worktrees/wt-batch3/target/release/deps/host_wait_policy-f53fc18f775ffe51
/Volumes/CaseSensitive/carrick/.worktrees/wt-batch3/target/release/deps/write_seek_contract-655aefdea1874a90.tmp.44033: replacing existing signature
test-signed: signed /Volumes/CaseSensitive/carrick/.worktrees/wt-batch3/target/release/deps/write_seek_contract-655aefdea1874a90
/Volumes/CaseSensitive/carrick/.worktrees/wt-batch3/target/release/deps/el1_vcpu_lifetime-2567fb3a3dc40a15.tmp.44033: replacing existing signature
test-signed: signed /Volumes/CaseSensitive/carrick/.worktrees/wt-batch3/target/release/deps/el1_vcpu_lifetime-2567fb3a3dc40a15
/Volumes/CaseSensitive/carrick/.worktrees/wt-batch3/target/release/deps/kernel_abort-d1ac0df7510c64fb.tmp.44033: replacing existing signature
test-signed: signed /Volumes/CaseSensitive/carrick/.worktrees/wt-batch3/target/release/deps/kernel_abort-d1ac0df7510c64fb
/Volumes/CaseSensitive/carrick/.worktrees/wt-batch3/target/release/deps/conformance_contracts-7718e7bd813cbef7.tmp.44033: replacing existing signature
test-signed: signed /Volumes/CaseSensitive/carrick/.worktrees/wt-batch3/target/release/deps/conformance_contracts-7718e7bd813cbef7
/Volumes/CaseSensitive/carrick/.worktrees/wt-batch3/target/release/deps/realtime_calibration-17c355e0310708c2.tmp.44033: replacing existing signature
test-signed: signed /Volumes/CaseSensitive/carrick/.worktrees/wt-batch3/target/release/deps/realtime_calibration-17c355e0310708c2
/Volumes/CaseSensitive/carrick/.worktrees/wt-batch3/target/release/deps/fault_budget_guest-d7108058cd078309.tmp.44033: replacing existing signature
test-signed: signed /Volumes/CaseSensitive/carrick/.worktrees/wt-batch3/target/release/deps/fault_budget_guest-d7108058cd078309
/Volumes/CaseSensitive/carrick/.worktrees/wt-batch3/target/release/deps/perf_regression-28b7174fbae1d3a3.tmp.44033: replacing existing signature
test-signed: signed /Volumes/CaseSensitive/carrick/.worktrees/wt-batch3/target/release/deps/perf_regression-28b7174fbae1d3a3
/Volumes/CaseSensitive/carrick/.worktrees/wt-batch3/target/release/deps/scheduler_preemption-a848ab6a40a27c3a.tmp.44033: replacing existing signature
test-signed: signed /Volumes/CaseSensitive/carrick/.worktrees/wt-batch3/target/release/deps/scheduler_preemption-a848ab6a40a27c3a
/Volumes/CaseSensitive/carrick/.worktrees/wt-batch3/target/release/deps/el1_files-1e6a92366579cf6c.tmp.44033: replacing existing signature
test-signed: signed /Volumes/CaseSensitive/carrick/.worktrees/wt-batch3/target/release/deps/el1_files-1e6a92366579cf6c
/Volumes/CaseSensitive/carrick/.worktrees/wt-batch3/target/release/deps/el1_sched-5c0e433fa1c09ea5.tmp.44033: replacing existing signature
test-signed: signed /Volumes/CaseSensitive/carrick/.worktrees/wt-batch3/target/release/deps/el1_sched-5c0e433fa1c09ea5
/Volumes/CaseSensitive/carrick/.worktrees/wt-batch3/target/release/deps/inotify_hotpath_contract-b6e66637595bd8ed.tmp.44033: replacing existing signature
test-signed: signed /Volumes/CaseSensitive/carrick/.worktrees/wt-batch3/target/release/deps/inotify_hotpath_contract-b6e66637595bd8ed
/Volumes/CaseSensitive/carrick/.worktrees/wt-batch3/target/release/deps/shared_buffer_futex-692fbc5fdd19b57b.tmp.44033: replacing existing signature
test-signed: signed /Volumes/CaseSensitive/carrick/.worktrees/wt-batch3/target/release/deps/shared_buffer_futex-692fbc5fdd19b57b
/Volumes/CaseSensitive/carrick/.worktrees/wt-batch3/target/release/deps/el1_kick_served_loop-515d037f012f44fb.tmp.44033: replacing existing signature
test-signed: signed /Volumes/CaseSensitive/carrick/.worktrees/wt-batch3/target/release/deps/el1_kick_served_loop-515d037f012f44fb
/Volumes/CaseSensitive/carrick/.worktrees/wt-batch3/target/release/deps/wedge_capture_ladder-901bc0106cd0e8dd.tmp.44033: replacing existing signature
test-signed: signed /Volumes/CaseSensitive/carrick/.worktrees/wt-batch3/target/release/deps/wedge_capture_ladder-901bc0106cd0e8dd
/Volumes/CaseSensitive/carrick/.worktrees/wt-batch3/target/release/deps/scheduler_race-6158a0c72347df12.tmp.44033: replacing existing signature
test-signed: signed /Volumes/CaseSensitive/carrick/.worktrees/wt-batch3/target/release/deps/scheduler_race-6158a0c72347df12
/Volumes/CaseSensitive/carrick/.worktrees/wt-batch3/target/release/deps/two_process_parallelism-4f3c6fc63376028d.tmp.44033: replacing existing signature
test-signed: signed /Volumes/CaseSensitive/carrick/.worktrees/wt-batch3/target/release/deps/two_process_parallelism-4f3c6fc63376028d
/Volumes/CaseSensitive/carrick/.worktrees/wt-batch3/target/release/deps/guest_smoke-42224af0716988ce.tmp.44033: replacing existing signature
test-signed: signed /Volumes/CaseSensitive/carrick/.worktrees/wt-batch3/target/release/deps/guest_smoke-42224af0716988ce
/Volumes/CaseSensitive/carrick/.worktrees/wt-batch3/target/release/deps/carrick_embed-46b7704b908cc13f.tmp.44033: replacing existing signature
test-signed: signed /Volumes/CaseSensitive/carrick/.worktrees/wt-batch3/target/release/deps/carrick_embed-46b7704b908cc13f
test-signed: running /Volumes/CaseSensitive/carrick/.worktrees/wt-batch3/target/release/deps/el1_transparent-9f1543913016aba2 el1_ --nocapture

running 2 tests
test el1_transparent_fork_exec_shared_backing ... ok
test el1_transparent_smoke ... ok

test result: ok. 2 passed; 0 failed; 0 ignored; 0 measured; 0 filtered out; finished in 0.08s

test-signed: running /Volumes/CaseSensitive/carrick/.worktrees/wt-batch3/target/release/deps/el1_inotify09_probe-e2247aca698e3431 el1_ --nocapture

running 2 tests
test el1_inotify09_probe ... LTP| ../../../../include/tst_fuzzy_sync.h:484: TINFO: Minimum sampling period ended
LTP| ../../../../include/tst_fuzzy_sync.h:307: TINFO: loop = 1024, delay_bias = 0
LTP| ../../../../include/tst_fuzzy_sync.h:295: TINFO: start_a - start_b: { avg =   -44ns, avg_dev =     5ns, dev_ratio = 0.12 }
LTP| ../../../../include/tst_fuzzy_sync.h:295: TINFO: end_a - start_a  : { avg =    95ns, avg_dev =    16ns, dev_ratio = 0.16 }
LTP| ../../../../include/tst_fuzzy_sync.h:295: TINFO: end_b - start_b  : { avg =   208ns, avg_dev =     0ns, dev_ratio = 0.00 }
LTP| ../../../../include/tst_fuzzy_sync.h:295: TINFO: end_a - end_b    : { avg =  -157ns, avg_dev =    14ns, dev_ratio = 0.09 }
LTP| ../../../../include/tst_fuzzy_sync.h:295: TINFO: spins            : { avg =   216  , avg_dev =     4  , dev_ratio = 0.02 }
LTP| ../../../../include/tst_fuzzy_sync.h:494: TINFO: Reached deviation ratios < 0.10, introducing randomness
LTP| ../../../../include/tst_fuzzy_sync.h:497: TINFO: Delay range is [-343, 198]
LTP| ../../../../include/tst_fuzzy_sync.h:307: TINFO: loop = 1056, delay_bias = 0
LTP| ../../../../include/tst_fuzzy_sync.h:295: TINFO: start_a - start_b: { avg =   -43ns, avg_dev =     4ns, dev_ratio = 0.09 }
LTP| ../../../../include/tst_fuzzy_sync.h:295: TINFO: end_a - start_a  : { avg =   120ns, avg_dev =    10ns, dev_ratio = 0.08 }
LTP| ../../../../include/tst_fuzzy_sync.h:295: TINFO: end_b - start_b  : { avg =   208ns, avg_dev =     0ns, dev_ratio = 0.00 }
LTP| ../../../../include/tst_fuzzy_sync.h:295: TINFO: end_a - end_b    : { avg =  -131ns, avg_dev =    11ns, dev_ratio = 0.09 }
LTP| ../../../../include/tst_fuzzy_sync.h:295: TINFO: spins            : { avg =   216  , avg_dev =     7  , dev_ratio = 0.03 }
LTP| ../../../../include/tst_fuzzy_sync.h:654: TINFO: Exceeded execution loops, requesting exit
LTP| inotify09.c:90: TPASS: kernel survived inotify beating
WALL| 2.858750667s exit=0
NR|  17 served=         0 forwarded=         3
NR|  24 served=         0 forwarded=         1
NR|  25 served=         0 forwarded=         5
NR|  26 served=         0 forwarded=         1
NR|  27 served=   2999999 forwarded=         1
NR|  28 served=   2999998 forwarded=         2
NR|  29 served=         0 forwarded=         1
NR|  34 served=         0 forwarded=         1
NR|  35 served=         0 forwarded=         3
NR|  43 served=         0 forwarded=         1
NR|  46 served=         0 forwarded=         1
NR|  48 served=         0 forwarded=        12
NR|  49 served=         0 forwarded=         1
NR|  53 served=         0 forwarded=         2
NR|  54 served=         0 forwarded=         1
NR|  56 served=         0 forwarded=        26
NR|  57 served=         0 forwarded=        28
NR|  59 served=         0 forwarded=         1
NR|  61 served=         0 forwarded=         2
NR|  62 served=   3000000 forwarded=         0
NR|  63 served=         0 forwarded=        16
NR|  64 served=   3000000 forwarded=        31
NR|  79 served=         0 forwarded=        11
NR|  80 served=         0 forwarded=        20
NR|  93 served=         0 forwarded=         1
NR|  94 served=         0 forwarded=         5
NR|  96 served=         0 forwarded=         5
NR|  98 served=         0 forwarded=         1
NR|  99 served=         0 forwarded=         7
NR| 103 served=         0 forwarded=         5
NR| 113 served=         0 forwarded=         1
NR| 123 served=         0 forwarded=         1
NR| 129 served=         0 forwarded=         3
NR| 134 served=         0 forwarded=       108
NR| 135 served=         0 forwarded=        15
NR| 139 served=         0 forwarded=         5
NR| 154 served=         0 forwarded=         1
NR| 160 served=         0 forwarded=         1
NR| 173 served=         0 forwarded=         9
NR| 174 served=         0 forwarded=         3
NR| 175 served=         0 forwarded=         6
NR| 176 served=         0 forwarded=         4
NR| 177 served=         0 forwarded=         3
NR| 215 served=         1 forwarded=        16
NR| 220 served=         0 forwarded=         5
NR| 221 served=         0 forwarded=         8
NR| 226 served=         0 forwarded=        21
NR| 227 served=         0 forwarded=         1
NR| 233 served=         0 forwarded=         1
NR| 260 served=         0 forwarded=        10
NR| 261 served=         0 forwarded=         7
NR| 278 served=         0 forwarded=         6
NR| 293 served=         0 forwarded=         5
NR| 435 served=         0 forwarded=         2
POP| DelegationCounts { delegations: 7, recalls: 7, host_served: 1, tableless_publishes: 0, revalidated_records: 0, refusals: [(NotRootfs, 1), (FileTooLarge, 1), (Shared, 4), (Unregistered, 12)], recall_triggers: [("crates/carrick-kernel/src/kernel/objects.rs:1464", 5), ("crates/carrick-kernel/src/dispatch/mqueue.rs:680", 1), ("crates/carrick-kernel/src/el1_delegation.rs:1798", 1)] }
ok
test el1_inotify_loop_bench ... BENCH| loop_ns_per_iter=528 getpid_ns=40
BENCHERR| 
BENCH| nr 27 served=201000 forwarded=1
BENCH| nr 28 served=201001 forwarded=0
BENCH| nr 62 served=201007 forwarded=4
BENCH| nr 64 served=201000 forwarded=1
BENCH| nr 172 served=0 forwarded=0
ok

test result: ok. 2 passed; 0 failed; 0 ignored; 0 measured; 0 filtered out; finished in 3.06s

test-signed: running /Volumes/CaseSensitive/carrick/.worktrees/wt-batch3/target/release/deps/el1_gic-16f015d9c1504abe el1_ --nocapture

running 2 tests
test el1_gic_el0_id_view_hides_the_gic ... el1-gic-id-view id_aa64pfr0_gic=0 CarrierGicSnapshot { gic: true, generation: 1, vcpus: 12, capacity: 256 }
ok
test el1_gic_vtimer_reaches_el1_without_host_exits ... el1-gic-vtimer VtimerProbeReport { armed: true, delivered: true, vcpu: 2, host_initiated_exits: 0, other_exits: 0 } vtimer_taken=1 kick_sgis_taken=0 lseek served=2001000 forwarded=0
ok

test result: ok. 2 passed; 0 failed; 0 ignored; 0 measured; 0 filtered out; finished in 0.17s

test-signed: running /Volumes/CaseSensitive/carrick/.worktrees/wt-batch3/target/release/deps/el1_inotify-bce76854a0c94a41 el1_ --nocapture

running 4 tests
test el1_inotify09_contract ... ok
test el1_inotify_contract ... el1_inotify_contract population: DelegationCounts { delegations: 28, recalls: 28, host_served: 0, tableless_publishes: 0, revalidated_records: 0, refusals: [(FileTooLarge, 3), (Unregistered, 4)], recall_triggers: [("crates/carrick-kernel/src/kernel/objects.rs:1464", 16), ("crates/carrick-kernel/src/el1_delegation.rs:1798", 12)] }
el1_inotify_contract: add_watch served=1000, fwd=1; rm_watch served=1001, fwd=0; write served=1000; seek served=1026
ok
test el1_inotify_queue_shape ... ok
test el1_inotify_recall_on_dir_watch ... ok

test result: ok. 4 passed; 0 failed; 0 ignored; 0 measured; 0 filtered out; finished in 13.65s

test-signed: running /Volumes/CaseSensitive/carrick/.worktrees/wt-batch3/target/release/deps/crash_parked_thread-ac4b8d7e5234f849 el1_ --nocapture

running 1 test
test crash_core_attributes_the_el1_parked_sibling_registers ... ok

test result: ok. 1 passed; 0 failed; 0 ignored; 0 measured; 0 filtered out; finished in 0.11s

test-signed: running /Volumes/CaseSensitive/carrick/.worktrees/wt-batch3/target/release/deps/el1_vcpu_lifetime-2567fb3a3dc40a15 el1_ --nocapture

running 1 test
test el1_vcpus_live_for_the_vm_lifetime_across_a_second_root ... ok

test result: ok. 1 passed; 0 failed; 0 ignored; 0 measured; 0 filtered out; finished in 0.06s

test-signed: running /Volumes/CaseSensitive/carrick/.worktrees/wt-batch3/target/release/deps/el1_files-1e6a92366579cf6c el1_ --nocapture

running 13 tests
test el1_files_blocking_survives_task_reschedule ... ok
test el1_files_contract ... ok
test el1_files_cross_process_readers_contract ... ok
test el1_files_exit_group_stress ... ok
test el1_files_inode_exclusivity_two_processes ... ok
test el1_files_kick_delivery_spin_loop ... ok
test el1_files_kick_delivery_spin_loop_signal ... ok
test el1_files_memfd_never_delegated_and_seals_hold ... ok
test el1_files_path_mutation_contract ... ok
test el1_files_recall_on_teardown ... ok
test el1_files_shared_inode_contract ... ok
test el1_files_signal_stress ... ok
test el1_zone_entry_at_open_contract ... el1_zone_entry_at_open_contract: served pwrite64=500 lseek=2 write=0 read=1 pread64=500; forwarded lseek=2004 write=1001 read=1004; population DelegationCounts { delegations: 16, recalls: 16, host_served: 0, tableless_publishes: 0, revalidated_records: 0, refusals: [(FileTooLarge, 3), (Unregistered, 4)], recall_triggers: [("crates/carrick-kernel/src/kernel/objects.rs:1464", 15), ("crates/carrick-kernel/src/el1_delegation.rs:1798", 1)] }
ok

test result: ok. 13 passed; 0 failed; 0 ignored; 0 measured; 0 filtered out; finished in 13.18s

test-signed: running /Volumes/CaseSensitive/carrick/.worktrees/wt-batch3/target/release/deps/el1_sched-5c0e433fa1c09ea5 el1_ --nocapture

running 22 tests
test el1_anonymous_mapping_retirement_returns_and_reuses_frames ... el1-sched mapping-retirement pages=256 rounds=4 exits=49 served_munmap=5 forwarded_munmap=1 grants=6 returns=6 reused=3 bytes_granted=4308992 bytes_returned=4308992 mapping-retirement pages=256 rounds=4 base=0x6000005000 zero=true writes=true unmaps=true
el1-sched mapping-retirement pages=1024 rounds=4 exits=69 served_munmap=5 forwarded_munmap=1 grants=14 returns=14 reused=9 bytes_granted=16891904 bytes_returned=16891904 mapping-retirement pages=1024 rounds=4 base=0x6000005000 zero=true writes=true unmaps=true
el1-sched mapping-retirement pages=4096 rounds=4 exits=117 served_munmap=5 forwarded_munmap=1 grants=38 returns=38 reused=27 bytes_granted=67223552 bytes_returned=67223552 mapping-retirement pages=4096 rounds=4 base=0x6000005000 zero=true writes=true unmaps=true
el1-sched mapping-retirement slope 256->1024 pages rounds=4: exits_diff=20 slope=0.0065 exits/page/round
el1-sched mapping-retirement slope 1024->4096 pages rounds=4: exits_diff=48 slope=0.0039 exits/page/round
ok
test el1_anonymous_permission_transitions_stay_in_guest ... el1-sched permission-transitions pages=256 rounds=4 exits=56 served_mprotect=16 forwarded_mprotect=1 faults=267 grants=3 returns=3 bytes_granted=1114112 bytes_returned=1114112 permission-transitions pages=256 rounds=4 write_faults=4 read_faults=4 signal_errors=0 transition_failures=0 byte_failures=0 preserved=true segv_accerr=true unmap=true
el1-sched permission-transitions pages=1024 rounds=4 exits=62 served_mprotect=16 forwarded_mprotect=1 faults=1037 grants=5 returns=5 bytes_granted=4276224 bytes_returned=4276224 permission-transitions pages=1024 rounds=4 write_faults=4 read_faults=4 signal_errors=0 transition_failures=0 byte_failures=0 preserved=true segv_accerr=true unmap=true
el1-sched permission-transitions pages=4096 rounds=4 exits=74 served_mprotect=16 forwarded_mprotect=1 faults=4115 grants=11 returns=11 bytes_granted=16875520 bytes_returned=16875520 permission-transitions pages=4096 rounds=4 write_faults=4 read_faults=4 signal_errors=0 transition_failures=0 byte_failures=0 preserved=true segv_accerr=true unmap=true
el1-sched permission-transitions pages=256 rounds=2 exits=48 served_mprotect=8 forwarded_mprotect=1 faults=263 grants=3 returns=3 bytes_granted=1114112 bytes_returned=1114112 permission-transitions pages=256 rounds=2 write_faults=2 read_faults=2 signal_errors=0 transition_failures=0 byte_failures=0 preserved=true segv_accerr=true unmap=true
el1-sched permission-transitions pages=256 rounds=18 exits=112 served_mprotect=72 forwarded_mprotect=1 faults=295 grants=3 returns=3 bytes_granted=1114112 bytes_returned=1114112 permission-transitions pages=256 rounds=18 write_faults=18 read_faults=18 signal_errors=0 transition_failures=0 byte_failures=0 preserved=true segv_accerr=true unmap=true
el1-sched permission-transitions page-slope 256->1024 rounds=4: exits_diff=6 slope=0.0020 exits/page/round
el1-sched permission-transitions page-slope 1024->4096 rounds=4: exits_diff=12 slope=0.0010 exits/page/round
el1-sched permission-transitions round-slope pages=256 2->18: exits_diff=64 slope=4.0000 exits/round
ok
test el1_fork_cow_resolves_in_guest ... ok
test el1_memory_fault_entry_preserves_context ... ok
test el1_memory_first_touch_stays_in_guest ... el1-sched first-touch pages=256 exits=117 carrier_cpu_ns=24926000 wall_ms=20 zone=ZoneCounts { el1_parks: 0, el1_switches: 0, host_parks: 0, signal_claims: 0, control_claims: 0, cross_wakes: 0, sgis: 0, preemptions: 0, migrations: 0, timeouts: 0, idle_entries: 15, wfi_entries: 9, idle_exits: 5, misplaced: 0, steals: 5, service_exits: 6, service_placements: 6, ready_placements: 0, service_adoptions: 6, exit_adoptions: 0, host_handbacks: 0, host_queue_claims: 0, host_executor_parks: 0 } first-touch child pages=256 ok=true
first-touch parent pages=256 child_ok=true ok=true
el1-sched first-touch pages=1024 exits=118 carrier_cpu_ns=29087000 wall_ms=23 zone=ZoneCounts { el1_parks: 0, el1_switches: 0, host_parks: 0, signal_claims: 0, control_claims: 0, cross_wakes: 0, sgis: 0, preemptions: 0, migrations: 0, timeouts: 0, idle_entries: 5, wfi_entries: 5, idle_exits: 5, misplaced: 0, steals: 0, service_exits: 0, service_placements: 5, ready_placements: 0, service_adoptions: 5, exit_adoptions: 0, host_handbacks: 0, host_queue_claims: 0, host_executor_parks: 0 } first-touch child pages=1024 ok=true
first-touch parent pages=1024 child_ok=true ok=true
el1-sched first-touch pages=4096 exits=144 carrier_cpu_ns=56488000 wall_ms=37 zone=ZoneCounts { el1_parks: 0, el1_switches: 0, host_parks: 0, signal_claims: 0, control_claims: 0, cross_wakes: 0, sgis: 0, preemptions: 0, migrations: 0, timeouts: 0, idle_entries: 6, wfi_entries: 5, idle_exits: 5, misplaced: 0, steals: 1, service_exits: 1, service_placements: 5, ready_placements: 0, service_adoptions: 5, exit_adoptions: 0, host_handbacks: 0, host_queue_claims: 0, host_executor_parks: 0 } first-touch child pages=4096 ok=true
first-touch parent pages=4096 child_ok=true ok=true
el1-sched first-touch slope 256->1024 pages (added=1536): exits_diff=1 slope=0.0007 exits/page
el1-sched first-touch slope 1024->4096 pages (added=6144): exits_diff=26 slope=0.0042 exits/page
ok
test el1_metadata_allocator_concurrent_growth ... ok
test el1_metadata_allocator_grows_and_returns_extents ... metadata_grant_stats after growth: MetadataGrantStats { grants_requested: 1, grants_succeeded: 1, grants_denied: 0, returns_completed: 1, bytes_granted: 11010048, bytes_returned: 11010048, inline_hvc_traps: 0 }
metadata_grant_stats final: MetadataGrantStats { grants_requested: 3, grants_succeeded: 2, grants_denied: 1, returns_completed: 2, bytes_granted: 13631488, bytes_returned: 13631488, inline_hvc_traps: 0 }
ok
test el1_metadata_allocator_host_wait_requires_unmasked_irq ... ok
test el1_sched_cross_vcpu_handoff_has_no_host_exits ... el1-sched pinned-pingpong iters=2000 work_us=5 exits=76 carrier_cpu_ns=68518000 wall_ms=40 zone=ZoneCounts { el1_parks: 4403, el1_switches: 4401, host_parks: 0, signal_claims: 0, control_claims: 0, cross_wakes: 4400, sgis: 1, preemptions: 0, migrations: 0, timeouts: 0, idle_entries: 4408, wfi_entries: 7, idle_exits: 4, misplaced: 0, steals: 0, service_exits: 1, service_placements: 5, ready_placements: 0, service_adoptions: 5, exit_adoptions: 1, host_handbacks: 2, host_queue_claims: 0, host_executor_parks: 0 } pinned-pingpong iters=2000 work_us=5 rt_p50_ns=6375 handoff_p50_ns=688 handoff_p99_ns=958 rt_max_ns=19583
el1-sched pinned-pingpong iters=22000 work_us=5 exits=70 carrier_cpu_ns=502489000 wall_ms=257 zone=ZoneCounts { el1_parks: 44402, el1_switches: 44401, host_parks: 0, signal_claims: 0, control_claims: 0, cross_wakes: 44400, sgis: 9, preemptions: 0, migrations: 0, timeouts: 0, idle_entries: 44400, wfi_entries: 9, idle_exits: 2, misplaced: 0, steals: 0, service_exits: 1, service_placements: 3, ready_placements: 0, service_adoptions: 3, exit_adoptions: 1, host_handbacks: 1, host_queue_claims: 0, host_executor_parks: 0 } pinned-pingpong iters=22000 work_us=5 rt_p50_ns=6000 handoff_p50_ns=500 handoff_p99_ns=1083 rt_max_ns=57333
el1-sched pinned-pingpong iters=2000 work_us=5 exits=77 carrier_cpu_ns=55093000 wall_ms=30 zone=ZoneCounts { el1_parks: 4403, el1_switches: 4401, host_parks: 0, signal_claims: 0, control_claims: 0, cross_wakes: 4400, sgis: 3, preemptions: 0, migrations: 0, timeouts: 0, idle_entries: 4404, wfi_entries: 6, idle_exits: 4, misplaced: 0, steals: 0, service_exits: 1, service_placements: 5, ready_placements: 0, service_adoptions: 5, exit_adoptions: 1, host_handbacks: 2, host_queue_claims: 0, host_executor_parks: 0 } pinned-pingpong iters=2000 work_us=5 rt_p50_ns=5958 handoff_p50_ns=479 handoff_p99_ns=1708 rt_max_ns=14750
el1-sched pinned-pingpong iters=22000 work_us=5 exits=72 carrier_cpu_ns=497267000 wall_ms=253 zone=ZoneCounts { el1_parks: 44403, el1_switches: 44402, host_parks: 1, signal_claims: 0, control_claims: 0, cross_wakes: 44401, sgis: 12, preemptions: 0, migrations: 0, timeouts: 0, idle_entries: 44401, wfi_entries: 11, idle_exits: 2, misplaced: 0, steals: 0, service_exits: 1, service_placements: 4, ready_placements: 0, service_adoptions: 4, exit_adoptions: 1, host_handbacks: 2, host_queue_claims: 0, host_executor_parks: 0 } pinned-pingpong iters=22000 work_us=5 rt_p50_ns=5958 handoff_p50_ns=479 handoff_p99_ns=688 rt_max_ns=55750
el1-sched cross-vcpu-handoff work_us=5 exits_per_round_trip=-0.0003 carrier_cpu_ns_per_round_trip=21699 handoff_p50_ns=500
el1-sched cross-vcpu-handoff work_us=5 exits_per_round_trip=-0.0003 carrier_cpu_ns_per_round_trip=22109 handoff_p50_ns=479
el1-sched pinned-pingpong iters=300 work_us=200 exits=70 carrier_cpu_ns=233268000 wall_ms=214 zone=ZoneCounts { el1_parks: 1003, el1_switches: 1002, host_parks: 0, signal_claims: 0, control_claims: 0, cross_wakes: 1001, sgis: 1000, preemptions: 0, migrations: 0, timeouts: 0, idle_entries: 1003, wfi_entries: 1004, idle_exits: 2, misplaced: 0, steals: 0, service_exits: 1, service_placements: 3, ready_placements: 0, service_adoptions: 3, exit_adoptions: 1, host_handbacks: 1, host_queue_claims: 0, host_executor_parks: 0 } pinned-pingpong iters=300 work_us=200 rt_p50_ns=215000 handoff_p50_ns=7500 handoff_p99_ns=11229 rt_max_ns=293000
el1-sched pinned-pingpong iters=3300 work_us=200 exits=70 carrier_cpu_ns=1601362000 wall_ms=1469 zone=ZoneCounts { el1_parks: 7003, el1_switches: 7002, host_parks: 0, signal_claims: 0, control_claims: 0, cross_wakes: 7001, sgis: 7000, preemptions: 0, migrations: 0, timeouts: 0, idle_entries: 7003, wfi_entries: 7002, idle_exits: 2, misplaced: 0, steals: 0, service_exits: 1, service_placements: 3, ready_placements: 0, service_adoptions: 3, exit_adoptions: 1, host_handbacks: 1, host_queue_claims: 0, host_executor_parks: 0 } pinned-pingpong iters=3300 work_us=200 rt_p50_ns=215875 handoff_p50_ns=7938 handoff_p99_ns=16812 rt_max_ns=256833
el1-sched pinned-pingpong iters=300 work_us=200 exits=77 carrier_cpu_ns=236587000 wall_ms=217 zone=ZoneCounts { el1_parks: 1003, el1_switches: 1001, host_parks: 0, signal_claims: 0, control_claims: 0, cross_wakes: 1000, sgis: 999, preemptions: 0, migrations: 0, timeouts: 0, idle_entries: 1004, wfi_entries: 1004, idle_exits: 4, misplaced: 0, steals: 0, service_exits: 1, service_placements: 5, ready_placements: 0, service_adoptions: 5, exit_adoptions: 1, host_handbacks: 2, host_queue_claims: 0, host_executor_parks: 0 } pinned-pingpong iters=300 work_us=200 rt_p50_ns=229333 handoff_p50_ns=14667 handoff_p99_ns=24146 rt_max_ns=248333
el1-sched pinned-pingpong iters=3300 work_us=200 exits=70 carrier_cpu_ns=1620922000 wall_ms=1488 zone=ZoneCounts { el1_parks: 7003, el1_switches: 7002, host_parks: 0, signal_claims: 0, control_claims: 0, cross_wakes: 7001, sgis: 7000, preemptions: 0, migrations: 0, timeouts: 0, idle_entries: 7003, wfi_entries: 7002, idle_exits: 2, misplaced: 0, steals: 0, service_exits: 1, service_placements: 3, ready_placements: 0, service_adoptions: 3, exit_adoptions: 1, host_handbacks: 1, host_queue_claims: 0, host_executor_parks: 0 } pinned-pingpong iters=3300 work_us=200 rt_p50_ns=218875 handoff_p50_ns=9438 handoff_p99_ns=24167 rt_max_ns=276583
el1-sched cross-vcpu-handoff work_us=200 exits_per_round_trip=0.0000 carrier_cpu_ns_per_round_trip=456031 handoff_p50_ns=7938
el1-sched cross-vcpu-handoff work_us=200 exits_per_round_trip=-0.0023 carrier_cpu_ns_per_round_trip=461445 handoff_p50_ns=9438
ok
test el1_sched_exec_from_a_sibling_with_parked_threads ... el1-sched exec exec-child ok wall_ms=135 zone=ZoneCounts { el1_parks: 233246, el1_switches: 233236, host_parks: 0, signal_claims: 0, control_claims: 4, cross_wakes: 229710, sgis: 9, preemptions: 0, migrations: 0, timeouts: 0, idle_entries: 229746, wfi_entries: 23, idle_exits: 17, misplaced: 0, steals: 158, service_exits: 20, service_placements: 18, ready_placements: 0, service_adoptions: 18, exit_adoptions: 3, host_handbacks: 2, host_queue_claims: 0, host_executor_parks: 0 }
el1-sched exec exec-child ok wall_ms=132 zone=ZoneCounts { el1_parks: 245556, el1_switches: 245548, host_parks: 0, signal_claims: 0, control_claims: 4, cross_wakes: 245300, sgis: 11, preemptions: 0, migrations: 0, timeouts: 0, idle_entries: 245331, wfi_entries: 23, idle_exits: 22, misplaced: 0, steals: 17, service_exits: 10, service_placements: 15, ready_placements: 1, service_adoptions: 15, exit_adoptions: 2, host_handbacks: 1, host_queue_claims: 0, host_executor_parks: 0 }
el1-sched exec exec-child ok wall_ms=132 zone=ZoneCounts { el1_parks: 235256, el1_switches: 235251, host_parks: 0, signal_claims: 0, control_claims: 4, cross_wakes: 234445, sgis: 5, preemptions: 0, migrations: 0, timeouts: 0, idle_entries: 234476, wfi_entries: 20, idle_exits: 16, misplaced: 0, steals: 63, service_exits: 12, service_placements: 14, ready_placements: 0, service_adoptions: 14, exit_adoptions: 3, host_handbacks: 0, host_queue_claims: 0, host_executor_parks: 0 }
el1-sched exec exec-child ok wall_ms=132 zone=ZoneCounts { el1_parks: 208644, el1_switches: 208637, host_parks: 0, signal_claims: 0, control_claims: 4, cross_wakes: 205291, sgis: 6, preemptions: 0, migrations: 0, timeouts: 0, idle_entries: 205322, wfi_entries: 18, idle_exits: 14, misplaced: 0, steals: 19, service_exits: 17, service_placements: 15, ready_placements: 1, service_adoptions: 15, exit_adoptions: 4, host_handbacks: 0, host_queue_claims: 0, host_executor_parks: 0 }
el1-sched exec exec-child ok wall_ms=132 zone=ZoneCounts { el1_parks: 229893, el1_switches: 229884, host_parks: 1, signal_claims: 0, control_claims: 4, cross_wakes: 229760, sgis: 5, preemptions: 0, migrations: 0, timeouts: 0, idle_entries: 229788, wfi_entries: 19, idle_exits: 14, misplaced: 0, steals: 28, service_exits: 18, service_placements: 16, ready_placements: 0, service_adoptions: 16, exit_adoptions: 2, host_handbacks: 0, host_queue_claims: 0, host_executor_parks: 0 }
ok
test el1_sched_exit_group_with_parked_threads ... el1-sched exit-group exit=42 wall_ms=128 zone=ZoneCounts { el1_parks: 213523, el1_switches: 213519, host_parks: 1, signal_claims: 0, control_claims: 3, cross_wakes: 213177, sgis: 15, preemptions: 0, migrations: 0, timeouts: 0, idle_entries: 213197, wfi_entries: 17, idle_exits: 9, misplaced: 0, steals: 19, service_exits: 12, service_placements: 12, ready_placements: 1, service_adoptions: 12, exit_adoptions: 5, host_handbacks: 0, host_queue_claims: 0, host_executor_parks: 0 }
el1-sched exit-group exit=42 wall_ms=128 zone=ZoneCounts { el1_parks: 237470, el1_switches: 237464, host_parks: 0, signal_claims: 0, control_claims: 3, cross_wakes: 236936, sgis: 13, preemptions: 0, migrations: 0, timeouts: 0, idle_entries: 236957, wfi_entries: 15, idle_exits: 12, misplaced: 0, steals: 168, service_exits: 11, service_placements: 13, ready_placements: 0, service_adoptions: 13, exit_adoptions: 1, host_handbacks: 1, host_queue_claims: 0, host_executor_parks: 0 }
el1-sched exit-group exit=42 wall_ms=128 zone=ZoneCounts { el1_parks: 223443, el1_switches: 223438, host_parks: 0, signal_claims: 0, control_claims: 3, cross_wakes: 223128, sgis: 8, preemptions: 0, migrations: 0, timeouts: 0, idle_entries: 223146, wfi_entries: 12, idle_exits: 12, misplaced: 0, steals: 14, service_exits: 10, service_placements: 11, ready_placements: 0, service_adoptions: 11, exit_adoptions: 0, host_handbacks: 0, host_queue_claims: 0, host_executor_parks: 0 }
el1-sched exit-group exit=42 wall_ms=128 zone=ZoneCounts { el1_parks: 224218, el1_switches: 224212, host_parks: 1, signal_claims: 0, control_claims: 3, cross_wakes: 223650, sgis: 19, preemptions: 0, migrations: 0, timeouts: 0, idle_entries: 223664, wfi_entries: 18, idle_exits: 13, misplaced: 0, steals: 25, service_exits: 10, service_placements: 11, ready_placements: 1, service_adoptions: 11, exit_adoptions: 2, host_handbacks: 0, host_queue_claims: 0, host_executor_parks: 0 }
el1-sched exit-group exit=42 wall_ms=127 zone=ZoneCounts { el1_parks: 195434, el1_switches: 195427, host_parks: 0, signal_claims: 0, control_claims: 3, cross_wakes: 195103, sgis: 5, preemptions: 0, migrations: 0, timeouts: 0, idle_entries: 195121, wfi_entries: 11, idle_exits: 13, misplaced: 0, steals: 10, service_exits: 11, service_placements: 12, ready_placements: 0, service_adoptions: 12, exit_adoptions: 2, host_handbacks: 1, host_queue_claims: 0, host_executor_parks: 0 }
ok
test el1_sched_futex_handoff_has_no_host_exits ... el1-sched pingpong iters=5000 exits=68 host_classes=canceled:1 idle:6 kick:0 syscall:50 metadata:0 maintenance:11 fault:0 other:0 hvc_not_svc=4 hvc_not_svc_reasons=hvc_fn:2,ec:[(36, 4)],fsc:[(5, 1), (7, 3)],sysreg:cntfrq:0|cntvct:0|ctr:0|dczid:0|feature_id:0|other:0,emulated_sys64:0 el1_reasons=idle_host_work:1 idle_entry_host_work:0 service:5 interrupt_host_work:0 host_work=slot:0 all:0 task:0 file_table:0 forwarded_by_nr=[(64, 1), (73, 1), (93, 1), (94, 1), (96, 1), (122, 2), (132, 6), (134, 5), (135, 8), (178, 1), (215, 3), (220, 1), (226, 3)] carrier_cpu_ns=15323000 wall_ms=14 zone=ZoneCounts { el1_parks: 14001, el1_switches: 14000, host_parks: 0, signal_claims: 0, control_claims: 0, cross_wakes: 0, sgis: 0, preemptions: 0, migrations: 0, timeouts: 0, idle_entries: 9, wfi_entries: 6, idle_exits: 1, misplaced: 0, steals: 3, service_exits: 5, service_placements: 2, ready_placements: 0, service_adoptions: 2, exit_adoptions: 0, host_handbacks: 0, host_queue_claims: 0, host_executor_parks: 0 } pingpong iters=5000 p50_ns=667 mean_ns=674 max_ns=875
el1-sched pingpong iters=55000 exits=65 host_classes=canceled:1 idle:3 kick:0 syscall:50 metadata:0 maintenance:11 fault:0 other:0 hvc_not_svc=4 hvc_not_svc_reasons=hvc_fn:2,ec:[(36, 4)],fsc:[(5, 1), (7, 3)],sysreg:cntfrq:0|cntvct:0|ctr:0|dczid:0|feature_id:0|other:0,emulated_sys64:0 el1_reasons=idle_host_work:1 idle_entry_host_work:0 service:2 interrupt_host_work:0 host_work=slot:0 all:0 task:0 file_table:0 forwarded_by_nr=[(64, 1), (73, 1), (93, 1), (94, 1), (96, 1), (122, 2), (132, 6), (134, 5), (135, 8), (178, 1), (215, 3), (220, 1), (226, 3)] carrier_cpu_ns=53604000 wall_ms=53 zone=ZoneCounts { el1_parks: 114001, el1_switches: 114000, host_parks: 0, signal_claims: 0, control_claims: 0, cross_wakes: 0, sgis: 0, preemptions: 0, migrations: 0, timeouts: 0, idle_entries: 2, wfi_entries: 3, idle_exits: 1, misplaced: 0, steals: 0, service_exits: 2, service_placements: 2, ready_placements: 0, service_adoptions: 2, exit_adoptions: 0, host_handbacks: 0, host_queue_claims: 0, host_executor_parks: 0 } pingpong iters=55000 p50_ns=667 mean_ns=686 max_ns=10750
el1-sched pingpong iters=5000 exits=65 host_classes=canceled:1 idle:3 kick:0 syscall:50 metadata:0 maintenance:11 fault:0 other:0 hvc_not_svc=4 hvc_not_svc_reasons=hvc_fn:2,ec:[(36, 4)],fsc:[(5, 1), (7, 3)],sysreg:cntfrq:0|cntvct:0|ctr:0|dczid:0|feature_id:0|other:0,emulated_sys64:0 el1_reasons=idle_host_work:1 idle_entry_host_work:0 service:2 interrupt_host_work:0 host_work=slot:0 all:0 task:0 file_table:0 forwarded_by_nr=[(64, 1), (73, 1), (93, 1), (94, 1), (96, 1), (122, 2), (132, 6), (134, 5), (135, 8), (178, 1), (215, 3), (220, 1), (226, 3)] carrier_cpu_ns=12460000 wall_ms=12 zone=ZoneCounts { el1_parks: 14001, el1_switches: 14000, host_parks: 0, signal_claims: 0, control_claims: 0, cross_wakes: 0, sgis: 0, preemptions: 0, migrations: 0, timeouts: 0, idle_entries: 2, wfi_entries: 3, idle_exits: 1, misplaced: 0, steals: 0, service_exits: 2, service_placements: 2, ready_placements: 0, service_adoptions: 2, exit_adoptions: 0, host_handbacks: 0, host_queue_claims: 0, host_executor_parks: 0 } pingpong iters=5000 p50_ns=625 mean_ns=614 max_ns=5417
el1-sched pingpong iters=55000 exits=65 host_classes=canceled:1 idle:3 kick:0 syscall:50 metadata:0 maintenance:11 fault:0 other:0 hvc_not_svc=4 hvc_not_svc_reasons=hvc_fn:2,ec:[(36, 4)],fsc:[(5, 1), (7, 3)],sysreg:cntfrq:0|cntvct:0|ctr:0|dczid:0|feature_id:0|other:0,emulated_sys64:0 el1_reasons=idle_host_work:1 idle_entry_host_work:0 service:2 interrupt_host_work:0 host_work=slot:0 all:0 task:0 file_table:0 forwarded_by_nr=[(64, 1), (73, 1), (93, 1), (94, 1), (96, 1), (122, 2), (132, 6), (134, 5), (135, 8), (178, 1), (215, 3), (220, 1), (226, 3)] carrier_cpu_ns=49771000 wall_ms=49 zone=ZoneCounts { el1_parks: 114001, el1_switches: 114000, host_parks: 0, signal_claims: 0, control_claims: 0, cross_wakes: 0, sgis: 0, preemptions: 0, migrations: 0, timeouts: 0, idle_entries: 2, wfi_entries: 1, idle_exits: 1, misplaced: 0, steals: 0, service_exits: 2, service_placements: 2, ready_placements: 0, service_adoptions: 2, exit_adoptions: 0, host_handbacks: 0, host_queue_claims: 0, host_executor_parks: 0 } pingpong iters=55000 p50_ns=625 mean_ns=669 max_ns=10042
el1-sched futex-handoff exits_per_round_trip=-0.0001 carrier_cpu_ns_per_round_trip=766 p50_ns=667
el1-sched futex-handoff exits_per_round_trip=0.0000 carrier_cpu_ns_per_round_trip=746 p50_ns=625
ok
test el1_sched_host_blocked_read_resumes_by_guest_scheduling ... el1-sched pipe-pingpong iters=1000 exits=12696 carrier_cpu_ns=246522000 wall_ms=88 zone=ZoneCounts { el1_parks: 0, el1_switches: 0, host_parks: 1, signal_claims: 0, control_claims: 0, cross_wakes: 0, sgis: 0, preemptions: 0, migrations: 0, timeouts: 0, idle_entries: 3906, wfi_entries: 1521, idle_exits: 1517, misplaced: 0, steals: 1500, service_exits: 2385, service_placements: 2402, ready_placements: 0, service_adoptions: 2402, exit_adoptions: 0, host_handbacks: 1, host_queue_claims: 0, host_executor_parks: 0 } pipe-pingpong iters=1000 rt_p50_ns=61250 rt_p99_ns=81958
el1-sched pipe-pingpong iters=6000 exits=65357 carrier_cpu_ns=1145507000 wall_ms=379 zone=ZoneCounts { el1_parks: 1, el1_switches: 1, host_parks: 1, signal_claims: 0, control_claims: 0, cross_wakes: 1, sgis: 0, preemptions: 0, migrations: 0, timeouts: 0, idle_entries: 20624, wfi_entries: 7262, idle_exits: 7264, misplaced: 0, steals: 8222, service_exits: 13359, service_placements: 12399, ready_placements: 0, service_adoptions: 12399, exit_adoptions: 0, host_handbacks: 1, host_queue_claims: 0, host_executor_parks: 0 } pipe-pingpong iters=6000 rt_p50_ns=59417 rt_p99_ns=84625
el1-sched pipe-pingpong iters=1000 exits=12597 carrier_cpu_ns=224680000 wall_ms=77 zone=ZoneCounts { el1_parks: 1, el1_switches: 1, host_parks: 1, signal_claims: 0, control_claims: 0, cross_wakes: 1, sgis: 0, preemptions: 0, migrations: 0, timeouts: 0, idle_entries: 3859, wfi_entries: 1447, idle_exits: 1447, misplaced: 0, steals: 1461, service_exits: 2411, service_placements: 2397, ready_placements: 0, service_adoptions: 2397, exit_adoptions: 0, host_handbacks: 1, host_queue_claims: 0, host_executor_parks: 0 } pipe-pingpong iters=1000 rt_p50_ns=58917 rt_p99_ns=87250
el1-sched pipe-pingpong iters=6000 exits=64437 carrier_cpu_ns=1139624000 wall_ms=378 zone=ZoneCounts { el1_parks: 1, el1_switches: 1, host_parks: 1, signal_claims: 0, control_claims: 0, cross_wakes: 1, sgis: 0, preemptions: 0, migrations: 0, timeouts: 0, idle_entries: 19511, wfi_entries: 7456, idle_exits: 7457, misplaced: 0, steals: 7114, service_exits: 12053, service_placements: 12395, ready_placements: 0, service_adoptions: 12395, exit_adoptions: 0, host_handbacks: 1, host_queue_claims: 0, host_executor_parks: 0 } pipe-pingpong iters=6000 rt_p50_ns=59167 rt_p99_ns=90792
el1-sched host-blocked-read host_queue_claims_per_rt=0.0000 host_executor_parks_per_rt=0.0000 service_adoptions_per_rt=1.999 carrier_cpu_ns_per_rt=179797 rt_p50_ns=59417
el1-sched host-blocked-read host_queue_claims_per_rt=0.0000 host_executor_parks_per_rt=0.0000 service_adoptions_per_rt=2.000 carrier_cpu_ns_per_rt=182989 rt_p50_ns=59167
ok
test el1_sched_host_woken_thread_preempts_a_compute_loop ... el1-sched pipe-compute exits=71 zone=ZoneCounts { el1_parks: 1, el1_switches: 150, host_parks: 0, signal_claims: 0, control_claims: 0, cross_wakes: 0, sgis: 0, preemptions: 150, migrations: 0, timeouts: 0, idle_entries: 8, wfi_entries: 6, idle_exits: 2, misplaced: 0, steals: 0, service_exits: 3, service_placements: 4, ready_placements: 0, service_adoptions: 4, exit_adoptions: 0, host_handbacks: 0, host_queue_claims: 0, host_executor_parks: 0 } pipe-compute ms=300 a_count=16112445 b_count=86260477 b_first_ms=4.033
el1-sched pipe-compute exits=71 zone=ZoneCounts { el1_parks: 1, el1_switches: 150, host_parks: 0, signal_claims: 0, control_claims: 0, cross_wakes: 0, sgis: 0, preemptions: 150, migrations: 0, timeouts: 0, idle_entries: 4, wfi_entries: 5, idle_exits: 3, misplaced: 0, steals: 0, service_exits: 2, service_placements: 4, ready_placements: 0, service_adoptions: 4, exit_adoptions: 0, host_handbacks: 0, host_queue_claims: 0, host_executor_parks: 0 } pipe-compute ms=300 a_count=15952351 b_count=86318365 b_first_ms=4.038
el1-sched pipe-compute exits=71 zone=ZoneCounts { el1_parks: 1, el1_switches: 150, host_parks: 0, signal_claims: 0, control_claims: 0, cross_wakes: 0, sgis: 0, preemptions: 150, migrations: 0, timeouts: 0, idle_entries: 4, wfi_entries: 3, idle_exits: 3, misplaced: 0, steals: 0, service_exits: 2, service_placements: 4, ready_placements: 0, service_adoptions: 4, exit_adoptions: 0, host_handbacks: 0, host_queue_claims: 0, host_executor_parks: 0 } pipe-compute ms=300 a_count=15998149 b_count=85338181 b_first_ms=4.036
ok
test el1_sched_idle_carrier_costs_no_host_cpu ... el1-sched idle-carrier ms=500 exits=161 carrier_cpu_ns=19179000 wall_ms=540 zone=ZoneCounts { el1_parks: 7, el1_switches: 4, host_parks: 2, signal_claims: 0, control_claims: 0, cross_wakes: 4, sgis: 4, preemptions: 0, migrations: 0, timeouts: 1, idle_entries: 24, wfi_entries: 19, idle_exits: 8, misplaced: 0, steals: 9, service_exits: 8, service_placements: 8, ready_placements: 1, service_adoptions: 8, exit_adoptions: 3, host_handbacks: 2, host_queue_claims: 0, host_executor_parks: 0 } idle-carrier ms=500 result=-110 elapsed_ms=505.066
el1-sched idle-carrier ms=2500 exits=150 carrier_cpu_ns=27448000 wall_ms=2545 zone=ZoneCounts { el1_parks: 7, el1_switches: 5, host_parks: 2, signal_claims: 0, control_claims: 0, cross_wakes: 5, sgis: 4, preemptions: 0, migrations: 0, timeouts: 1, idle_entries: 19, wfi_entries: 15, idle_exits: 11, misplaced: 0, steals: 4, service_exits: 3, service_placements: 8, ready_placements: 0, service_adoptions: 8, exit_adoptions: 2, host_handbacks: 2, host_queue_claims: 0, host_executor_parks: 0 } idle-carrier ms=2500 result=-110 elapsed_ms=2502.818
el1-sched idle-carrier ms=500 exits=148 carrier_cpu_ns=26235000 wall_ms=546 zone=ZoneCounts { el1_parks: 6, el1_switches: 4, host_parks: 1, signal_claims: 0, control_claims: 0, cross_wakes: 4, sgis: 4, preemptions: 0, migrations: 0, timeouts: 1, idle_entries: 17, wfi_entries: 13, idle_exits: 10, misplaced: 0, steals: 3, service_exits: 3, service_placements: 7, ready_placements: 0, service_adoptions: 7, exit_adoptions: 2, host_handbacks: 1, host_queue_claims: 0, host_executor_parks: 0 } idle-carrier ms=500 result=-110 elapsed_ms=505.069
el1-sched idle-carrier ms=2500 exits=136 carrier_cpu_ns=24587000 wall_ms=2552 zone=ZoneCounts { el1_parks: 5, el1_switches: 4, host_parks: 1, signal_claims: 0, control_claims: 0, cross_wakes: 4, sgis: 4, preemptions: 0, migrations: 0, timeouts: 1, idle_entries: 12, wfi_entries: 11, idle_exits: 6, misplaced: 0, steals: 1, service_exits: 2, service_placements: 6, ready_placements: 0, service_adoptions: 6, exit_adoptions: 2, host_handbacks: 0, host_queue_claims: 0, host_executor_parks: 0 } idle-carrier ms=2500 result=-110 elapsed_ms=2510.106
el1-sched idle-carrier cpu_fraction_of_one_core=0.00413 exits_per_idle_second=-5.5
el1-sched idle-carrier cpu_fraction_of_one_core=-0.00082 exits_per_idle_second=-6.0
ok
test el1_sched_mm_occupancy_two_processes ... el1-sched mm-occupancy exits=128460 carrier_cpu_ns=2268732000 wall_ms=918 zone=ZoneCounts { el1_parks: 13198, el1_switches: 10590, host_parks: 1358, signal_claims: 0, control_claims: 0, cross_wakes: 7178, sgis: 29, preemptions: 140, migrations: 0, timeouts: 0, idle_entries: 10063, wfi_entries: 365, idle_exits: 442, misplaced: 0, steals: 4591, service_exits: 4926, service_placements: 8117, ready_placements: 185, service_adoptions: 8117, exit_adoptions: 3437, host_handbacks: 658, host_queue_claims: 0, host_executor_parks: 0 } mm-occupancy parent writers=8 forks=150 edits=763 edit_failures=0 edit_errors=none torn=0 snapshot_changes=0 child_failures=0 join_failures=0 ok=true
mm-occupancy child writers=8 forks=150 edits=750 edit_failures=0 edit_errors=none torn=0 snapshot_changes=0 child_failures=0 join_failures=0 ok=true
mm-occupancy child_ok=true
ok
test el1_sched_preemption_reaches_compute_loops ... el1-sched compute-pair exits=74 wall_ms=339 zone=ZoneCounts { el1_parks: 2, el1_switches: 151, host_parks: 1, signal_claims: 0, control_claims: 0, cross_wakes: 0, sgis: 0, preemptions: 150, migrations: 0, timeouts: 0, idle_entries: 11, wfi_entries: 9, idle_exits: 4, misplaced: 0, steals: 1, service_exits: 3, service_placements: 3, ready_placements: 0, service_adoptions: 3, exit_adoptions: 1, host_handbacks: 0, host_queue_claims: 0, host_executor_parks: 0 } compute-pair ms=300 a_count=15959840 b_count=86156732 b_first_ms=4.002
el1-sched compute-pair exits=69 wall_ms=339 zone=ZoneCounts { el1_parks: 2, el1_switches: 152, host_parks: 1, signal_claims: 0, control_claims: 0, cross_wakes: 1, sgis: 1, preemptions: 150, migrations: 0, timeouts: 0, idle_entries: 5, wfi_entries: 4, idle_exits: 3, misplaced: 0, steals: 0, service_exits: 1, service_placements: 3, ready_placements: 0, service_adoptions: 3, exit_adoptions: 1, host_handbacks: 0, host_queue_claims: 0, host_executor_parks: 0 } compute-pair ms=300 a_count=15775049 b_count=85837557 b_first_ms=4.002
el1-sched compute-pair exits=69 wall_ms=340 zone=ZoneCounts { el1_parks: 2, el1_switches: 152, host_parks: 1, signal_claims: 0, control_claims: 0, cross_wakes: 1, sgis: 1, preemptions: 150, migrations: 0, timeouts: 0, idle_entries: 5, wfi_entries: 4, idle_exits: 3, misplaced: 0, steals: 0, service_exits: 1, service_placements: 3, ready_placements: 0, service_adoptions: 3, exit_adoptions: 1, host_handbacks: 0, host_queue_claims: 0, host_executor_parks: 0 } compute-pair ms=300 a_count=15696494 b_count=86535991 b_first_ms=4.002
ok
test el1_sched_pstate_seen_by_the_guest_is_unchanged ... el1-sched pstate pstate tgkill=0/0 sync_daif=0x3c0 async_daif=0x3c0 sync_el=0 async_el=0
ok
test el1_sched_signal_reaches_a_parked_thread ... el1-sched signal zone=ZoneCounts { el1_parks: 4, el1_switches: 2, host_parks: 0, signal_claims: 2, control_claims: 0, cross_wakes: 1, sgis: 1, preemptions: 0, migrations: 0, timeouts: 0, idle_entries: 18, wfi_entries: 15, idle_exits: 8, misplaced: 0, steals: 4, service_exits: 5, service_placements: 9, ready_placements: 0, service_adoptions: 9, exit_adoptions: 1, host_handbacks: 0, host_queue_claims: 0, host_executor_parks: 0 } signal eintr_result=-4 usr1_handled=1 restart_result=-4 usr2_handled=1
ok
test el1_sched_signal_reaches_a_wfi_parked_vcpu ... el1-sched wfi-signal exits=3351 wall_ms=645 zone=ZoneCounts { el1_parks: 402, el1_switches: 202, host_parks: 0, signal_claims: 200, control_claims: 0, cross_wakes: 61, sgis: 61, preemptions: 0, migrations: 0, timeouts: 0, idle_entries: 870, wfi_entries: 674, idle_exits: 536, misplaced: 0, steals: 201, service_exits: 269, service_placements: 538, ready_placements: 0, service_adoptions: 538, exit_adoptions: 141, host_handbacks: 0, host_queue_claims: 0, host_executor_parks: 0 } wfi-signal rounds=200 eintr=200 handled=200 wake_p50_us=231.2 wake_max_us=10803.2
ok
test el1_sched_timed_wait_times_out_in_guest ... el1-sched timed-wait iters=200 exits=37 host_classes=canceled:1 idle:1 kick:0 syscall:28 metadata:0 maintenance:7 fault:0 other:0 hvc_not_svc=4 hvc_not_svc_reasons=hvc_fn:2,ec:[(36, 4)],fsc:[(5, 1), (7, 3)],sysreg:cntfrq:0|cntvct:0|ctr:0|dczid:0|feature_id:0|other:0,emulated_sys64:0 el1_reasons=idle_host_work:0 idle_entry_host_work:1 service:0 interrupt_host_work:0 host_work=slot:0 all:0 task:0 file_table:0 forwarded_by_nr=[(64, 1), (73, 1), (94, 1), (96, 1), (132, 3), (134, 5), (135, 1), (215, 2), (226, 1)] carrier_cpu_ns=31272000 wall_ms=317 zone=ZoneCounts { el1_parks: 200, el1_switches: 200, host_parks: 0, signal_claims: 0, control_claims: 0, cross_wakes: 0, sgis: 0, preemptions: 0, migrations: 0, timeouts: 200, idle_entries: 204, wfi_entries: 402, idle_exits: 0, misplaced: 0, steals: 0, service_exits: 0, service_placements: 1, ready_placements: 0, service_adoptions: 1, exit_adoptions: 0, host_handbacks: 0, host_queue_claims: 0, host_executor_parks: 0 } timed-wait iters=200 wrong=0 early=0 late_p50_ns=508042 late_p99_ns=528875 late_max_ns=544208
el1-sched timed-wait iters=1200 exits=37 host_classes=canceled:1 idle:1 kick:0 syscall:28 metadata:0 maintenance:7 fault:0 other:0 hvc_not_svc=4 hvc_not_svc_reasons=hvc_fn:2,ec:[(36, 4)],fsc:[(5, 1), (7, 3)],sysreg:cntfrq:0|cntvct:0|ctr:0|dczid:0|feature_id:0|other:0,emulated_sys64:0 el1_reasons=idle_host_work:1 idle_entry_host_work:0 service:0 interrupt_host_work:0 host_work=slot:0 all:0 task:0 file_table:0 forwarded_by_nr=[(64, 1), (73, 1), (94, 1), (96, 1), (132, 3), (134, 5), (135, 1), (215, 2), (226, 1)] carrier_cpu_ns=76254000 wall_ms=1816 zone=ZoneCounts { el1_parks: 1200, el1_switches: 1200, host_parks: 0, signal_claims: 0, control_claims: 0, cross_wakes: 0, sgis: 0, preemptions: 0, migrations: 0, timeouts: 1200, idle_entries: 1201, wfi_entries: 2397, idle_exits: 1, misplaced: 0, steals: 0, service_exits: 0, service_placements: 1, ready_placements: 0, service_adoptions: 1, exit_adoptions: 0, host_handbacks: 0, host_queue_claims: 0, host_executor_parks: 0 } timed-wait iters=1200 wrong=0 early=0 late_p50_ns=508000 late_p99_ns=539208 late_max_ns=587750
el1-sched timed-wait iters=200 exits=37 host_classes=canceled:1 idle:1 kick:0 syscall:28 metadata:0 maintenance:7 fault:0 other:0 hvc_not_svc=4 hvc_not_svc_reasons=hvc_fn:2,ec:[(36, 4)],fsc:[(5, 1), (7, 3)],sysreg:cntfrq:0|cntvct:0|ctr:0|dczid:0|feature_id:0|other:0,emulated_sys64:0 el1_reasons=idle_host_work:1 idle_entry_host_work:0 service:0 interrupt_host_work:0 host_work=slot:0 all:0 task:0 file_table:0 forwarded_by_nr=[(64, 1), (73, 1), (94, 1), (96, 1), (132, 3), (134, 5), (135, 1), (215, 2), (226, 1)] carrier_cpu_ns=28873000 wall_ms=321 zone=ZoneCounts { el1_parks: 200, el1_switches: 200, host_parks: 0, signal_claims: 0, control_claims: 0, cross_wakes: 0, sgis: 0, preemptions: 0, migrations: 0, timeouts: 200, idle_entries: 201, wfi_entries: 399, idle_exits: 1, misplaced: 0, steals: 0, service_exits: 0, service_placements: 1, ready_placements: 0, service_adoptions: 1, exit_adoptions: 0, host_handbacks: 0, host_queue_claims: 0, host_executor_parks: 0 } timed-wait iters=200 wrong=0 early=0 late_p50_ns=507125 late_p99_ns=531042 late_max_ns=550583
el1-sched timed-wait iters=1200 exits=37 host_classes=canceled:1 idle:1 kick:0 syscall:28 metadata:0 maintenance:7 fault:0 other:0 hvc_not_svc=4 hvc_not_svc_reasons=hvc_fn:2,ec:[(36, 4)],fsc:[(5, 1), (7, 3)],sysreg:cntfrq:0|cntvct:0|ctr:0|dczid:0|feature_id:0|other:0,emulated_sys64:0 el1_reasons=idle_host_work:1 idle_entry_host_work:0 service:0 interrupt_host_work:0 host_work=slot:0 all:0 task:0 file_table:0 forwarded_by_nr=[(64, 1), (73, 1), (94, 1), (96, 1), (132, 3), (134, 5), (135, 1), (215, 2), (226, 1)] carrier_cpu_ns=74014000 wall_ms=1820 zone=ZoneCounts { el1_parks: 1200, el1_switches: 1200, host_parks: 0, signal_claims: 0, control_claims: 0, cross_wakes: 0, sgis: 0, preemptions: 0, migrations: 0, timeouts: 1200, idle_entries: 1201, wfi_entries: 2395, idle_exits: 1, misplaced: 0, steals: 0, service_exits: 0, service_placements: 1, ready_placements: 0, service_adoptions: 1, exit_adoptions: 0, host_handbacks: 0, host_queue_claims: 0, host_executor_parks: 0 } timed-wait iters=1200 wrong=0 early=0 late_p50_ns=508208 late_p99_ns=537583 late_max_ns=633625
el1-sched timed-wait exits_per_wait=0.0000 late_p50_ns=508000
el1-sched timed-wait exits_per_wait=0.0000 late_p50_ns=508208
ok
test el1_sched_two_processes_share_vcpus ... el1-sched two-process iters=500 exits=313 carrier_cpu_ns=36014000 wall_ms=26 zone=ZoneCounts { el1_parks: 1381, el1_switches: 1337, host_parks: 0, signal_claims: 0, control_claims: 0, cross_wakes: 1332, sgis: 72, preemptions: 0, migrations: 0, timeouts: 0, idle_entries: 1319, wfi_entries: 35, idle_exits: 3, misplaced: 0, steals: 9, service_exits: 54, service_placements: 50, ready_placements: 6, service_adoptions: 50, exit_adoptions: 12, host_handbacks: 43, host_queue_claims: 0, host_executor_parks: 0 } two-process child round_trips=500 ms=6.2
two-process parent round_trips=500 ms=4.7 child_ok=true
el1-sched two-process iters=3000 exits=1510 carrier_cpu_ns=66447000 wall_ms=35 zone=ZoneCounts { el1_parks: 8135, el1_switches: 8131, host_parks: 0, signal_claims: 0, control_claims: 0, cross_wakes: 7496, sgis: 1068, preemptions: 0, migrations: 0, timeouts: 0, idle_entries: 6829, wfi_entries: 429, idle_exits: 10, misplaced: 16, steals: 21, service_exits: 5, service_placements: 9, ready_placements: 620, service_adoptions: 9, exit_adoptions: 208, host_handbacks: 3, host_queue_claims: 0, host_executor_parks: 0 } two-process child round_trips=3000 ms=16.3
two-process parent round_trips=3000 ms=18.5 child_ok=true
el1-sched two-process iters=500 exits=447 carrier_cpu_ns=26359000 wall_ms=19 zone=ZoneCounts { el1_parks: 1134, el1_switches: 1061, host_parks: 0, signal_claims: 0, control_claims: 0, cross_wakes: 1054, sgis: 131, preemptions: 0, migrations: 0, timeouts: 0, idle_entries: 997, wfi_entries: 56, idle_exits: 8, misplaced: 1, steals: 6, service_exits: 74, service_placements: 79, ready_placements: 5, service_adoptions: 79, exit_adoptions: 26, host_handbacks: 73, host_queue_claims: 0, host_executor_parks: 0 } two-process child round_trips=500 ms=4.6
two-process parent round_trips=500 ms=5.8 child_ok=true
el1-sched two-process iters=3000 exits=593 carrier_cpu_ns=38637000 wall_ms=24 zone=ZoneCounts { el1_parks: 4175, el1_switches: 4172, host_parks: 1, signal_claims: 0, control_claims: 0, cross_wakes: 3959, sgis: 332, preemptions: 0, migrations: 0, timeouts: 0, idle_entries: 3744, wfi_entries: 117, idle_exits: 8, misplaced: 8, steals: 13, service_exits: 7, service_placements: 11, ready_placements: 206, service_adoptions: 11, exit_adoptions: 53, host_handbacks: 3, host_queue_claims: 0, host_executor_parks: 0 } two-process child round_trips=3000 ms=9.0
two-process parent round_trips=3000 ms=6.8 child_ok=true
el1-sched two-process exits_per_rt=0.239 cross_wakes_per_rt=1.233 service_exits_per_rt=-0.010 host_queue_claims_per_rt=0.0000 carrier_cpu_ns_per_rt=6087
el1-sched two-process exits_per_rt=0.029 cross_wakes_per_rt=0.581 service_exits_per_rt=-0.013 host_queue_claims_per_rt=0.0000 carrier_cpu_ns_per_rt=2456
ok

test result: ok. 22 passed; 0 failed; 0 ignored; 0 measured; 17 filtered out; finished in 26.72s

test-signed: running /Volumes/CaseSensitive/carrick/.worktrees/wt-batch3/target/release/deps/el1_kick_served_loop-515d037f012f44fb el1_ --nocapture

running 2 tests
test el1_served_burst_surfaces_kicks_under_oversubscription ... el1-served-loop-kick mode=burst served loop kick max_ns=29262000 cycles=20000 lseeks=2858609 el1 lseek served=2858608 forwarded=1
el1-served-loop-kick mode=burst served loop kick max_ns=39888166 cycles=20000 lseeks=2274396 el1 lseek served=2274396 forwarded=0
el1-served-loop-kick mode=burst served loop kick max_ns=42815958 cycles=20000 lseeks=3021963 el1 lseek served=3021963 forwarded=0
el1-served-loop-kick mode=burst served loop kick max_ns=20243375 cycles=20000 lseeks=4007216 el1 lseek served=4007215 forwarded=1
el1-served-loop-kick mode=burst served loop kick max_ns=25290250 cycles=20000 lseeks=3342387 el1 lseek served=3342387 forwarded=0
el1-served-loop-kick mode=burst served loop kick max_ns=18938167 cycles=20000 lseeks=4763383 el1 lseek served=4763381 forwarded=2
el1-served-loop-kick mode=burst served loop kick max_ns=48203625 cycles=20000 lseeks=3551740 el1 lseek served=3551739 forwarded=1
el1-served-loop-kick mode=burst served loop kick max_ns=33024459 cycles=20000 lseeks=2856296 el1 lseek served=2856293 forwarded=3
el1-served-loop-kick mode=burst served loop kick max_ns=35427791 cycles=20000 lseeks=3656007 el1 lseek served=3656005 forwarded=2
el1-served-loop-kick mode=burst served loop kick max_ns=66696083 cycles=20000 lseeks=3555612 el1 lseek served=3555608 forwarded=4
el1-served-loop-kick mode=burst served loop kick max_ns=32353625 cycles=20000 lseeks=2456341 el1 lseek served=2456341 forwarded=0
el1-served-loop-kick mode=burst served loop kick max_ns=31554083 cycles=20000 lseeks=4776516 el1 lseek served=4776514 forwarded=2
el1-served-loop-kick mode=burst served loop kick max_ns=19973250 cycles=20000 lseeks=3631633 el1 lseek served=3631633 forwarded=0
el1-served-loop-kick mode=burst served loop kick max_ns=31412458 cycles=20000 lseeks=2926298 el1 lseek served=2926297 forwarded=1
el1-served-loop-kick mode=burst served loop kick max_ns=32781458 cycles=20000 lseeks=4817618 el1 lseek served=4817618 forwarded=0
el1-served-loop-kick mode=burst served loop kick max_ns=16832375 cycles=20000 lseeks=3449953 el1 lseek served=3449953 forwarded=0
el1-served-loop-kick mode=burst served loop kick max_ns=24193875 cycles=20000 lseeks=3771013 el1 lseek served=3771012 forwarded=1
el1-served-loop-kick mode=burst served loop kick max_ns=24673625 cycles=20000 lseeks=3249333 el1 lseek served=3249332 forwarded=1
el1-served-loop-kick mode=burst served loop kick max_ns=22337750 cycles=20000 lseeks=4028318 el1 lseek served=4028318 forwarded=0
el1-served-loop-kick mode=burst served loop kick max_ns=36538084 cycles=20000 lseeks=2556997 el1 lseek served=2556997 forwarded=0
el1-served-loop-kick mode=burst served loop kick max_ns=35728833 cycles=20000 lseeks=3621934 el1 lseek served=3621934 forwarded=0
el1-served-loop-kick mode=burst served loop kick max_ns=32280084 cycles=20000 lseeks=2502196 el1 lseek served=2502196 forwarded=0
el1-served-loop-kick mode=burst served loop kick max_ns=29920500 cycles=20000 lseeks=3288951 el1 lseek served=3288951 forwarded=0
el1-served-loop-kick mode=burst served loop kick max_ns=44568541 cycles=20000 lseeks=4815224 el1 lseek served=4815221 forwarded=3
el1-served-loop-kick mode=burst served loop kick max_ns=20896500 cycles=20000 lseeks=3264177 el1 lseek served=3264175 forwarded=2
el1-served-loop-kick mode=burst served loop kick max_ns=24807250 cycles=20000 lseeks=3431096 el1 lseek served=3431095 forwarded=1
el1-served-loop-kick mode=burst served loop kick max_ns=19722167 cycles=20000 lseeks=2922825 el1 lseek served=2922823 forwarded=2
el1-served-loop-kick mode=burst served loop kick max_ns=23247417 cycles=20000 lseeks=3487774 el1 lseek served=3487771 forwarded=3
el1-served-loop-kick mode=burst served loop kick max_ns=17328834 cycles=20000 lseeks=4183501 el1 lseek served=4183500 forwarded=1
el1-served-loop-kick mode=burst served loop kick max_ns=23433417 cycles=20000 lseeks=3956164 el1 lseek served=3956163 forwarded=1
ok
test el1_served_loop_surfaces_kicks ... el1-served-loop-kick mode=loop served loop kick max_ns=136833 cycles=2000 lseeks=16635 el1 lseek served=14915 forwarded=1720
ok

test result: ok. 2 passed; 0 failed; 0 ignored; 0 measured; 1 filtered out; finished in 116.23s

/Volumes/CaseSensitive/carrick/.worktrees/wt-batch3/target/release/deps/entitlement_negative-2ea3128a996608c8.noent.44033: replacing existing signature
test-signed: negative control on /Volumes/CaseSensitive/carrick/.worktrees/wt-batch3/target/release/deps/entitlement_negative-2ea3128a996608c8.noent.44033

running 1 test
test unsigned_executable_maps_hv_denied_to_entitlement ... ok

test result: ok. 1 passed; 0 failed; 0 ignored; 0 measured; 0 filtered out; finished in 0.04s

remaining carrick procs (run-id el1-b3-repark-20260929) = 0
remaining carrick procs (run-id el1-b3-repark-20260929-cli) = 0
test-signed: receipt target/test-results/carrick-embed-signed-artifacts.jsonl
test-signed: OK (carrick-embed: 9 invoked signed executable(s) passed, 27 signed, negative control passed)
