    Finished `test` profile [unoptimized + debuginfo] target(s) in 0.08s
     Running unittests src/lib.rs (target/debug/deps/carrick_aarch64-b5a822a9efc4ee6f)

running 75 tests
test anonymous_discard::tests::interior_failure_preserves_classification_without_edge_work ... ok
test anonymous_discard::tests::edge_failure_after_retirement_is_indeterminate ... ok
test anonymous_discard::tests::invalid_ranges_do_not_reach_backend ... ok
test engine::tests::absent_sparse_editor_preserves_live_vcpu_bootstrap ... ok
test engine::tests::core_resume_pair_uses_live_el0_state_outside_a_syscall_trap ... ok
test engine::tests::a_hardware_readback_of_the_bootstrap_sctlr_is_still_neutral ... ok
test engine::tests::core_register_capture_rejects_disabled_fpsimd_authority ... ok
test engine::tests::asid_retirement_maintenance_is_exactly_scoped_and_ordered ... ok
test engine::tests::core_resume_pair_uses_saved_el0_state_during_a_syscall_trap ... ok
test engine::tests::core_resume_pair_uses_saved_el0_state_when_fatal_capture_runs_in_el1 ... ok
test engine::tests::el1_signal_ignores_stale_caller_pc ... ok
test engine::tests::el1_signal_recovers_backend_mailbox_return_only_when_caller_has_none ... ok
test engine::tests::existing_sparse_editor_skips_parked_vcpu_bootstrap ... ok
test engine::tests::fresh_root_engine_and_exec_heap_lifecycle ... ok
test engine::tests::live_el0_signal_preserves_supplied_pc_without_reread ... ok
test engine::tests::live_el0_signal_without_caller_hint_uses_live_pc ... ok
test engine::tests::migratable_snapshot_rejects_disabled_fpsimd_authority ... ok
test anonymous_discard::tests::refusal_and_empty_interior_do_not_mutate ... ok
test engine::tests::private_repoint_tlbi_failure_is_indeterminate ... ok
test engine::tests::seed_applies_thread_entry_deltas ... ok
test engine::tests::snapshot_roundtrip_preserves_complete_task_state_and_destination_local_state ... ok
test engine::tests::snapshot_typed_state_roundtrips_every_task_field ... ok
test engine::tests::stage1_authority_conflicting_lease_rejection ... ok
test engine::tests::frame_cow_binding_preserves_strong_asid_generation_distinct_from_mm ... ok
test engine::tests::live_hvpatch_stage1_edits_are_asid_scoped ... ok
test engine::tests::replace_page_tables_authority_preserves_parent_manager_and_source_when_shared ... ok
test engine::tests::shared_futex_high_alias_uses_live_stage1_backing_ipa ... ok
test engine::tests::execve_sharing_governed_solely_by_authority_even_on_disagreement ... ok
test engine::tests::replace_page_tables_authority_preserves_parent_under_concurrent_vfork_children ... ok
test engine::tests::stage1_authority_deferred_install_on_one_clone_then_build_on_another ... ok
test engine::tests::task_only_terminal_cleanup_never_flushes_all_asids_or_destroys_worker_vcpu ... ok
test engine::tests::wait_diagnostics_decode_hvpatch_island_back_to_original_svc ... ok
test engine::tests::wait_diagnostics_prefer_post_syscall_guest_resume_pc ... ok
test esr::tests::brk_aarch64_maps_to_sigtrap_brkpt ... ok
test esr::tests::hw_breakpoint_and_watchpoint_map_to_sigtrap_hwbkpt ... ok
test esr::tests::non_debug_faults_are_not_debug_signals ... ok
test esr::tests::software_step_maps_to_sigtrap_trace ... ok
test mailbox::tests::generation_rollover_never_publishes_zero ... ok
test engine::tests::replace_page_tables_authority_retires_old_when_unshared ... ok
test mailbox::tests::mailbox_layout_is_fixed ... ok
test mailbox::tests::mailbox_ownership_transition_is_linear ... ok
test mailbox::tests::mailbox_wire_values_are_unique_and_stable ... ok
test mailbox::tests::portal_scalar_allowlist_is_exact ... ok
test mailbox::tests::portal_wire_layout_and_transitions_are_closed ... ok
test mailbox::tests::request_metadata_rejects_stale_and_duplicate_publications ... ok
test mailbox::tests::response_cannot_publish_before_request_ownership ... ok
test mailbox::tests::unpublished_payload_and_wrong_trap_kind_fail_closed ... ok
test owed_kick::tests::absorbed_kick_is_published_to_the_el1_hook ... ok
test owed_kick::tests::gic_pending_kick_survives_run_returns_and_is_withdrawn_when_served ... ok
test owed_kick::tests::kick_absorbed_in_el1_vector_surfaces_at_the_el0_boundary ... ok
test owed_kick::tests::owed_kick_survives_internal_el1_exits_before_eret ... ok
test owed_kick::tests::surfaced_el1_exit_settles_the_owed_kick_in_spsr ... ok
test engine::tests::hvpatch_process_aperture_reservation_removes_both_identity_ranges ... ok
test engine::tests::stage1_authority_sibling_lazy_build_sees_source ... ok
test engine::tests::stage1_authority_source_survives_rollback ... ok
test engine::tests::stage1_authority_source_survives_snapshot_image ... ok
test engine::tests::stage1_authority_source_survives_exec_while_shared ... ok
test stage1_authority::tests::image_generation_exhaustion_never_reenables_reuse ... ok
test engine::tests::stage1_protection_edit_fork_cow_downgrade_preserves_requested_exec_not_stale_arm ... ok
test stage1_authority::tests::exec_replacement_drops_the_retired_source_so_the_replacement_lease_installs ... ok
test stage1_authority::tests::retiring_child_authority_returns_its_image_to_the_shared_pool ... ok
test stage1_authority::tests::stage1_authority_live_restore_and_rollback_updates_hardware_backing ... ok
test stage1_authority::tests::stage1_authority_restore_and_rollback_fail_and_preserve_on_unresolved_arena ... ok
test stage1_authority::tests::concurrent_vfork_children_share_authority_and_detach_independently ... ok
test stage1_authority::tests::stage1_authority_metadata_refusal_propagation ... ok
test vmm::completion_tests::default_complete_syscall_return_preserves_register_transport ... ok
test stage1_authority::tests::stage1_authority_undo_journal_commit_and_rollback ... ok
test stage1_authority::tests::image_generation_invalidates_edits_errors_restore_and_replacement ... ok
test stage1_authority::tests::stage1_authority_snapshot_fails_on_unresolved_live_backing ... ok
test stage1_authority::tests::vfork_shares_prevents_exclusive_path_even_if_called_as_first_or_only_child ... ok
test stage1_authority::tests::rollback_retires_backing_before_returning_arena_to_source ... ok
test stage1_authority::tests::image_pool_is_bounded_and_exec_recycles_the_retired_image ... ok
test stage1_authority::tests::rollback_retirement_failure_quarantines_arena_address ... ok
test stage1_authority::tests::rollback_returns_allocated_extension_arena_to_source ... ok
test anonymous_discard::tests::unaligned_discard_bounds_scrub_and_preserves_neighbors ... ok

test result: ok. 75 passed; 0 failed; 0 ignored; 0 measured; 0 filtered out; finished in 0.25s

     Running unittests src/lib.rs (target/debug/deps/carrick_mem-02bab6d0d9e2befe)

running 174 tests
test arch_sysregs::tests::cpacr_fpen_no_trap_literal ... ok
test arch_sysregs::tests::mair_is_normal_wb_cacheable ... ok
test arch_sysregs::tests::sctlr_shared_base_literal ... ok
test arch_sysregs::tests::tcr_bootstrap_literal ... ok
test elf::tests::load_plan_rejects_non_aarch64_machine ... ok
test elf::tests::et_exec_plan_uses_zero_load_bias ... ok
test elf::tests::et_dyn_plan_rebases_to_default_pie_base ... ok
test elf::tests::ro_page_spans_drop_pages_shared_with_a_writable_segment ... ok
test elf::tests::plan_elf_load_bytes_for_rejects_machine_mismatch ... ok
test elf::tests::plan_elf_load_bytes_for_accepts_x86_64 ... ok
test elf::tests::ro_page_spans_cover_readonly_segments_pagewise ... ok
test elf::tests::ro_page_spans_exec_wins_on_a_page_shared_by_rx_and_r_segments ... ok
test elf::tests::ro_page_spans_ignore_unreadable_and_empty_segments ... ok
test elf::tests::with_load_bias_reshifts_a_dyn_plan ... ok
test memory::alias_ipa_tests::alloc_is_monotonic_block_aligned_never_reused ... ok
test memory::arena_size_tests::arena_size_defaults_and_clamps ... ok
test memory::el1_clock::tests::el0_stub_computes_timespec_without_touching_other_registers ... ok
test memory::el1_clock::tests::fresh_identity_page_keeps_clock_admission_disabled ... ok
test memory::el1_clock::tests::completion_restores_all_registers_and_original_frame ... ok
test memory::el1_clock::tests::builders_install_read_execute_stub_only_with_fast_paths ... ok
test memory::el1_clock::tests::kick_during_active_clock_forces_host_boundary_on_completion ... ok
test memory::el1_clock::tests::forged_marker_without_active_transaction_cannot_complete ... ok
test memory::el1_hook_kick::gic_irq_hook_idle_action_leaves_through_the_idle_exit ... ok
test memory::el1_hook_kick::fault_hook_forward_restores_complete_architectural_context ... ok
test memory::el1_clock::tests::kick_before_admission_forces_original_host_syscall ... ok
test memory::el1_hook_kick::gic_kick_taken_at_el0_leaves_through_the_kick_exit ... ok
test memory::el1_clock::tests::stub_mapping_collision_is_rejected ... ok
test memory::el1_hook_kick::idle_action_leaves_through_the_idle_exit ... ok
test memory::el1_hook_kick::non_data_abort_sync_exception_bypasses_fault_hook_to_host ... ok
test memory::el1_clock::tests::ineligible_calls_preserve_arguments_and_frame ... ok
test memory::el1_hook_kick::the_idle_entry_runs_a_switched_in_thread_or_leaves_idle ... ok
test memory::el1_hook_kick::served_path_restores_el0_state_exactly ... ok
test memory::el1_clock::tests::faults_and_wrong_markers_retry_original_syscall_without_counting ... ok
test memory::el1_shim_tests::current_el_sync_slots_fail_loud_via_hvc3 ... ok
test memory::el1_hook_kick::masked_mode_vector_page_never_unmasks_irqs ... ok
test memory::el1_shim_tests::counted_fstat_success_writes_identity_counter_and_returns_i64_ebadf ... ok
test memory::el1_shim_tests::el1_vector_hook_behavior_and_hatch ... ok
test memory::el1_shim_tests::fd_ceiling_shim_gettid_erets_before_fstat_handler ... ok
test memory::el1_shim_tests::el1_data_abort_vector_routing_and_hook_installation ... ok
test memory::el1_shim_tests::legacy_vectors_have_no_dispatcher ... ok
test memory::el1_shim_tests::linux_initial_stack_can_set_execfn_distinct_from_argv0 ... ok
test memory::el1_hook_kick::gic_mode_vector_page_routes_el0_interrupts_to_el1 ... ok
test memory::el1_shim_tests::fstat_ceiling_guard_acquires_gate_and_preserves_fallback_arguments ... ok
test memory::el1_shim_tests::lower_el_irq_slot_forwards_via_hvc4 ... ok
test memory::el1_shim_tests::shim_dispatcher_fits_in_its_vector_slot ... ok
test memory::el1_shim_tests::shim_dispatches_identity_and_gettid ... ok
test memory::el1_shim_tests::with_el1_vectors_shim_installs_dispatcher_region ... ok
test memory::el1_shim_tests::with_identity_page_installs_kernel_hole_region ... ok
test memory::kernel_only_range_tests::gic_window_is_below_the_trampoline_and_above_the_vdso ... ok
test memory::kernel_only_range_tests::kernel_hole_and_el1_region_are_kernel_only_and_guest_ranges_are_not ... ok
test memory::loader_tests::core_file_mappings_preserve_nonzero_page_offset_and_exact_path ... ok
test memory::loader_tests::el1_vector_va_predicate_brackets_carrick_kernel_space ... ok
test memory::loader_tests::fill_random_bytes_produces_nonzero_entropy ... ok
test memory::loader_tests::hvf_merged_load_regions_are_page_aligned ... ok
test memory::loader_tests::linux_auxv_can_omit_sysinfo_ehdr_for_vdso_debug_control ... ok
test memory::loader_tests::linux_auxv_can_withhold_backend_unsafe_hwcap_features ... ok
test memory::loader_tests::linux_runtime_regions_include_fixed_user_sigreturn_trampoline ... ok
test memory::loader_tests::load_elf_bytes_with_reader_at_pie_base_rebases_dyn_main ... ok
test memory::el1_shim_tests::mailbox_shim_routes_raw_clock_gettime_only_when_fast_paths_are_enabled ... ok
test memory::loader_tests::load_elf_bytes_without_runtime_regions_omits_hvf_boot_windows ... ok
test memory::loader_tests::load_elf_bytes_with_reader_for_applies_machine_to_interpreter ... ok
test memory::loader_tests::merges_segments_that_overlap_after_hvf_page_rounding ... ok
test memory::loader_tests::page_aligned_load_regions_preserve_segment_permissions ... ok
test memory::loader_tests::rejects_load_segment_end_overflow_before_region_merge ... ok
test memory::loader_tests::with_vdso_bytes_at_relocates_regions_and_auxv ... ok
test memory::stage1_tests::carrier_maintenance_root_maps_only_kernel_hole ... ok
test memory::stage1_tests::canonical_maintenance_image_contains_scoped_asid_and_load_barrier_routines ... ok
test memory::stage1_tests::fd_ceiling_control_builder_installs_disabled_kernel_control_page ... ok
test memory::stage1_tests::el1_maintenance_bytes_emit_tlbi_then_hvc1 ... ok
test memory::stage1_tests::needs_stage1_translation_only_for_shared_aperture ... ok
test memory::stage1_tests::runtime_regions_include_shared_aperture ... ok
test memory::el1_hook_kick::kick_absorbed_anywhere_in_served_hook_surfaces ... ok
test memory::el1_hook_kick::gic_el0_irq_hook_returns_exactly_and_loses_no_kick ... ok
test memory::syscall_mailbox_tests::mailbox_arena_builder_installs_private_zeroed_rw_nx_region ... ok
test memory::syscall_mailbox_tests::mailbox_arena_tiles_the_remaining_kernel_hole ... ok
test memory::syscall_mailbox_tests::mailbox_continuation_preserves_scratch_and_validates_response ... ok
test memory::syscall_mailbox_tests::disabled_portal_routes_eligible_syscall_to_existing_hvc ... ok
test memory::syscall_mailbox_tests::mailbox_vector_publishes_complete_syscall_frame_before_hvc2 ... ok
test memory::tests::address_space_clone_shares_payload_until_first_write ... ok
test memory::syscall_mailbox_tests::mailbox_vector_retains_identity_fast_paths_when_enabled ... ok
test memory::tests::address_space_metadata_accepts_ro_span_in_readable_writable_merged_region ... ok
test memory::tests::address_space_metadata_reconstructs_transport_neutral_view ... ok
test memory::tests::address_space_metadata_rejects_empty_or_inverted_regions ... ok
test memory::tests::address_space_metadata_rejects_empty_or_overflowing_ro_span ... ok
test memory::el1_shim_tests::fstat_ceiling_guard_is_emitted_only_for_opt_in_legacy_and_mailbox_vectors ... ok
test memory::tests::address_space_metadata_rejects_overlapping_regions ... ok
test memory::tests::address_space_metadata_rejects_ro_span_outside_readable_regions ... ok
test memory::tests::address_space_metadata_rejects_stack_pointer_outside_writable_region ... ok
test memory::tests::address_space_metadata_rejects_unaligned_ro_span ... ok
test memory::tests::address_space_metadata_sorts_regions_canonically ... ok
test page_geometry::tests::classifies_non_executable_mixed_permissions_as_guarded ... ok
test page_geometry::tests::classifies_uniform_16k_page_as_fast_path ... ok
test page_geometry::tests::linux4k_policy_allows_composed_private_data_pages ... ok
test page_geometry::tests::linux4k_policy_allows_guarded_data_permissions ... ok
test page_geometry::tests::linux4k_policy_rejects_composed_shared_file_pages_with_diagnostic ... ok
test page_geometry::tests::linux4k_policy_rejects_mixed_executable_pages_with_diagnostic ... ok
test page_geometry::tests::linux4k_policy_rejects_unsupported_geometry_with_diagnostic ... ok
test page_geometry::tests::rejects_executable_mixed_page_without_instruction_instrumentation ... ok
test memory::tests::initial_stack_preserves_arguments_across_payload_page_boundaries ... ok
test pml4::tests::aligned_bulk_map_uses_2m_leaf ... ok
test pml4::tests::exhausting_table_capacity_errors ... ok
test pml4::tests::editing_large_leaf_splits_to_4k_and_restores ... ok
test pml4::tests::granule_matches_aarch64_shape ... ok
test pml4::tests::identity_map_encodes_and_walks_round_trip ... ok
test pml4::tests::indices_decompose_va ... ok
test pml4::tests::intermediates_get_us_when_any_user_mapping_passes_through ... ok
test pml4::tests::into_bytes_preserves_edits ... ok
test memory::tests::initial_stack_keeps_a_compact_tail_and_full_zero_extent ... ok
test pml4::tests::map_aliased_allocates_missing_high_va_tables ... ok
test pml4::tests::map_aliased_exec_flag_gates_leaf_nx ... ok
test pml4::tests::map_aliased_repoints_a_page_inside_a_2m_block_leaf ... ok
test pml4::tests::misaligned_spec_rejected ... ok
test pml4::tests::non_canonical_va_rejected ... ok
test pml4::tests::map_aliased_large_2m_alias_uses_block_leaves_not_per_2m_tables ... ok
test pml4::tests::nx_bit_is_bit_63 ... ok
test pml4::tests::non_identity_map_translates ... ok
test pml4::tests::phys_mask_is_bits_51_12 ... ok
test memory::el1_shim_tests::el1_region_presence_and_stage1_permissions ... ok
test pml4::tests::set_ops_on_unmapped_subtree_error ... ok
test pml4::tests::set_readonly_clears_rw_and_preserves_present_mapping ... ok
test pml4::tests::set_prot_none_clears_p_and_set_rw_restores ... ok
test pml4::tests::set_rw_on_never_mapped_leaf_errors ... ok
test pml4::tests::set_rw_exec_toggles_nx ... ok
test pml4::tests::private_overlay_protection_preserves_gpa_and_identity_restore_repoints ... ok
test pml4::tests::full_mmap_arena_sized_region_fits_with_large_leaves ... ok
test pml4::tests::supervisor_map_keeps_us_clear_at_every_level ... ok
test pml4::tests::unmap_alias_reclaims_empty_high_va_tables_for_reuse ... ok
test pml4::tests::unmap_alias_reclaims_prot_none_large_alias_tables ... ok
test shared_aperture::tests::bump_allocates_aligned_within_window ... ok
test shared_aperture::tests::free_then_realloc_reuses_space ... ok
test shared_aperture::tests::free_unknown_address_returns_none ... ok
test shared_aperture::tests::grow_inside_the_rounded_reservation_claims_nothing ... ok
test shared_aperture::tests::grow_past_the_reservation_claims_and_reports_the_new_granules ... ok
test shared_aperture::tests::grow_reclaims_a_freed_neighbour ... ok
test shared_aperture::tests::grow_refuses_to_overrun_a_live_neighbour ... ok
test pml4::tests::whole_large_leaf_edits_preserve_2m_entries ... ok
test shared_aperture::tests::grow_rejects_a_shrink ... ok
test shared_aperture::tests::grow_rejects_an_unknown_address ... ok
test shared_aperture::tests::guest_carve_middle_preserves_prefix_suffix_and_reuses_only_middle ... ok
test shared_aperture::tests::invalid_shrink_preserves_live_and_free_accounting ... ok
test shared_aperture::tests::partial_granule_guest_carve_never_reuses_live_suffix_bytes ... ok
test shared_aperture::tests::partial_granule_source_carve_splits_exactly_but_quarantines_storage ... ok
test shared_aperture::tests::lookup_returns_backing_for_live_alloc ... ok
test shared_aperture::tests::private_reservation_blocks_reuse_until_exact_release ... ok
test shared_aperture::tests::rejects_allocation_past_window_end ... ok
test shared_aperture::tests::shared_file_fragments_adjust_offsets_and_close_once_after_last_owner ... ok
test shared_aperture::tests::shrink_releases_whole_granule_tail_and_coalesces_on_free ... ok
test shared_aperture::tests::shrink_preserves_shared_file_fd_and_offset_metadata ... ok
test shared_aperture::tests::source_carve_middle_preserves_both_translations_and_reuses_only_middle ... ok
test shared_aperture::tests::source_carve_prefix_preserves_suffix_translation_and_reuses_only_prefix ... ok
test shared_aperture::tests::source_carve_suffix_preserves_prefix_and_trailing_padding_accounting ... ok
test vdso::tests::realtime_calibration_is_shared_by_existing_and_new_address_spaces ... ok
test vdso::rosetta_vdso_size_test::vdso_image_fits_in_one_page_and_has_dynsym ... ok
test vdso::tests::vdso_elf_parses_and_exports_clock_gettime ... ok
test vdso::tests::vdso_getrandom_blob_is_embedded ... ok
test vdso::tests::vdso_exports_all_canonical_symbols ... ok
test vdso::tests::vdso_image_can_omit_fastpath_exports_for_rosetta_debugging ... ok
test vdso::tests::vdso_image_can_omit_getrandom_export_for_rosetta_debugging ... ok
test vdso::tests::vdso_image_can_route_clock_exports_to_syscalls_for_rosetta_debugging ... ok
test memory::el1_hook_kick::gic_kick_absorbed_anywhere_in_served_hook_surfaces ... ok
test vdso::tests::vvar_realtime_word_carries_the_guest_offset ... ok
test vdso::tests::vdso_rt_sigreturn_is_the_canonical_trampoline_sequence ... ok
test vdso_getrandom_chacha::tests::distinct_counters_distinct_blocks ... ok
test vdso::tests::x8664_vdso_elf_parses_and_exports_clock_symbols ... ok
test vdso_getrandom_chacha::tests::forked_child_does_not_reuse_parent_keystream ... ok
test vdso_getrandom_chacha::tests::rfc8439_block_function ... ok
test vdso_getrandom_chacha::tests::reseeds_only_on_generation_change ... ok
test vdso_getrandom_chacha::tests::successive_calls_never_repeat ... ok
test memory::el1_shim_tests::boot_builders_preserve_linux_auxv_image ... ok
test memory::stage1_tests::stage1_identity_tables_layout ... ok
test pml4::tests::unmap_alias_range_tears_down_all_pages_of_a_split_2m_block ... ok
test memory::stage1_tests::page_tables_reserve_spare_pool_within_kernel_block ... ok
test memory::stage1_tests::hvpatch_stage1_tables_scope_every_representative_leaf_to_its_asid ... ok
test memory::loader_tests::load_elf_records_ro_spans_and_stage1_tables_bake_them_readonly ... ok

test result: ok. 174 passed; 0 failed; 0 ignored; 0 measured; 0 filtered out; finished in 0.02s

     Running unittests src/lib.rs (target/debug/deps/carrick_mmu_core-60b377eb3274ea65)

running 93 tests
test aarch64::tests::an_unsatisfiable_alias_build_writes_nothing ... ok
test aarch64::tests::clone_preserves_bump_cursor_so_fork_child_does_not_realloc_live_tables ... ok
test aarch64::tests::compound_cow_repoint_preserves_mixed_semantic_permissions ... ok
test aarch64::tests::as_bytes_into_bytes_round_trip ... ok
test aarch64::tests::a_gib_aligned_alias_span_uses_l1_block_leaves ... ok
test aarch64::tests::empty_descriptors_never_mint_an_output_address ... ok
test aarch64::tests::exhausting_spare_tables_errors ... ok
test aarch64::tests::director_coalesce_refusal_preserves_linked_table ... ok
test aarch64::tests::boot_stage1_images_leave_the_gic_window_untranslated ... ok
test aarch64::tests::fork_readonly_preserves_prot_none_and_later_write_keeps_non_global ... ok
test aarch64::tests::fork_readonly_marks_the_per_mm_leaf_non_global ... ok
test aarch64::tests::full_1gib_prot_none_edits_block_with_no_split ... ok
test aarch64::tests::indices_decompose_va ... ok
test aarch64::tests::fork_readonly_preserves_each_leaf_execute_permission ... ok
test aarch64::tests::failed_resolution_errors_on_translate_debug_walk_and_snapshot ... ok
test aarch64::tests::invalid_to_valid_leaf_edit_reports_flush_not_required ... ok
test aarch64::tests::full_block_restore_coalesces_and_reclaims_table ... ok
test aarch64::tests::kernel_cow_arm_and_alias_preserve_el1_only_access ... ok
test aarch64::tests::host_walk_matches_the_copying_walk ... ok
test aarch64::tests::large_aligned_prot_none_is_coarse_not_dense ... ok
test aarch64::tests::last_resort_sweep_reclaims_an_emptied_subtable ... ok
test aarch64::tests::adopting_live_extension_state_keeps_source_and_arenas ... ok
test aarch64::tests::debug_walk_host_errors_on_unresolved_arena ... ok
test aarch64::tests::large_vma_unmap_work_is_hierarchically_bounded_empty_and_populated_islands ... ok
test aarch64::tests::last_resort_sweep_declines_without_exclusivity ... ok
test aarch64::tests::live_block_restore_keeps_table_until_break_before_make_is_available ... ok
test aarch64::tests::last_resort_sweep_runs_once_per_teardown ... ok
test aarch64::tests::live_bound_restore_image_writes_descriptors_to_hardware_memory ... ok
test aarch64::tests::live_host_permission_edit_preserves_independently_updated_output ... ok
test aarch64::tests::hvpatch_editor_preserves_non_global_across_protect_alias_repoint_and_coalesce ... ok
test aarch64::tests::map_aliased_large_unaligned_len_does_not_exhaust_table_pool ... ok
test aarch64::tests::clone_with_extension_arenas_requires_child_source_for_rebase ... ok
test aarch64::tests::munmap_retires_leaves_so_the_reclaim_sweep_can_free_their_table ... ok
test aarch64::tests::live_rollback_undo_restores_preimage_without_resurrecting_stale_bytes ... ok
test aarch64::tests::new_rediscovers_bump_cursor_over_boot_edited_tables ... ok
test aarch64::tests::multi_gib_alias_maps_with_coarse_leaves_and_a_tiny_table_budget ... ok
test aarch64::tests::multi_vcpu_does_not_coalesce ... ok
test aarch64::tests::live_leaf_revoke_and_repoint_is_observed_by_host_translation_and_snapshot ... ok
test aarch64::tests::live_atomic_snapshot_observes_concurrent_leaf_mutations_without_stale_shadow ... ok
test aarch64::tests::growable_stage1_arena_exhaustion_uses_extension_source ... ok
test aarch64::tests::rebase_moves_every_table_pointer_without_changing_leaf_translations ... ok
test aarch64::tests::private_overlay_protection_preserves_backing_and_identity_restore_repoints ... ok
test aarch64::tests::prot_none_then_rw_remaps ... ok
test aarch64::tests::quiesced_snapshot_restore_replaces_every_live_table_byte ... ok
test aarch64::tests::rollback_revocation::partial_rollback_retains_a_retryable_journal ... ok
test aarch64::tests::rollback_revocation::rollback_must_not_discard_journal_after_resolution_is_revoked ... ok
test aarch64::tests::readonly_does_not_coalesce_an_unaligned_physical_alias ... ok
test aarch64::tests::rosetta_alias_vas_avoid_boot_identity_l0_slots ... ok
test aarch64::tests::partial_protection_does_not_coalesce ... ok
test aarch64::tests::retained_output_resolves_invalidated_aligned_alias_block ... ok
test aarch64::tests::retained_output_resolves_invalidated_private_alias_without_revalidating_it ... ok
test aarch64::tests::set_prot_none_splits_block_and_invalidates_only_target ... ok
test aarch64::tests::offline_fork_copy_sweeps_where_the_inherited_marker_refused ... ok
test aarch64::tests::set_readonly_then_rw_round_trips ... ok
test aarch64::tests::rw_commit_into_prot_none_block_keeps_neighbors_invalid ... ok
test aarch64::tests::set_rw_on_default_rw_block_does_not_split ... ok
test aarch64::tests::spare_cursor_discovery_preserves_holes_and_every_byte_position ... ok
test aarch64::tests::spare_cursor_discovery_stops_at_the_last_used_page ... ok
test aarch64::tests::short_backing_and_nonzero_offset_range_safety_without_ub ... ok
test aarch64::tests::snapshot_copies_only_populated_prefix_and_preserves_capacity ... ok
test aarch64::tests::reclaim_sweep_keeps_tables_whose_invalid_leaves_retain_live_outputs ... ok
test aarch64::tests::restore_quiesced_snapshot_to_host_fails_and_preserves_on_missing_root_or_extension ... ok
test aarch64::tests::snapshot_failure_must_not_clone_live_authority ... ok
test aarch64::tests::stage1_publication_refuses_outputs_in_the_gic_window ... ok
test aarch64::tests::sparse_arena_materializes_only_exact_private_extent ... ok
test aarch64::tests::terminal_descriptor_permission_tracks_valid_af_ap_and_uxn ... ok
test aarch64::tests::terminal_descriptor_selects_block_page_and_invalid_leaf ... ok
test aarch64::tests::snapshot_into_reproduces_snapshot_and_keeps_the_buffer ... ok
test aarch64::tests::rollback_undo_returns_arena_when_resolver_missing_extension ... ok
test aarch64::tests::sub_16k_high_va_alias_does_not_perturb_neighbor_l3_entry ... ok
test aarch64::tests::sync_to_host_resolves_each_arena_once ... ok
test aarch64::tests::test_el1_stack_walk_after_rebase ... ok
test aarch64::tests::test_coalesce_free_tables_refusal_preserves_state ... ok
test aarch64::tests::recycled_live_images_do_not_reallocate_snapshot_buffers ... ok
test aarch64::tests::test_metadata_refusal_at_begin_undo ... ok
test aarch64::tests::test_reclaim_refusal_preserves_linked_tables ... ok
test aarch64::tests::stage1_arena_exhaustion_fails_without_growth ... ok
test aarch64::tests::stage1_heap_starts_invalid_and_preserves_neighbors ... ok
test aarch64::tests::translate_picks_the_live_region_for_adjacent_aliases ... ok
test aarch64::tests::test_metadata_refusal_sync_to_host_overflow_scratch ... ok
test aarch64::tests::translate_resolves_aliased_va_to_ipa_with_page_offset ... ok
test aarch64::tests::undo_journal_commit_keeps_the_transaction ... ok
test aarch64::tests::sync_to_host_errors_on_unresolved_arena ... ok
test aarch64::tests::two_live_roots_using_identical_vas_stay_distinct ... ok
test aarch64::tests::undo_journal_reports_replaced_valid_only_for_pre_transaction_words ... ok
test aarch64::tests::test_rollback_zero_allocations_repeated_cycles ... ok
test aarch64::tests::unmap_aliased_reclaims_only_the_freed_l3_table ... ok
test aarch64::tests::user_block_flags_match_boot_image ... ok
test aarch64::tests::test_metadata_refusal_sweep_during_transaction_mutations_and_recovery ... ok
test aarch64::tests::undo_journal_rollback_matches_a_cloned_snapshot ... ok
test aarch64::tests::test_metadata_refusal_during_extension_arena_attach_returns_grant_exactly_once ... ok
test aarch64::tests::test_metadata_refusal_witness_rollback_allocations ... ok
test aarch64::tests::metadata_refusal_contract ... ok

test result: ok. 93 passed; 0 failed; 0 ignored; 0 measured; 0 filtered out; finished in 0.68s

