{"name": "node-app", "phase": "carrick", "returncode": 0, "timed_out": false, "outer_wall_s": 0.6276191250071861, "guest_timing": [[0.186, 0.074, 0.061]]}
{"name": "node-app", "phase": "carrick", "returncode": 0, "timed_out": false, "outer_wall_s": 0.5837305000022752, "guest_timing": [[0.177, 0.065, 0.061]]}
{"name": "node-app", "phase": "carrick", "returncode": 0, "timed_out": false, "outer_wall_s": 0.22358537498803344, "guest_timing": [[0.172, 0.065, 0.063]]}
{"name": "node-app", "phase": "carrick", "returncode": 0, "timed_out": false, "outer_wall_s": 0.22459416699712165, "guest_timing": [[0.175, 0.068, 0.068]]}
{"name": "node-app", "phase": "carrick", "returncode": 0, "timed_out": false, "outer_wall_s": 0.21467891700740438, "guest_timing": [[0.164, 0.057, 0.057]]}
{"name": "node-app", "phase": "carrick", "returncode": 0, "timed_out": false, "outer_wall_s": 0.22735987498890609, "guest_timing": [[0.175, 0.068, 0.063]]}
{"name": "node-app", "phase": "carrick", "returncode": 0, "timed_out": false, "outer_wall_s": 0.22388449999562, "guest_timing": [[0.172, 0.064, 0.065]]}
{"name": "node-app", "phase": "carrick", "returncode": 0, "timed_out": false, "outer_wall_s": 0.21578091698756907, "guest_timing": [[0.165, 0.058, 0.058]]}
{"name": "node-app", "phase": "carrick", "returncode": 0, "timed_out": false, "outer_wall_s": 0.22134166699834168, "guest_timing": [[0.171, 0.064, 0.066]]}
{"name": "node-app", "phase": "carrick", "returncode": 0, "timed_out": false, "outer_wall_s": 0.22476416699646506, "guest_timing": [[0.174, 0.066, 0.065]]}
{"name": "parallel1", "phase": "carrick", "returncode": 0, "timed_out": false, "outer_wall_s": 0.22349341699737124, "guest_timing": [[0.174, 0.065, 0.066]]}
{"name": "parallel1", "phase": "carrick", "returncode": 0, "timed_out": false, "outer_wall_s": 0.22402370799682103, "guest_timing": [[0.173, 0.065, 0.065]]}
{"name": "parallel1", "phase": "carrick", "returncode": 0, "timed_out": false, "outer_wall_s": 0.21851275001245085, "guest_timing": [[0.166, 0.059, 0.062]]}
{"name": "parallel1", "phase": "carrick", "returncode": 0, "timed_out": false, "outer_wall_s": 0.21900512499269098, "guest_timing": [[0.168, 0.059, 0.062]]}
{"name": "parallel1", "phase": "carrick", "returncode": 0, "timed_out": false, "outer_wall_s": 0.21982879099959973, "guest_timing": [[0.169, 0.061, 0.062]]}
{"name": "parallel1", "phase": "carrick", "returncode": 0, "timed_out": false, "outer_wall_s": 0.23436137499811593, "guest_timing": [[0.183, 0.075, 0.066]]}
{"name": "parallel1", "phase": "carrick", "returncode": 0, "timed_out": false, "outer_wall_s": 0.22290300000167917, "guest_timing": [[0.172, 0.063, 0.065]]}
{"name": "parallel1", "phase": "carrick", "returncode": 0, "timed_out": false, "outer_wall_s": 0.22512379099498503, "guest_timing": [[0.174, 0.065, 0.065]]}
{"name": "parallel1", "phase": "carrick", "returncode": 0, "timed_out": false, "outer_wall_s": 0.2292839999863645, "guest_timing": [[0.178, 0.07, 0.068]]}
{"name": "parallel1", "phase": "carrick", "returncode": 0, "timed_out": false, "outer_wall_s": 0.2228283750009723, "guest_timing": [[0.171, 0.063, 0.065]]}
{"name": "parallel8", "phase": "carrick", "returncode": 0, "timed_out": false, "outer_wall_s": 0.7446382920024917, "guest_timing": [[0.681, 0.613, 1.021]]}
{"name": "parallel8", "phase": "carrick", "returncode": 0, "timed_out": false, "outer_wall_s": 0.7958514589990955, "guest_timing": [[0.73, 0.778, 1.165]]}
{"name": "parallel8", "phase": "carrick", "returncode": 0, "timed_out": false, "outer_wall_s": 0.75754712500202, "guest_timing": [[0.693, 0.616, 1.02]]}
{"name": "parallel8", "phase": "carrick", "returncode": 0, "timed_out": false, "outer_wall_s": 0.7688605000003008, "guest_timing": [[0.705, 0.661, 1.071]]}
{"name": "parallel8", "phase": "carrick", "returncode": 0, "timed_out": false, "outer_wall_s": 0.7206351670029107, "guest_timing": [[0.655, 0.681, 1.078]]}
{"name": "parallel8", "phase": "carrick", "returncode": 0, "timed_out": false, "outer_wall_s": 0.7529562080017058, "guest_timing": [[0.689, 0.609, 1.009]]}
{"name": "parallel8", "phase": "carrick", "returncode": 0, "timed_out": false, "outer_wall_s": 0.7552697499922942, "guest_timing": [[0.695, 0.62, 1.029]]}
{"name": "parallel8", "phase": "carrick", "returncode": 0, "timed_out": false, "outer_wall_s": 0.7409498329943744, "guest_timing": [[0.664, 0.681, 1.081]]}
{"name": "parallel8", "phase": "carrick", "returncode": 0, "timed_out": false, "outer_wall_s": 0.7331353329936974, "guest_timing": [[0.67, 0.669, 1.111]]}
{"name": "parallel8", "phase": "carrick", "returncode": 0, "timed_out": false, "outer_wall_s": 0.7609435839985963, "guest_timing": [[0.701, 0.618, 1.029]]}
{
  "node-app": {
    "A": {
      "samples_s": [
        0.172,
        0.175,
        0.172,
        0.174
      ],
      "mean_s": 0.17325,
      "median_s": 0.173
    },
    "B": {
      "samples_s": [
        0.175,
        0.164,
        0.165,
        0.171
      ],
      "mean_s": 0.16875,
      "median_s": 0.168
    },
    "candidate_control_ratio": 0.9740259740259741
  },
  "parallel1": {
    "A": {
      "samples_s": [
        0.166,
        0.183,
        0.172,
        0.171
      ],
      "mean_s": 0.173,
      "median_s": 0.17149999999999999
    },
    "B": {
      "samples_s": [
        0.168,
        0.169,
        0.174,
        0.178
      ],
      "mean_s": 0.17225000000000001,
      "median_s": 0.17149999999999999
    },
    "candidate_control_ratio": 0.9956647398843932
  },
  "parallel8": {
    "A": {
      "samples_s": [
        0.693,
        0.689,
        0.695,
        0.701
      ],
      "mean_s": 0.6944999999999999,
      "median_s": 0.694
    },
    "B": {
      "samples_s": [
        0.705,
        0.655,
        0.664,
        0.67
      ],
      "mean_s": 0.6735,
      "median_s": 0.667
    },
    "candidate_control_ratio": 0.9697624190064796
  }
}
