tst_tmpdir.c:308: TINFO: Using /tmp/LTP_inokwcJbK as tmpdir (overlayfs filesystem)
tst_test.c:2042: TINFO: LTP version: 20260529
tst_test.c:2045: TINFO: Tested kernel: 6.12.0-carrick #1 SMP PREEMPT_DYNAMIC aarch64
tst_kconfig.c:90: TINFO: Parsing kernel config '/proc/config.gz'
tst_test.c:1870: TINFO: Overall timeout per run is 0h 03m 00s
../../../../include/tst_fuzzy_sync.h:484: TINFO: Minimum sampling period ended
../../../../include/tst_fuzzy_sync.h:307: TINFO: loop = 1024, delay_bias = 0
../../../../include/tst_fuzzy_sync.h:295: TINFO: start_a - start_b: { avg =   -43ns, avg_dev =     4ns, dev_ratio = 0.10 }
../../../../include/tst_fuzzy_sync.h:295: TINFO: end_a - start_a  : { avg =    96ns, avg_dev =    15ns, dev_ratio = 0.16 }
../../../../include/tst_fuzzy_sync.h:295: TINFO: end_b - start_b  : { avg =   208ns, avg_dev =     0ns, dev_ratio = 0.00 }
../../../../include/tst_fuzzy_sync.h:295: TINFO: end_a - end_b    : { avg =  -156ns, avg_dev =    13ns, dev_ratio = 0.09 }
../../../../include/tst_fuzzy_sync.h:295: TINFO: spins            : { avg =   214  , avg_dev =     2  , dev_ratio = 0.01 }
../../../../include/tst_fuzzy_sync.h:494: TINFO: Reached deviation ratios < 0.10, introducing randomness
../../../../include/tst_fuzzy_sync.h:497: TINFO: Delay range is [-275, 114]
../../../../include/tst_fuzzy_sync.h:307: TINFO: loop = 1416, delay_bias = 0
../../../../include/tst_fuzzy_sync.h:295: TINFO: start_a - start_b: { avg =   -43ns, avg_dev =     4ns, dev_ratio = 0.10 }
../../../../include/tst_fuzzy_sync.h:295: TINFO: end_a - start_a  : { avg =    87ns, avg_dev =     8ns, dev_ratio = 0.09 }
../../../../include/tst_fuzzy_sync.h:295: TINFO: end_b - start_b  : { avg =   208ns, avg_dev =     0ns, dev_ratio = 0.00 }
../../../../include/tst_fuzzy_sync.h:295: TINFO: end_a - end_b    : { avg =  -165ns, avg_dev =     6ns, dev_ratio = 0.03 }
../../../../include/tst_fuzzy_sync.h:295: TINFO: spins            : { avg =   218  , avg_dev =     5  , dev_ratio = 0.02 }
../../../../include/tst_fuzzy_sync.h:654: TINFO: Exceeded execution loops, requesting exit
inotify09.c:90: TPASS: kernel survived inotify beating

Summary:
passed   1
failed   0
broken   0
skipped  0
warnings 0
