
running 1 test
test vcpu_loop::memory::tests::native_data_activation_entry_cost ... native_activation_cost {"activated_ns":3689.117431640625,"activation_delta_ns":3606.26220703125,"iterations":4096,"pages":1,"runtime_conformance_metrics":false,"sample":0,"scale":1,"scope_ns":82.855224609375,"workload_timing_eligible":false}
native_activation_cost {"activated_ns":2979.91943359375,"activation_delta_ns":2929.178955078125,"iterations":4096,"pages":1,"runtime_conformance_metrics":false,"sample":1,"scale":1,"scope_ns":50.740478515625,"workload_timing_eligible":false}
native_activation_cost {"activated_ns":1968.49560546875,"activation_delta_ns":1917.744873046875,"iterations":4096,"pages":1,"runtime_conformance_metrics":false,"sample":2,"scale":1,"scope_ns":50.750732421875,"workload_timing_eligible":false}
native_activation_cost {"activated_ns":1807.38330078125,"activation_delta_ns":1765.442138671875,"iterations":4096,"pages":1,"runtime_conformance_metrics":false,"sample":3,"scale":1,"scope_ns":41.941162109375,"workload_timing_eligible":false}
native_activation_cost {"activated_ns":1685.760498046875,"activation_delta_ns":1643.798828125,"iterations":4096,"pages":1,"runtime_conformance_metrics":false,"sample":4,"scale":1,"scope_ns":41.961669921875,"workload_timing_eligible":false}
native_activation_cost {"activated_ns":1614.125732421875,"activation_delta_ns":1575.368408203125,"iterations":4096,"pages":1,"runtime_conformance_metrics":false,"sample":5,"scale":1,"scope_ns":38.75732421875,"workload_timing_eligible":false}
native_activation_cost {"activated_ns":1540.629150390625,"activation_delta_ns":1501.871826171875,"iterations":4096,"pages":1,"runtime_conformance_metrics":false,"sample":6,"scale":1,"scope_ns":38.75732421875,"workload_timing_eligible":false}
native_activation_cost {"activated_ns":1485.860107421875,"activation_delta_ns":1449.869873046875,"iterations":4096,"pages":1,"runtime_conformance_metrics":false,"sample":7,"scale":1,"scope_ns":35.990234375,"workload_timing_eligible":false}
native_activation_cost {"activated_ns":1461.944580078125,"activation_delta_ns":1425.974365234375,"iterations":4096,"pages":1,"runtime_conformance_metrics":false,"sample":8,"scale":1,"scope_ns":35.97021484375,"workload_timing_eligible":false}
native_activation_cost {"activated_ns":1466.4713439941406,"activation_delta_ns":1430.9501647949219,"iterations":32768,"pages":1,"runtime_conformance_metrics":false,"sample":0,"scale":8,"scope_ns":35.52117919921875,"workload_timing_eligible":false}
native_activation_cost {"activated_ns":1470.2707824707031,"activation_delta_ns":1434.0667724609375,"iterations":32768,"pages":1,"runtime_conformance_metrics":false,"sample":1,"scale":8,"scope_ns":36.204010009765625,"workload_timing_eligible":false}
native_activation_cost {"activated_ns":1463.4577331542969,"activation_delta_ns":1427.4508056640625,"iterations":32768,"pages":1,"runtime_conformance_metrics":false,"sample":2,"scale":8,"scope_ns":36.006927490234375,"workload_timing_eligible":false}
native_activation_cost {"activated_ns":1464.867919921875,"activation_delta_ns":1428.8597106933594,"iterations":32768,"pages":1,"runtime_conformance_metrics":false,"sample":3,"scale":8,"scope_ns":36.008209228515625,"workload_timing_eligible":false}
native_activation_cost {"activated_ns":1455.6567077636719,"activation_delta_ns":1419.6472473144531,"iterations":32768,"pages":1,"runtime_conformance_metrics":false,"sample":4,"scale":8,"scope_ns":36.00946044921875,"workload_timing_eligible":false}
native_activation_cost {"activated_ns":1466.3416748046875,"activation_delta_ns":1431.6253967285156,"iterations":32768,"pages":1,"runtime_conformance_metrics":false,"sample":5,"scale":8,"scope_ns":34.716278076171875,"workload_timing_eligible":false}
native_activation_cost {"activated_ns":1455.474853515625,"activation_delta_ns":1420.0121765136719,"iterations":32768,"pages":1,"runtime_conformance_metrics":false,"sample":6,"scale":8,"scope_ns":35.462677001953125,"workload_timing_eligible":false}
native_activation_cost {"activated_ns":1443.6938171386719,"activation_delta_ns":1407.8712768554688,"iterations":32768,"pages":1,"runtime_conformance_metrics":false,"sample":7,"scale":8,"scope_ns":35.822540283203125,"workload_timing_eligible":false}
native_activation_cost {"activated_ns":1443.5335998535156,"activation_delta_ns":1407.7784423828125,"iterations":32768,"pages":1,"runtime_conformance_metrics":false,"sample":8,"scale":8,"scope_ns":35.755157470703125,"workload_timing_eligible":false}
native_activation_cost {"activated_ns":1460.1545333862305,"activation_delta_ns":1424.3450164794922,"iterations":131072,"pages":1,"runtime_conformance_metrics":false,"sample":0,"scale":32,"scope_ns":35.80951690673828,"workload_timing_eligible":false}
native_activation_cost {"activated_ns":1461.7048873901367,"activation_delta_ns":1425.5234375,"iterations":131072,"pages":1,"runtime_conformance_metrics":false,"sample":1,"scale":32,"scope_ns":36.18144989013672,"workload_timing_eligible":false}
native_activation_cost {"activated_ns":1472.5433959960938,"activation_delta_ns":1436.5539474487305,"iterations":131072,"pages":1,"runtime_conformance_metrics":false,"sample":2,"scale":32,"scope_ns":35.98944854736328,"workload_timing_eligible":false}
native_activation_cost {"activated_ns":1472.97509765625,"activation_delta_ns":1436.8969650268555,"iterations":131072,"pages":1,"runtime_conformance_metrics":false,"sample":3,"scale":32,"scope_ns":36.07813262939453,"workload_timing_eligible":false}
native_activation_cost {"activated_ns":1455.5699005126953,"activation_delta_ns":1419.4955749511719,"iterations":131072,"pages":1,"runtime_conformance_metrics":false,"sample":4,"scale":32,"scope_ns":36.07432556152344,"workload_timing_eligible":false}
native_activation_cost {"activated_ns":1453.753791809082,"activation_delta_ns":1417.721435546875,"iterations":131072,"pages":1,"runtime_conformance_metrics":false,"sample":5,"scale":32,"scope_ns":36.03235626220703,"workload_timing_eligible":false}
native_activation_cost {"activated_ns":1452.8236389160156,"activation_delta_ns":1416.8278350830078,"iterations":131072,"pages":1,"runtime_conformance_metrics":false,"sample":6,"scale":32,"scope_ns":35.99580383300781,"workload_timing_eligible":false}
native_activation_cost {"activated_ns":1456.1885223388672,"activation_delta_ns":1420.1857223510742,"iterations":131072,"pages":1,"runtime_conformance_metrics":false,"sample":7,"scale":32,"scope_ns":36.00279998779297,"workload_timing_eligible":false}
native_activation_cost {"activated_ns":1472.562156677246,"activation_delta_ns":1436.5243911743164,"iterations":131072,"pages":1,"runtime_conformance_metrics":false,"sample":8,"scale":32,"scope_ns":36.03776550292969,"workload_timing_eligible":false}
native_activation_cost {"activated_ns":1464.39186668396,"activation_delta_ns":1428.3265266418457,"iterations":524288,"pages":1,"runtime_conformance_metrics":false,"sample":0,"scale":128,"scope_ns":36.06534004211426,"workload_timing_eligible":false}
native_activation_cost {"activated_ns":1458.4455490112305,"activation_delta_ns":1422.3407897949219,"iterations":524288,"pages":1,"runtime_conformance_metrics":false,"sample":1,"scale":128,"scope_ns":36.104759216308594,"workload_timing_eligible":false}
native_activation_cost {"activated_ns":1451.9178867340088,"activation_delta_ns":1415.7175216674805,"iterations":524288,"pages":1,"runtime_conformance_metrics":false,"sample":2,"scale":128,"scope_ns":36.20036506652832,"workload_timing_eligible":false}
native_activation_cost {"activated_ns":1469.3140983581543,"activation_delta_ns":1433.1529140472412,"iterations":524288,"pages":1,"runtime_conformance_metrics":false,"sample":3,"scale":128,"scope_ns":36.161184310913086,"workload_timing_eligible":false}
native_activation_cost {"activated_ns":1461.234411239624,"activation_delta_ns":1425.089994430542,"iterations":524288,"pages":1,"runtime_conformance_metrics":false,"sample":4,"scale":128,"scope_ns":36.14441680908203,"workload_timing_eligible":false}
native_activation_cost {"activated_ns":1465.3219375610352,"activation_delta_ns":1429.266372680664,"iterations":524288,"pages":1,"runtime_conformance_metrics":false,"sample":5,"scale":128,"scope_ns":36.055564880371094,"workload_timing_eligible":false}
native_activation_cost {"activated_ns":1460.5065994262695,"activation_delta_ns":1424.4256019592285,"iterations":524288,"pages":1,"runtime_conformance_metrics":false,"sample":6,"scale":128,"scope_ns":36.080997467041016,"workload_timing_eligible":false}
native_activation_cost {"activated_ns":1466.3573894500732,"activation_delta_ns":1430.1129188537598,"iterations":524288,"pages":1,"runtime_conformance_metrics":false,"sample":7,"scale":128,"scope_ns":36.24447059631348,"workload_timing_eligible":false}
native_activation_cost {"activated_ns":1467.939853668213,"activation_delta_ns":1431.8156242370605,"iterations":524288,"pages":1,"runtime_conformance_metrics":false,"sample":8,"scale":128,"scope_ns":36.124229431152344,"workload_timing_eligible":false}
ok

test result: ok. 1 passed; 0 failed; 0 ignored; 0 measured; 608 filtered out; finished in 9.37s

