    Finished `release` profile [optimized] target(s) in 0.06s
build-embed-interceptor-probe: wrote /Volumes/CaseSensitive/carrick/.worktrees/wt-batch3/target/embed-fixtures/interceptor-probe-aarch64
    Finished `release` profile [optimized] target(s) in 0.06s
build-embed-zone-readers: wrote /Volumes/CaseSensitive/carrick/.worktrees/wt-batch3/target/embed-fixtures/zone-readers-aarch64
   Compiling carrick-sched-core v0.1.0 (/Volumes/CaseSensitive/carrick/.worktrees/wt-batch3/crates/carrick-sched-core)
   Compiling carrick-el1-abi v0.1.0 (/Volumes/CaseSensitive/carrick/.worktrees/wt-batch3/crates/carrick-el1-abi)
   Compiling carrick-embed-el1-sched v0.0.0 (/Volumes/CaseSensitive/carrick/.worktrees/wt-batch3/fixtures/embed-el1-sched)
    Finished `release` profile [optimized] target(s) in 1.05s
build-embed-el1-sched: wrote /Volumes/CaseSensitive/carrick/.worktrees/wt-batch3/target/embed-fixtures/el1-sched-aarch64
   Compiling carrick-sched-core v0.1.0 (/Volumes/CaseSensitive/carrick/.worktrees/wt-batch3/crates/carrick-sched-core)
   Compiling carrick-el1-image v0.1.0 (/Volumes/CaseSensitive/carrick/.worktrees/wt-batch3/crates/carrick-el1-image)
   Compiling carrick-kernel v0.1.0 (/Volumes/CaseSensitive/carrick/.worktrees/wt-batch3/crates/carrick-kernel)
   Compiling carrick-el1-abi v0.1.0 (/Volumes/CaseSensitive/carrick/.worktrees/wt-batch3/crates/carrick-el1-abi)
   Compiling carrick-el1 v0.1.0 (/Volumes/CaseSensitive/carrick/.worktrees/wt-batch3/crates/carrick-el1)
   Compiling carrick-mem v0.1.0 (/Volumes/CaseSensitive/carrick/.worktrees/wt-batch3/crates/carrick-mem)
   Compiling carrick-hal v0.1.0 (/Volumes/CaseSensitive/carrick/.worktrees/wt-batch3/crates/carrick-hal)
   Compiling carrick-host-bsd v0.1.0 (/Volumes/CaseSensitive/carrick/.worktrees/wt-batch3/crates/carrick-host-bsd)
   Compiling carrick-thread v0.1.0 (/Volumes/CaseSensitive/carrick/.worktrees/wt-batch3/crates/carrick-thread)
   Compiling carrick-aarch64 v0.1.0 (/Volumes/CaseSensitive/carrick/.worktrees/wt-batch3/crates/carrick-aarch64)
   Compiling carrick-vfs v0.1.0 (/Volumes/CaseSensitive/carrick/.worktrees/wt-batch3/crates/carrick-vfs)
   Compiling carrick-vmm-hvf v0.1.0 (/Volumes/CaseSensitive/carrick/.worktrees/wt-batch3/crates/carrick-vmm-hvf)
   Compiling carrick-runtime v0.1.0 (/Volumes/CaseSensitive/carrick/.worktrees/wt-batch3/crates/carrick-runtime)
   Compiling carrick-engine v0.1.0 (/Volumes/CaseSensitive/carrick/.worktrees/wt-batch3/crates/carrick-engine)
   Compiling carrick-embed v0.1.0 (/Volumes/CaseSensitive/carrick/.worktrees/wt-batch3/crates/carrick-embed)
    Finished `release` profile [optimized + debuginfo] target(s) in 2m 20s
/Volumes/CaseSensitive/carrick/.worktrees/wt-batch3/target/release/deps/el1_inotify-bce76854a0c94a41.tmp.95046: replacing existing signature
test-signed: signed /Volumes/CaseSensitive/carrick/.worktrees/wt-batch3/target/release/deps/el1_inotify-bce76854a0c94a41
/Volumes/CaseSensitive/carrick/.worktrees/wt-batch3/target/release/deps/conformance_contracts-7718e7bd813cbef7.tmp.95046: replacing existing signature
test-signed: signed /Volumes/CaseSensitive/carrick/.worktrees/wt-batch3/target/release/deps/conformance_contracts-7718e7bd813cbef7
/Volumes/CaseSensitive/carrick/.worktrees/wt-batch3/target/release/deps/crash_parked_thread-ac4b8d7e5234f849.tmp.95046: replacing existing signature
test-signed: signed /Volumes/CaseSensitive/carrick/.worktrees/wt-batch3/target/release/deps/crash_parked_thread-ac4b8d7e5234f849
/Volumes/CaseSensitive/carrick/.worktrees/wt-batch3/target/release/deps/kernel_abort-d1ac0df7510c64fb.tmp.95046: replacing existing signature
test-signed: signed /Volumes/CaseSensitive/carrick/.worktrees/wt-batch3/target/release/deps/kernel_abort-d1ac0df7510c64fb
/Volumes/CaseSensitive/carrick/.worktrees/wt-batch3/target/release/deps/el1_kick_served_loop-515d037f012f44fb.tmp.95046: replacing existing signature
test-signed: signed /Volumes/CaseSensitive/carrick/.worktrees/wt-batch3/target/release/deps/el1_kick_served_loop-515d037f012f44fb
/Volumes/CaseSensitive/carrick/.worktrees/wt-batch3/target/release/deps/discard_fork_threads-ede4836bafd3d408.tmp.95046: replacing existing signature
test-signed: signed /Volumes/CaseSensitive/carrick/.worktrees/wt-batch3/target/release/deps/discard_fork_threads-ede4836bafd3d408
/Volumes/CaseSensitive/carrick/.worktrees/wt-batch3/target/release/deps/shared_buffer_futex-692fbc5fdd19b57b.tmp.95046: replacing existing signature
test-signed: signed /Volumes/CaseSensitive/carrick/.worktrees/wt-batch3/target/release/deps/shared_buffer_futex-692fbc5fdd19b57b
/Volumes/CaseSensitive/carrick/.worktrees/wt-batch3/target/release/deps/write_seek_contract-655aefdea1874a90.tmp.95046: replacing existing signature
test-signed: signed /Volumes/CaseSensitive/carrick/.worktrees/wt-batch3/target/release/deps/write_seek_contract-655aefdea1874a90
/Volumes/CaseSensitive/carrick/.worktrees/wt-batch3/target/release/deps/inotify_hotpath_contract-b6e66637595bd8ed.tmp.95046: replacing existing signature
test-signed: signed /Volumes/CaseSensitive/carrick/.worktrees/wt-batch3/target/release/deps/inotify_hotpath_contract-b6e66637595bd8ed
/Volumes/CaseSensitive/carrick/.worktrees/wt-batch3/target/release/deps/el1_vcpu_lifetime-2567fb3a3dc40a15.tmp.95046: replacing existing signature
test-signed: signed /Volumes/CaseSensitive/carrick/.worktrees/wt-batch3/target/release/deps/el1_vcpu_lifetime-2567fb3a3dc40a15
/Volumes/CaseSensitive/carrick/.worktrees/wt-batch3/target/release/deps/entitlement_negative-2ea3128a996608c8.tmp.95046: replacing existing signature
test-signed: signed /Volumes/CaseSensitive/carrick/.worktrees/wt-batch3/target/release/deps/entitlement_negative-2ea3128a996608c8
/Volumes/CaseSensitive/carrick/.worktrees/wt-batch3/target/release/deps/el1_gic-16f015d9c1504abe.tmp.95046: replacing existing signature
test-signed: signed /Volumes/CaseSensitive/carrick/.worktrees/wt-batch3/target/release/deps/el1_gic-16f015d9c1504abe
/Volumes/CaseSensitive/carrick/.worktrees/wt-batch3/target/release/deps/pt_pause_drain_pressure-8c901bf0cbbb2367.tmp.95046: replacing existing signature
test-signed: signed /Volumes/CaseSensitive/carrick/.worktrees/wt-batch3/target/release/deps/pt_pause_drain_pressure-8c901bf0cbbb2367
/Volumes/CaseSensitive/carrick/.worktrees/wt-batch3/target/release/deps/scheduler_preemption-a848ab6a40a27c3a.tmp.95046: replacing existing signature
test-signed: signed /Volumes/CaseSensitive/carrick/.worktrees/wt-batch3/target/release/deps/scheduler_preemption-a848ab6a40a27c3a
/Volumes/CaseSensitive/carrick/.worktrees/wt-batch3/target/release/deps/two_process_parallelism-4f3c6fc63376028d.tmp.95046: replacing existing signature
test-signed: signed /Volumes/CaseSensitive/carrick/.worktrees/wt-batch3/target/release/deps/two_process_parallelism-4f3c6fc63376028d
/Volumes/CaseSensitive/carrick/.worktrees/wt-batch3/target/release/deps/el1_sched-5c0e433fa1c09ea5.tmp.95046: replacing existing signature
test-signed: signed /Volumes/CaseSensitive/carrick/.worktrees/wt-batch3/target/release/deps/el1_sched-5c0e433fa1c09ea5
/Volumes/CaseSensitive/carrick/.worktrees/wt-batch3/target/release/deps/host_wait_policy-f53fc18f775ffe51.tmp.95046: replacing existing signature
test-signed: signed /Volumes/CaseSensitive/carrick/.worktrees/wt-batch3/target/release/deps/host_wait_policy-f53fc18f775ffe51
/Volumes/CaseSensitive/carrick/.worktrees/wt-batch3/target/release/deps/wedge_capture_ladder-901bc0106cd0e8dd.tmp.95046: replacing existing signature
test-signed: signed /Volumes/CaseSensitive/carrick/.worktrees/wt-batch3/target/release/deps/wedge_capture_ladder-901bc0106cd0e8dd
/Volumes/CaseSensitive/carrick/.worktrees/wt-batch3/target/release/deps/el1_files-1e6a92366579cf6c.tmp.95046: replacing existing signature
test-signed: signed /Volumes/CaseSensitive/carrick/.worktrees/wt-batch3/target/release/deps/el1_files-1e6a92366579cf6c
/Volumes/CaseSensitive/carrick/.worktrees/wt-batch3/target/release/deps/fault_budget_guest-d7108058cd078309.tmp.95046: replacing existing signature
test-signed: signed /Volumes/CaseSensitive/carrick/.worktrees/wt-batch3/target/release/deps/fault_budget_guest-d7108058cd078309
/Volumes/CaseSensitive/carrick/.worktrees/wt-batch3/target/release/deps/realtime_calibration-17c355e0310708c2.tmp.95046: replacing existing signature
test-signed: signed /Volumes/CaseSensitive/carrick/.worktrees/wt-batch3/target/release/deps/realtime_calibration-17c355e0310708c2
/Volumes/CaseSensitive/carrick/.worktrees/wt-batch3/target/release/deps/perf_regression-28b7174fbae1d3a3.tmp.95046: replacing existing signature
test-signed: signed /Volumes/CaseSensitive/carrick/.worktrees/wt-batch3/target/release/deps/perf_regression-28b7174fbae1d3a3
/Volumes/CaseSensitive/carrick/.worktrees/wt-batch3/target/release/deps/el1_inotify09_probe-e2247aca698e3431.tmp.95046: replacing existing signature
test-signed: signed /Volumes/CaseSensitive/carrick/.worktrees/wt-batch3/target/release/deps/el1_inotify09_probe-e2247aca698e3431
/Volumes/CaseSensitive/carrick/.worktrees/wt-batch3/target/release/deps/el1_transparent-9f1543913016aba2.tmp.95046: replacing existing signature
test-signed: signed /Volumes/CaseSensitive/carrick/.worktrees/wt-batch3/target/release/deps/el1_transparent-9f1543913016aba2
/Volumes/CaseSensitive/carrick/.worktrees/wt-batch3/target/release/deps/scheduler_race-6158a0c72347df12.tmp.95046: replacing existing signature
test-signed: signed /Volumes/CaseSensitive/carrick/.worktrees/wt-batch3/target/release/deps/scheduler_race-6158a0c72347df12
/Volumes/CaseSensitive/carrick/.worktrees/wt-batch3/target/release/deps/guest_smoke-42224af0716988ce.tmp.95046: replacing existing signature
test-signed: signed /Volumes/CaseSensitive/carrick/.worktrees/wt-batch3/target/release/deps/guest_smoke-42224af0716988ce
/Volumes/CaseSensitive/carrick/.worktrees/wt-batch3/target/release/deps/carrick_embed-46b7704b908cc13f.tmp.95046: replacing existing signature
test-signed: signed /Volumes/CaseSensitive/carrick/.worktrees/wt-batch3/target/release/deps/carrick_embed-46b7704b908cc13f
test-signed: running /Volumes/CaseSensitive/carrick/.worktrees/wt-batch3/target/release/deps/el1_inotify-bce76854a0c94a41 el1_ --nocapture

running 4 tests
test el1_inotify09_contract ... ok
test el1_inotify_contract ... el1_inotify_contract population: DelegationCounts { delegations: 28, recalls: 28, host_served: 0, tableless_publishes: 0, revalidated_records: 0, refusals: [(FileTooLarge, 3), (Unregistered, 4)], recall_triggers: [("crates/carrick-kernel/src/kernel/objects.rs:1464", 16), ("crates/carrick-kernel/src/el1_delegation.rs:1798", 12)] }
el1_inotify_contract: add_watch served=1000, fwd=1; rm_watch served=1001, fwd=0; write served=1000; seek served=1026
ok
test el1_inotify_queue_shape ... ok
test el1_inotify_recall_on_dir_watch ... ok

test result: ok. 4 passed; 0 failed; 0 ignored; 0 measured; 0 filtered out; finished in 13.91s

test-signed: running /Volumes/CaseSensitive/carrick/.worktrees/wt-batch3/target/release/deps/crash_parked_thread-ac4b8d7e5234f849 el1_ --nocapture

running 1 test
test crash_core_attributes_the_el1_parked_sibling_registers ... ok

test result: ok. 1 passed; 0 failed; 0 ignored; 0 measured; 0 filtered out; finished in 0.11s

test-signed: running /Volumes/CaseSensitive/carrick/.worktrees/wt-batch3/target/release/deps/el1_kick_served_loop-515d037f012f44fb el1_ --nocapture

running 2 tests
test el1_served_burst_surfaces_kicks_under_oversubscription ... el1-served-loop-kick mode=burst served loop kick max_ns=23596208 cycles=20000 lseeks=3201282 el1 lseek served=3201282 forwarded=0
el1-served-loop-kick mode=burst served loop kick max_ns=20286916 cycles=20000 lseeks=2440999 el1 lseek served=2440999 forwarded=0
el1-served-loop-kick mode=burst served loop kick max_ns=18088167 cycles=20000 lseeks=2829741 el1 lseek served=2829741 forwarded=0
el1-served-loop-kick mode=burst served loop kick max_ns=24518875 cycles=20000 lseeks=3237391 el1 lseek served=3237389 forwarded=2
el1-served-loop-kick mode=burst served loop kick max_ns=19457292 cycles=20000 lseeks=3928136 el1 lseek served=3928136 forwarded=0
el1-served-loop-kick mode=burst served loop kick max_ns=17382958 cycles=20000 lseeks=2921429 el1 lseek served=2921428 forwarded=1
el1-served-loop-kick mode=burst served loop kick max_ns=19998291 cycles=20000 lseeks=3459048 el1 lseek served=3459047 forwarded=1
el1-served-loop-kick mode=burst served loop kick max_ns=19960208 cycles=20000 lseeks=3599683 el1 lseek served=3599683 forwarded=0
el1-served-loop-kick mode=burst served loop kick max_ns=24765916 cycles=20000 lseeks=3016949 el1 lseek served=3016949 forwarded=0
el1-served-loop-kick mode=burst served loop kick max_ns=21434041 cycles=20000 lseeks=3641929 el1 lseek served=3641929 forwarded=0
el1-served-loop-kick mode=burst served loop kick max_ns=52913833 cycles=20000 lseeks=3890375 el1 lseek served=3890375 forwarded=0
el1-served-loop-kick mode=burst served loop kick max_ns=20607042 cycles=20000 lseeks=3421642 el1 lseek served=3421642 forwarded=0
el1-served-loop-kick mode=burst served loop kick max_ns=19959333 cycles=20000 lseeks=3912918 el1 lseek served=3912915 forwarded=3
el1-served-loop-kick mode=burst served loop kick max_ns=25789542 cycles=20000 lseeks=3534962 el1 lseek served=3534962 forwarded=0
el1-served-loop-kick mode=burst served loop kick max_ns=38170750 cycles=20000 lseeks=2670728 el1 lseek served=2670728 forwarded=0
el1-served-loop-kick mode=burst served loop kick max_ns=20536959 cycles=20000 lseeks=4610500 el1 lseek served=4610499 forwarded=1
el1-served-loop-kick mode=burst served loop kick max_ns=37480000 cycles=20000 lseeks=2974662 el1 lseek served=2974662 forwarded=0
el1-served-loop-kick mode=burst served loop kick max_ns=25824750 cycles=20000 lseeks=3149001 el1 lseek served=3149001 forwarded=0
el1-served-loop-kick mode=burst served loop kick max_ns=27142083 cycles=20000 lseeks=3805569 el1 lseek served=3805569 forwarded=0
el1-served-loop-kick mode=burst served loop kick max_ns=19714250 cycles=20000 lseeks=3091153 el1 lseek served=3091152 forwarded=1
el1-served-loop-kick mode=burst served loop kick max_ns=22240708 cycles=20000 lseeks=2509115 el1 lseek served=2509114 forwarded=1
el1-served-loop-kick mode=burst served loop kick max_ns=17228500 cycles=20000 lseeks=2782639 el1 lseek served=2782638 forwarded=1
el1-served-loop-kick mode=burst served loop kick max_ns=40754250 cycles=20000 lseeks=1789697 el1 lseek served=1789697 forwarded=0
el1-served-loop-kick mode=burst served loop kick max_ns=28276166 cycles=20000 lseeks=2563742 el1 lseek served=2563742 forwarded=0
el1-served-loop-kick mode=burst served loop kick max_ns=33578958 cycles=20000 lseeks=3910805 el1 lseek served=3910805 forwarded=0
el1-served-loop-kick mode=burst served loop kick max_ns=24590708 cycles=20000 lseeks=3293831 el1 lseek served=3293830 forwarded=1
el1-served-loop-kick mode=burst served loop kick max_ns=24008542 cycles=20000 lseeks=2980909 el1 lseek served=2980908 forwarded=1
el1-served-loop-kick mode=burst served loop kick max_ns=27726458 cycles=20000 lseeks=2206208 el1 lseek served=2206206 forwarded=2
el1-served-loop-kick mode=burst served loop kick max_ns=30670416 cycles=20000 lseeks=3921449 el1 lseek served=3921449 forwarded=0
el1-served-loop-kick mode=burst served loop kick max_ns=25088792 cycles=20000 lseeks=3418947 el1 lseek served=3418947 forwarded=0
ok
test el1_served_loop_surfaces_kicks ... el1-served-loop-kick mode=loop served loop kick max_ns=283666 cycles=2000 lseeks=18528 el1 lseek served=16833 forwarded=1695
ok

test result: ok. 2 passed; 0 failed; 0 ignored; 0 measured; 1 filtered out; finished in 113.75s

test-signed: running /Volumes/CaseSensitive/carrick/.worktrees/wt-batch3/target/release/deps/el1_vcpu_lifetime-2567fb3a3dc40a15 el1_ --nocapture

running 1 test
test el1_vcpus_live_for_the_vm_lifetime_across_a_second_root ... ok

test result: ok. 1 passed; 0 failed; 0 ignored; 0 measured; 0 filtered out; finished in 0.06s

test-signed: running /Volumes/CaseSensitive/carrick/.worktrees/wt-batch3/target/release/deps/el1_gic-16f015d9c1504abe el1_ --nocapture

running 2 tests
test el1_gic_el0_id_view_hides_the_gic ... el1-gic-id-view id_aa64pfr0_gic=0 CarrierGicSnapshot { gic: true, generation: 1, vcpus: 12, capacity: 256 }
ok
test el1_gic_vtimer_reaches_el1_without_host_exits ... el1-gic-vtimer VtimerProbeReport { armed: true, delivered: true, vcpu: 2, host_initiated_exits: 0, other_exits: 0 } vtimer_taken=1 kick_sgis_taken=0 lseek served=2001000 forwarded=0
ok

test result: ok. 2 passed; 0 failed; 0 ignored; 0 measured; 0 filtered out; finished in 0.17s

test-signed: running /Volumes/CaseSensitive/carrick/.worktrees/wt-batch3/target/release/deps/el1_sched-5c0e433fa1c09ea5 el1_ --nocapture

running 22 tests
test el1_anonymous_mapping_retirement_returns_and_reuses_frames ... el1-sched mapping-retirement pages=256 rounds=4 exits=52 served_munmap=5 forwarded_munmap=1 grants=6 returns=6 reused=3 bytes_granted=4308992 bytes_returned=4308992 mapping-retirement pages=256 rounds=4 base=0x6000005000 zero=true writes=true unmaps=true
el1-sched mapping-retirement pages=1024 rounds=4 exits=69 served_munmap=5 forwarded_munmap=1 grants=14 returns=14 reused=9 bytes_granted=16891904 bytes_returned=16891904 mapping-retirement pages=1024 rounds=4 base=0x6000005000 zero=true writes=true unmaps=true
el1-sched mapping-retirement pages=4096 rounds=4 exits=117 served_munmap=5 forwarded_munmap=1 grants=38 returns=38 reused=27 bytes_granted=67223552 bytes_returned=67223552 mapping-retirement pages=4096 rounds=4 base=0x6000005000 zero=true writes=true unmaps=true
el1-sched mapping-retirement slope 256->1024 pages rounds=4: exits_diff=17 slope=0.0055 exits/page/round
el1-sched mapping-retirement slope 1024->4096 pages rounds=4: exits_diff=48 slope=0.0039 exits/page/round
ok
test el1_anonymous_permission_transitions_stay_in_guest ... el1-sched permission-transitions pages=256 rounds=4 exits=57 served_mprotect=16 forwarded_mprotect=1 faults=267 grants=3 returns=3 bytes_granted=1114112 bytes_returned=1114112 permission-transitions pages=256 rounds=4 write_faults=4 read_faults=4 signal_errors=0 transition_failures=0 byte_failures=0 preserved=true segv_accerr=true unmap=true
el1-sched permission-transitions pages=1024 rounds=4 exits=62 served_mprotect=16 forwarded_mprotect=1 faults=1037 grants=5 returns=5 bytes_granted=4276224 bytes_returned=4276224 permission-transitions pages=1024 rounds=4 write_faults=4 read_faults=4 signal_errors=0 transition_failures=0 byte_failures=0 preserved=true segv_accerr=true unmap=true
el1-sched permission-transitions pages=4096 rounds=4 exits=74 served_mprotect=16 forwarded_mprotect=1 faults=4115 grants=11 returns=11 bytes_granted=16875520 bytes_returned=16875520 permission-transitions pages=4096 rounds=4 write_faults=4 read_faults=4 signal_errors=0 transition_failures=0 byte_failures=0 preserved=true segv_accerr=true unmap=true
el1-sched permission-transitions pages=256 rounds=2 exits=48 served_mprotect=8 forwarded_mprotect=1 faults=263 grants=3 returns=3 bytes_granted=1114112 bytes_returned=1114112 permission-transitions pages=256 rounds=2 write_faults=2 read_faults=2 signal_errors=0 transition_failures=0 byte_failures=0 preserved=true segv_accerr=true unmap=true
el1-sched permission-transitions pages=256 rounds=18 exits=112 served_mprotect=72 forwarded_mprotect=1 faults=295 grants=3 returns=3 bytes_granted=1114112 bytes_returned=1114112 permission-transitions pages=256 rounds=18 write_faults=18 read_faults=18 signal_errors=0 transition_failures=0 byte_failures=0 preserved=true segv_accerr=true unmap=true
el1-sched permission-transitions page-slope 256->1024 rounds=4: exits_diff=5 slope=0.0016 exits/page/round
el1-sched permission-transitions page-slope 1024->4096 rounds=4: exits_diff=12 slope=0.0010 exits/page/round
el1-sched permission-transitions round-slope pages=256 2->18: exits_diff=64 slope=4.0000 exits/round
ok
test el1_fork_cow_resolves_in_guest ... ok
test el1_memory_fault_entry_preserves_context ... ok
test el1_memory_first_touch_stays_in_guest ... el1-sched first-touch pages=256 exits=119 carrier_cpu_ns=27989000 wall_ms=23 zone=ZoneCounts { el1_parks: 0, el1_switches: 0, host_parks: 0, signal_claims: 0, control_claims: 0, cross_wakes: 0, sgis: 0, preemptions: 0, migrations: 0, timeouts: 0, idle_entries: 17, wfi_entries: 9, idle_exits: 5, misplaced: 0, steals: 7, service_exits: 8, service_placements: 6, ready_placements: 0, service_adoptions: 6, exit_adoptions: 0, host_handbacks: 0, host_queue_claims: 0, host_executor_parks: 0 } first-touch child pages=256 ok=true
first-touch parent pages=256 child_ok=true ok=true
el1-sched first-touch pages=1024 exits=128 carrier_cpu_ns=29958000 wall_ms=23 zone=ZoneCounts { el1_parks: 0, el1_switches: 0, host_parks: 0, signal_claims: 0, control_claims: 0, cross_wakes: 0, sgis: 0, preemptions: 0, migrations: 0, timeouts: 0, idle_entries: 10, wfi_entries: 7, idle_exits: 7, misplaced: 0, steals: 3, service_exits: 3, service_placements: 7, ready_placements: 0, service_adoptions: 7, exit_adoptions: 0, host_handbacks: 0, host_queue_claims: 0, host_executor_parks: 0 } first-touch child pages=1024 ok=true
first-touch parent pages=1024 child_ok=true ok=true
el1-sched first-touch pages=4096 exits=147 carrier_cpu_ns=56398000 wall_ms=37 zone=ZoneCounts { el1_parks: 0, el1_switches: 0, host_parks: 0, signal_claims: 0, control_claims: 0, cross_wakes: 0, sgis: 0, preemptions: 0, migrations: 0, timeouts: 0, idle_entries: 7, wfi_entries: 6, idle_exits: 6, misplaced: 0, steals: 1, service_exits: 1, service_placements: 6, ready_placements: 0, service_adoptions: 6, exit_adoptions: 0, host_handbacks: 0, host_queue_claims: 0, host_executor_parks: 0 } first-touch child pages=4096 ok=true
first-touch parent pages=4096 child_ok=true ok=true
el1-sched first-touch slope 256->1024 pages (added=1536): exits_diff=9 slope=0.0059 exits/page
el1-sched first-touch slope 1024->4096 pages (added=6144): exits_diff=19 slope=0.0031 exits/page
ok
test el1_metadata_allocator_concurrent_growth ... ok
test el1_metadata_allocator_grows_and_returns_extents ... metadata_grant_stats after growth: MetadataGrantStats { grants_requested: 1, grants_succeeded: 1, grants_denied: 0, returns_completed: 1, bytes_granted: 11010048, bytes_returned: 11010048, inline_hvc_traps: 0 }
metadata_grant_stats final: MetadataGrantStats { grants_requested: 3, grants_succeeded: 2, grants_denied: 1, returns_completed: 2, bytes_granted: 13631488, bytes_returned: 13631488, inline_hvc_traps: 0 }
ok
test el1_metadata_allocator_host_wait_requires_unmasked_irq ... ok
test el1_sched_cross_vcpu_handoff_has_no_host_exits ... el1-sched pinned-pingpong iters=2000 work_us=5 exits=73 carrier_cpu_ns=74140000 wall_ms=45 zone=ZoneCounts { el1_parks: 4403, el1_switches: 4402, host_parks: 0, signal_claims: 0, control_claims: 0, cross_wakes: 4401, sgis: 4, preemptions: 0, migrations: 0, timeouts: 0, idle_entries: 4410, wfi_entries: 9, idle_exits: 1, misplaced: 0, steals: 3, service_exits: 5, service_placements: 3, ready_placements: 0, service_adoptions: 3, exit_adoptions: 1, host_handbacks: 1, host_queue_claims: 0, host_executor_parks: 0 } pinned-pingpong iters=2000 work_us=5 rt_p50_ns=6667 handoff_p50_ns=833 handoff_p99_ns=1188 rt_max_ns=57542
el1-sched pinned-pingpong iters=22000 work_us=5 exits=76 carrier_cpu_ns=496898000 wall_ms=255 zone=ZoneCounts { el1_parks: 44403, el1_switches: 44401, host_parks: 0, signal_claims: 0, control_claims: 0, cross_wakes: 44400, sgis: 3, preemptions: 0, migrations: 0, timeouts: 0, idle_entries: 44404, wfi_entries: 6, idle_exits: 4, misplaced: 0, steals: 0, service_exits: 1, service_placements: 5, ready_placements: 0, service_adoptions: 5, exit_adoptions: 1, host_handbacks: 2, host_queue_claims: 0, host_executor_parks: 0 } pinned-pingpong iters=22000 work_us=5 rt_p50_ns=5875 handoff_p50_ns=438 handoff_p99_ns=750 rt_max_ns=32083
el1-sched pinned-pingpong iters=2000 work_us=5 exits=76 carrier_cpu_ns=55046000 wall_ms=30 zone=ZoneCounts { el1_parks: 4403, el1_switches: 4401, host_parks: 0, signal_claims: 0, control_claims: 0, cross_wakes: 4400, sgis: 1, preemptions: 0, migrations: 0, timeouts: 0, idle_entries: 4404, wfi_entries: 4, idle_exits: 4, misplaced: 0, steals: 0, service_exits: 1, service_placements: 5, ready_placements: 0, service_adoptions: 5, exit_adoptions: 1, host_handbacks: 2, host_queue_claims: 0, host_executor_parks: 0 } pinned-pingpong iters=2000 work_us=5 rt_p50_ns=6000 handoff_p50_ns=500 handoff_p99_ns=583 rt_max_ns=20375
el1-sched pinned-pingpong iters=22000 work_us=5 exits=70 carrier_cpu_ns=493278000 wall_ms=251 zone=ZoneCounts { el1_parks: 44399, el1_switches: 44398, host_parks: 0, signal_claims: 0, control_claims: 0, cross_wakes: 44397, sgis: 12, preemptions: 0, migrations: 0, timeouts: 0, idle_entries: 44399, wfi_entries: 14, idle_exits: 2, misplaced: 0, steals: 0, service_exits: 1, service_placements: 3, ready_placements: 0, service_adoptions: 3, exit_adoptions: 1, host_handbacks: 1, host_queue_claims: 0, host_executor_parks: 0 } pinned-pingpong iters=22000 work_us=5 rt_p50_ns=5875 handoff_p50_ns=438 handoff_p99_ns=646 rt_max_ns=53333
el1-sched cross-vcpu-handoff work_us=5 exits_per_round_trip=0.0001 carrier_cpu_ns_per_round_trip=21138 handoff_p50_ns=438
el1-sched cross-vcpu-handoff work_us=5 exits_per_round_trip=-0.0003 carrier_cpu_ns_per_round_trip=21912 handoff_p50_ns=438
el1-sched pinned-pingpong iters=300 work_us=200 exits=76 carrier_cpu_ns=236515000 wall_ms=218 zone=ZoneCounts { el1_parks: 1003, el1_switches: 1001, host_parks: 0, signal_claims: 0, control_claims: 0, cross_wakes: 1000, sgis: 999, preemptions: 0, migrations: 0, timeouts: 0, idle_entries: 1004, wfi_entries: 1004, idle_exits: 4, misplaced: 0, steals: 0, service_exits: 1, service_placements: 5, ready_placements: 0, service_adoptions: 5, exit_adoptions: 1, host_handbacks: 2, host_queue_claims: 0, host_executor_parks: 0 } pinned-pingpong iters=300 work_us=200 rt_p50_ns=220417 handoff_p50_ns=10208 handoff_p99_ns=17250 rt_max_ns=237917
el1-sched pinned-pingpong iters=3300 work_us=200 exits=70 carrier_cpu_ns=1607910000 wall_ms=1477 zone=ZoneCounts { el1_parks: 7003, el1_switches: 7002, host_parks: 0, signal_claims: 0, control_claims: 0, cross_wakes: 7001, sgis: 7000, preemptions: 0, migrations: 0, timeouts: 0, idle_entries: 7003, wfi_entries: 7004, idle_exits: 2, misplaced: 0, steals: 0, service_exits: 1, service_placements: 3, ready_placements: 0, service_adoptions: 3, exit_adoptions: 1, host_handbacks: 1, host_queue_claims: 0, host_executor_parks: 0 } pinned-pingpong iters=3300 work_us=200 rt_p50_ns=216292 handoff_p50_ns=8146 handoff_p99_ns=22812 rt_max_ns=285500
el1-sched pinned-pingpong iters=300 work_us=200 exits=70 carrier_cpu_ns=236607000 wall_ms=218 zone=ZoneCounts { el1_parks: 1003, el1_switches: 1002, host_parks: 0, signal_claims: 0, control_claims: 0, cross_wakes: 1001, sgis: 1000, preemptions: 0, migrations: 0, timeouts: 0, idle_entries: 1003, wfi_entries: 1004, idle_exits: 2, misplaced: 0, steals: 0, service_exits: 1, service_placements: 3, ready_placements: 0, service_adoptions: 3, exit_adoptions: 1, host_handbacks: 1, host_queue_claims: 0, host_executor_parks: 0 } pinned-pingpong iters=300 work_us=200 rt_p50_ns=220292 handoff_p50_ns=10146 handoff_p99_ns=18500 rt_max_ns=251208
el1-sched pinned-pingpong iters=3300 work_us=200 exits=70 carrier_cpu_ns=1622571000 wall_ms=1490 zone=ZoneCounts { el1_parks: 7003, el1_switches: 7002, host_parks: 0, signal_claims: 0, control_claims: 0, cross_wakes: 7001, sgis: 7000, preemptions: 0, migrations: 0, timeouts: 0, idle_entries: 7003, wfi_entries: 7002, idle_exits: 2, misplaced: 0, steals: 0, service_exits: 1, service_placements: 3, ready_placements: 0, service_adoptions: 3, exit_adoptions: 1, host_handbacks: 1, host_queue_claims: 0, host_executor_parks: 0 } pinned-pingpong iters=3300 work_us=200 rt_p50_ns=219333 handoff_p50_ns=9667 handoff_p99_ns=24000 rt_max_ns=274917
el1-sched cross-vcpu-handoff work_us=200 exits_per_round_trip=-0.0020 carrier_cpu_ns_per_round_trip=457132 handoff_p50_ns=8146
el1-sched cross-vcpu-handoff work_us=200 exits_per_round_trip=0.0000 carrier_cpu_ns_per_round_trip=461988 handoff_p50_ns=9667
ok
test el1_sched_exec_from_a_sibling_with_parked_threads ... el1-sched exec exec-child ok wall_ms=133 zone=ZoneCounts { el1_parks: 250357, el1_switches: 250352, host_parks: 0, signal_claims: 0, control_claims: 4, cross_wakes: 246682, sgis: 5, preemptions: 0, migrations: 0, timeouts: 0, idle_entries: 246707, wfi_entries: 17, idle_exits: 18, misplaced: 0, steals: 46, service_exits: 4, service_placements: 15, ready_placements: 0, service_adoptions: 15, exit_adoptions: 3, host_handbacks: 1, host_queue_claims: 0, host_executor_parks: 0 }
el1-sched exec exec-child ok wall_ms=133 zone=ZoneCounts { el1_parks: 191326, el1_switches: 191319, host_parks: 0, signal_claims: 0, control_claims: 4, cross_wakes: 187904, sgis: 3, preemptions: 0, migrations: 0, timeouts: 0, idle_entries: 187932, wfi_entries: 19, idle_exits: 13, misplaced: 0, steals: 21, service_exits: 14, service_placements: 16, ready_placements: 0, service_adoptions: 16, exit_adoptions: 2, host_handbacks: 1, host_queue_claims: 0, host_executor_parks: 0 }
el1-sched exec exec-child ok wall_ms=135 zone=ZoneCounts { el1_parks: 216433, el1_switches: 216426, host_parks: 0, signal_claims: 0, control_claims: 3, cross_wakes: 216057, sgis: 9, preemptions: 0, migrations: 0, timeouts: 0, idle_entries: 216082, wfi_entries: 21, idle_exits: 14, misplaced: 0, steals: 32, service_exits: 14, service_placements: 15, ready_placements: 0, service_adoptions: 15, exit_adoptions: 2, host_handbacks: 2, host_queue_claims: 0, host_executor_parks: 0 }
el1-sched exec exec-child ok wall_ms=136 zone=ZoneCounts { el1_parks: 194173, el1_switches: 194168, host_parks: 1, signal_claims: 0, control_claims: 3, cross_wakes: 194101, sgis: 10, preemptions: 0, migrations: 0, timeouts: 0, idle_entries: 194127, wfi_entries: 16, idle_exits: 14, misplaced: 0, steals: 55, service_exits: 9, service_placements: 15, ready_placements: 0, service_adoptions: 15, exit_adoptions: 3, host_handbacks: 2, host_queue_claims: 0, host_executor_parks: 0 }
el1-sched exec exec-child ok wall_ms=136 zone=ZoneCounts { el1_parks: 207892, el1_switches: 207886, host_parks: 0, signal_claims: 0, control_claims: 4, cross_wakes: 204234, sgis: 2, preemptions: 0, migrations: 0, timeouts: 0, idle_entries: 204260, wfi_entries: 19, idle_exits: 14, misplaced: 0, steals: 15, service_exits: 10, service_placements: 15, ready_placements: 0, service_adoptions: 15, exit_adoptions: 2, host_handbacks: 1, host_queue_claims: 0, host_executor_parks: 0 }
ok
test el1_sched_exit_group_with_parked_threads ... el1-sched exit-group exit=42 wall_ms=131 zone=ZoneCounts { el1_parks: 223365, el1_switches: 223362, host_parks: 0, signal_claims: 0, control_claims: 2, cross_wakes: 223259, sgis: 5, preemptions: 0, migrations: 0, timeouts: 0, idle_entries: 223277, wfi_entries: 11, idle_exits: 8, misplaced: 0, steals: 30, service_exits: 8, service_placements: 11, ready_placements: 0, service_adoptions: 11, exit_adoptions: 3, host_handbacks: 0, host_queue_claims: 0, host_executor_parks: 0 }
el1-sched exit-group exit=42 wall_ms=131 zone=ZoneCounts { el1_parks: 173364, el1_switches: 173359, host_parks: 0, signal_claims: 0, control_claims: 2, cross_wakes: 172995, sgis: 2, preemptions: 0, migrations: 0, timeouts: 0, idle_entries: 173010, wfi_entries: 9, idle_exits: 10, misplaced: 0, steals: 21, service_exits: 8, service_placements: 11, ready_placements: 0, service_adoptions: 11, exit_adoptions: 1, host_handbacks: 0, host_queue_claims: 0, host_executor_parks: 0 }
el1-sched exit-group exit=42 wall_ms=130 zone=ZoneCounts { el1_parks: 193324, el1_switches: 193318, host_parks: 0, signal_claims: 0, control_claims: 2, cross_wakes: 192998, sgis: 11, preemptions: 0, migrations: 0, timeouts: 0, idle_entries: 193021, wfi_entries: 14, idle_exits: 13, misplaced: 0, steals: 103, service_exits: 13, service_placements: 13, ready_placements: 2, service_adoptions: 13, exit_adoptions: 1, host_handbacks: 1, host_queue_claims: 0, host_executor_parks: 0 }
el1-sched exit-group exit=42 wall_ms=130 zone=ZoneCounts { el1_parks: 221526, el1_switches: 221520, host_parks: 0, signal_claims: 0, control_claims: 3, cross_wakes: 221221, sgis: 20, preemptions: 0, migrations: 0, timeouts: 0, idle_entries: 221242, wfi_entries: 19, idle_exits: 13, misplaced: 0, steals: 117, service_exits: 11, service_placements: 14, ready_placements: 1, service_adoptions: 14, exit_adoptions: 2, host_handbacks: 2, host_queue_claims: 0, host_executor_parks: 0 }
el1-sched exit-group exit=42 wall_ms=130 zone=ZoneCounts { el1_parks: 232394, el1_switches: 232386, host_parks: 0, signal_claims: 0, control_claims: 3, cross_wakes: 232203, sgis: 26, preemptions: 0, migrations: 0, timeouts: 0, idle_entries: 232220, wfi_entries: 13, idle_exits: 9, misplaced: 0, steals: 42, service_exits: 14, service_placements: 14, ready_placements: 1, service_adoptions: 14, exit_adoptions: 2, host_handbacks: 2, host_queue_claims: 0, host_executor_parks: 0 }
ok
test el1_sched_futex_handoff_has_no_host_exits ... el1-sched pingpong iters=5000 exits=258 host_classes=canceled:11 idle:8 kick:2 syscall:139 metadata:0 maintenance:98 fault:0 other:0 hvc_not_svc=91 hvc_not_svc_reasons=hvc_fn:2,ec:[(36, 91)],fsc:[(5, 1), (7, 90)],sysreg:cntfrq:0|cntvct:0|ctr:0|dczid:0|feature_id:0|other:0,emulated_sys64:0 el1_reasons=idle_host_work:3 idle_entry_host_work:0 service:5 interrupt_host_work:2 host_work=slot:4 all:11 task:0 file_table:0 forwarded_by_nr=[(64, 1), (73, 1), (93, 1), (94, 1), (96, 1), (98, 1), (122, 2), (132, 7), (134, 5), (135, 8), (178, 1), (215, 3), (220, 1), (226, 3)] carrier_cpu_ns=18373000 wall_ms=17 zone=ZoneCounts { el1_parks: 14001, el1_switches: 13999, host_parks: 0, signal_claims: 0, control_claims: 0, cross_wakes: 0, sgis: 0, preemptions: 0, migrations: 0, timeouts: 0, idle_entries: 11, wfi_entries: 6, idle_exits: 3, misplaced: 0, steals: 2, service_exits: 5, service_placements: 4, ready_placements: 0, service_adoptions: 4, exit_adoptions: 1, host_handbacks: 1, host_queue_claims: 0, host_executor_parks: 0 } pingpong iters=5000 p50_ns=625 mean_ns=627 max_ns=958
el1-sched pingpong iters=55000 exits=65 host_classes=canceled:1 idle:3 kick:0 syscall:50 metadata:0 maintenance:11 fault:0 other:0 hvc_not_svc=4 hvc_not_svc_reasons=hvc_fn:2,ec:[(36, 4)],fsc:[(5, 1), (7, 3)],sysreg:cntfrq:0|cntvct:0|ctr:0|dczid:0|feature_id:0|other:0,emulated_sys64:0 el1_reasons=idle_host_work:1 idle_entry_host_work:0 service:2 interrupt_host_work:0 host_work=slot:0 all:0 task:0 file_table:0 forwarded_by_nr=[(64, 1), (73, 1), (93, 1), (94, 1), (96, 1), (122, 2), (132, 6), (134, 5), (135, 8), (178, 1), (215, 3), (220, 1), (226, 3)] carrier_cpu_ns=50227000 wall_ms=49 zone=ZoneCounts { el1_parks: 114001, el1_switches: 114000, host_parks: 0, signal_claims: 0, control_claims: 0, cross_wakes: 0, sgis: 0, preemptions: 0, migrations: 0, timeouts: 0, idle_entries: 2, wfi_entries: 3, idle_exits: 1, misplaced: 0, steals: 0, service_exits: 2, service_placements: 2, ready_placements: 0, service_adoptions: 2, exit_adoptions: 0, host_handbacks: 0, host_queue_claims: 0, host_executor_parks: 0 } pingpong iters=55000 p50_ns=625 mean_ns=656 max_ns=47125
el1-sched pingpong iters=5000 exits=65 host_classes=canceled:1 idle:3 kick:0 syscall:50 metadata:0 maintenance:11 fault:0 other:0 hvc_not_svc=4 hvc_not_svc_reasons=hvc_fn:2,ec:[(36, 4)],fsc:[(5, 1), (7, 3)],sysreg:cntfrq:0|cntvct:0|ctr:0|dczid:0|feature_id:0|other:0,emulated_sys64:0 el1_reasons=idle_host_work:1 idle_entry_host_work:0 service:2 interrupt_host_work:0 host_work=slot:0 all:0 task:0 file_table:0 forwarded_by_nr=[(64, 1), (73, 1), (93, 1), (94, 1), (96, 1), (122, 2), (132, 6), (134, 5), (135, 8), (178, 1), (215, 3), (220, 1), (226, 3)] carrier_cpu_ns=12661000 wall_ms=13 zone=ZoneCounts { el1_parks: 14001, el1_switches: 14000, host_parks: 0, signal_claims: 0, control_claims: 0, cross_wakes: 0, sgis: 0, preemptions: 0, migrations: 0, timeouts: 0, idle_entries: 2, wfi_entries: 3, idle_exits: 1, misplaced: 0, steals: 0, service_exits: 2, service_placements: 2, ready_placements: 0, service_adoptions: 2, exit_adoptions: 0, host_handbacks: 0, host_queue_claims: 0, host_executor_parks: 0 } pingpong iters=5000 p50_ns=625 mean_ns=635 max_ns=3750
el1-sched pingpong iters=55000 exits=65 host_classes=canceled:1 idle:3 kick:0 syscall:50 metadata:0 maintenance:11 fault:0 other:0 hvc_not_svc=4 hvc_not_svc_reasons=hvc_fn:2,ec:[(36, 4)],fsc:[(5, 1), (7, 3)],sysreg:cntfrq:0|cntvct:0|ctr:0|dczid:0|feature_id:0|other:0,emulated_sys64:0 el1_reasons=idle_host_work:1 idle_entry_host_work:0 service:2 interrupt_host_work:0 host_work=slot:0 all:0 task:0 file_table:0 forwarded_by_nr=[(64, 1), (73, 1), (93, 1), (94, 1), (96, 1), (122, 2), (132, 6), (134, 5), (135, 8), (178, 1), (215, 3), (220, 1), (226, 3)] carrier_cpu_ns=52427000 wall_ms=52 zone=ZoneCounts { el1_parks: 114001, el1_switches: 114000, host_parks: 0, signal_claims: 0, control_claims: 0, cross_wakes: 0, sgis: 0, preemptions: 0, migrations: 0, timeouts: 0, idle_entries: 2, wfi_entries: 2, idle_exits: 1, misplaced: 0, steals: 0, service_exits: 2, service_placements: 2, ready_placements: 0, service_adoptions: 2, exit_adoptions: 0, host_handbacks: 0, host_queue_claims: 0, host_executor_parks: 0 } pingpong iters=55000 p50_ns=625 mean_ns=666 max_ns=8375
el1-sched futex-handoff exits_per_round_trip=-0.0039 carrier_cpu_ns_per_round_trip=637 p50_ns=625
el1-sched futex-handoff exits_per_round_trip=0.0000 carrier_cpu_ns_per_round_trip=795 p50_ns=625
ok
test el1_sched_host_blocked_read_resumes_by_guest_scheduling ... el1-sched pipe-pingpong iters=1000 exits=12728 carrier_cpu_ns=249576000 wall_ms=89 zone=ZoneCounts { el1_parks: 1, el1_switches: 0, host_parks: 0, signal_claims: 0, control_claims: 0, cross_wakes: 0, sgis: 0, preemptions: 0, migrations: 0, timeouts: 0, idle_entries: 3924, wfi_entries: 1524, idle_exits: 1522, misplaced: 0, steals: 1520, service_exits: 2398, service_placements: 2397, ready_placements: 0, service_adoptions: 2397, exit_adoptions: 0, host_handbacks: 0, host_queue_claims: 0, host_executor_parks: 0 } pipe-pingpong iters=1000 rt_p50_ns=61792 rt_p99_ns=96333
el1-sched pipe-pingpong iters=6000 exits=65656 carrier_cpu_ns=1144912000 wall_ms=376 zone=ZoneCounts { el1_parks: 1, el1_switches: 1, host_parks: 1, signal_claims: 0, control_claims: 0, cross_wakes: 1, sgis: 0, preemptions: 0, migrations: 0, timeouts: 0, idle_entries: 20789, wfi_entries: 7349, idle_exits: 7349, misplaced: 0, steals: 8388, service_exits: 13439, service_placements: 12400, ready_placements: 0, service_adoptions: 12400, exit_adoptions: 0, host_handbacks: 1, host_queue_claims: 0, host_executor_parks: 0 } pipe-pingpong iters=6000 rt_p50_ns=59208 rt_p99_ns=73875
el1-sched pipe-pingpong iters=1000 exits=12755 carrier_cpu_ns=225209000 wall_ms=77 zone=ZoneCounts { el1_parks: 1, el1_switches: 1, host_parks: 1, signal_claims: 0, control_claims: 0, cross_wakes: 1, sgis: 0, preemptions: 0, migrations: 0, timeouts: 0, idle_entries: 4055, wfi_entries: 1412, idle_exits: 1412, misplaced: 0, steals: 1652, service_exits: 2642, service_placements: 2402, ready_placements: 0, service_adoptions: 2402, exit_adoptions: 0, host_handbacks: 1, host_queue_claims: 0, host_executor_parks: 0 } pipe-pingpong iters=1000 rt_p50_ns=58917 rt_p99_ns=72208
el1-sched pipe-pingpong iters=6000 exits=65811 carrier_cpu_ns=1145005000 wall_ms=374 zone=ZoneCounts { el1_parks: 1, el1_switches: 1, host_parks: 1, signal_claims: 0, control_claims: 0, cross_wakes: 1, sgis: 0, preemptions: 0, migrations: 0, timeouts: 0, idle_entries: 20987, wfi_entries: 7370, idle_exits: 7370, misplaced: 0, steals: 8584, service_exits: 13616, service_placements: 12402, ready_placements: 0, service_adoptions: 12402, exit_adoptions: 0, host_handbacks: 1, host_queue_claims: 0, host_executor_parks: 0 } pipe-pingpong iters=6000 rt_p50_ns=59125 rt_p99_ns=73667
el1-sched host-blocked-read host_queue_claims_per_rt=0.0000 host_executor_parks_per_rt=0.0000 service_adoptions_per_rt=2.001 carrier_cpu_ns_per_rt=179067 rt_p50_ns=59208
el1-sched host-blocked-read host_queue_claims_per_rt=0.0000 host_executor_parks_per_rt=0.0000 service_adoptions_per_rt=2.000 carrier_cpu_ns_per_rt=183959 rt_p50_ns=59125
ok
test el1_sched_host_woken_thread_preempts_a_compute_loop ... el1-sched pipe-compute exits=71 zone=ZoneCounts { el1_parks: 1, el1_switches: 150, host_parks: 0, signal_claims: 0, control_claims: 0, cross_wakes: 0, sgis: 0, preemptions: 150, migrations: 0, timeouts: 0, idle_entries: 8, wfi_entries: 6, idle_exits: 2, misplaced: 0, steals: 0, service_exits: 3, service_placements: 4, ready_placements: 0, service_adoptions: 4, exit_adoptions: 0, host_handbacks: 0, host_queue_claims: 0, host_executor_parks: 0 } pipe-compute ms=300 a_count=15942321 b_count=84680317 b_first_ms=4.033
el1-sched pipe-compute exits=71 zone=ZoneCounts { el1_parks: 1, el1_switches: 150, host_parks: 0, signal_claims: 0, control_claims: 0, cross_wakes: 0, sgis: 0, preemptions: 150, migrations: 0, timeouts: 0, idle_entries: 4, wfi_entries: 5, idle_exits: 3, misplaced: 0, steals: 0, service_exits: 2, service_placements: 4, ready_placements: 0, service_adoptions: 4, exit_adoptions: 0, host_handbacks: 0, host_queue_claims: 0, host_executor_parks: 0 } pipe-compute ms=300 a_count=15829362 b_count=84400750 b_first_ms=4.036
el1-sched pipe-compute exits=71 zone=ZoneCounts { el1_parks: 1, el1_switches: 150, host_parks: 0, signal_claims: 0, control_claims: 0, cross_wakes: 0, sgis: 0, preemptions: 150, migrations: 0, timeouts: 0, idle_entries: 4, wfi_entries: 3, idle_exits: 3, misplaced: 0, steals: 0, service_exits: 2, service_placements: 4, ready_placements: 0, service_adoptions: 4, exit_adoptions: 0, host_handbacks: 0, host_queue_claims: 0, host_executor_parks: 0 } pipe-compute ms=300 a_count=15266442 b_count=83405586 b_first_ms=4.033
ok
test el1_sched_idle_carrier_costs_no_host_cpu ... el1-sched idle-carrier ms=500 exits=151 carrier_cpu_ns=14273000 wall_ms=550 zone=ZoneCounts { el1_parks: 6, el1_switches: 4, host_parks: 1, signal_claims: 0, control_claims: 0, cross_wakes: 4, sgis: 4, preemptions: 0, migrations: 0, timeouts: 1, idle_entries: 23, wfi_entries: 13, idle_exits: 8, misplaced: 0, steals: 6, service_exits: 8, service_placements: 7, ready_placements: 0, service_adoptions: 7, exit_adoptions: 3, host_handbacks: 0, host_queue_claims: 0, host_executor_parks: 0 } idle-carrier ms=500 result=-110 elapsed_ms=510.071
el1-sched idle-carrier ms=2500 exits=144 carrier_cpu_ns=26627000 wall_ms=2553 zone=ZoneCounts { el1_parks: 6, el1_switches: 3, host_parks: 1, signal_claims: 0, control_claims: 0, cross_wakes: 4, sgis: 4, preemptions: 0, migrations: 0, timeouts: 1, idle_entries: 16, wfi_entries: 12, idle_exits: 9, misplaced: 0, steals: 5, service_exits: 4, service_placements: 7, ready_placements: 0, service_adoptions: 7, exit_adoptions: 2, host_handbacks: 1, host_queue_claims: 0, host_executor_parks: 0 } idle-carrier ms=2500 result=-110 elapsed_ms=2510.085
el1-sched idle-carrier ms=500 exits=145 carrier_cpu_ns=22429000 wall_ms=541 zone=ZoneCounts { el1_parks: 6, el1_switches: 4, host_parks: 2, signal_claims: 0, control_claims: 0, cross_wakes: 4, sgis: 4, preemptions: 0, migrations: 0, timeouts: 1, idle_entries: 17, wfi_entries: 13, idle_exits: 8, misplaced: 0, steals: 5, service_exits: 5, service_placements: 8, ready_placements: 0, service_adoptions: 8, exit_adoptions: 2, host_handbacks: 2, host_queue_claims: 0, host_executor_parks: 0 } idle-carrier ms=500 result=-110 elapsed_ms=500.849
el1-sched idle-carrier ms=2500 exits=161 carrier_cpu_ns=28124000 wall_ms=2548 zone=ZoneCounts { el1_parks: 6, el1_switches: 4, host_parks: 5, signal_claims: 0, control_claims: 0, cross_wakes: 5, sgis: 5, preemptions: 0, migrations: 0, timeouts: 1, idle_entries: 18, wfi_entries: 14, idle_exits: 9, misplaced: 0, steals: 4, service_exits: 5, service_placements: 10, ready_placements: 0, service_adoptions: 10, exit_adoptions: 2, host_handbacks: 4, host_queue_claims: 0, host_executor_parks: 0 } idle-carrier ms=2500 result=-110 elapsed_ms=2505.151
el1-sched idle-carrier cpu_fraction_of_one_core=0.00618 exits_per_idle_second=-3.5
el1-sched idle-carrier cpu_fraction_of_one_core=0.00285 exits_per_idle_second=8.0
ok
test el1_sched_mm_occupancy_two_processes ... el1-sched mm-occupancy exits=134997 carrier_cpu_ns=1967207000 wall_ms=754 zone=ZoneCounts { el1_parks: 6865, el1_switches: 4371, host_parks: 1182, signal_claims: 0, control_claims: 0, cross_wakes: 108, sgis: 11, preemptions: 68, migrations: 0, timeouts: 0, idle_entries: 2917, wfi_entries: 393, idle_exits: 407, misplaced: 0, steals: 4433, service_exits: 4621, service_placements: 7466, ready_placements: 222, service_adoptions: 7466, exit_adoptions: 4268, host_handbacks: 596, host_queue_claims: 0, host_executor_parks: 0 } mm-occupancy parent writers=8 forks=150 edits=999 edit_failures=0 edit_errors=none torn=0 snapshot_changes=0 child_failures=0 join_failures=0 ok=true
mm-occupancy child writers=8 forks=150 edits=1073 edit_failures=0 edit_errors=none torn=0 snapshot_changes=0 child_failures=0 join_failures=0 ok=true
mm-occupancy child_ok=true
ok
test el1_sched_preemption_reaches_compute_loops ... el1-sched compute-pair exits=69 wall_ms=341 zone=ZoneCounts { el1_parks: 2, el1_switches: 152, host_parks: 1, signal_claims: 0, control_claims: 0, cross_wakes: 1, sgis: 1, preemptions: 150, migrations: 0, timeouts: 0, idle_entries: 9, wfi_entries: 7, idle_exits: 2, misplaced: 0, steals: 0, service_exits: 2, service_placements: 3, ready_placements: 0, service_adoptions: 3, exit_adoptions: 1, host_handbacks: 0, host_queue_claims: 0, host_executor_parks: 0 } compute-pair ms=300 a_count=15507812 b_count=83720509 b_first_ms=4.004
el1-sched compute-pair exits=69 wall_ms=340 zone=ZoneCounts { el1_parks: 2, el1_switches: 152, host_parks: 1, signal_claims: 0, control_claims: 0, cross_wakes: 1, sgis: 1, preemptions: 150, migrations: 0, timeouts: 0, idle_entries: 5, wfi_entries: 4, idle_exits: 3, misplaced: 0, steals: 0, service_exits: 1, service_placements: 3, ready_placements: 0, service_adoptions: 3, exit_adoptions: 1, host_handbacks: 0, host_queue_claims: 0, host_executor_parks: 0 } compute-pair ms=300 a_count=15822920 b_count=87088676 b_first_ms=4.004
el1-sched compute-pair exits=69 wall_ms=337 zone=ZoneCounts { el1_parks: 2, el1_switches: 152, host_parks: 1, signal_claims: 0, control_claims: 0, cross_wakes: 1, sgis: 1, preemptions: 150, migrations: 0, timeouts: 0, idle_entries: 5, wfi_entries: 4, idle_exits: 3, misplaced: 0, steals: 0, service_exits: 1, service_placements: 3, ready_placements: 0, service_adoptions: 3, exit_adoptions: 1, host_handbacks: 0, host_queue_claims: 0, host_executor_parks: 0 } compute-pair ms=300 a_count=16047475 b_count=88032648 b_first_ms=4.002
ok
test el1_sched_pstate_seen_by_the_guest_is_unchanged ... el1-sched pstate pstate tgkill=0/0 sync_daif=0x3c0 async_daif=0x3c0 sync_el=0 async_el=0
ok
test el1_sched_signal_reaches_a_parked_thread ... el1-sched signal zone=ZoneCounts { el1_parks: 4, el1_switches: 2, host_parks: 0, signal_claims: 2, control_claims: 0, cross_wakes: 1, sgis: 1, preemptions: 0, migrations: 0, timeouts: 0, idle_entries: 32, wfi_entries: 15, idle_exits: 8, misplaced: 0, steals: 18, service_exits: 19, service_placements: 8, ready_placements: 0, service_adoptions: 8, exit_adoptions: 1, host_handbacks: 0, host_queue_claims: 0, host_executor_parks: 0 } signal eintr_result=-4 usr1_handled=1 restart_result=-4 usr2_handled=1
ok
test el1_sched_signal_reaches_a_wfi_parked_vcpu ... el1-sched wfi-signal exits=3469 wall_ms=641 zone=ZoneCounts { el1_parks: 400, el1_switches: 199, host_parks: 0, signal_claims: 200, control_claims: 0, cross_wakes: 14, sgis: 14, preemptions: 0, migrations: 0, timeouts: 0, idle_entries: 804, wfi_entries: 618, idle_exits: 514, misplaced: 0, steals: 184, service_exits: 272, service_placements: 581, ready_placements: 0, service_adoptions: 581, exit_adoptions: 185, host_handbacks: 0, host_queue_claims: 0, host_executor_parks: 0 } wfi-signal rounds=200 eintr=200 handled=200 wake_p50_us=132.5 wake_max_us=10315.0
ok
test el1_sched_timed_wait_times_out_in_guest ... el1-sched timed-wait iters=200 exits=43 host_classes=canceled:1 idle:7 kick:0 syscall:28 metadata:0 maintenance:7 fault:0 other:0 hvc_not_svc=4 hvc_not_svc_reasons=hvc_fn:2,ec:[(36, 4)],fsc:[(5, 1), (7, 3)],sysreg:cntfrq:0|cntvct:0|ctr:0|dczid:0|feature_id:0|other:0,emulated_sys64:0 el1_reasons=idle_host_work:0 idle_entry_host_work:0 service:7 interrupt_host_work:0 host_work=slot:0 all:0 task:0 file_table:0 forwarded_by_nr=[(64, 1), (73, 1), (94, 1), (96, 1), (132, 3), (134, 5), (135, 1), (215, 2), (226, 1)] carrier_cpu_ns=26015000 wall_ms=316 zone=ZoneCounts { el1_parks: 200, el1_switches: 200, host_parks: 0, signal_claims: 0, control_claims: 0, cross_wakes: 0, sgis: 0, preemptions: 0, migrations: 0, timeouts: 200, idle_entries: 211, wfi_entries: 403, idle_exits: 0, misplaced: 0, steals: 6, service_exits: 7, service_placements: 1, ready_placements: 0, service_adoptions: 1, exit_adoptions: 0, host_handbacks: 0, host_queue_claims: 0, host_executor_parks: 0 } timed-wait iters=200 wrong=0 early=0 late_p50_ns=498667 late_p99_ns=526583 late_max_ns=533833
el1-sched timed-wait iters=1200 exits=37 host_classes=canceled:1 idle:1 kick:0 syscall:28 metadata:0 maintenance:7 fault:0 other:0 hvc_not_svc=4 hvc_not_svc_reasons=hvc_fn:2,ec:[(36, 4)],fsc:[(5, 1), (7, 3)],sysreg:cntfrq:0|cntvct:0|ctr:0|dczid:0|feature_id:0|other:0,emulated_sys64:0 el1_reasons=idle_host_work:1 idle_entry_host_work:0 service:0 interrupt_host_work:0 host_work=slot:0 all:0 task:0 file_table:0 forwarded_by_nr=[(64, 1), (73, 1), (94, 1), (96, 1), (132, 3), (134, 5), (135, 1), (215, 2), (226, 1)] carrier_cpu_ns=66334000 wall_ms=1811 zone=ZoneCounts { el1_parks: 1200, el1_switches: 1200, host_parks: 0, signal_claims: 0, control_claims: 0, cross_wakes: 0, sgis: 0, preemptions: 0, migrations: 0, timeouts: 1200, idle_entries: 1201, wfi_entries: 2397, idle_exits: 1, misplaced: 0, steals: 0, service_exits: 0, service_placements: 1, ready_placements: 0, service_adoptions: 1, exit_adoptions: 0, host_handbacks: 0, host_queue_claims: 0, host_executor_parks: 0 } timed-wait iters=1200 wrong=0 early=0 late_p50_ns=506125 late_p99_ns=538917 late_max_ns=615583
el1-sched timed-wait iters=200 exits=37 host_classes=canceled:1 idle:1 kick:0 syscall:28 metadata:0 maintenance:7 fault:0 other:0 hvc_not_svc=4 hvc_not_svc_reasons=hvc_fn:2,ec:[(36, 4)],fsc:[(5, 1), (7, 3)],sysreg:cntfrq:0|cntvct:0|ctr:0|dczid:0|feature_id:0|other:0,emulated_sys64:0 el1_reasons=idle_host_work:1 idle_entry_host_work:0 service:0 interrupt_host_work:0 host_work=slot:0 all:0 task:0 file_table:0 forwarded_by_nr=[(64, 1), (73, 1), (94, 1), (96, 1), (132, 3), (134, 5), (135, 1), (215, 2), (226, 1)] carrier_cpu_ns=27830000 wall_ms=318 zone=ZoneCounts { el1_parks: 200, el1_switches: 200, host_parks: 0, signal_claims: 0, control_claims: 0, cross_wakes: 0, sgis: 0, preemptions: 0, migrations: 0, timeouts: 200, idle_entries: 201, wfi_entries: 399, idle_exits: 1, misplaced: 0, steals: 0, service_exits: 0, service_placements: 1, ready_placements: 0, service_adoptions: 1, exit_adoptions: 0, host_handbacks: 0, host_queue_claims: 0, host_executor_parks: 0 } timed-wait iters=200 wrong=0 early=0 late_p50_ns=509167 late_p99_ns=539333 late_max_ns=550583
el1-sched timed-wait iters=1200 exits=37 host_classes=canceled:1 idle:1 kick:0 syscall:28 metadata:0 maintenance:7 fault:0 other:0 hvc_not_svc=4 hvc_not_svc_reasons=hvc_fn:2,ec:[(36, 4)],fsc:[(5, 1), (7, 3)],sysreg:cntfrq:0|cntvct:0|ctr:0|dczid:0|feature_id:0|other:0,emulated_sys64:0 el1_reasons=idle_host_work:1 idle_entry_host_work:0 service:0 interrupt_host_work:0 host_work=slot:0 all:0 task:0 file_table:0 forwarded_by_nr=[(64, 1), (73, 1), (94, 1), (96, 1), (132, 3), (134, 5), (135, 1), (215, 2), (226, 1)] carrier_cpu_ns=73503000 wall_ms=1815 zone=ZoneCounts { el1_parks: 1200, el1_switches: 1200, host_parks: 0, signal_claims: 0, control_claims: 0, cross_wakes: 0, sgis: 0, preemptions: 0, migrations: 0, timeouts: 1200, idle_entries: 1201, wfi_entries: 2394, idle_exits: 1, misplaced: 0, steals: 0, service_exits: 0, service_placements: 1, ready_placements: 0, service_adoptions: 1, exit_adoptions: 0, host_handbacks: 0, host_queue_claims: 0, host_executor_parks: 0 } timed-wait iters=1200 wrong=0 early=0 late_p50_ns=508125 late_p99_ns=541708 late_max_ns=1815292
el1-sched timed-wait exits_per_wait=-0.0060 late_p50_ns=506125
el1-sched timed-wait exits_per_wait=0.0000 late_p50_ns=508125
ok
test el1_sched_two_processes_share_vcpus ... el1-sched two-process iters=500 exits=290 carrier_cpu_ns=31348000 wall_ms=23 zone=ZoneCounts { el1_parks: 1161, el1_switches: 1156, host_parks: 0, signal_claims: 0, control_claims: 0, cross_wakes: 1100, sgis: 114, preemptions: 0, migrations: 0, timeouts: 0, idle_entries: 1045, wfi_entries: 53, idle_exits: 8, misplaced: 0, steals: 6, service_exits: 10, service_placements: 9, ready_placements: 58, service_adoptions: 9, exit_adoptions: 19, host_handbacks: 3, host_queue_claims: 0, host_executor_parks: 0 } two-process child round_trips=500 ms=3.4
two-process parent round_trips=500 ms=4.5 child_ok=true
el1-sched two-process iters=3000 exits=1457 carrier_cpu_ns=64698000 wall_ms=36 zone=ZoneCounts { el1_parks: 2826, el1_switches: 2547, host_parks: 2, signal_claims: 0, control_claims: 0, cross_wakes: 2439, sgis: 662, preemptions: 0, migrations: 0, timeouts: 0, idle_entries: 2077, wfi_entries: 251, idle_exits: 10, misplaced: 4, steals: 9, service_exits: 281, service_placements: 286, ready_placements: 106, service_adoptions: 286, exit_adoptions: 120, host_handbacks: 279, host_queue_claims: 0, host_executor_parks: 0 } two-process child round_trips=3000 ms=19.6
two-process parent round_trips=3000 ms=20.4 child_ok=true
el1-sched two-process iters=500 exits=532 carrier_cpu_ns=30392000 wall_ms=20 zone=ZoneCounts { el1_parks: 1772, el1_switches: 1769, host_parks: 1, signal_claims: 0, control_claims: 0, cross_wakes: 1636, sgis: 276, preemptions: 0, migrations: 0, timeouts: 0, idle_entries: 1487, wfi_entries: 138, idle_exits: 8, misplaced: 5, steals: 10, service_exits: 7, service_placements: 11, ready_placements: 129, service_adoptions: 11, exit_adoptions: 63, host_handbacks: 3, host_queue_claims: 0, host_executor_parks: 0 } two-process child round_trips=500 ms=6.1
two-process parent round_trips=500 ms=5.6 child_ok=true
el1-sched two-process iters=3000 exits=1054 carrier_cpu_ns=55025000 wall_ms=33 zone=ZoneCounts { el1_parks: 3233, el1_switches: 3004, host_parks: 0, signal_claims: 0, control_claims: 0, cross_wakes: 2987, sgis: 447, preemptions: 0, migrations: 0, timeouts: 0, idle_entries: 2765, wfi_entries: 158, idle_exits: 8, misplaced: 0, steals: 4, service_exits: 230, service_placements: 234, ready_placements: 18, service_adoptions: 234, exit_adoptions: 81, host_handbacks: 228, host_queue_claims: 0, host_executor_parks: 0 } two-process child round_trips=3000 ms=14.9
two-process parent round_trips=3000 ms=17.5 child_ok=true
el1-sched two-process exits_per_rt=0.233 cross_wakes_per_rt=0.268 service_exits_per_rt=0.054 host_queue_claims_per_rt=0.0000 carrier_cpu_ns_per_rt=6670
el1-sched two-process exits_per_rt=0.104 cross_wakes_per_rt=0.270 service_exits_per_rt=0.045 host_queue_claims_per_rt=0.0000 carrier_cpu_ns_per_rt=4927
ok

test result: ok. 22 passed; 0 failed; 0 ignored; 0 measured; 17 filtered out; finished in 26.75s

test-signed: running /Volumes/CaseSensitive/carrick/.worktrees/wt-batch3/target/release/deps/el1_files-1e6a92366579cf6c el1_ --nocapture

running 13 tests
test el1_files_blocking_survives_task_reschedule ... ok
test el1_files_contract ... ok
test el1_files_cross_process_readers_contract ... ok
test el1_files_exit_group_stress ... ok
test el1_files_inode_exclusivity_two_processes ... ok
test el1_files_kick_delivery_spin_loop ... ok
test el1_files_kick_delivery_spin_loop_signal ... ok
test el1_files_memfd_never_delegated_and_seals_hold ... ok
test el1_files_path_mutation_contract ... ok
test el1_files_recall_on_teardown ... ok
test el1_files_shared_inode_contract ... ok
test el1_files_signal_stress ... ok
test el1_zone_entry_at_open_contract ... el1_zone_entry_at_open_contract: served pwrite64=500 lseek=2 write=0 read=1 pread64=500; forwarded lseek=2004 write=1001 read=1004; population DelegationCounts { delegations: 16, recalls: 16, host_served: 0, tableless_publishes: 0, revalidated_records: 0, refusals: [(FileTooLarge, 3), (Unregistered, 4)], recall_triggers: [("crates/carrick-kernel/src/kernel/objects.rs:1464", 15), ("crates/carrick-kernel/src/el1_delegation.rs:1798", 1)] }
ok

test result: ok. 13 passed; 0 failed; 0 ignored; 0 measured; 0 filtered out; finished in 13.47s

test-signed: running /Volumes/CaseSensitive/carrick/.worktrees/wt-batch3/target/release/deps/el1_inotify09_probe-e2247aca698e3431 el1_ --nocapture

running 2 tests
test el1_inotify09_probe ... LTP| ../../../../include/tst_fuzzy_sync.h:484: TINFO: Minimum sampling period ended
LTP| ../../../../include/tst_fuzzy_sync.h:307: TINFO: loop = 1024, delay_bias = 0
LTP| ../../../../include/tst_fuzzy_sync.h:295: TINFO: start_a - start_b: { avg =   -42ns, avg_dev =     0ns, dev_ratio = 0.01 }
LTP| ../../../../include/tst_fuzzy_sync.h:295: TINFO: end_a - start_a  : { avg =    92ns, avg_dev =    13ns, dev_ratio = 0.14 }
LTP| ../../../../include/tst_fuzzy_sync.h:295: TINFO: end_b - start_b  : { avg =   196ns, avg_dev =    16ns, dev_ratio = 0.08 }
LTP| ../../../../include/tst_fuzzy_sync.h:295: TINFO: end_a - end_b    : { avg =  -145ns, avg_dev =    16ns, dev_ratio = 0.11 }
LTP| ../../../../include/tst_fuzzy_sync.h:295: TINFO: spins            : { avg =   206  , avg_dev =    10  , dev_ratio = 0.05 }
LTP| ../../../../include/tst_fuzzy_sync.h:494: TINFO: Reached deviation ratios < 0.10, introducing randomness
LTP| ../../../../include/tst_fuzzy_sync.h:497: TINFO: Delay range is [-272, 111]
LTP| ../../../../include/tst_fuzzy_sync.h:307: TINFO: loop = 1064, delay_bias = 0
LTP| ../../../../include/tst_fuzzy_sync.h:295: TINFO: start_a - start_b: { avg =   -40ns, avg_dev =     4ns, dev_ratio = 0.10 }
LTP| ../../../../include/tst_fuzzy_sync.h:295: TINFO: end_a - start_a  : { avg =    84ns, avg_dev =     2ns, dev_ratio = 0.02 }
LTP| ../../../../include/tst_fuzzy_sync.h:295: TINFO: end_b - start_b  : { avg =   206ns, avg_dev =     6ns, dev_ratio = 0.03 }
LTP| ../../../../include/tst_fuzzy_sync.h:295: TINFO: end_a - end_b    : { avg =  -163ns, avg_dev =     8ns, dev_ratio = 0.05 }
LTP| ../../../../include/tst_fuzzy_sync.h:295: TINFO: spins            : { avg =   216  , avg_dev =     2  , dev_ratio = 0.01 }
LTP| ../../../../include/tst_fuzzy_sync.h:654: TINFO: Exceeded execution loops, requesting exit
LTP| inotify09.c:90: TPASS: kernel survived inotify beating
WALL| 2.583031875s exit=0
NR|  17 served=         0 forwarded=         3
NR|  24 served=         0 forwarded=         1
NR|  25 served=         0 forwarded=         5
NR|  26 served=         0 forwarded=         1
NR|  27 served=   2999999 forwarded=         1
NR|  28 served=   2999987 forwarded=        13
NR|  29 served=         0 forwarded=         1
NR|  34 served=         0 forwarded=         1
NR|  35 served=         0 forwarded=         3
NR|  43 served=         0 forwarded=         1
NR|  46 served=         0 forwarded=         1
NR|  48 served=         0 forwarded=        12
NR|  49 served=         0 forwarded=         1
NR|  53 served=         0 forwarded=         2
NR|  54 served=         0 forwarded=         1
NR|  56 served=         0 forwarded=        26
NR|  57 served=         0 forwarded=        28
NR|  59 served=         0 forwarded=         1
NR|  61 served=         0 forwarded=         2
NR|  62 served=   2999999 forwarded=         1
NR|  63 served=         0 forwarded=        16
NR|  64 served=   2999998 forwarded=        33
NR|  79 served=         0 forwarded=        11
NR|  80 served=         0 forwarded=        20
NR|  93 served=         0 forwarded=         1
NR|  94 served=         0 forwarded=         5
NR|  96 served=         0 forwarded=         5
NR|  98 served=         0 forwarded=         1
NR|  99 served=         0 forwarded=         7
NR| 103 served=         0 forwarded=         5
NR| 113 served=         0 forwarded=         1
NR| 123 served=         0 forwarded=         1
NR| 129 served=         0 forwarded=         3
NR| 134 served=         0 forwarded=       108
NR| 135 served=         0 forwarded=        15
NR| 139 served=         0 forwarded=         5
NR| 154 served=         0 forwarded=         1
NR| 160 served=         0 forwarded=         1
NR| 173 served=         0 forwarded=         9
NR| 174 served=         0 forwarded=         3
NR| 175 served=         0 forwarded=         6
NR| 176 served=         0 forwarded=         4
NR| 177 served=         0 forwarded=         3
NR| 215 served=         1 forwarded=        16
NR| 220 served=         0 forwarded=         5
NR| 221 served=         0 forwarded=         8
NR| 226 served=         0 forwarded=        21
NR| 227 served=         0 forwarded=         1
NR| 233 served=         0 forwarded=         1
NR| 260 served=         0 forwarded=        10
NR| 261 served=         0 forwarded=         7
NR| 278 served=         0 forwarded=         5
NR| 293 served=         0 forwarded=         5
NR| 435 served=         0 forwarded=         2
POP| DelegationCounts { delegations: 7, recalls: 7, host_served: 4, tableless_publishes: 0, revalidated_records: 0, refusals: [(NotRootfs, 1), (FileTooLarge, 1), (Shared, 4), (Unregistered, 12)], recall_triggers: [("crates/carrick-kernel/src/kernel/objects.rs:1464", 5), ("crates/carrick-kernel/src/dispatch/mqueue.rs:680", 1), ("crates/carrick-kernel/src/el1_delegation.rs:1798", 1)] }
ok
test el1_inotify_loop_bench ... BENCH| loop_ns_per_iter=522 getpid_ns=38
BENCHERR| 
BENCH| nr 27 served=201000 forwarded=1
BENCH| nr 28 served=201001 forwarded=0
BENCH| nr 62 served=201007 forwarded=4
BENCH| nr 64 served=201000 forwarded=1
BENCH| nr 172 served=0 forwarded=0
ok

test result: ok. 2 passed; 0 failed; 0 ignored; 0 measured; 0 filtered out; finished in 2.74s

test-signed: running /Volumes/CaseSensitive/carrick/.worktrees/wt-batch3/target/release/deps/el1_transparent-9f1543913016aba2 el1_ --nocapture

running 2 tests
test el1_transparent_fork_exec_shared_backing ... ok
test el1_transparent_smoke ... ok

test result: ok. 2 passed; 0 failed; 0 ignored; 0 measured; 0 filtered out; finished in 0.06s

/Volumes/CaseSensitive/carrick/.worktrees/wt-batch3/target/release/deps/entitlement_negative-2ea3128a996608c8.noent.95046: replacing existing signature
test-signed: negative control on /Volumes/CaseSensitive/carrick/.worktrees/wt-batch3/target/release/deps/entitlement_negative-2ea3128a996608c8.noent.95046

running 1 test
test unsigned_executable_maps_hv_denied_to_entitlement ... ok

test result: ok. 1 passed; 0 failed; 0 ignored; 0 measured; 0 filtered out; finished in 0.05s

remaining carrick procs (run-id el1-b3-core-handback-20260929) = 0
remaining carrick procs (run-id el1-b3-core-handback-20260929-cli) = 0
test-signed: receipt target/test-results/carrick-embed-signed-artifacts.jsonl
test-signed: OK (carrick-embed: 9 invoked signed executable(s) passed, 27 signed, negative control passed)
