    Finished `test` profile [unoptimized + debuginfo] target(s) in 0.22s
     Running unittests src/lib.rs (target/debug/deps/carrick_vfs-b64f878273ffc91e)

running 253 tests
test apfs::fs_default_tests::default_backend_is_host_without_feature ... ok
test apfs::tests::split_at_last_paren_handles_name_without_paren ... ok
test apfs::tests::split_at_last_paren_handles_typical_name ... ok
test apfs::tests::parse_apfs_list_returns_empty_when_name_absent ... ok
test apfs::tests::parse_apfs_list_finds_named_case_sensitive_volume ... ok
test apfs::tests::parse_apfs_list_reports_unmounted_volume ... ok
test darwin_fs::tests::copyfile_clone_or_data_copies_between_file_descriptors ... ok
test fs_backend::shared_file_range_tests::tiny_range_at_large_sparse_offset_does_not_materialize_file ... ok
test fs_backend::memory::retained_object_tests::overwrite_preserves_identity_but_recreate_allocates_a_new_object ... ok
test fs_backend::shared_file_range_tests::ranges_match_materialized_bytes_at_dirty_and_sparse_boundaries ... ok
test fs_backend::memory::retained_object_tests::retained_object_survives_rename_unlink_and_observes_mutation ... ok
test fs_backend::memory::retained_object_tests::retained_object_reads_sparse_dirty_prefix_without_materializing_tail ... ok
test fs_backend::tests::attach_shares_an_existing_scratch_across_handles ... ok
test fs_backend::tests::authority_root_mode_roundtrip_uses_root_fd ... ok
test fs_backend::tests::authority_attached_handles_observe_directory_rename ... ok
test fs_backend::tests::authority_fast_fs_disabled_keeps_namei_functional ... ok
test fs_backend::tests::chmod_on_a_socket_marker_node_replaces_its_creation_mode ... ok
test fs_backend::tests::durability_reopen_distinguishes_unsupported_from_disk_failure ... ok
test fs_backend::tests::authority_directory_symlink_retarget_drops_cached_alias ... ok
test fs_backend::tests::fork_descendant_does_not_claim_reexec_cleanup_lock ... ok
test fs_backend::tests::device_marker_flips_dir_overlay_interference ... ok
test fs_backend::tests::authority_chmod_symlink_never_changes_host_target ... ok
test fs_backend::tests::failed_metadata_lookup_consumes_cleanup_budget ... ok
test fs_backend::tests::background_discovery_cannot_retire_a_scratch_under_the_root_creation_lock ... ok
test fs_backend::tests::failed_delete_attempt_consumes_cleanup_budget_without_counting_success ... ok
test fs_backend::tests::host_backend_reexec_authority_reattaches_exact_root ... ok
test fs_backend::tests::authority_owner_alias_targets_scratch_inode ... ok
test fs_backend::tests::host_backend_reexec_authority_transfers_ephemeral_cleanup ... ok
test fs_backend::tests::host_backend_reexec_authority_rejects_substituted_root ... ok
test fs_backend::tests::host_checked_remove_distinguishes_unlink_failure_from_absence ... ok
test fs_backend::tests::create_raw_fd_applies_the_guest_mode_on_the_held_fd ... ok
test fs_backend::tests::host_child_names_only_immediate ... ok
test fs_backend::tests::host_fast_open_containment_failure_falls_back_without_serving ... ok
test fs_backend::tests::host_dirent_stream_refuses_marker_node_classification ... ok
test fs_backend::tests::host_fast_open_fifo_routes_to_nonblocking_open ... ok
test fs_backend::tests::host_dirent_stream_preserves_names_types_and_inodes ... ok
test fs_backend::tests::host_fast_open_rejects_unicode_aliased_name ... ok
test fs_backend::tests::host_fast_open_serves_regular_file_fd_centrically ... ok
test fs_backend::tests::host_file_head_matches_contents_prefix ... ok
test fs_backend::tests::host_extract_layers_streams_into_scratch ... ok
test fs_backend::tests::host_fast_open_symlink_leaf_falls_back_to_resolving_path ... ok
test fs_backend::tests::host_file_head_follows_symlinks_like_file_contents ... ok
test fs_backend::tests::host_guest_xattr_api_hides_all_internal_carrick_names ... ok
test fs_backend::tests::host_lookup_kind_fast_cases_preserve_symlink_fallback ... ok
test fs_backend::tests::host_lpath_xattrs_do_not_follow_final_symlink ... ok
test fs_backend::tests::host_open_create_and_trunc_keep_the_capstd_path ... ok
test fs_backend::tests::host_open_create_write_read ... ok
test fs_backend::tests::host_open_raw_fd_then_set_mode_visible_via_fget_xattr ... ok
test fs_backend::tests::host_rejects_path_escape ... ok
test fs_backend::tests::host_rename_overlay_file ... ok
test fs_backend::tests::host_rename_distinguishes_unowned_source_from_operation_error ... ok
test fs_backend::tests::host_mkdir_then_stat ... ok
test fs_backend::tests::host_readonly_open_upgrades_in_place_for_shared_map ... ok
test fs_backend::tests::host_seed_from_rootfs_materializes_through_cap_dir ... ok
test fs_backend::tests::host_statfs_reports_the_open_backing_volume ... ok
test fs_backend::tests::host_set_mode_roundtrips_via_xattr_even_when_inaccessible ... ok
test fs_backend::tests::host_resolve_following_enforces_symlink_hop_limit ... ok
test fs_backend::tests::host_unlink_hides_rootfs_path ... ok
test fs_backend::tests::layered_directory_entries_hide_internal_sidecar_names ... ok
test fs_backend::tests::host_child_names_are_bounded_before_archive_sorting ... ok
test fs_backend::tests::layered_dirent_stream_hides_memory_lower_sidecars ... ok
test fs_backend::tests::immutable_oldest_tree_is_quarantined_without_starving_newer_trash ... ok
test fs_backend::tests::host_watch_fds_caches_source_fd_for_stable_fifo ... ok
test fs_backend::tests::memory_backend_rejects_native_reexec_authority ... ok
test fs_backend::tests::memory_child_names_only_immediate ... ok
test fs_backend::tests::memory_file_head_matches_contents_prefix ... ok
test fs_backend::tests::memory_child_names_are_bounded_before_archive_sorting ... ok
test fs_backend::tests::memory_normalize_strips_root_and_collapses_dots ... ok
test fs_backend::tests::memory_mkdir_then_stat ... ok
test fs_backend::tests::memory_open_create_write_read ... ok
test fs_backend::tests::memory_rename_overlay_file ... ok
test fs_backend::tests::memory_unlink_hides_rootfs_path ... ok
test fs_backend::tests::lookup_kind_and_metadata_is_served_from_the_stat_cache ... ok
test fs_backend::tests::open_host_watch_fd_does_not_block_on_writerless_fifo ... ok
test fs_backend::tests::open_trusted_dir_fd_trusts_only_byte_exact_paths ... ok
test fs_backend::tests::host_deep_path_ops_beyond_path_max ... ok
test fs_backend::tests::plain_tree_stat_fill_is_the_inode_alone ... ok
test fs_backend::tests::moved_marker_node_keeps_the_destination_directory_interference_tracked ... ok
test fs_backend::tests::hostfs_teardown_has_no_process_creation_surface ... ok
test fs_backend::tests::sidecar_rename_endpoints_skip_when_either_side_unresolved ... ok
test fs_backend::tests::stat_cache_serves_unchanged_inodes_across_content_churn ... ok
test fs_backend::tests::stat_cache_anchors_one_parent_dirfd_per_directory ... ok
test fs_backend::tests::deep_retired_chain_makes_progress_each_checkpoint ... ok
test fs_resolve_cache::tests::a_mutation_racing_the_lookup_births_a_stale_entry ... ok
test fs_resolve_cache::tests::absent_key_misses ... ok
test fs_resolve_cache::tests::dir_generation_advances_monotonically ... ok
test fs_resolve_cache::tests::hit_is_served_until_the_generation_moves_on ... ok
test fs_resolve_cache::tests::path_and_dir_generations_are_independent_words ... ok
test fs_resolve_cache::tests::shared_generation_advances_monotonically ... ok
test fs_backend::tests::host_new_in_parallel_allocation_survives_sweeper ... ok
test layer_cache::tests::empty_layers_declines_cache ... ok
test layer_cache::tests::clone_children_preserves_top_level_symlink ... ok
test layer_cache::tests::immutable_entry_is_reused_without_populating_a_scratch ... ok
test layer_cache::tests::same_device_true_within_one_dir ... ok
test layer_cache::tests::stack_key_is_stable_and_order_sensitive ... ok
test pathcodec::tests::ascii_is_identity ... ok
test pathcodec::tests::genuine_pua_window_char_is_reescaped_and_roundtrips ... ok
test pathcodec::tests::has_escaped_flags_only_when_escaped ... ok
test pathcodec::tests::osstring_roundtrip ... ok
test pathcodec::tests::undecodable_bytes_roundtrip ... ok
test pathcodec::tests::valid_utf8_unicode_preserved ... ok
test layer_cache::tests::immutable_entry_keys_changed_stacks_and_ignores_incomplete_builds ... ok
test rootfs::tests::extraction_fidelity_cyclic_parent_graph_is_refused ... ok
test rootfs::tests::extraction_fidelity_directory_header_updates_existing_mode ... ok
test rootfs::tests::extraction_fidelity_directory_symlink_header_updates_target_mode ... ok
test rootfs::tests::extraction_fidelity_opaque_whiteout_reports_permission_refusal ... ok
test rootfs::tests::extraction_fidelity_readonly_directory_allows_later_file_and_whiteout ... ok
test rootfs::tests::extraction_fidelity_symlinks_survive_child_first_materialization ... ok
test rootfs::tests::extraction_fidelity_whiteout_reports_permission_refusal ... ok
test rootfs::tests::extraction_root_opaque_whiteout_removes_lower_layer_contents ... ok
test rootfs::tests::immutable_lower_absent_parent_proves_every_child_absent ... ok
test rootfs::tests::immutable_lower_lists_a_directory_after_two_misses ... ok
test rootfs::tests::layer_extraction_directory_symlink_cycle_is_an_error ... ok
test rootfs::tests::later_layer_hardlink_replaces_existing_alias_without_truncating_target ... ok
test rootfs::tests::layer_extraction_directory_symlink_resolves_relative_to_parent ... ok
test rootfs::tests::layer_extraction_directory_symlink_traversal ... ok
test rootfs::tests::layer_extraction_rejects_parent_escape ... ok
test fs_backend::tests::trusted_dirent_stream_owns_its_seek_offset ... ok
test rootfs::tests::layer_extraction_refuses_absolute_symlink_escape ... ok
test rootfs::tests::layer_extraction_rejects_relative_symlink_escape ... ok
test rootfs::tests::layer_path_escaping_root_is_rejected ... ok
test rootfs::tests::layer_path_with_parent_dir_collapses ... ok
test rootfs::tests::layer_root_and_absolute_paths_normalize ... ok
test rootfs::tests::layer_extraction_whiteout_cannot_remove_scratch_parent ... ok
test rootfs::tests::resolve_reads_hardlinked_applet ... ok
test rootfs::tests::resolve_walks_through_directory_symlinks ... ok
test rootfs::tests::rootfs_path_escaping_via_root_then_parent_is_rejected ... ok
test rootfs::tests::symlink_target_escaping_root_via_second_parent_dir_is_rejected ... ok
test rootfs::tests::symlink_target_escaping_root_from_shallow_path_is_rejected ... ok
test rootfs::tests::symlink_target_with_curdir_resolves ... ok
test rootfs::tests::symlink_target_with_multiple_parent_dirs_resolves_within_root ... ok
test rootfs::tests::symlink_target_one_parent_dir_pops_one_segment ... ok
test rootfs::tests::symlink_target_with_parent_dir_resolves_within_root ... ok
test vfs::bind::tests::bind_open_exclusive_create_on_symlink_returns_eexist ... ok
test vfs::bind::tests::bind_open_follows_symlink_when_nofollow_not_set ... ok
test rootfs::tests::rootfs_extract_to_dir_directory_symlink_traversal ... ok
test vfs::bind::tests::bind_open_symlink_to_directory_nofollow_returns_eloop ... ok
test vfs::bind::tests::mount_point_cannot_be_removed_but_contents_can ... ok
test vfs::bind::tests::bind_open_symlink_to_file_nofollow_returns_eloop ... ok
test vfs::bind::tests::readonly_bind_still_erofs ... ok
test vfs::bind::tests::relative_host_source_is_frozen_as_absolute_authority ... ok
test vfs::bind::tests::readdir_hides_internal_sidecar_entries ... ok
test vfs::dentry::tests::test_dentry_cache_dir_generation ... ok
test vfs::dentry::tests::test_dentry_cache_exchange_preserves_both_entries ... ok
test vfs::dentry::tests::test_dentry_cache_inode_invalidation_and_hard_links ... ok
test fs_backend::tests::startup_orphan_discovery_is_bounded_on_a_wide_root ... ok
test vfs::dentry::tests::test_dentry_cache_positive_and_negative ... ok
test fs_backend::tests::wide_live_root_cannot_hide_retired_cleanup ... ok
test vfs::dentry::tests::test_dentry_cache_symlink ... ok
test vfs::dentry::tests::test_dentry_cache_with_lower_rootfs ... ok
test fs_backend::tests::repeated_short_runs_reduce_oldest_trash_without_async_worker ... ok
test vfs::dentry::tests::test_lower_negative_cached_after_one_probe ... ok
test vfs::dentry::tests::test_warm_cache_per_entry_invalidation ... ok
test vfs::etc_services::tests::etc_services_is_overridable ... ok
test vfs::etc_services::tests::serves_etc_services_with_smtp ... ok
test vfs::mount::tests::dot_and_dotdot_in_path_are_canonicalised ... ok
test vfs::mount::tests::empty_mounts_resolves_nothing ... ok
test vfs::mount::tests::insertion_order_does_not_affect_resolution ... ok
test vfs::mount::tests::longest_prefix_mount_routing_and_component_boundaries ... ok
test vfs::mount::tests::longest_prefix_wins ... ok
test vfs::mount::tests::mount_children_of_synthesizes_direct_and_nested_children ... ok
test vfs::mount::tests::mount_points_iter_returns_longest_first ... ok
test vfs::mount::tests::override_does_not_leak_to_a_subpath_or_sibling ... ok
test vfs::mount::tests::override_is_canonicalised_for_store_and_lookup ... ok
test vfs::mount::tests::override_path_makes_resolution_fall_through ... ok
test vfs::mount::tests::prefix_match_respects_component_boundary ... ok
test vfs::mount::tests::re_mounting_replaces_in_place ... ok
test vfs::mount::tests::relative_paths_are_rejected ... ok
test vfs::mount::tests::resolve_relative_strips_mount_prefix ... ok
test vfs::mount::tests::root_mount_catches_everything ... ok
test vfs::mount::tests::trailing_slash_on_mount_point_normalised ... ok
test vfs::namespace_mutation::tests::changed_parent_mapping_revalidates_even_when_identity_set_matches ... ok
test vfs::namespace_mutation::tests::historical_parent_identities_do_not_accumulate ... ok
test vfs::namespace_mutation::tests::inverse_parent_pairs_are_reserved_without_deadlock ... ok
test vfs::namespace_mutation::tests::logical_parent_reservation_excludes_competing_memory_mutation ... ok
test vfs::namespace_mutation::tests::resolver_error_and_callback_error_release_reservations ... ok
test vfs::namespace_mutation::tests::same_parent_is_excluded_through_publication ... ok
test vfs::namespace_mutation::tests::second_resolution_capability_lives_through_publication ... ok
test vfs::namespace_mutation::tests::unrelated_parent_progresses_during_publication ... ok
test vfs::resolvconf::tests::content_is_valid_resolv_conf ... ok
test vfs::resolvconf::tests::directive_match_is_token_aligned ... ok
test vfs::resolvconf::tests::explicit_launch_snapshot_is_filtered_without_a_utility ... ok
test vfs::resolvconf::tests::host_network_without_override_refuses_an_unusable_launch_snapshot ... ok
test vfs::resolvconf::tests::lookup_is_a_regular_file ... ok
test vfs::resolvconf::tests::lookup_other_path_is_enoent ... ok
test vfs::resolvconf::tests::network_modes_that_own_or_disable_dns_do_not_require_a_host_snapshot ... ok
test vfs::resolvconf::tests::open_read_returns_bytes_open_write_is_eacces ... ok
test vfs::resolvconf::tests::rendered_nameserver_precedes_provider_fallback ... ok
test vfs::resolvconf::tests::resolv_conf_is_overridable ... ok
test vfs::resolvconf::tests::usable_nameserver_validation_rejects_empty_and_malformed_snapshots ... ok
test vfs::rootfs::tests::dentry_kind_does_not_refill_invalidated_metadata ... ok
test vfs::rootfs::tests::host_lookup_nofollow_fast_path_preserves_symlink_and_fifo_types ... ok
test vfs::rootfs::tests::is_directory_layered ... ok
test vfs::rootfs::tests::lookup_missing_is_enoent ... ok
test vfs::rootfs::tests::lookup_nofollow_uses_authoritative_sparse_upper_miss_without_reprobing_overlay ... ok
test vfs::rootfs::tests::lookup_overlay_file_uses_metadata_without_loading_contents ... ok
test vfs::dentry::tests::test_dentry_concurrent_eviction_lookup_fallback_no_enoent ... ok
test vfs::rootfs::tests::lookup_rootfs_dir ... ok
test vfs::rootfs::tests::lookup_rootfs_file ... ok
test vfs::rootfs::tests::mkdir_existing_root_returns_eexist_without_weakening_empty_path ... ok
test vfs::rootfs::tests::mkdir_file_parent_is_enoent ... ok
test vfs::rootfs::tests::mkdir_layered_eexist ... ok
test vfs::rootfs::tests::mkdir_no_parent_is_enoent ... ok
test vfs::rootfs::tests::mkdir_then_lookup ... ok
test vfs::rootfs::tests::open_for_dispatch_directory_reports_the_directory_without_listing_it ... ok
test vfs::rootfs::tests::open_for_dispatch_excl_on_existing_is_eexist ... ok
test vfs::rootfs::tests::open_for_dispatch_host_file_uses_raw_fd_without_loading_contents ... ok
test vfs::rootfs::tests::open_for_dispatch_not_found_create_signals_caller ... ok
test vfs::rootfs::tests::open_for_dispatch_overlay_file ... ok
test vfs::rootfs::tests::open_for_dispatch_prefers_combined_host_fd_metadata ... ok
test vfs::rootfs::tests::open_for_dispatch_rootfs_file_with_writable_promotes ... ok
test vfs::rootfs::tests::open_overlay_trunc_clears_bytes ... ok
test vfs::rootfs::tests::open_rootfs_file_returns_bytes ... ok
test vfs::rootfs::tests::open_write_to_rootfs_only_is_erofs ... ok
test vfs::rootfs::tests::overlay_shadows_rootfs ... ok
test vfs::rootfs::tests::readdir_layered ... ok
test vfs::rootfs::tests::rename_between_host_hardlinks_keeps_both_dentries ... ok
test vfs::rootfs::tests::rename_directory_over_file_is_enotdir ... ok
test vfs::rootfs::tests::rename_directory_over_nonempty_directory_is_enotempty ... ok
test vfs::rootfs::tests::rename_file_over_directory_is_eisdir ... ok
test vfs::rootfs::tests::rename_missing_source_is_enoent ... ok
test vfs::rootfs::tests::rename_noreplace_between_host_hardlinks_returns_eexist_without_mutation ... ok
test vfs::rootfs::tests::rename_overlay_file_to_new_path ... ok
test vfs::rootfs::tests::rename_prepare_and_publish_share_the_parent_reservation ... ok
test vfs::rootfs::tests::rename_rootfs_file_promotes_into_overlay ... ok
test vfs::rootfs::tests::rename_with_no_replace_rejects_existing ... ok
test vfs::rootfs::tests::test_rootfs_vfs_create_node_kinds_after_negative_lookup ... ok
test vfs::rootfs::tests::test_rootfs_vfs_fset_owner_and_fset_mode ... ok
test vfs::rootfs::tests::tombstone_shadows_rootfs ... ok
test vfs::rootfs::tests::truncate_rejects_unbounded_in_memory_file_growth ... ok
test vfs::rootfs::tests::unlink_dir_returns_eisdir ... ok
test vfs::rootfs::tests::unlink_missing_returns_enoent ... ok
test vfs::rootfs::tests::unlink_tombstones_rootfs_path ... ok
test vfs::sparse_buffer::overwrite_storage_controller::small_overwrites_do_not_retain_full_suffix_allocations_controller ... ok
test vfs::rootfs::tests::lookup_overlong_pathname_returns_enametoolong_before_enoent ... ok
test vfs::sparse_buffer::tests::chunk_overwrite_split_and_middle_mutation ... ok
test vfs::sparse_buffer::tests::equality_checks_trailing_partial_chunk_controller ... ok
test vfs::sparse_buffer::tests::partial_eq_without_dense_allocation ... ok
test vfs::sparse_buffer::tests::sequential_page_writes_and_distant_reads_perform_bounded_work ... ok
test vfs::sparse_buffer::tests::sparse_buffer_preserves_holes_and_bounded_allocation ... ok
test vfs::sparse_buffer::tests::sparse_buffer_punch_hole_releases_extents ... ok
test vfs::sparse_buffer::tests::sparse_buffer_seek_data_and_seek_hole_preserves_extents ... ok
test vfs::sparse_buffer::tests::bounded_traversal_and_sparse_chunk_accounting ... ok
test vfs::sparse_buffer::tests::sparse_buffer_truncate_cycle_offsets ... ok
test vfs::sparse_buffer::tests::write_range_overflow_fails_closed ... ok
test vfs::dentry::tests::test_dentry_cache_repeated_mkdir_rmdir_cycles ... ok
test fs_backend::tests::authority_nested_listings_have_independent_offsets ... ok
test vfs::dentry::tests::test_dentry_cache_pinned_directory_survives_eviction ... ok
test vfs::dentry::tests::test_dentry_cache_memory_bounded_eviction_leaf_first ... ok
test vfs::dentry::tests::test_dentry_cache_5000_dirs_preserves_earlier_entry ... ok
test fs_backend::tests::hostfs_teardown_retires_large_tree_before_recursive_cleanup ... ok
test fs_backend::tests::startup_sweep_enqueues_partially_cleaned_trash_without_blocking ... ok
test fs_backend::tests::startup_sweep_retires_unlocked_orphan_before_cleanup ... ok

test result: ok. 253 passed; 0 failed; 0 ignored; 0 measured; 38 filtered out; finished in 9.23s

