   Compiling quote v1.0.45
   Compiling proc-macro2 v1.0.106
   Compiling unicode-ident v1.0.24
   Compiling libc v0.2.186
   Compiling serde v1.0.228
   Compiling cfg-if v1.0.4
   Compiling serde_core v1.0.228
   Compiling syn v2.0.117
   Compiling thiserror v2.0.20
   Compiling zmij v1.0.21
   Compiling syn v3.0.3
   Compiling serde_json v1.0.149
   Compiling thiserror-impl v2.0.20
   Compiling version_check v0.9.5
   Compiling generic-array v0.14.7
   Compiling itoa v1.0.18
   Compiling memchr v2.8.0
   Compiling errno v0.3.14
   Compiling smallvec v1.15.1
   Compiling serde_derive v1.0.228
   Compiling portable-atomic v1.13.1
   Compiling critical-section v1.2.0
   Compiling once_cell v1.21.4
   Compiling synstructure v0.13.2
   Compiling log v0.4.29
   Compiling zerofrom-derive v0.1.7
   Compiling subtle v2.6.1
   Compiling bitflags v2.11.1
   Compiling zerofrom v0.1.8
   Compiling yoke-derive v0.8.2
   Compiling typenum v1.20.0
   Compiling stable_deref_trait v1.2.1
   Compiling pin-project-lite v0.2.17
   Compiling yoke v0.8.2
   Compiling zerocopy v0.8.48
   Compiling ucd-trie v0.1.7
   Compiling pest v2.8.6
   Compiling zerovec-derive v0.11.3
   Compiling zerocopy-derive v0.8.48
   Compiling zerovec v0.11.6
   Compiling pest_meta v2.8.6
   Compiling crypto-common v0.1.7
   Compiling block-buffer v0.10.4
   Compiling displaydoc v0.2.5
   Compiling strsim v0.11.1
   Compiling shlex v1.3.0
   Compiling find-msvc-tools v0.1.9
   Compiling cc v1.2.62
   Compiling pest_generator v2.8.6
   Compiling digest v0.10.7
   Compiling bytes v1.11.1
   Compiling heck v0.5.0
   Compiling pest_derive v2.8.6
   Compiling cpufeatures v0.2.17
   Compiling futures-core v0.3.32
   Compiling parking_lot_core v0.9.12
   Compiling sha2 v0.10.9
   Compiling tinystr v0.8.3
   Compiling scroll_derive v0.13.1
   Compiling signal-hook-registry v1.4.8
   Compiling carrick-fatal v0.1.0 (/Volumes/CaseSensitive/carrick/.worktrees/wt-s3m25/crates/carrick-fatal)
   Compiling scopeguard v1.2.0
   Compiling litemap v0.8.2
   Compiling writeable v0.6.3
   Compiling icu_locale_core v2.2.0
   Compiling lock_api v0.4.14
   Compiling scroll v0.13.0
   Compiling zerotrie v0.2.4
   Compiling potential_utf v0.1.5
   Compiling tracing-core v0.1.36
   Compiling tokio-macros v2.7.0
   Compiling mio v1.2.0
   Compiling socket2 v0.6.3
   Compiling icu_properties_data v2.2.0
   Compiling plain v0.2.3
   Compiling utf8_iter v1.0.4
   Compiling icu_normalizer_data v2.2.0
   Compiling usdt-impl v0.6.0
   Compiling rustix v1.1.4
   Compiling icu_collections v2.2.0
   Compiling goblin v0.10.5
   Compiling tokio v1.52.3
   Compiling icu_provider v2.2.0
   Compiling parking_lot v0.12.5
   Compiling carrick-abi v0.1.0 (/Volumes/CaseSensitive/carrick/.worktrees/wt-s3m25/crates/carrick-abi)
   Compiling dtrace-parser v0.3.0
   Compiling ring v0.17.14
   Compiling thread-id v5.1.0
   Compiling tracing-attributes v0.1.31
   Compiling byteorder v1.5.0
   Compiling getrandom v0.3.4
   Compiling foldhash v0.1.5
   Compiling percent-encoding v2.3.2
   Compiling hashbrown v0.15.5
   Compiling tracing v0.1.44
   Compiling carrick-guest-mem v0.1.0 (/Volumes/CaseSensitive/carrick/.worktrees/wt-s3m25/crates/carrick-guest-mem)
   Compiling http v1.4.0
   Compiling serde_tokenstream v0.2.3
   Compiling aho-corasick v1.1.4
   Compiling fnv v1.0.7
   Compiling carrick-sched-core v0.1.0 (/Volumes/CaseSensitive/carrick/.worktrees/wt-s3m25/crates/carrick-sched-core)
   Compiling pretty-hex v0.4.2
   Compiling ident_case v1.0.1
   Compiling regex-syntax v0.8.10
   Compiling zeroize v1.8.2
   Compiling regex-automata v0.4.14
   Compiling rustls-pki-types v1.14.1
   Compiling carrick-fd-core v0.1.0 (/Volumes/CaseSensitive/carrick/.worktrees/wt-s3m25/crates/carrick-fd-core)
   Compiling darling_core v0.20.11
   Compiling dof v0.4.0
   Compiling http-body v1.0.1
   Compiling icu_normalizer v2.2.0
   Compiling icu_properties v2.2.0
   Compiling carrick-mmu-core v0.1.0 (/Volumes/CaseSensitive/carrick/.worktrees/wt-s3m25/crates/carrick-mmu-core)
   Compiling futures-macro v0.3.32
   Compiling getrandom v0.2.17
   Compiling slab v0.4.12
   Compiling carrick-inotify-core v0.1.0 (/Volumes/CaseSensitive/carrick/.worktrees/wt-s3m25/crates/carrick-inotify-core)
   Compiling carrick-pipe-core v0.1.0 (/Volumes/CaseSensitive/carrick/.worktrees/wt-s3m25/crates/carrick-pipe-core)
   Compiling futures-task v0.3.32
   Compiling httparse v1.10.1
   Compiling untrusted v0.9.0
   Compiling anyhow v1.0.102
   Compiling fastrand v2.4.1
   Compiling tempfile v3.27.0
   Compiling futures-util v0.3.32
   Compiling carrick-el1-abi v0.1.0 (/Volumes/CaseSensitive/carrick/.worktrees/wt-s3m25/crates/carrick-el1-abi)
   Compiling idna_adapter v1.2.2
   Compiling darling_macro v0.20.11
   Compiling usdt-attr-macro v0.6.0
   Compiling usdt-macro v0.6.0
   Compiling form_urlencoded v1.2.2
   Compiling memmap2 v0.9.10
   Compiling rustls v0.23.40
   Compiling try-lock v0.2.5
   Compiling tower-service v0.3.3
   Compiling mach2 v0.6.0
   Compiling carrick-el1-image v0.1.0 (/Volumes/CaseSensitive/carrick/.worktrees/wt-s3m25/crates/carrick-el1-image)
   Compiling want v0.3.1
   Compiling usdt v0.6.0
   Compiling darling v0.20.11
   Compiling idna v1.1.0
   Compiling rustls-webpki v0.103.13
   Compiling futures-channel v0.3.32
   Compiling clap_derive v4.6.1
   Compiling autocfg v1.5.0
   Compiling atomic-waker v1.1.2
   Compiling tinyvec_macros v0.1.1
   Compiling ipnet v2.12.0
   Compiling tinyvec v1.11.0
   Compiling hyper v1.9.0
   Compiling num-traits v0.2.19
   Compiling url v2.5.8
   Compiling derive_builder_core v0.20.2
   Compiling carrick-observability v0.1.0 (/Volumes/CaseSensitive/carrick/.worktrees/wt-s3m25/crates/carrick-observability)
   Compiling regex v1.12.3
   Compiling sync_wrapper v1.0.2
   Compiling proc-macro-error-attr2 v2.0.0
   Compiling konst_macro_rules v0.2.19
   Compiling carrick-signal-core v0.1.0 (/Volumes/CaseSensitive/carrick/.worktrees/wt-s3m25/crates/carrick-signal-core)
   Compiling base64 v0.22.1
   Compiling tower-layer v0.3.3
   Compiling unicode-xid v0.2.6
   Compiling const_format_proc_macros v0.2.34
   Compiling tower v0.5.3
   Compiling hyper-util v0.1.20
   Compiling carrick-signal-linux v0.1.0 (/Volumes/CaseSensitive/carrick/.worktrees/wt-s3m25/crates/carrick-signal-linux)
   Compiling konst v0.2.20
   Compiling proc-macro-error2 v2.0.1
   Compiling carrick-mem v0.1.0 (/Volumes/CaseSensitive/carrick/.worktrees/wt-s3m25/crates/carrick-mem)
   Compiling derive_builder_macro v0.20.2
   Compiling tokio-rustls v0.26.4
   Compiling webpki-roots v1.0.7
   Compiling utf8parse v0.2.2
   Compiling futures-sink v0.3.32
   Compiling lazy_static v1.5.0
   Compiling core-foundation-sys v0.8.7
   Compiling ryu v1.0.23
   Compiling carrick-timer-core v0.1.0 (/Volumes/CaseSensitive/carrick/.worktrees/wt-s3m25/crates/carrick-timer-core)
   Compiling carrick-hal v0.1.0 (/Volumes/CaseSensitive/carrick/.worktrees/wt-s3m25/crates/carrick-hal)
   Compiling serde_urlencoded v0.7.1
   Compiling iana-time-zone v0.1.65
   Compiling tokio-util v0.7.18
   Compiling anstyle-parse v1.0.0
   Compiling hyper-rustls v0.27.9
   Compiling derive_builder v0.20.2
   Compiling getset v0.1.6
   Compiling const_format v0.2.36
   Compiling tower-http v0.6.10
   Compiling unicode-normalization v0.1.25
   Compiling http-body-util v0.1.3
   Compiling strum_macros v0.27.2
   Compiling hmac v0.12.1
   Compiling carrick-kernel-arena v0.1.0 (/Volumes/CaseSensitive/carrick/.worktrees/wt-s3m25/crates/carrick-kernel-arena)
   Compiling camino v1.2.2
   Compiling anstyle v1.0.14
   Compiling is_terminal_polyfill v1.70.2
   Compiling colorchoice v1.0.5
   Compiling anstyle-query v1.1.5
   Compiling base64 v0.13.1
   Compiling strum v0.27.2
   Compiling jwt v0.16.0
   Compiling oci-spec v0.8.4
   Compiling anstream v1.0.0
   Compiling carrick-host v0.1.0 (/Volumes/CaseSensitive/carrick/.worktrees/wt-s3m25/crates/carrick-host)
   Compiling olpc-cjson v0.1.4
   Compiling reqwest v0.12.28
   Compiling chrono v0.4.44
   Compiling http-auth v0.1.10
   Compiling getrandom v0.4.2
   Compiling rand_core v0.10.1
   Compiling clap_lex v1.1.0
   Compiling unicase v2.9.0
   Compiling carrick-host-bsd v0.1.0 (/Volumes/CaseSensitive/carrick/.worktrees/wt-s3m25/crates/carrick-host-bsd)
   Compiling crc32fast v1.5.0
   Compiling clap_builder v4.6.0
   Compiling oci-client v0.15.0
   Compiling filetime v0.2.29
   Compiling hashbrown v0.17.1
   Compiling rustversion v1.0.22
   Compiling equivalent v1.0.2
   Compiling adler2 v2.0.1
   Compiling simd-adler32 v0.3.9
   Compiling miniz_oxide v0.8.9
   Compiling indexmap v2.14.0
   Compiling tar v0.4.45
   Compiling carrick-spec v0.1.0 (/Volumes/CaseSensitive/carrick/.worktrees/wt-s3m25/crates/carrick-spec)
   Compiling clap v4.6.1
   Compiling chacha20 v0.10.1
   Compiling serde_spanned v0.6.9
   Compiling toml_datetime v0.6.11
   Compiling winnow v0.7.15
   Compiling carrick-el1 v0.1.0 (/Volumes/CaseSensitive/carrick/.worktrees/wt-s3m25/crates/carrick-el1)
   Compiling toml_write v0.1.2
   Compiling toml_edit v0.22.27
   Compiling rand v0.10.1
   Compiling flate2 v1.1.9
   Compiling carrick-thread v0.1.0 (/Volumes/CaseSensitive/carrick/.worktrees/wt-s3m25/crates/carrick-thread)
   Compiling fd-lock v4.0.4
   Compiling carrick-vmm-hvf v0.1.0 (/Volumes/CaseSensitive/carrick/.worktrees/wt-s3m25/crates/carrick-vmm-hvf)
   Compiling carrick-portable v0.1.0 (/Volumes/CaseSensitive/carrick/.worktrees/wt-s3m25/crates/carrick-portable)
   Compiling applevisor-sys v1.0.0
   Compiling signal-hook v0.4.4
   Compiling data-encoding v2.11.0
   Compiling carrick-kernel v0.1.0 (/Volumes/CaseSensitive/carrick/.worktrees/wt-s3m25/crates/carrick-kernel)
   Compiling hickory-proto v0.26.1
   Compiling applevisor v1.0.0
   Compiling carrick-vfs v0.1.0 (/Volumes/CaseSensitive/carrick/.worktrees/wt-s3m25/crates/carrick-vfs)
   Compiling arc-swap v1.9.2
   Compiling toml v0.8.23
   Compiling carrick-aarch64 v0.1.0 (/Volumes/CaseSensitive/carrick/.worktrees/wt-s3m25/crates/carrick-aarch64)
   Compiling sharded-slab v0.1.7
   Compiling matchers v0.2.0
   Compiling tracing-log v0.2.0
   Compiling carrick-coordinator v0.1.0 (/Volumes/CaseSensitive/carrick/.worktrees/wt-s3m25/crates/carrick-coordinator)
   Compiling thread_local v1.1.9
   Compiling nu-ansi-term v0.50.3
   Compiling carrick-conformance v0.1.0 (/Volumes/CaseSensitive/carrick/.worktrees/wt-s3m25/crates/carrick-conformance)
   Compiling tracing-subscriber v0.3.23
   Compiling carrick-xtask v0.1.0 (/Volumes/CaseSensitive/carrick/.worktrees/wt-s3m25/crates/carrick-xtask)
   Compiling carrick-image v0.1.0 (/Volumes/CaseSensitive/carrick/.worktrees/wt-s3m25/crates/carrick-image)
   Compiling carrick-conformance-next v0.1.0 (/Volumes/CaseSensitive/carrick/.worktrees/wt-s3m25/crates/carrick-conformance-next)
   Compiling carrick-conformance-contract v0.1.0 (/Volumes/CaseSensitive/carrick/.worktrees/wt-s3m25/crates/carrick-conformance-contract)
   Compiling carrick-runtime v0.1.0 (/Volumes/CaseSensitive/carrick/.worktrees/wt-s3m25/crates/carrick-runtime)
   Compiling carrick-engine v0.1.0 (/Volumes/CaseSensitive/carrick/.worktrees/wt-s3m25/crates/carrick-engine)
   Compiling carrick-embed v0.1.0 (/Volumes/CaseSensitive/carrick/.worktrees/wt-s3m25/crates/carrick-embed)
    Finished `release` profile [optimized + debuginfo] target(s) in 6m 25s
/Volumes/CaseSensitive/carrick/.worktrees/wt-s3m25/target/release/deps/dedicated_container_topologies-4d3662b9b924da21.tmp.9059: replacing existing signature
test-signed: signed /Volumes/CaseSensitive/carrick/.worktrees/wt-s3m25/target/release/deps/dedicated_container_topologies-4d3662b9b924da21
/Volumes/CaseSensitive/carrick/.worktrees/wt-s3m25/target/release/deps/immutable_private_file-1ac7356a79fca7ff.tmp.9059: replacing existing signature
test-signed: signed /Volumes/CaseSensitive/carrick/.worktrees/wt-s3m25/target/release/deps/immutable_private_file-1ac7356a79fca7ff
/Volumes/CaseSensitive/carrick/.worktrees/wt-s3m25/target/release/deps/workload_cases-043e29a68b99c68a.tmp.9059: replacing existing signature
test-signed: signed /Volumes/CaseSensitive/carrick/.worktrees/wt-s3m25/target/release/deps/workload_cases-043e29a68b99c68a
/Volumes/CaseSensitive/carrick/.worktrees/wt-s3m25/target/release/deps/probes_shard_0-3125e31be0809725.tmp.9059: replacing existing signature
test-signed: signed /Volumes/CaseSensitive/carrick/.worktrees/wt-s3m25/target/release/deps/probes_shard_0-3125e31be0809725
/Volumes/CaseSensitive/carrick/.worktrees/wt-s3m25/target/release/deps/carrick_conformance_next-490934eb691bf8c4.tmp.9059: replacing existing signature
test-signed: signed /Volumes/CaseSensitive/carrick/.worktrees/wt-s3m25/target/release/deps/carrick_conformance_next-490934eb691bf8c4
/Volumes/CaseSensitive/carrick/.worktrees/wt-s3m25/target/release/deps/entitlement_negative-5e50e7d654d80d34.tmp.9059: replacing existing signature
test-signed: signed /Volumes/CaseSensitive/carrick/.worktrees/wt-s3m25/target/release/deps/entitlement_negative-5e50e7d654d80d34
/Volumes/CaseSensitive/carrick/.worktrees/wt-s3m25/target/release/deps/probes_shard_2-8dbb6d7f74c07ffd.tmp.9059: replacing existing signature
test-signed: signed /Volumes/CaseSensitive/carrick/.worktrees/wt-s3m25/target/release/deps/probes_shard_2-8dbb6d7f74c07ffd
/Volumes/CaseSensitive/carrick/.worktrees/wt-s3m25/target/release/deps/deferred_anonymous-c8fdafa57759cef1.tmp.9059: replacing existing signature
test-signed: signed /Volumes/CaseSensitive/carrick/.worktrees/wt-s3m25/target/release/deps/deferred_anonymous-c8fdafa57759cef1
/Volumes/CaseSensitive/carrick/.worktrees/wt-s3m25/target/release/deps/signal_lease_gap-abb986a97c68ccf2.tmp.9059: replacing existing signature
test-signed: signed /Volumes/CaseSensitive/carrick/.worktrees/wt-s3m25/target/release/deps/signal_lease_gap-abb986a97c68ccf2
/Volumes/CaseSensitive/carrick/.worktrees/wt-s3m25/target/release/deps/conformance_cases-528d553e484d92a1.tmp.9059: replacing existing signature
test-signed: signed /Volumes/CaseSensitive/carrick/.worktrees/wt-s3m25/target/release/deps/conformance_cases-528d553e484d92a1
/Volumes/CaseSensitive/carrick/.worktrees/wt-s3m25/target/release/deps/futex_contract-0b9a6298315f46e6.tmp.9059: replacing existing signature
test-signed: signed /Volumes/CaseSensitive/carrick/.worktrees/wt-s3m25/target/release/deps/futex_contract-0b9a6298315f46e6
/Volumes/CaseSensitive/carrick/.worktrees/wt-s3m25/target/release/deps/ptrace_poketext_signed-41444fce39fb48bd.tmp.9059: replacing existing signature
test-signed: signed /Volumes/CaseSensitive/carrick/.worktrees/wt-s3m25/target/release/deps/ptrace_poketext_signed-41444fce39fb48bd
/Volumes/CaseSensitive/carrick/.worktrees/wt-s3m25/target/release/deps/write_seek_lease-046bcc94c042e210.tmp.9059: replacing existing signature
test-signed: signed /Volumes/CaseSensitive/carrick/.worktrees/wt-s3m25/target/release/deps/write_seek_lease-046bcc94c042e210
/Volumes/CaseSensitive/carrick/.worktrees/wt-s3m25/target/release/deps/probes_shard_1-00ac71d95c8afcf4.tmp.9059: replacing existing signature
test-signed: signed /Volumes/CaseSensitive/carrick/.worktrees/wt-s3m25/target/release/deps/probes_shard_1-00ac71d95c8afcf4
/Volumes/CaseSensitive/carrick/.worktrees/wt-s3m25/target/release/deps/core_mount-1abb4e81a7655265.tmp.9059: replacing existing signature
test-signed: signed /Volumes/CaseSensitive/carrick/.worktrees/wt-s3m25/target/release/deps/core_mount-1abb4e81a7655265
/Volumes/CaseSensitive/carrick/.worktrees/wt-s3m25/target/release/deps/dedicated_bridge_single-59bb4d1929d5d6e5.tmp.9059: replacing existing signature
test-signed: signed /Volumes/CaseSensitive/carrick/.worktrees/wt-s3m25/target/release/deps/dedicated_bridge_single-59bb4d1929d5d6e5
/Volumes/CaseSensitive/carrick/.worktrees/wt-s3m25/target/release/deps/private_file_cow_lanes-7b95d2fce9cd9587.tmp.9059: replacing existing signature
test-signed: signed /Volumes/CaseSensitive/carrick/.worktrees/wt-s3m25/target/release/deps/private_file_cow_lanes-7b95d2fce9cd9587
/Volumes/CaseSensitive/carrick/.worktrees/wt-s3m25/target/release/deps/syscall_write_destinations-b03f419595f9f388.tmp.9059: replacing existing signature
test-signed: signed /Volumes/CaseSensitive/carrick/.worktrees/wt-s3m25/target/release/deps/syscall_write_destinations-b03f419595f9f388
/Volumes/CaseSensitive/carrick/.worktrees/wt-s3m25/target/release/deps/inotify_lifecycle-cf8d174be09c7059.tmp.9059: replacing existing signature
test-signed: signed /Volumes/CaseSensitive/carrick/.worktrees/wt-s3m25/target/release/deps/inotify_lifecycle-cf8d174be09c7059
/Volumes/CaseSensitive/carrick/.worktrees/wt-s3m25/target/release/deps/dedicated_service_groups-c5897d905ddba987.tmp.9059: replacing existing signature
test-signed: signed /Volumes/CaseSensitive/carrick/.worktrees/wt-s3m25/target/release/deps/dedicated_service_groups-c5897d905ddba987
/Volumes/CaseSensitive/carrick/.worktrees/wt-s3m25/target/release/deps/ecosystem_reducers-87e5a22dbeb44d25.tmp.9059: replacing existing signature
test-signed: signed /Volumes/CaseSensitive/carrick/.worktrees/wt-s3m25/target/release/deps/ecosystem_reducers-87e5a22dbeb44d25
test-signed: running /Volumes/CaseSensitive/carrick/.worktrees/wt-s3m25/target/release/deps/probes_shard_0-3125e31be0809725 m5_el0_nested_altstack_and_fault_frame_bindings --nocapture

running 1 test
test m5_el0_nested_altstack_and_fault_frame_bindings ... ok

test result: ok. 1 passed; 0 failed; 0 ignored; 0 measured; 13 filtered out; finished in 5.52s

/Volumes/CaseSensitive/carrick/.worktrees/wt-s3m25/target/release/deps/entitlement_negative-5e50e7d654d80d34.noent.9059: replacing existing signature
test-signed: negative control on /Volumes/CaseSensitive/carrick/.worktrees/wt-s3m25/target/release/deps/entitlement_negative-5e50e7d654d80d34.noent.9059

running 1 test
test unsigned_executable_maps_hv_denied_to_entitlement ... ok

test result: ok. 1 passed; 0 failed; 0 ignored; 0 measured; 5 filtered out; finished in 0.08s

remaining carrick procs (run-id s3m25-frames-20261002-a) = 0
remaining carrick procs (run-id s3m25-frames-20261002-a-cli) = 0
test-signed: receipt target/test-results/carrick-conformance-next-signed-artifacts.jsonl
test-signed: OK (carrick-conformance-next: 1 invoked signed executable(s) passed, 21 signed, negative control passed)
