{"name": "node-app", "phase": "carrick", "returncode": 0, "timed_out": false, "outer_wall_s": 0.22235137500683777, "guest_timing": [[0.17, 0.064, 0.063]]}
{"name": "node-app", "phase": "carrick", "returncode": 0, "timed_out": false, "outer_wall_s": 0.21559529200021643, "guest_timing": [[0.164, 0.058, 0.059]]}
{"name": "node-app", "phase": "carrick", "returncode": 0, "timed_out": false, "outer_wall_s": 0.23714583400578704, "guest_timing": [[0.186, 0.078, 0.072]]}
{"name": "node-app", "phase": "carrick", "returncode": 0, "timed_out": false, "outer_wall_s": 0.22366641700500622, "guest_timing": [[0.172, 0.063, 0.061]]}
{"name": "node-app", "phase": "carrick", "returncode": 0, "timed_out": false, "outer_wall_s": 0.22336266600177623, "guest_timing": [[0.172, 0.064, 0.064]]}
{"name": "node-app", "phase": "carrick", "returncode": 0, "timed_out": false, "outer_wall_s": 0.22285012499196455, "guest_timing": [[0.17, 0.062, 0.063]]}
{"name": "node-app", "phase": "carrick", "returncode": 0, "timed_out": false, "outer_wall_s": 0.22551991698856, "guest_timing": [[0.173, 0.064, 0.061]]}
{"name": "node-app", "phase": "carrick", "returncode": 0, "timed_out": false, "outer_wall_s": 0.23309179198986385, "guest_timing": [[0.181, 0.072, 0.069]]}
{"name": "node-app", "phase": "carrick", "returncode": 0, "timed_out": false, "outer_wall_s": 0.23281329199380707, "guest_timing": [[0.182, 0.073, 0.068]]}
{"name": "node-app", "phase": "carrick", "returncode": 0, "timed_out": false, "outer_wall_s": 0.22501545799605083, "guest_timing": [[0.173, 0.065, 0.065]]}
{"name": "parallel8", "phase": "carrick", "returncode": 0, "timed_out": false, "outer_wall_s": 0.7549005000037141, "guest_timing": [[0.687, 0.633, 1.033]]}
{"name": "parallel8", "phase": "carrick", "returncode": 0, "timed_out": false, "outer_wall_s": 0.7581134170031874, "guest_timing": [[0.695, 0.641, 1.042]]}
{"name": "parallel8", "phase": "carrick", "returncode": 0, "timed_out": false, "outer_wall_s": 0.7622936660045525, "guest_timing": [[0.702, 0.63, 1.023]]}
{"name": "parallel8", "phase": "carrick", "returncode": 0, "timed_out": false, "outer_wall_s": 0.7593555000057677, "guest_timing": [[0.692, 0.643, 1.033]]}
{"name": "parallel8", "phase": "carrick", "returncode": 0, "timed_out": false, "outer_wall_s": 0.7496688329993049, "guest_timing": [[0.688, 0.646, 1.039]]}
{"name": "parallel8", "phase": "carrick", "returncode": 0, "timed_out": false, "outer_wall_s": 0.7782788750046166, "guest_timing": [[0.691, 0.626, 0.991]]}
{"name": "parallel8", "phase": "carrick", "returncode": 0, "timed_out": false, "outer_wall_s": 0.8431662499933736, "guest_timing": [[0.784, 0.613, 1.034]]}
{"name": "parallel8", "phase": "carrick", "returncode": 0, "timed_out": false, "outer_wall_s": 0.7618932920013322, "guest_timing": [[0.7, 0.645, 1.044]]}
{"name": "parallel8", "phase": "carrick", "returncode": 0, "timed_out": false, "outer_wall_s": 0.7991309999924852, "guest_timing": [[0.728, 0.629, 1.049]]}
{"name": "parallel8", "phase": "carrick", "returncode": 0, "timed_out": false, "outer_wall_s": 0.7596476250037085, "guest_timing": [[0.705, 0.629, 1.016]]}
{
  "node-app": {
    "A": {
      "samples_s": [
        0.186,
        0.17,
        0.173,
        0.173
      ],
      "mean_s": 0.1755,
      "median_s": 0.173
    },
    "B": {
      "samples_s": [
        0.172,
        0.172,
        0.181,
        0.182
      ],
      "mean_s": 0.17675,
      "median_s": 0.1765
    },
    "candidate_control_ratio": 1.0071225071225072
  },
  "parallel8": {
    "A": {
      "samples_s": [
        0.702,
        0.691,
        0.784,
        0.705
      ],
      "mean_s": 0.7204999999999999,
      "median_s": 0.7035
    },
    "B": {
      "samples_s": [
        0.692,
        0.688,
        0.7,
        0.728
      ],
      "mean_s": 0.702,
      "median_s": 0.696
    },
    "candidate_control_ratio": 0.974323386537127
  }
}
