test_descriptor_with_unrelated_filename_is_evidence (contract_tests.CheckContractChangeTest.test_descriptor_with_unrelated_filename_is_evidence) ... [main (root-commit) 6751662] initial commit
 4 files changed, 663 insertions(+)
 create mode 100644 conformance-contracts/contracts/futex-contention.toml
 create mode 100644 conformance-contracts/surfaces.toml
 create mode 100644 crates/carrick-kernel-example/tests/semantics/futex_contention.rs
 create mode 100644 crates/carrick-kernel/src/dispatch/futex.rs
[main 071fecb] update declared contract
 3 files changed, 3 insertions(+), 622 deletions(-)
 rename conformance-contracts/contracts/{futex-contention.toml => reviewed-contract.toml} (97%)
FAIL
test_lookalike_filename_is_not_contract_evidence (contract_tests.CheckContractChangeTest.test_lookalike_filename_is_not_contract_evidence) ... [main (root-commit) 6751662] initial commit
 4 files changed, 663 insertions(+)
 create mode 100644 conformance-contracts/contracts/futex-contention.toml
 create mode 100644 conformance-contracts/surfaces.toml
 create mode 100644 crates/carrick-kernel-example/tests/semantics/futex_contention.rs
 create mode 100644 crates/carrick-kernel/src/dispatch/futex.rs
[main bc28195] unrelated lookalike
 3 files changed, 2 insertions(+), 622 deletions(-)
 create mode 100644 docs/contention.toml
FAIL

======================================================================
FAIL: test_descriptor_with_unrelated_filename_is_evidence (contract_tests.CheckContractChangeTest.test_descriptor_with_unrelated_filename_is_evidence)
----------------------------------------------------------------------
Traceback (most recent call last):
  File "/Volumes/CaseSensitive/carrick/.worktrees/wt-batch3/scripts/tests/test_check_contract_change.py", line 79, in test_descriptor_with_unrelated_filename_is_evidence
    self.assertEqual(result.returncode, 0, msg=result.stderr)
    ~~~~~~~~~~~~~~~~^^^^^^^^^^^^^^^^^^^^^^^^^^^^^^^^^^^^^^^^^
AssertionError: 1 != 0 : error: uncovered guest surface: crates/carrick-kernel/src/dispatch/futex.rs (contract: kernel.futex.contention) requires contract/test evidence


======================================================================
FAIL: test_lookalike_filename_is_not_contract_evidence (contract_tests.CheckContractChangeTest.test_lookalike_filename_is_not_contract_evidence)
----------------------------------------------------------------------
Traceback (most recent call last):
  File "/Volumes/CaseSensitive/carrick/.worktrees/wt-batch3/scripts/tests/test_check_contract_change.py", line 90, in test_lookalike_filename_is_not_contract_evidence
    self.assertEqual(result.returncode, 1)
    ~~~~~~~~~~~~~~~~^^^^^^^^^^^^^^^^^^^^^^
AssertionError: 0 != 1

----------------------------------------------------------------------
Ran 2 tests in 0.344s

FAILED (failures=2)
