Attaching 7 probes...
ORACLEMIX1|ready|root=35193
ORACLEMIX1|complete|root=35193


@calls[140]: 1
@calls[52]: 1
@calls[129]: 1
@calls[66]: 1
@calls[55]: 1
@calls[143]: 1
@calls[153]: 1
@calls[65]: 1
@calls[50]: 1
@calls[82]: 1
@calls[123]: 1
@calls[83]: 1
@calls[145]: 1
@calls[285]: 2
@calls[279]: 2
@calls[46]: 2
@calls[141]: 2
@calls[158]: 2
@calls[44]: 3
@calls[115]: 3
@calls[45]: 3
@calls[51]: 3
@calls[210]: 3
@calls[179]: 3
@calls[76]: 3
@calls[72]: 3
@calls[19]: 3
@calls[165]: 4
@calls[16]: 4
@calls[15]: 4
@calls[203]: 5
@calls[199]: 5
@calls[201]: 5
@calls[43]: 5
@calls[209]: 5
@calls[166]: 6
@calls[200]: 6
@calls[20]: 6
@calls[37]: 7
@calls[14]: 7
@calls[160]: 7
@calls[33]: 8
@calls[88]: 9
@calls[54]: 10
@calls[208]: 10
@calls[242]: 10
@calls[216]: 10
@calls[205]: 10
@calls[233]: 11
@calls[93]: 11
@calls[198]: 11
@calls[139]: 11
@calls[13]: 12
@calls[10]: 14
@calls[9]: 14
@calls[73]: 14
@calls[8]: 17
@calls[49]: 21
@calls[173]: 21
@calls[11]: 27
@calls[132]: 28
@calls[172]: 32
@calls[204]: 35
@calls[21]: 40
@calls[177]: 44
@calls[176]: 44
@calls[24]: 48
@calls[174]: 50
@calls[96]: 51
@calls[261]: 52
@calls[436]: 52
@calls[48]: 56
@calls[94]: 61
@calls[293]: 62
@calls[71]: 63
@calls[175]: 65
@calls[221]: 66
@calls[59]: 66
@calls[206]: 68
@calls[220]: 72
@calls[6]: 76
@calls[260]: 76
@calls[178]: 77
@calls[7]: 77
@calls[5]: 79
@calls[99]: 88
@calls[278]: 107
@calls[53]: 111
@calls[38]: 114
@calls[78]: 126
@calls[17]: 192
@calls[207]: 202
@calls[36]: 218
@calls[22]: 236
@calls[215]: 408
@calls[226]: 455
@calls[135]: 489
@calls[214]: 505
@calls[34]: 723
@calls[29]: 1024
@calls[222]: 1125
@calls[98]: 1169
@calls[64]: 1175
@calls[63]: 1219
@calls[35]: 1348
@calls[134]: 3933
@calls[62]: 5754
@calls[25]: 12407
@calls[56]: 19280
@calls[79]: 20866
@calls[57]: 23202
@calls[80]: 23496
@calls[61]: 33961

@total: 155750

