Attaching 7 probes...
ORACLEMIX1|ready|root=33480
ORACLEMIX1|complete|root=33480
@calls[34]: 1
@calls[242]: 1
@calls[203]: 1
@calls[200]: 1
@calls[201]: 1
@calls[17]: 2
@calls[48]: 2
@calls[139]: 2
@calls[198]: 2
@calls[221]: 2
@calls[96]: 2
@calls[94]: 3
@calls[78]: 3
@calls[24]: 3
@calls[123]: 3
@calls[199]: 3
@calls[260]: 3
@calls[210]: 3
@calls[165]: 4
@calls[160]: 4
@calls[62]: 4
@calls[291]: 5
@calls[278]: 5
@calls[209]: 6
@calls[204]: 6
@calls[20]: 8
@calls[19]: 8
@calls[93]: 10
@calls[178]: 10
@calls[59]: 12
@calls[208]: 13
@calls[293]: 15
@calls[220]: 15
@calls[99]: 17
@calls[29]: 19
@calls[167]: 22
@calls[261]: 24
@calls[64]: 30
@calls[22]: 33
@calls[21]: 35
@calls[176]: 37
@calls[90]: 37
@calls[174]: 37
@calls[175]: 37
@calls[177]: 37
@calls[56]: 46
@calls[214]: 47
@calls[80]: 49
@calls[25]: 61
@calls[63]: 72
@calls[172]: 74
@calls[57]: 78
@calls[226]: 96
@calls[135]: 101
@calls[233]: 126
@calls[134]: 165
@calls[222]: 198
@calls[98]: 240
@calls[215]: 254
@total: 2136





@total: 0

