   Compiling carrick-kernel v0.1.0 (/Volumes/CaseSensitive/carrick/.worktrees/wt-cp3-adapter/crates/carrick-kernel)
    Finished `test` profile [unoptimized + debuginfo] target(s) in 45.61s
     Running unittests src/lib.rs (target/debug/deps/carrick_kernel-0e30fc82960c1af7)

running 15 tests
test dispatch::mem::fault::tests::committed_first_touch_page_still_routes_to_mutation_authority ... ok
test dispatch::mem::fault::tests::dontneed_first_touch_restores_an_executable_leaf ... ok
test dispatch::mem::fault::tests::first_touch_arming_answers_and_splits_exactly_like_a_scan ... ok
test dispatch::mem::fault::tests::first_touch_arming_coalesces_adjacent_equal_protections ... ok
test dispatch::mem::fault::tests::mprotect_none_over_armed_first_touch_page_retires_and_rearms_the_pending_edit ... ok
test dispatch::mem::fault::tests::mprotect_over_armed_first_touch_page_keeps_the_leaf_invalid_with_new_prot ... ok
test dispatch::mem::fault::tests::mprotect_over_committed_first_touch_page_does_not_rearm_it ... ok
test dispatch::mem::fault::tests::reconciled_el1_commit_joins_host_residency_and_disarms_first_touch ... ok
test dispatch::mem::host_first_touch::tests::guest_host_first_touch_commits_only_an_exact_write_publication ... ok
test dispatch::mem::host_first_touch::tests::host_first_touch_rejects_changed_arming_revision ... ok
test dispatch::mem::host_first_touch::tests::host_first_touch_rejects_mismatched_resident_receipt ... ok
test dispatch::mem::tests::anonymous_mmap_residency_tracks_populate_first_touch_and_dontneed ... ok
test dispatch::mem::tests::lazy_anonymous_mmap_arms_first_touch_without_accessible_backing ... ok
test dispatch::mem::tests::lazy_fixed_anonymous_replacement_rearms_first_touch_after_retirement ... ok
test event_ring::tests::first_touch_round_trips ... ok

test result: ok. 15 passed; 0 failed; 0 ignored; 0 measured; 2336 filtered out; finished in 0.04s

