   Compiling carrick-mem v0.1.0 (/Volumes/CaseSensitive/carrick/.worktrees/wt-cp3-adapter/crates/carrick-mem)
   Compiling carrick-hal v0.1.0 (/Volumes/CaseSensitive/carrick/.worktrees/wt-cp3-adapter/crates/carrick-hal)
   Compiling carrick-host-bsd v0.1.0 (/Volumes/CaseSensitive/carrick/.worktrees/wt-cp3-adapter/crates/carrick-host-bsd)
   Compiling carrick-thread v0.1.0 (/Volumes/CaseSensitive/carrick/.worktrees/wt-cp3-adapter/crates/carrick-thread)
   Compiling carrick-aarch64 v0.1.0 (/Volumes/CaseSensitive/carrick/.worktrees/wt-cp3-adapter/crates/carrick-aarch64)
   Compiling carrick-vfs v0.1.0 (/Volumes/CaseSensitive/carrick/.worktrees/wt-cp3-adapter/crates/carrick-vfs)
warning: unused import: `zerocopy::FromBytes`
 --> crates/carrick-aarch64/src/descriptor_drain.rs:4:5
  |
4 | use zerocopy::FromBytes;
  |     ^^^^^^^^^^^^^^^^^^^
  |
  = note: `#[warn(unused_imports)]` (part of `#[warn(unused)]`) on by default

   Compiling carrick-vmm-hvf v0.1.0 (/Volumes/CaseSensitive/carrick/.worktrees/wt-cp3-adapter/crates/carrick-vmm-hvf)
warning: `carrick-aarch64` (lib) generated 1 warning
   Compiling carrick-kernel v0.1.0 (/Volumes/CaseSensitive/carrick/.worktrees/wt-cp3-adapter/crates/carrick-kernel)
   Compiling carrick-kernel-example v0.1.0 (/Volumes/CaseSensitive/carrick/.worktrees/wt-cp3-adapter/crates/carrick-kernel-example)
   Compiling carrick-runtime v0.1.0 (/Volumes/CaseSensitive/carrick/.worktrees/wt-cp3-adapter/crates/carrick-runtime)
   Compiling native-syscall-slice v0.1.0 (/Volumes/CaseSensitive/carrick/.worktrees/wt-cp3-adapter/experiments/native-syscall-slice)
    Finished `test` profile [unoptimized + debuginfo] target(s) in 30.66s
     Running unittests src/lib.rs (target/debug/deps/carrick_runtime-37fea059b581a0c1)

running 1 test
test vcpu_loop::signal::guest_descriptor_lane_tests::prepared_copyout_publishes_only_its_page_through_the_guest_executor ... FAILED

failures:

---- vcpu_loop::signal::guest_descriptor_lane_tests::prepared_copyout_publishes_only_its_page_through_the_guest_executor stdout ----

thread 'vcpu_loop::signal::guest_descriptor_lane_tests::prepared_copyout_publishes_only_its_page_through_the_guest_executor' (34598527) panicked at crates/carrick-runtime/src/vcpu_loop/signal.rs:3121:132:
called `Result::unwrap()` on an `Err` value: Hypervisor("guest copyout publication is not connected")
note: run with `RUST_BACKTRACE=1` environment variable to display a backtrace


failures:
    vcpu_loop::signal::guest_descriptor_lane_tests::prepared_copyout_publishes_only_its_page_through_the_guest_executor

test result: FAILED. 0 passed; 1 failed; 0 ignored; 0 measured; 648 filtered out; finished in 0.03s

error: test failed, to rerun pass `-p carrick-runtime --lib`
