   Compiling carrick-mmu-core v0.1.0 (/Volumes/CaseSensitive/carrick/.worktrees/wt-cp3-adapter/crates/carrick-mmu-core)
   Compiling carrick-el1-image v0.1.0 (/Volumes/CaseSensitive/carrick/.worktrees/wt-cp3-adapter/crates/carrick-el1-image)
   Compiling carrick-el1-abi v0.1.0 (/Volumes/CaseSensitive/carrick/.worktrees/wt-cp3-adapter/crates/carrick-el1-abi)
   Compiling carrick-mem v0.1.0 (/Volumes/CaseSensitive/carrick/.worktrees/wt-cp3-adapter/crates/carrick-mem)
    Finished `test` profile [unoptimized + debuginfo] target(s) in 3.03s
     Running unittests src/lib.rs (target/debug/deps/carrick_mmu_core-795688a8226b9d93)

running 2 tests

thread 'aarch64::descriptor_txn::tests::executor::cow_compound_refuses_overlapping_copy_extents' (34675118) panicked at crates/carrick-mmu-core/src/aarch64/descriptor_txn.rs:3185:17:
assertion `left == right` failed
  left: Refused(NotCowArmed)
 right: Refused(BadRange)
note: run with `RUST_BACKTRACE=1` environment variable to display a backtrace
test aarch64::descriptor_txn::tests::executor::cow_compound_refuses_overlapping_copy_extents ... FAILED

thread 'aarch64::descriptor_txn::tests::executor::cow_compound_failure_restores_every_original_leaf' (34675117) panicked at crates/carrick-mmu-core/src/aarch64/descriptor_txn.rs:3164:17:
assertion `left == right` failed: store 4
  left: Applied(DescriptorApplied { pages: 4, resident: PageSpan { va: 0, len: 0 }, tables_linked: 0, live_stores: 4, flush_required: true })
 right: RolledBack(Contended)
test aarch64::descriptor_txn::tests::executor::cow_compound_failure_restores_every_original_leaf ... FAILED

failures:

failures:
    aarch64::descriptor_txn::tests::executor::cow_compound_failure_restores_every_original_leaf
    aarch64::descriptor_txn::tests::executor::cow_compound_refuses_overlapping_copy_extents

test result: FAILED. 0 passed; 2 failed; 0 ignored; 0 measured; 157 filtered out; finished in 0.00s

error: test failed, to rerun pass `-p carrick-mmu-core --lib`
