   Compiling serde_core v1.0.228
   Compiling syn v2.0.117
   Compiling log v0.4.29
   Compiling once_cell v1.21.4
   Compiling smallvec v1.15.1
   Compiling errno v0.3.14
   Compiling digest v0.10.7
   Compiling carrick-mmu-core v0.1.0 (/Volumes/CaseSensitive/carrick/.worktrees/wt-cp3-adapter/crates/carrick-mmu-core)
   Compiling carrick-el1-image v0.1.0 (/Volumes/CaseSensitive/carrick/.worktrees/wt-cp3-adapter/crates/carrick-el1-image)
   Compiling rustix v1.1.4
   Compiling tracing-core v0.1.36
   Compiling parking_lot_core v0.9.12
   Compiling sha2 v0.10.9
   Compiling parking_lot v0.12.5
   Compiling carrick-el1-abi v0.1.0 (/Volumes/CaseSensitive/carrick/.worktrees/wt-cp3-adapter/crates/carrick-el1-abi)
   Compiling tempfile v3.27.0
   Compiling serde_json v1.0.149
   Compiling pest_generator v2.8.6
   Compiling serde_derive v1.0.228
   Compiling zerocopy-derive v0.8.48
   Compiling scroll_derive v0.13.1
   Compiling tracing-attributes v0.1.31
   Compiling clap_derive v4.6.1
   Compiling pest_derive v2.8.6
   Compiling dtrace-parser v0.3.0
   Compiling scroll v0.13.0
   Compiling goblin v0.10.5
   Compiling tracing v0.1.44
   Compiling zerocopy v0.8.48
   Compiling clap v4.6.1
   Compiling serde v1.0.228
   Compiling serde_tokenstream v0.2.3
   Compiling usdt-impl v0.6.0
   Compiling serde_spanned v0.6.9
   Compiling toml_datetime v0.6.11
   Compiling toml_edit v0.22.27
   Compiling usdt-macro v0.6.0
   Compiling usdt-attr-macro v0.6.0
   Compiling dof v0.4.0
   Compiling carrick-abi v0.1.0 (/Volumes/CaseSensitive/carrick/.worktrees/wt-cp3-adapter/crates/carrick-abi)
   Compiling carrick-guest-mem v0.1.0 (/Volumes/CaseSensitive/carrick/.worktrees/wt-cp3-adapter/crates/carrick-guest-mem)
   Compiling toml v0.8.23
   Compiling usdt v0.6.0
   Compiling carrick-observability v0.1.0 (/Volumes/CaseSensitive/carrick/.worktrees/wt-cp3-adapter/crates/carrick-observability)
   Compiling carrick-mem v0.1.0 (/Volumes/CaseSensitive/carrick/.worktrees/wt-cp3-adapter/crates/carrick-mem)
   Compiling carrick-signal-linux v0.1.0 (/Volumes/CaseSensitive/carrick/.worktrees/wt-cp3-adapter/crates/carrick-signal-linux)
   Compiling carrick-hal v0.1.0 (/Volumes/CaseSensitive/carrick/.worktrees/wt-cp3-adapter/crates/carrick-hal)
   Compiling carrick-conformance-contract v0.1.0 (/Volumes/CaseSensitive/carrick/.worktrees/wt-cp3-adapter/crates/carrick-conformance-contract)
   Compiling carrick-thread v0.1.0 (/Volumes/CaseSensitive/carrick/.worktrees/wt-cp3-adapter/crates/carrick-thread)
   Compiling carrick-host-bsd v0.1.0 (/Volumes/CaseSensitive/carrick/.worktrees/wt-cp3-adapter/crates/carrick-host-bsd)
   Compiling carrick-aarch64 v0.1.0 (/Volumes/CaseSensitive/carrick/.worktrees/wt-cp3-adapter/crates/carrick-aarch64)
   Compiling carrick-vmm-hvf v0.1.0 (/Volumes/CaseSensitive/carrick/.worktrees/wt-cp3-adapter/crates/carrick-vmm-hvf)
error: could not compile `carrick-vmm-hvf` (test "el1_descriptor_service") due to 1 previous error; 1 warning emitted
warning: build failed, waiting for other jobs to finish...
remaining carrick procs (run-id el1-descriptor-service-20260929-a) = 0
remaining carrick procs (run-id el1-descriptor-service-20260929-a-cli) = 0
