python3 scripts/conformance/check-next-strategy.py
conformance-next strategy: enforced
python3 scripts/conformance/regen-next-shards.py --check
492 generic probes; shards [164, 164, 164]; cached [157, 150, 149]
./scripts/lint-domains.sh
# The self-tests run FIRST and in the same gate as --check: every one of
# these scanners keys at least one rule on an exact source PATH, so a crate
# move can leave a rule matching nothing while --check still exits 0. The
# self-test fixtures are the only thing that notices (Task 2.9 moved
# `kernel/crash_capture.rs` into carrick-kernel and the CrashQuorum rule
# went vacuous under a green `just ci`).
python3 scripts/migrate/check-task-participant-witnesses.py --self-test
task participant witness self-test: 14 negative and 14 positive fixtures passed
python3 scripts/migrate/check-mm-authority.py --self-test
mm authority self-test: 20 negative and 17 positive fixtures passed
python3 scripts/migrate/check-dispatch-lock-authority.py --self-test
Running check-dispatch-lock-authority self-tests...
All check-dispatch-lock-authority self-tests PASSED (22 fixtures).
python3 scripts/migrate/check-k1-burndown.py --self-test
check-k1-burndown self-test OK
python3 scripts/migrate/check-serial-host-tests.py --self-test
check-serial-host-tests: self-test ok (19/19 passed)
# The two inventory-maintenance tools carry their own unittest files
# rather than a `--self-test` flag, and until now no gate executed
# them -- a test no gate runs is not a test. They belong here for the
# same reason as the self-tests above: both tools REWRITE the
# line-pinned inventories (a rename map, a rehome of pinned positions),
# so a silent break in either corrupts the very files
# `check-host-authority-transitions.py --check` then validates below.
# NAMED, not `unittest discover`: `scripts/tests/` also holds
# `test_host_authority_transitions.py`, which is red at this branch's
# base, and a discover run would turn that pre-existing red into a
# blocked gate for every unrelated change.
python3 -m unittest scripts/migrate/tests/test_reconcile_rename.py scripts/tests/test_rehome_line_pinned_inventories.py
......................
----------------------------------------------------------------------
Ran 22 tests in 0.105s

OK
positions updated: 0
rationale site references rebound: 0
inventory rows: 1; capture rows: 0
positions updated: 0
rationale site references rebound: 0
inventory rows: 1; capture rows: 0
positions updated: 1
rationale site references rebound: 1
inventory rows: 1; capture rows: 0
positions updated: 1
rationale site references rebound: 1
inventory rows: 1; capture rows: 0
python3 -m unittest scripts/tests/test_conformance_contract_policy.py
...
----------------------------------------------------------------------
Ran 3 tests in 0.001s

OK
cargo run -p carrick-conformance-contract --bin check-contracts -- --root .
   Compiling carrick-observability v0.1.0 (/Volumes/CaseSensitive/carrick/.worktrees/wt-cp3-adapter/crates/carrick-observability)
   Compiling carrick-conformance-contract v0.1.0 (/Volumes/CaseSensitive/carrick/.worktrees/wt-cp3-adapter/crates/carrick-conformance-contract)
    Finished `dev` profile [unoptimized + debuginfo] target(s) in 2.64s
     Running `target/debug/check-contracts --root .`
conformance contracts checked: 68 contracts, 15 claims, 148 surfaces (inventory: 338 syscalls, 14 with claims)
cargo metadata --locked --offline --all-features --format-version 1 > target/cargo-metadata.json
cargo run -p carrick-conformance-contract --bin check-personality-boundary -- --root . --metadata-file target/cargo-metadata.json
   Compiling carrick-conformance-contract v0.1.0 (/Volumes/CaseSensitive/carrick/.worktrees/wt-cp3-adapter/crates/carrick-conformance-contract)
    Finished `dev` profile [unoptimized + debuginfo] target(s) in 0.24s
     Running `target/debug/check-personality-boundary --root . --metadata-file target/cargo-metadata.json`
personality boundary checked: 7 substrate crate(s) clean
  [PASS] crate `carrick-sched-core` (shipped deps: [], dev deps: [], scanned files: 5)
  [PASS] crate `carrick-mmu-core` (shipped deps: ["foldhash", "hashbrown"], dev deps: ["carrick-mem"], scanned files: 4)
  [PASS] crate `carrick-signal-core` (shipped deps: [], dev deps: [], scanned files: 2)
  [PASS] crate `carrick-timer-core` (shipped deps: [], dev deps: [], scanned files: 3)
  [PASS] crate `carrick-fd-core` (shipped deps: ["carrick-sched-core"], dev deps: [], scanned files: 2)
  [PASS] crate `carrick-pipe-core` (shipped deps: [], dev deps: [], scanned files: 2)
  [PASS] crate `carrick-el1` (shipped deps: ["carrick-el1-abi", "carrick-fd-core", "carrick-inotify-core", "carrick-mmu-core", "carrick-pipe-core", "carrick-sched-core", "foldhash", "hashbrown"], dev deps: [], scanned files: 10)
python3 -m unittest scripts/tests/test_check_contract_change.py
[main (root-commit) ed4dc2e] initial commit
 4 files changed, 663 insertions(+)
 create mode 100644 conformance-contracts/contracts/futex-contention.toml
 create mode 100644 conformance-contracts/surfaces.toml
 create mode 100644 crates/carrick-kernel-example/tests/semantics/futex_contention.rs
 create mode 100644 crates/carrick-kernel/src/dispatch/futex.rs
[main 4908f05] modify guest file
 1 file changed, 1 insertion(+), 1 deletion(-)
.[main (root-commit) ed4dc2e] initial commit
 4 files changed, 663 insertions(+)
 create mode 100644 conformance-contracts/contracts/futex-contention.toml
 create mode 100644 conformance-contracts/surfaces.toml
 create mode 100644 crates/carrick-kernel-example/tests/semantics/futex_contention.rs
 create mode 100644 crates/carrick-kernel/src/dispatch/futex.rs
[main bf71b92] modify guest and binding
 2 files changed, 2 insertions(+), 2 deletions(-)
.[main (root-commit) ed4dc2e] initial commit
 4 files changed, 663 insertions(+)
 create mode 100644 conformance-contracts/contracts/futex-contention.toml
 create mode 100644 conformance-contracts/surfaces.toml
 create mode 100644 crates/carrick-kernel-example/tests/semantics/futex_contention.rs
 create mode 100644 crates/carrick-kernel/src/dispatch/futex.rs
[main c188cb4] rename guest file byte-identical
 1 file changed, 0 insertions(+), 0 deletions(-)
 rename crates/carrick-kernel/src/dispatch/{futex.rs => futex_renamed.rs} (100%)
.[main (root-commit) c425830] initial commit
 4 files changed, 663 insertions(+)
 create mode 100644 conformance-contracts/contracts/futex-contention.toml
 create mode 100644 conformance-contracts/surfaces.toml
 create mode 100644 crates/carrick-kernel-example/tests/semantics/futex_contention.rs
 create mode 100644 crates/carrick-kernel/src/dispatch/futex.rs
[main 593241b] rename and edit guest file
 2 files changed, 1 insertion(+), 1 deletion(-)
 delete mode 100644 crates/carrick-kernel/src/dispatch/futex.rs
 create mode 100644 crates/carrick-kernel/src/dispatch/futex_renamed.rs
.[main (root-commit) c425830] initial commit
 4 files changed, 663 insertions(+)
 create mode 100644 conformance-contracts/contracts/futex-contention.toml
 create mode 100644 conformance-contracts/surfaces.toml
 create mode 100644 crates/carrick-kernel-example/tests/semantics/futex_contention.rs
 create mode 100644 crates/carrick-kernel/src/dispatch/futex.rs
[main a2f48a6] add unclassified file
 1 file changed, 1 insertion(+)
 create mode 100644 crates/unclassified/new_file.rs
.[main (root-commit) c425830] initial commit
 4 files changed, 663 insertions(+)
 create mode 100644 conformance-contracts/contracts/futex-contention.toml
 create mode 100644 conformance-contracts/surfaces.toml
 create mode 100644 crates/carrick-kernel-example/tests/semantics/futex_contention.rs
 create mode 100644 crates/carrick-kernel/src/dispatch/futex.rs
[main 5934514] modify with glob exemption
 2 files changed, 7 insertions(+), 1 deletion(-)
 create mode 100644 docs/conformance-exemptions/exemption.toml
.[main (root-commit) c425830] initial commit
 4 files changed, 663 insertions(+)
 create mode 100644 conformance-contracts/contracts/futex-contention.toml
 create mode 100644 conformance-contracts/surfaces.toml
 create mode 100644 crates/carrick-kernel-example/tests/semantics/futex_contention.rs
 create mode 100644 crates/carrick-kernel/src/dispatch/futex.rs
[main 799e156] modify with bad exemption revisions
 2 files changed, 6 insertions(+), 1 deletion(-)
 create mode 100644 docs/conformance-exemptions/exemption.toml
.[main (root-commit) c425830] initial commit
 4 files changed, 663 insertions(+)
 create mode 100644 conformance-contracts/contracts/futex-contention.toml
 create mode 100644 conformance-contracts/surfaces.toml
 create mode 100644 crates/carrick-kernel-example/tests/semantics/futex_contention.rs
 create mode 100644 crates/carrick-kernel/src/dispatch/futex.rs
[main 5436807] modify with bad rationale
 2 files changed, 7 insertions(+), 1 deletion(-)
 create mode 100644 docs/conformance-exemptions/exemption.toml
.[main (root-commit) cc90451] initial commit
 4 files changed, 663 insertions(+)
 create mode 100644 conformance-contracts/contracts/futex-contention.toml
 create mode 100644 conformance-contracts/surfaces.toml
 create mode 100644 crates/carrick-kernel-example/tests/semantics/futex_contention.rs
 create mode 100644 crates/carrick-kernel/src/dispatch/futex.rs
[main c32c8b8] modify guest file
 1 file changed, 1 insertion(+), 1 deletion(-)
[main b03d625] modify guest with valid exemption
 Date: Tue Sep 29 20:12:31 2026 -0700
 2 files changed, 7 insertions(+), 1 deletion(-)
 create mode 100644 docs/conformance-exemptions/exemption.toml
[main 55a60fd] update exemption with exact head sha
 1 file changed, 1 insertion(+), 1 deletion(-)
[main b89e921] final exemption head
 1 file changed, 1 insertion(+), 1 deletion(-)
[main ac70c50] final exemption head
 Date: Tue Sep 29 20:12:31 2026 -0700
 1 file changed, 1 insertion(+), 1 deletion(-)
[main ac70c50] final exemption head
 Date: Tue Sep 29 20:12:31 2026 -0700
 1 file changed, 1 insertion(+), 1 deletion(-)
.[main (root-commit) cc90451] initial commit
 4 files changed, 663 insertions(+)
 create mode 100644 conformance-contracts/contracts/futex-contention.toml
 create mode 100644 conformance-contracts/surfaces.toml
 create mode 100644 crates/carrick-kernel-example/tests/semantics/futex_contention.rs
 create mode 100644 crates/carrick-kernel/src/dispatch/futex.rs
[main 373588a] update declared contract
 3 files changed, 3 insertions(+), 622 deletions(-)
 rename conformance-contracts/contracts/{futex-contention.toml => reviewed-contract.toml} (97%)
.[main (root-commit) cc90451] initial commit
 4 files changed, 663 insertions(+)
 create mode 100644 conformance-contracts/contracts/futex-contention.toml
 create mode 100644 conformance-contracts/surfaces.toml
 create mode 100644 crates/carrick-kernel-example/tests/semantics/futex_contention.rs
 create mode 100644 crates/carrick-kernel/src/dispatch/futex.rs
[main dbd8d24] unrelated lookalike
 3 files changed, 2 insertions(+), 622 deletions(-)
 create mode 100644 docs/contention.toml
.
----------------------------------------------------------------------
Ran 11 tests in 2.330s

OK
python3 scripts/migrate/check-runtime-global-state.py --check
python3 scripts/migrate/check-runtime-aborts.py --check
FAIL: runtime.json: missing classifications for 17 calls: [('crates/carrick-kernel/src/dispatch/fd_table.rs', 'EventFdState::create', 1), ('crates/carrick-kernel/src/dispatch/fs/pipe.rs', 'PipeInner::create', 1), ('crates/carrick-kernel/src/dispatch/fs/pipe.rs', 'PipeInner::create', 2)]
error: recipe `lint-domains` failed on line 163 with exit code 1
