   Compiling carrick-mmu-core v0.1.0 (/Volumes/CaseSensitive/carrick/.worktrees/wt-cp3-adapter/crates/carrick-mmu-core)
   Compiling carrick-el1-image v0.1.0 (/Volumes/CaseSensitive/carrick/.worktrees/wt-cp3-adapter/crates/carrick-el1-image)
   Compiling carrick-el1-abi v0.1.0 (/Volumes/CaseSensitive/carrick/.worktrees/wt-cp3-adapter/crates/carrick-el1-abi)
   Compiling carrick-mem v0.1.0 (/Volumes/CaseSensitive/carrick/.worktrees/wt-cp3-adapter/crates/carrick-mem)
    Finished `test` profile [unoptimized + debuginfo] target(s) in 3.12s
     Running unittests src/lib.rs (target/debug/deps/carrick_mmu_core-795688a8226b9d93)

running 167 tests
test aarch64::descriptor_txn::copy_window::tests::cow_copy_aliases_report_failed_revocation_as_indeterminate ... ok
test aarch64::descriptor_txn::copy_window::tests::cow_copy_aliases_are_scoped_kernel_only_and_removed_before_completion ... ok
test aarch64::descriptor_txn::copy_window::tests::cow_copy_aliases_at_the_same_va_are_private_to_each_mm_root ... ok
test aarch64::descriptor_txn::tests::a_malformed_submission_is_refused_without_guest_interpretation ... ok
test aarch64::descriptor_txn::tests::every_operation_round_trips_through_the_slot_wire_encoding ... ok
test aarch64::descriptor_txn::copy_window::tests::cow_copy_aliases_refuse_busy_slots_and_roll_back_partial_mapping ... ok
test aarch64::descriptor_txn::tests::cow_receipt_names_the_exact_repoint_for_the_backing_adapter ... ok
test aarch64::descriptor_txn::tests::executor::cow_backend_user_preserves_denied_and_invalid_neighbors ... ok
test aarch64::descriptor_txn::tests::executor::cow_compound_preserves_readonly_prot_none_and_prepared_neighbors ... ok
test aarch64::descriptor_txn::tests::executor::a_guest_cow_copy_is_exact_and_only_from_the_still_shared_frame ... ok
test aarch64::descriptor_txn::tests::executor::cow_repoint_commits_the_compound_under_one_journal ... ok
test aarch64::descriptor_txn::tests::executor::cow_repoint_installs_the_private_copy_and_restores_write ... ok
test aarch64::descriptor_txn::tests::executor::cow_tagged_write_intent_is_not_overridden_by_legacy_mask ... ok
test aarch64::descriptor_txn::tests::executor::deferred_alias_retains_backing_without_granting_access ... ok
test aarch64::descriptor_txn::tests::executor::existing_leaf_wrappers_share_the_transaction_executor ... ok
test aarch64::descriptor_txn::tests::executor::cow_kernel_repoint_never_grants_el0_access ... ok
test aarch64::descriptor_txn::tests::executor::cow_compound_refuses_overlapping_copy_extents ... ok
test aarch64::descriptor_txn::tests::executor::alias_user_permissions_match_requested_access ... ok
test aarch64::descriptor_txn::tests::executor::host_copyout_publish_is_exact_and_permission_checked ... ok
test aarch64::descriptor_txn::tests::executor::fork_arm_rolls_back_a_failed_split_and_arms_on_retry ... ok
test aarch64::descriptor_txn::tests::executor::partial_valid_block_protect_splits_with_break_before_make ... ok
test aarch64::descriptor_txn::tests::executor::partial_prepared_block_retire_splits_without_break_before_make ... ok
test aarch64::descriptor_txn::tests::executor::prepare_publishes_the_grant_and_exactly_the_resident_page ... ok
test aarch64::descriptor_txn::tests::journals_reserve_before_use_and_spill_only_when_needed ... ok
test aarch64::descriptor_txn::tests::receipts_authenticate_the_exact_submission_and_its_effect ... ok
test aarch64::descriptor_txn::tests::executor::map_alias_builds_missing_tables_and_requires_aligned_block_outputs ... ok
test aarch64::descriptor_txn::tests::executor::protect_serves_mixed_prepared_and_resident_ranges ... ok
test aarch64::descriptor_txn::tests::executor::two_live_roots_with_identical_vas_edit_only_their_own_graph ... ok
test aarch64::descriptor_txn::tests::executor::tables_outside_the_primary_arena_refuse_before_any_store ... ok
test aarch64::descriptor_txn::tests::slot_claims_only_the_exact_mm_and_releases_only_the_exact_receipt ... ok
test aarch64::descriptor_txn::tests::table_grants_reject_unaligned_zero_duplicate_and_oversized_sets ... ok
test aarch64::descriptor_txn::tests::executor::prepare_builds_missing_hierarchy_from_grants_child_before_parent ... ok
test aarch64::descriptor_txn::tests::unclaimed_submission_is_withdrawn_exactly ... ok
test aarch64::tests::allocation_free_guest_cow_resolution_never_upgrades_shared_leaf_and_detects_stale_tlb ... ok
test aarch64::descriptor_txn::tests::executor::stale_root_mm_and_owner_generation_cannot_mutate_the_graph ... ok
test aarch64::tests::allocation_free_guest_fork_arming_sets_readonly_and_non_global ... ok
test aarch64::tests::allocation_free_guest_permission_edit_cycles_existing_l3_leaves ... ok
test aarch64::tests::allocation_free_guest_permission_edit_updates_complete_l2_block ... ok
test aarch64::descriptor_txn::tests::executor::cow_compound_failure_restores_every_original_leaf ... ok
test aarch64::tests::allocation_free_guest_retirement_refuses_partial_or_untagged_ranges ... ok
test aarch64::tests::allocation_free_guest_retirement_retires_complete_l2_and_l3_terminals ... ok
test aarch64::descriptor_txn::tests::executor::rollback_after_publication_failure_restores_the_exact_preimage ... ok
test aarch64::descriptor_txn::tests::executor::map_alias_replaces_outputs_without_private_tags_and_rolls_back ... ok
test aarch64::tests::a_gib_aligned_alias_span_uses_l1_block_leaves ... ok
test aarch64::tests::compound_cow_repoint_preserves_mixed_semantic_permissions ... ok
test aarch64::tests::an_unsatisfiable_alias_build_writes_nothing ... ok
test aarch64::tests::as_bytes_into_bytes_round_trip ... ok
test aarch64::tests::clone_preserves_bump_cursor_so_fork_child_does_not_realloc_live_tables ... ok
test aarch64::tests::director_coalesce_refusal_preserves_linked_table ... ok
test aarch64::tests::exhausting_spare_tables_errors ... ok
test aarch64::tests::fork_keeps_prepared_private_leaf_write_intent_for_sigframe_copyout ... ok
test aarch64::tests::fork_readonly_marks_the_per_mm_leaf_non_global ... ok
test aarch64::tests::fork_readonly_preserves_each_leaf_execute_permission ... ok
test aarch64::tests::el1_single_page_protection_survives_neighbor_first_touch_and_discard ... ok
test aarch64::tests::empty_descriptors_never_mint_an_output_address ... ok
test aarch64::tests::forked_bus_tail_does_not_inherit_prepared_el1_private_authority ... ok
test aarch64::tests::boot_stage1_images_leave_the_gic_window_untranslated ... ok
test aarch64::tests::frame_grant_retains_speculative_outputs_without_exposing_pages ... ok
test aarch64::tests::fork_readonly_preserves_prot_none_and_later_write_keeps_non_global ... ok
test aarch64::tests::guest_leaf_publication_validates_the_whole_span_before_exposing_it ... ok
test aarch64::tests::full_1gib_prot_none_edits_block_with_no_split ... ok
test aarch64::tests::guest_retirement_accepts_prepared_and_af_clear_leaves ... ok
test aarch64::tests::full_block_restore_coalesces_and_reclaims_table ... ok
test aarch64::tests::debug_walk_host_errors_on_unresolved_arena ... ok
test aarch64::tests::failed_resolution_errors_on_translate_debug_walk_and_snapshot ... ok
test aarch64::tests::host_debug_walk_reaches_guest_grown_primary_tables_beyond_owned_prefix ... ok
test aarch64::tests::host_protection_retags_private_write_intent_and_fork_preserves_it ... ok
test aarch64::tests::guest_owned_lane_publishes_a_grant_only_through_el1_transactions ... ok
test aarch64::tests::indices_decompose_va ... ok
test aarch64::tests::guest_owned_live_image_refuses_every_host_descriptor_store ... ok
test aarch64::tests::host_walk_matches_the_copying_walk ... ok
test aarch64::tests::adopting_live_extension_state_keeps_source_and_arenas ... ok
test aarch64::tests::clone_with_extension_arenas_requires_child_source_for_rebase ... ok
test aarch64::tests::host_grant_first_touch_then_permission_cycles_stay_in_guest ... ok
test aarch64::tests::kernel_cow_arm_and_alias_preserve_el1_only_access ... ok
test aarch64::tests::host_lane_images_never_build_guest_transactions ... ok
test aarch64::tests::last_resort_sweep_declines_without_exclusivity ... ok
test aarch64::tests::last_resort_sweep_reclaims_an_emptied_subtable ... ok
test aarch64::tests::large_aligned_prot_none_is_coarse_not_dense ... ok
test aarch64::tests::invalid_to_valid_leaf_edit_reports_flush_not_required ... ok
test aarch64::tests::last_resort_sweep_runs_once_per_teardown ... ok
test aarch64::tests::large_vma_unmap_work_is_hierarchically_bounded_empty_and_populated_islands ... ok
test aarch64::tests::live_block_restore_keeps_table_until_break_before_make_is_available ... ok
test aarch64::tests::live_guest_publication_builds_missing_hierarchy_transactionally ... ok
test aarch64::tests::guest_fork_arm_matches_the_host_editor_page_for_page ... ok
test aarch64::tests::live_bound_restore_image_writes_descriptors_to_hardware_memory ... ok
test aarch64::tests::live_guest_publication_refuses_table_exhaustion_without_partial_mapping ... ok
test aarch64::tests::hvpatch_editor_preserves_non_global_across_protect_alias_repoint_and_coalesce ... ok
test aarch64::tests::live_guest_permission_transaction_preserves_frames_and_refuses_widening ... ok
test aarch64::tests::live_guest_publication_replaces_a_retired_leaf_with_the_new_grant ... ok
test aarch64::tests::live_host_allocator_never_reissues_guest_grown_table_pages ... ok
test aarch64::tests::growable_stage1_arena_exhaustion_uses_extension_source ... ok
test aarch64::tests::map_aliased_large_unaligned_len_does_not_exhaust_table_pool ... ok
test aarch64::tests::live_host_permission_edit_preserves_independently_updated_output ... ok
test aarch64::tests::live_rollback_undo_restores_preimage_without_resurrecting_stale_bytes ... ok
test aarch64::tests::new_live_discovers_the_last_occupied_spare_page_before_allocating ... ok
test aarch64::tests::multi_gib_alias_maps_with_coarse_leaves_and_a_tiny_table_budget ... ok
test aarch64::tests::live_host_unmap_preserves_adjacent_guest_private_leaf ... ok
test aarch64::tests::live_snapshot_includes_hierarchy_allocated_by_guest_editor ... ok
test aarch64::tests::live_atomic_snapshot_observes_concurrent_leaf_mutations_without_stale_shadow ... ok
test aarch64::tests::prepared_private_leaf_commits_only_on_authorized_first_touch ... ok
test aarch64::tests::live_leaf_revoke_and_repoint_is_observed_by_host_translation_and_snapshot ... ok
test aarch64::tests::private_marker_without_a_retained_output_is_not_a_grant ... ok
test aarch64::tests::new_rediscovers_bump_cursor_over_boot_edited_tables ... ok
test aarch64::tests::multi_vcpu_does_not_coalesce ... ok
test aarch64::tests::munmap_retires_leaves_so_the_reclaim_sweep_can_free_their_table ... ok
test aarch64::tests::prot_none_then_rw_remaps ... ok
test aarch64::tests::partial_protection_does_not_coalesce ... ok
test aarch64::tests::owned_host_image_reuse_clears_live_descriptors_written_by_an_el1_editor ... ok
test aarch64::tests::private_overlay_protection_preserves_backing_and_identity_restore_repoints ... ok
test aarch64::tests::quiesced_snapshot_restore_replaces_every_live_table_byte ... ok
test aarch64::tests::rebase_moves_every_table_pointer_without_changing_leaf_translations ... ok
test aarch64::tests::readonly_does_not_coalesce_an_unaligned_physical_alias ... ok
test aarch64::tests::primary_table_grants_are_exact_reversible_and_never_extension_pages ... ok
test aarch64::tests::offline_fork_copy_sweeps_where_the_inherited_marker_refused ... ok
test aarch64::tests::repoint_prepared_el1_invalid_block_splits_without_losing_grant_tags ... ok
test aarch64::tests::retained_output_resolves_invalidated_aligned_alias_block ... ok
test aarch64::tests::retained_private_backing_permits_copyout_without_guest_residency ... ok
test aarch64::tests::repoint_untouched_fork_alias_splits_retained_invalid_block ... ok
test aarch64::tests::rollback_revocation::partial_rollback_retains_a_retryable_journal ... ok
test aarch64::tests::rosetta_alias_vas_avoid_boot_identity_l0_slots ... ok
test aarch64::tests::live_host_edit_adopts_hierarchy_allocated_by_guest_editor ... ok
test aarch64::tests::retained_output_resolves_invalidated_private_alias_without_revalidating_it ... ok
test aarch64::tests::rollback_revocation::rollback_must_not_discard_journal_after_resolution_is_revoked ... ok
test aarch64::tests::retired_prot_none_leaf_cannot_deny_a_fresh_writable_mapping ... ok
test aarch64::tests::set_prot_none_splits_block_and_invalidates_only_target ... ok
test aarch64::tests::set_readonly_then_rw_round_trips ... ok
test aarch64::tests::rw_commit_into_prot_none_block_keeps_neighbors_invalid ... ok
test aarch64::tests::snapshot_copies_only_populated_prefix_and_preserves_capacity ... ok
test aarch64::tests::set_rw_on_default_rw_block_does_not_split ... ok
test aarch64::tests::spare_cursor_discovery_stops_at_the_last_used_page ... ok
test aarch64::tests::spare_cursor_discovery_preserves_holes_and_every_byte_position ... ok
test aarch64::tests::sparse_arena_materializes_only_exact_private_extent ... ok
test aarch64::tests::short_backing_and_nonzero_offset_range_safety_without_ub ... ok
test aarch64::tests::reclaim_sweep_keeps_tables_whose_invalid_leaves_retain_live_outputs ... ok
test aarch64::tests::snapshot_into_reproduces_snapshot_and_keeps_the_buffer ... ok
test aarch64::tests::stage1_publication_refuses_outputs_in_the_gic_window ... ok
test aarch64::tests::sub_16k_high_va_alias_does_not_perturb_neighbor_l3_entry ... ok
test aarch64::tests::terminal_descriptor_permission_tracks_valid_af_ap_and_uxn ... ok
test aarch64::tests::terminal_descriptor_selects_block_page_and_invalid_leaf ... ok
test aarch64::tests::terminal_entry_names_the_level_that_stopped_the_walk ... ok
test aarch64::tests::restore_quiesced_snapshot_to_host_fails_and_preserves_on_missing_root_or_extension ... ok
test aarch64::tests::test_coalesce_free_tables_refusal_preserves_state ... ok
test aarch64::tests::snapshot_failure_must_not_clone_live_authority ... ok
test aarch64::tests::sync_to_host_resolves_each_arena_once ... ok
test aarch64::tests::rollback_undo_returns_arena_when_resolver_missing_extension ... ok
test aarch64::tests::test_el1_stack_walk_after_rebase ... ok
test aarch64::tests::stage1_arena_exhaustion_fails_without_growth ... ok
test aarch64::tests::test_metadata_refusal_at_begin_undo ... ok
test aarch64::tests::test_reclaim_refusal_preserves_linked_tables ... ok
test aarch64::tests::stage1_heap_starts_invalid_and_preserves_neighbors ... ok
test aarch64::tests::translate_picks_the_live_region_for_adjacent_aliases ... ok
test aarch64::tests::translate_resolves_aliased_va_to_ipa_with_page_offset ... ok
test aarch64::tests::undo_journal_commit_keeps_the_transaction ... ok
test aarch64::tests::test_metadata_refusal_sync_to_host_overflow_scratch ... ok
test aarch64::tests::undo_journal_reports_replaced_valid_only_for_pre_transaction_words ... ok
test aarch64::tests::sync_to_host_errors_on_unresolved_arena ... ok
test aarch64::tests::user_block_flags_match_boot_image ... ok
test aarch64::tests::unmap_aliased_reclaims_only_the_freed_l3_table ... ok
test aarch64::tests::two_live_roots_using_identical_vas_stay_distinct ... ok
test aarch64::tests::metadata_refusal_contract ... ok
test aarch64::tests::test_rollback_zero_allocations_repeated_cycles ... ok
test aarch64::tests::undo_journal_rollback_matches_a_cloned_snapshot ... ok
test aarch64::tests::recycled_live_images_do_not_reallocate_snapshot_buffers ... ok
test aarch64::tests::test_metadata_refusal_witness_rollback_allocations ... ok
test aarch64::tests::test_metadata_refusal_sweep_during_transaction_mutations_and_recovery ... ok
test aarch64::tests::test_metadata_refusal_during_extension_arena_attach_returns_grant_exactly_once ... ok

test result: ok. 167 passed; 0 failed; 0 ignored; 0 measured; 0 filtered out; finished in 0.94s

