== CPython 3.12.13 (main, Aug 5 2026, 03:49:12) [GCC 14.2.0]
== Linux-6.12.0-carrick-aarch64-with-glibc2.41 little-endian
== Python build: release shared LTO+PGO
== cwd: /tmp/test_python_worker_1æ
== CPU count: 4
== encodings: locale=UTF-8 FS=utf-8
== resources: all test resources are disabled, use -u option to unskip tests

Using random seed: 0
0:00:00 load avg: 0.00 Run 1 test sequentially in a single process
0:00:00 load avg: 0.00 [1/1] test_subprocess
test_noshell_sequence_with_spaces (test.test_subprocess.CommandsWithSpaces.test_noshell_sequence_with_spaces) ... skipped 'Windows-specific tests'
test_noshell_string_with_spaces (test.test_subprocess.CommandsWithSpaces.test_noshell_string_with_spaces) ... skipped 'Windows-specific tests'
test_shell_sequence_with_spaces (test.test_subprocess.CommandsWithSpaces.test_shell_sequence_with_spaces) ... skipped 'Windows-specific tests'
test_shell_string_with_spaces (test.test_subprocess.CommandsWithSpaces.test_shell_string_with_spaces) ... skipped 'Windows-specific tests'
test_broken_pipe_cleanup (test.test_subprocess.ContextManagerTests.test_broken_pipe_cleanup)
Broken pipe error should not prevent wait() (Issue 21619) ... ok
test_communicate_stdin (test.test_subprocess.ContextManagerTests.test_communicate_stdin) ... ok
test_invalid_args (test.test_subprocess.ContextManagerTests.test_invalid_args) ... ok
test_pipe (test.test_subprocess.ContextManagerTests.test_pipe) ... ok
test_returncode (test.test_subprocess.ContextManagerTests.test_returncode) ... ok
test__all__ (test.test_subprocess.MiscTests.test__all__)
Ensure that __all__ is populated properly. ... ok
test_call_keyboardinterrupt_no_kill (test.test_subprocess.MiscTests.test_call_keyboardinterrupt_no_kill) ... ok
test_context_manager_keyboardinterrupt_no_kill (test.test_subprocess.MiscTests.test_context_manager_keyboardinterrupt_no_kill) ... ok
test_getoutput (test.test_subprocess.MiscTests.test_getoutput) ... ok
test_run_keyboardinterrupt_no_kill (test.test_subprocess.MiscTests.test_run_keyboardinterrupt_no_kill) ... ok
test_CalledProcessError_str_non_zero (test.test_subprocess.POSIXProcessTestCase.test_CalledProcessError_str_non_zero) ... ok
test_CalledProcessError_str_signal (test.test_subprocess.POSIXProcessTestCase.test_CalledProcessError_str_signal) ... ok
test_CalledProcessError_str_unknown_signal (test.test_subprocess.POSIXProcessTestCase.test_CalledProcessError_str_unknown_signal) ... ok
test_args_string (test.test_subprocess.POSIXProcessTestCase.test_args_string) ... ok
test_bytes_program (test.test_subprocess.POSIXProcessTestCase.test_bytes_program) ... ok
test_call_string (test.test_subprocess.POSIXProcessTestCase.test_call_string) ... ok
test_close_fd_0 (test.test_subprocess.POSIXProcessTestCase.test_close_fd_0) ... ok
test_close_fd_1 (test.test_subprocess.POSIXProcessTestCase.test_close_fd_1) ... ok
test_close_fd_2 (test.test_subprocess.POSIXProcessTestCase.test_close_fd_2) ... ok
test_close_fds (test.test_subprocess.POSIXProcessTestCase.test_close_fds) ... ok
test_close_fds_0_1 (test.test_subprocess.POSIXProcessTestCase.test_close_fds_0_1) ... ok
test_close_fds_0_1_2 (test.test_subprocess.POSIXProcessTestCase.test_close_fds_0_1_2) ... ok
test_close_fds_0_2 (test.test_subprocess.POSIXProcessTestCase.test_close_fds_0_2) ... ok
test_close_fds_1_2 (test.test_subprocess.POSIXProcessTestCase.test_close_fds_1_2) ... ok
test_close_fds_after_preexec (test.test_subprocess.POSIXProcessTestCase.test_close_fds_after_preexec) ... ok
test_close_fds_when_max_fd_is_lowered (test.test_subprocess.POSIXProcessTestCase.test_close_fds_when_max_fd_is_lowered)
Confirm that issue21618 is fixed (may fail under valgrind). ... ok
test_communicate_BrokenPipeError_stdin_close (test.test_subprocess.POSIXProcessTestCase.test_communicate_BrokenPipeError_stdin_close) ... ok
test_communicate_BrokenPipeError_stdin_close_with_timeout (test.test_subprocess.POSIXProcessTestCase.test_communicate_BrokenPipeError_stdin_close_with_timeout) ... ok
test_communicate_BrokenPipeError_stdin_flush (test.test_subprocess.POSIXProcessTestCase.test_communicate_BrokenPipeError_stdin_flush) ... ok
test_communicate_BrokenPipeError_stdin_write (test.test_subprocess.POSIXProcessTestCase.test_communicate_BrokenPipeError_stdin_write) ... ok
test_communicate_repeated_call_after_stdout_close (test.test_subprocess.POSIXProcessTestCase.test_communicate_repeated_call_after_stdout_close) ... ok
test_exception_bad_args_0 (test.test_subprocess.POSIXProcessTestCase.test_exception_bad_args_0)
Test error in the child raised in the parent for a bad args[0]. ... ok
test_exception_bad_executable (test.test_subprocess.POSIXProcessTestCase.test_exception_bad_executable)
Test error in the child raised in the parent for a bad executable. ... ok
test_exception_cwd (test.test_subprocess.POSIXProcessTestCase.test_exception_cwd)
Test error in the child raised in the parent for a bad cwd. ... ok
test_exception_errpipe_bad_data (test.test_subprocess.POSIXProcessTestCase.test_exception_errpipe_bad_data)
Test error passing done through errpipe_write where its not ... ok
test_exception_errpipe_normal (test.test_subprocess.POSIXProcessTestCase.test_exception_errpipe_normal)
Test error passing done through errpipe_write in the good case ... ok
test_extra_groups (test.test_subprocess.POSIXProcessTestCase.test_extra_groups) ... ok
test_extra_groups_empty_list (test.test_subprocess.POSIXProcessTestCase.test_extra_groups_empty_list) ... ok
test_extra_groups_invalid_gid_t_values (test.test_subprocess.POSIXProcessTestCase.test_extra_groups_invalid_gid_t_values) ... ok
test_fork_exec (test.test_subprocess.POSIXProcessTestCase.test_fork_exec) ... ok
test_fork_exec_sorted_fd_sanity_check (test.test_subprocess.POSIXProcessTestCase.test_fork_exec_sorted_fd_sanity_check) ... ok
test_group (test.test_subprocess.POSIXProcessTestCase.test_group) ... ok
test_group_error (test.test_subprocess.POSIXProcessTestCase.test_group_error) ... skipped 'setregid() available on platform'
test_invalid_args (test.test_subprocess.POSIXProcessTestCase.test_invalid_args) ... ok
test_kill (test.test_subprocess.POSIXProcessTestCase.test_kill) ... ok
test_kill_dead (test.test_subprocess.POSIXProcessTestCase.test_kill_dead) ... 