
running 1 test
native_checkpoint_cost {"arm":"authenticate","iterations":128,"pair_ns":41.34375,"runtime_conformance_metrics":false,"sample":0,"warmup":true,"workload_timing_eligible":false}
native_checkpoint_cost {"arm":"adapter","iterations":128,"pair_ns":48.1796875,"runtime_conformance_metrics":false,"sample":0,"warmup":true,"workload_timing_eligible":false}
native_checkpoint_cost {"arm":"entry_activation","iterations":128,"pair_ns":289.390625,"runtime_conformance_metrics":false,"sample":0,"warmup":true,"workload_timing_eligible":false}
native_checkpoint_cost {"arm":"checkpoint_control","iterations":128,"pair_ns":64.453125,"runtime_conformance_metrics":false,"sample":0,"warmup":true,"workload_timing_eligible":false}
native_checkpoint_cost {"arm":"dispatch_fresh_adapter","iterations":128,"pair_ns":645.1796875,"runtime_conformance_metrics":false,"sample":0,"warmup":true,"workload_timing_eligible":false}
native_checkpoint_cost {"arm":"whole_host_path","iterations":128,"pair_ns":721.0234375,"runtime_conformance_metrics":false,"sample":0,"warmup":true,"workload_timing_eligible":false}
native_checkpoint_cost {"arm":"prepare_policy","iterations":128,"pair_ns":52.4140625,"runtime_conformance_metrics":false,"sample":0,"warmup":true,"workload_timing_eligible":false}
native_checkpoint_cost {"arm":"syscall_metadata","iterations":128,"pair_ns":6.1875,"runtime_conformance_metrics":false,"sample":0,"warmup":true,"workload_timing_eligible":false}
native_checkpoint_cost {"arm":"entry_return_reporter","iterations":128,"pair_ns":15.9453125,"runtime_conformance_metrics":false,"sample":0,"warmup":true,"workload_timing_eligible":false}
native_checkpoint_cost {"arm":"entry_return_reporter","iterations":65536,"pair_ns":16.113922119140625,"runtime_conformance_metrics":false,"sample":1,"warmup":false,"workload_timing_eligible":false}
native_checkpoint_cost {"arm":"syscall_metadata","iterations":65536,"pair_ns":5.7156982421875,"runtime_conformance_metrics":false,"sample":1,"warmup":false,"workload_timing_eligible":false}
native_checkpoint_cost {"arm":"prepare_policy","iterations":65536,"pair_ns":51.9193115234375,"runtime_conformance_metrics":false,"sample":1,"warmup":false,"workload_timing_eligible":false}
native_checkpoint_cost {"arm":"whole_host_path","iterations":65536,"pair_ns":725.1580505371094,"runtime_conformance_metrics":false,"sample":1,"warmup":false,"workload_timing_eligible":false}
native_checkpoint_cost {"arm":"dispatch_fresh_adapter","iterations":65536,"pair_ns":328.5649719238281,"runtime_conformance_metrics":false,"sample":1,"warmup":false,"workload_timing_eligible":false}
native_checkpoint_cost {"arm":"checkpoint_control","iterations":65536,"pair_ns":39.02690124511719,"runtime_conformance_metrics":false,"sample":1,"warmup":false,"workload_timing_eligible":false}
native_checkpoint_cost {"arm":"entry_activation","iterations":65536,"pair_ns":278.7628173828125,"runtime_conformance_metrics":false,"sample":1,"warmup":false,"workload_timing_eligible":false}
native_checkpoint_cost {"arm":"adapter","iterations":65536,"pair_ns":41.77030944824219,"runtime_conformance_metrics":false,"sample":1,"warmup":false,"workload_timing_eligible":false}
native_checkpoint_cost {"arm":"authenticate","iterations":65536,"pair_ns":39.93670654296875,"runtime_conformance_metrics":false,"sample":1,"warmup":false,"workload_timing_eligible":false}
native_checkpoint_cost {"arm":"authenticate","iterations":65536,"pair_ns":40.23487854003906,"runtime_conformance_metrics":false,"sample":2,"warmup":false,"workload_timing_eligible":false}
native_checkpoint_cost {"arm":"adapter","iterations":65536,"pair_ns":42.270660400390625,"runtime_conformance_metrics":false,"sample":2,"warmup":false,"workload_timing_eligible":false}
native_checkpoint_cost {"arm":"entry_activation","iterations":65536,"pair_ns":277.4232177734375,"runtime_conformance_metrics":false,"sample":2,"warmup":false,"workload_timing_eligible":false}
native_checkpoint_cost {"arm":"checkpoint_control","iterations":65536,"pair_ns":39.06504821777344,"runtime_conformance_metrics":false,"sample":2,"warmup":false,"workload_timing_eligible":false}
native_checkpoint_cost {"arm":"dispatch_fresh_adapter","iterations":65536,"pair_ns":326.58831787109375,"runtime_conformance_metrics":false,"sample":2,"warmup":false,"workload_timing_eligible":false}
native_checkpoint_cost {"arm":"whole_host_path","iterations":65536,"pair_ns":728.8621215820312,"runtime_conformance_metrics":false,"sample":2,"warmup":false,"workload_timing_eligible":false}
native_checkpoint_cost {"arm":"prepare_policy","iterations":65536,"pair_ns":52.19841003417969,"runtime_conformance_metrics":false,"sample":2,"warmup":false,"workload_timing_eligible":false}
native_checkpoint_cost {"arm":"syscall_metadata","iterations":65536,"pair_ns":5.764007568359375,"runtime_conformance_metrics":false,"sample":2,"warmup":false,"workload_timing_eligible":false}
native_checkpoint_cost {"arm":"entry_return_reporter","iterations":65536,"pair_ns":15.401199340820312,"runtime_conformance_metrics":false,"sample":2,"warmup":false,"workload_timing_eligible":false}
native_checkpoint_cost {"arm":"entry_return_reporter","iterations":65536,"pair_ns":17.59783935546875,"runtime_conformance_metrics":false,"sample":3,"warmup":false,"workload_timing_eligible":false}
native_checkpoint_cost {"arm":"syscall_metadata","iterations":65536,"pair_ns":5.736663818359375,"runtime_conformance_metrics":false,"sample":3,"warmup":false,"workload_timing_eligible":false}
native_checkpoint_cost {"arm":"prepare_policy","iterations":65536,"pair_ns":52.759796142578125,"runtime_conformance_metrics":false,"sample":3,"warmup":false,"workload_timing_eligible":false}
native_checkpoint_cost {"arm":"whole_host_path","iterations":65536,"pair_ns":730.6029052734375,"runtime_conformance_metrics":false,"sample":3,"warmup":false,"workload_timing_eligible":false}
native_checkpoint_cost {"arm":"dispatch_fresh_adapter","iterations":65536,"pair_ns":328.16441345214844,"runtime_conformance_metrics":false,"sample":3,"warmup":false,"workload_timing_eligible":false}
native_checkpoint_cost {"arm":"checkpoint_control","iterations":65536,"pair_ns":39.06822204589844,"runtime_conformance_metrics":false,"sample":3,"warmup":false,"workload_timing_eligible":false}
native_checkpoint_cost {"arm":"entry_activation","iterations":65536,"pair_ns":277.12123107910156,"runtime_conformance_metrics":false,"sample":3,"warmup":false,"workload_timing_eligible":false}
native_checkpoint_cost {"arm":"adapter","iterations":65536,"pair_ns":41.86311340332031,"runtime_conformance_metrics":false,"sample":3,"warmup":false,"workload_timing_eligible":false}
native_checkpoint_cost {"arm":"authenticate","iterations":65536,"pair_ns":39.84196472167969,"runtime_conformance_metrics":false,"sample":3,"warmup":false,"workload_timing_eligible":false}
native_checkpoint_cost {"arm":"authenticate","iterations":65536,"pair_ns":39.91444396972656,"runtime_conformance_metrics":false,"sample":4,"warmup":false,"workload_timing_eligible":false}
native_checkpoint_cost {"arm":"adapter","iterations":65536,"pair_ns":41.893646240234375,"runtime_conformance_metrics":false,"sample":4,"warmup":false,"workload_timing_eligible":false}
native_checkpoint_cost {"arm":"entry_activation","iterations":65536,"pair_ns":276.93621826171875,"runtime_conformance_metrics":false,"sample":4,"warmup":false,"workload_timing_eligible":false}
native_checkpoint_cost {"arm":"checkpoint_control","iterations":65536,"pair_ns":39.138153076171875,"runtime_conformance_metrics":false,"sample":4,"warmup":false,"workload_timing_eligible":false}
native_checkpoint_cost {"arm":"dispatch_fresh_adapter","iterations":65536,"pair_ns":322.4296569824219,"runtime_conformance_metrics":false,"sample":4,"warmup":false,"workload_timing_eligible":false}
native_checkpoint_cost {"arm":"whole_host_path","iterations":65536,"pair_ns":728.94921875,"runtime_conformance_metrics":false,"sample":4,"warmup":false,"workload_timing_eligible":false}
native_checkpoint_cost {"arm":"prepare_policy","iterations":65536,"pair_ns":52.56462097167969,"runtime_conformance_metrics":false,"sample":4,"warmup":false,"workload_timing_eligible":false}
native_checkpoint_cost {"arm":"syscall_metadata","iterations":65536,"pair_ns":5.774169921875,"runtime_conformance_metrics":false,"sample":4,"warmup":false,"workload_timing_eligible":false}
native_checkpoint_cost {"arm":"entry_return_reporter","iterations":65536,"pair_ns":14.837905883789062,"runtime_conformance_metrics":false,"sample":4,"warmup":false,"workload_timing_eligible":false}
native_checkpoint_cost {"arm":"entry_return_reporter","iterations":65536,"pair_ns":16.127899169921875,"runtime_conformance_metrics":false,"sample":5,"warmup":false,"workload_timing_eligible":false}
native_checkpoint_cost {"arm":"syscall_metadata","iterations":65536,"pair_ns":5.721405029296875,"runtime_conformance_metrics":false,"sample":5,"warmup":false,"workload_timing_eligible":false}
native_checkpoint_cost {"arm":"prepare_policy","iterations":65536,"pair_ns":53.07896423339844,"runtime_conformance_metrics":false,"sample":5,"warmup":false,"workload_timing_eligible":false}
native_checkpoint_cost {"arm":"whole_host_path","iterations":65536,"pair_ns":727.8010101318359,"runtime_conformance_metrics":false,"sample":5,"warmup":false,"workload_timing_eligible":false}
native_checkpoint_cost {"arm":"dispatch_fresh_adapter","iterations":65536,"pair_ns":321.6431884765625,"runtime_conformance_metrics":false,"sample":5,"warmup":false,"workload_timing_eligible":false}
native_checkpoint_cost {"arm":"checkpoint_control","iterations":65536,"pair_ns":39.13941955566406,"runtime_conformance_metrics":false,"sample":5,"warmup":false,"workload_timing_eligible":false}
native_checkpoint_cost {"arm":"entry_activation","iterations":65536,"pair_ns":276.57826232910156,"runtime_conformance_metrics":false,"sample":5,"warmup":false,"workload_timing_eligible":false}
native_checkpoint_cost {"arm":"adapter","iterations":65536,"pair_ns":41.75250244140625,"runtime_conformance_metrics":false,"sample":5,"warmup":false,"workload_timing_eligible":false}
native_checkpoint_cost {"arm":"authenticate","iterations":65536,"pair_ns":39.75042724609375,"runtime_conformance_metrics":false,"sample":5,"warmup":false,"workload_timing_eligible":false}
native_checkpoint_cost {"arm":"authenticate","iterations":65536,"pair_ns":39.83244323730469,"runtime_conformance_metrics":false,"sample":6,"warmup":false,"workload_timing_eligible":false}
native_checkpoint_cost {"arm":"adapter","iterations":65536,"pair_ns":41.79508972167969,"runtime_conformance_metrics":false,"sample":6,"warmup":false,"workload_timing_eligible":false}
native_checkpoint_cost {"arm":"entry_activation","iterations":65536,"pair_ns":278.1441955566406,"runtime_conformance_metrics":false,"sample":6,"warmup":false,"workload_timing_eligible":false}
native_checkpoint_cost {"arm":"checkpoint_control","iterations":65536,"pair_ns":39.01800537109375,"runtime_conformance_metrics":false,"sample":6,"warmup":false,"workload_timing_eligible":false}
native_checkpoint_cost {"arm":"dispatch_fresh_adapter","iterations":65536,"pair_ns":326.0021209716797,"runtime_conformance_metrics":false,"sample":6,"warmup":false,"workload_timing_eligible":false}
native_checkpoint_cost {"arm":"whole_host_path","iterations":65536,"pair_ns":728.2829284667969,"runtime_conformance_metrics":false,"sample":6,"warmup":false,"workload_timing_eligible":false}
native_checkpoint_cost {"arm":"prepare_policy","iterations":65536,"pair_ns":52.22003173828125,"runtime_conformance_metrics":false,"sample":6,"warmup":false,"workload_timing_eligible":false}
native_checkpoint_cost {"arm":"syscall_metadata","iterations":65536,"pair_ns":5.76336669921875,"runtime_conformance_metrics":false,"sample":6,"warmup":false,"workload_timing_eligible":false}
native_checkpoint_cost {"arm":"entry_return_reporter","iterations":65536,"pair_ns":16.846969604492188,"runtime_conformance_metrics":false,"sample":6,"warmup":false,"workload_timing_eligible":false}
native_checkpoint_cost {"arm":"entry_return_reporter","iterations":65536,"pair_ns":15.333175659179688,"runtime_conformance_metrics":false,"sample":7,"warmup":false,"workload_timing_eligible":false}
native_checkpoint_cost {"arm":"syscall_metadata","iterations":65536,"pair_ns":5.7086944580078125,"runtime_conformance_metrics":false,"sample":7,"warmup":false,"workload_timing_eligible":false}
native_checkpoint_cost {"arm":"prepare_policy","iterations":65536,"pair_ns":52.24163818359375,"runtime_conformance_metrics":false,"sample":7,"warmup":false,"workload_timing_eligible":false}
native_checkpoint_cost {"arm":"whole_host_path","iterations":65536,"pair_ns":728.7337036132812,"runtime_conformance_metrics":false,"sample":7,"warmup":false,"workload_timing_eligible":false}
native_checkpoint_cost {"arm":"dispatch_fresh_adapter","iterations":65536,"pair_ns":327.9914855957031,"runtime_conformance_metrics":false,"sample":7,"warmup":false,"workload_timing_eligible":false}
native_checkpoint_cost {"arm":"checkpoint_control","iterations":65536,"pair_ns":39.24751281738281,"runtime_conformance_metrics":false,"sample":7,"warmup":false,"workload_timing_eligible":false}
native_checkpoint_cost {"arm":"entry_activation","iterations":65536,"pair_ns":277.3291320800781,"runtime_conformance_metrics":false,"sample":7,"warmup":false,"workload_timing_eligible":false}
native_checkpoint_cost {"arm":"adapter","iterations":65536,"pair_ns":41.750579833984375,"runtime_conformance_metrics":false,"sample":7,"warmup":false,"workload_timing_eligible":false}
native_checkpoint_cost {"arm":"authenticate","iterations":65536,"pair_ns":39.75550842285156,"runtime_conformance_metrics":false,"sample":7,"warmup":false,"workload_timing_eligible":false}
native_checkpoint_cost {"arm":"authenticate","iterations":65536,"pair_ns":39.83433532714844,"runtime_conformance_metrics":false,"sample":8,"warmup":false,"workload_timing_eligible":false}
native_checkpoint_cost {"arm":"adapter","iterations":65536,"pair_ns":41.79255676269531,"runtime_conformance_metrics":false,"sample":8,"warmup":false,"workload_timing_eligible":false}
native_checkpoint_cost {"arm":"entry_activation","iterations":65536,"pair_ns":277.70233154296875,"runtime_conformance_metrics":false,"sample":8,"warmup":false,"workload_timing_eligible":false}
native_checkpoint_cost {"arm":"checkpoint_control","iterations":65536,"pair_ns":39.444610595703125,"runtime_conformance_metrics":false,"sample":8,"warmup":false,"workload_timing_eligible":false}
native_checkpoint_cost {"arm":"dispatch_fresh_adapter","iterations":65536,"pair_ns":324.9619903564453,"runtime_conformance_metrics":false,"sample":8,"warmup":false,"workload_timing_eligible":false}
native_checkpoint_cost {"arm":"whole_host_path","iterations":65536,"pair_ns":729.9811096191406,"runtime_conformance_metrics":false,"sample":8,"warmup":false,"workload_timing_eligible":false}
native_checkpoint_cost {"arm":"prepare_policy","iterations":65536,"pair_ns":52.81257629394531,"runtime_conformance_metrics":false,"sample":8,"warmup":false,"workload_timing_eligible":false}
native_checkpoint_cost {"arm":"syscall_metadata","iterations":65536,"pair_ns":5.7729034423828125,"runtime_conformance_metrics":false,"sample":8,"warmup":false,"workload_timing_eligible":false}
native_checkpoint_cost {"arm":"entry_return_reporter","iterations":65536,"pair_ns":15.621185302734375,"runtime_conformance_metrics":false,"sample":8,"warmup":false,"workload_timing_eligible":false}
native_checkpoint_cost {"arm":"entry_return_reporter","iterations":65536,"pair_ns":16.075775146484375,"runtime_conformance_metrics":false,"sample":9,"warmup":false,"workload_timing_eligible":false}
native_checkpoint_cost {"arm":"syscall_metadata","iterations":65536,"pair_ns":5.780548095703125,"runtime_conformance_metrics":false,"sample":9,"warmup":false,"workload_timing_eligible":false}
native_checkpoint_cost {"arm":"prepare_policy","iterations":65536,"pair_ns":52.90412902832031,"runtime_conformance_metrics":false,"sample":9,"warmup":false,"workload_timing_eligible":false}
native_checkpoint_cost {"arm":"whole_host_path","iterations":65536,"pair_ns":732.8414916992188,"runtime_conformance_metrics":false,"sample":9,"warmup":false,"workload_timing_eligible":false}
native_checkpoint_cost {"arm":"dispatch_fresh_adapter","iterations":65536,"pair_ns":329.6858367919922,"runtime_conformance_metrics":false,"sample":9,"warmup":false,"workload_timing_eligible":false}
native_checkpoint_cost {"arm":"checkpoint_control","iterations":65536,"pair_ns":39.795562744140625,"runtime_conformance_metrics":false,"sample":9,"warmup":false,"workload_timing_eligible":false}
native_checkpoint_cost {"arm":"entry_activation","iterations":65536,"pair_ns":278.69606018066406,"runtime_conformance_metrics":false,"sample":9,"warmup":false,"workload_timing_eligible":false}
native_checkpoint_cost {"arm":"adapter","iterations":65536,"pair_ns":43.02850341796875,"runtime_conformance_metrics":false,"sample":9,"warmup":false,"workload_timing_eligible":false}
native_checkpoint_cost {"arm":"authenticate","iterations":65536,"pair_ns":40.576934814453125,"runtime_conformance_metrics":false,"sample":9,"warmup":false,"workload_timing_eligible":false}
native_checkpoint_cost {"arm":"dispatch_reused_adapter","iterations":128,"pair_ns":282.5546875,"runtime_conformance_metrics":false,"sample":0,"warmup":true,"workload_timing_eligible":false}
native_checkpoint_cost {"arm":"dispatch_reused_adapter","iterations":65536,"pair_ns":280.19776916503906,"runtime_conformance_metrics":false,"sample":1,"warmup":false,"workload_timing_eligible":false}
native_checkpoint_cost {"arm":"dispatch_reused_adapter","iterations":65536,"pair_ns":278.28662109375,"runtime_conformance_metrics":false,"sample":2,"warmup":false,"workload_timing_eligible":false}
native_checkpoint_cost {"arm":"dispatch_reused_adapter","iterations":65536,"pair_ns":278.0710754394531,"runtime_conformance_metrics":false,"sample":3,"warmup":false,"workload_timing_eligible":false}
native_checkpoint_cost {"arm":"dispatch_reused_adapter","iterations":65536,"pair_ns":277.71949768066406,"runtime_conformance_metrics":false,"sample":4,"warmup":false,"workload_timing_eligible":false}
native_checkpoint_cost {"arm":"dispatch_reused_adapter","iterations":65536,"pair_ns":278.2948760986328,"runtime_conformance_metrics":false,"sample":5,"warmup":false,"workload_timing_eligible":false}
native_checkpoint_cost {"arm":"dispatch_reused_adapter","iterations":65536,"pair_ns":278.0609130859375,"runtime_conformance_metrics":false,"sample":6,"warmup":false,"workload_timing_eligible":false}
native_checkpoint_cost {"arm":"dispatch_reused_adapter","iterations":65536,"pair_ns":277.70423889160156,"runtime_conformance_metrics":false,"sample":7,"warmup":false,"workload_timing_eligible":false}
native_checkpoint_cost {"arm":"dispatch_reused_adapter","iterations":65536,"pair_ns":277.18544006347656,"runtime_conformance_metrics":false,"sample":8,"warmup":false,"workload_timing_eligible":false}
native_checkpoint_cost {"arm":"dispatch_reused_adapter","iterations":65536,"pair_ns":276.4536590576172,"runtime_conformance_metrics":false,"sample":9,"warmup":false,"workload_timing_eligible":false}
test vcpu_loop::memory::tests::native_floor::carrier_checkpoint_component_cost ... ok

test result: ok. 1 passed; 0 failed; 0 ignored; 0 measured; 622 filtered out; finished in 1.07s

