{"name": "node-app", "phase": "carrick", "returncode": 0, "timed_out": false, "outer_wall_s": 0.7046254589949967, "guest_timing": [[0.247, 0.07, 0.122]]}
{"name": "node-app", "phase": "carrick", "returncode": 0, "timed_out": false, "outer_wall_s": 0.6364647499867715, "guest_timing": [[0.233, 0.063, 0.117]]}
{"name": "node-app", "phase": "carrick", "returncode": 0, "timed_out": false, "outer_wall_s": 0.3006969999987632, "guest_timing": [[0.241, 0.062, 0.129]]}
{"name": "node-app", "phase": "carrick", "returncode": 0, "timed_out": false, "outer_wall_s": 0.32795883300423156, "guest_timing": [[0.267, 0.071, 0.121]]}
{"name": "node-app", "phase": "carrick", "returncode": 0, "timed_out": false, "outer_wall_s": 0.2942887079989305, "guest_timing": [[0.235, 0.066, 0.122]]}
{"name": "node-app", "phase": "carrick", "returncode": 0, "timed_out": false, "outer_wall_s": 0.3054196669982048, "guest_timing": [[0.245, 0.069, 0.131]]}
{"name": "node-app", "phase": "carrick", "returncode": 0, "timed_out": false, "outer_wall_s": 0.3024660000082804, "guest_timing": [[0.243, 0.067, 0.129]]}
{"name": "node-app", "phase": "carrick", "returncode": 0, "timed_out": false, "outer_wall_s": 0.30735854200611357, "guest_timing": [[0.247, 0.079, 0.135]]}
{"name": "node-app", "phase": "carrick", "returncode": 0, "timed_out": false, "outer_wall_s": 0.29081445799965877, "guest_timing": [[0.232, 0.064, 0.12]]}
{"name": "node-app", "phase": "carrick", "returncode": 0, "timed_out": false, "outer_wall_s": 0.31529254199995194, "guest_timing": [[0.252, 0.075, 0.129]]}
{
  "control_s": [
    0.241,
    0.245,
    0.243,
    0.252
  ],
  "candidate_s": [
    0.267,
    0.235,
    0.247,
    0.232
  ],
  "candidate_control_mean_ratio": 1.0,
  "candidate_control_median_ratio": 0.9877049180327869
}
