2026-09-22T03:59:00.346614Z  WARN carrick::commands: carrick trace: not root; re-executing under sudo
TRACECHILD1|euid=501|egid=20|groups=12,20,33,61,79,80,81,98,100,204,250,395,398,399,400,701

real	0m0.350s
user	0m0.059s
sys	0m0.246s

real	0m0.296s
user	0m0.058s
sys	0m0.246s

real	0m0.301s
user	0m0.060s
sys	0m0.250s

real	0m0.298s
user	0m0.060s
sys	0m0.248s

real	0m0.301s
user	0m0.059s
sys	0m0.253s

real	0m0.303s
user	0m0.062s
sys	0m0.251s

real	0m0.302s
user	0m0.060s
sys	0m0.249s

real	0m0.301s
user	0m0.058s
sys	0m0.253s

real	0m0.316s
user	0m0.061s
sys	0m0.264s

real	0m0.307s
user	0m0.063s
sys	0m0.254s

real	0m0.312s
user	0m0.061s
sys	0m0.263s

real	0m0.306s
user	0m0.061s
sys	0m0.254s

real	0m0.308s
user	0m0.061s
sys	0m0.257s

real	0m0.306s
user	0m0.059s
sys	0m0.257s

real	0m0.314s
user	0m0.066s
sys	0m0.260s

real	0m0.322s
user	0m0.060s
sys	0m0.270s

real	0m0.307s
user	0m0.063s
sys	0m0.254s

real	0m0.308s
user	0m0.061s
sys	0m0.258s

real	0m0.310s
user	0m0.061s
sys	0m0.259s

real	0m0.305s
user	0m0.060s
sys	0m0.257s
