{"name": "node-app", "phase": "carrick", "returncode": 0, "timed_out": false, "outer_wall_s": 0.29854670900385827, "guest_timing": [[0.248, 0.068, 0.142]]}
{"name": "node-app", "phase": "carrick", "returncode": 0, "timed_out": false, "outer_wall_s": 0.6961172919982346, "guest_timing": [[0.248, 0.059, 0.136]]}
{"name": "node-app", "phase": "carrick", "returncode": 0, "timed_out": false, "outer_wall_s": 0.2970738329895539, "guest_timing": [[0.245, 0.063, 0.139]]}
{"name": "node-app", "phase": "carrick", "returncode": 0, "timed_out": false, "outer_wall_s": 0.292266832999303, "guest_timing": [[0.239, 0.057, 0.135]]}
{"name": "node-app", "phase": "carrick", "returncode": 0, "timed_out": false, "outer_wall_s": 0.322085290987161, "guest_timing": [[0.27, 0.086, 0.164]]}
{"name": "node-app", "phase": "carrick", "returncode": 0, "timed_out": false, "outer_wall_s": 0.3019958330114605, "guest_timing": [[0.249, 0.066, 0.137]]}
{"name": "node-app", "phase": "carrick", "returncode": 0, "timed_out": false, "outer_wall_s": 0.3047471249883529, "guest_timing": [[0.253, 0.069, 0.138]]}
{"name": "node-app", "phase": "carrick", "returncode": 0, "timed_out": false, "outer_wall_s": 0.3056304999918211, "guest_timing": [[0.253, 0.071, 0.146]]}
{"name": "node-app", "phase": "carrick", "returncode": 0, "timed_out": false, "outer_wall_s": 0.30542675001197495, "guest_timing": [[0.251, 0.068, 0.139]]}
{"name": "node-app", "phase": "carrick", "returncode": 0, "timed_out": false, "outer_wall_s": 0.31183066600351594, "guest_timing": [[0.258, 0.076, 0.145]]}
{
  "node-app": {
    "control_s": [
      0.245,
      0.249,
      0.253,
      0.258
    ],
    "candidate_s": [
      0.239,
      0.27,
      0.253,
      0.251
    ],
    "candidate_control_mean_ratio": 1.0079601990049751
  }
}
