tst_tmpdir.c:308: TINFO: Using /tmp/LTP_inot3dc1W as tmpdir (overlayfs filesystem)
tst_test.c:2042: TINFO: LTP version: 20260529
tst_test.c:2045: TINFO: Tested kernel: 6.12.0-carrick #1 SMP PREEMPT_DYNAMIC aarch64
tst_kconfig.c:90: TINFO: Parsing kernel config '/proc/config.gz'
tst_test.c:1870: TINFO: Overall timeout per run is 0h 03m 00s
../../../../include/tst_fuzzy_sync.h:484: TINFO: Minimum sampling period ended
../../../../include/tst_fuzzy_sync.h:307: TINFO: loop = 1024, delay_bias = 0
../../../../include/tst_fuzzy_sync.h:295: TINFO: start_a - start_b: { avg =   -49ns, avg_dev =    12ns, dev_ratio = 0.24 }
../../../../include/tst_fuzzy_sync.h:295: TINFO: end_a - start_a  : { avg =    98ns, avg_dev =    16ns, dev_ratio = 0.17 }
../../../../include/tst_fuzzy_sync.h:295: TINFO: end_b - start_b  : { avg =   208ns, avg_dev =     0ns, dev_ratio = 0.00 }
../../../../include/tst_fuzzy_sync.h:295: TINFO: end_a - end_b    : { avg =  -159ns, avg_dev =    13ns, dev_ratio = 0.08 }
../../../../include/tst_fuzzy_sync.h:295: TINFO: spins            : { avg =   222  , avg_dev =     5  , dev_ratio = 0.02 }
../../../../include/tst_fuzzy_sync.h:494: TINFO: Reached deviation ratios < 0.10, introducing randomness
../../../../include/tst_fuzzy_sync.h:497: TINFO: Delay range is [-270, 160]
../../../../include/tst_fuzzy_sync.h:307: TINFO: loop = 1210, delay_bias = 0
../../../../include/tst_fuzzy_sync.h:295: TINFO: start_a - start_b: { avg =   -81ns, avg_dev =     7ns, dev_ratio = 0.09 }
../../../../include/tst_fuzzy_sync.h:295: TINFO: end_a - start_a  : { avg =   124ns, avg_dev =     3ns, dev_ratio = 0.03 }
../../../../include/tst_fuzzy_sync.h:295: TINFO: end_b - start_b  : { avg =   209ns, avg_dev =     2ns, dev_ratio = 0.01 }
../../../../include/tst_fuzzy_sync.h:295: TINFO: end_a - end_b    : { avg =  -166ns, avg_dev =     4ns, dev_ratio = 0.02 }
../../../../include/tst_fuzzy_sync.h:295: TINFO: spins            : { avg =   214  , avg_dev =     7  , dev_ratio = 0.03 }
../../../../include/tst_fuzzy_sync.h:654: TINFO: Exceeded execution loops, requesting exit
inotify09.c:90: TPASS: kernel survived inotify beating

Summary:
passed   1
failed   0
broken   0
skipped  0
warnings 0
