tst_tmpdir.c:308: TINFO: Using /tmp/LTP_duplayIpy as tmpdir (overlayfs filesystem)
tst_test.c:2042: TINFO: LTP version: 20260529
tst_test.c:2045: TINFO: Tested kernel: 6.12.0-carrick #1 SMP PREEMPT_DYNAMIC aarch64
tst_kconfig.c:90: TINFO: Parsing kernel config '/proc/config.gz'
tst_test.c:1870: TINFO: Overall timeout per run is 0h 00m 30s
dup202.c:102: TPASS: original(100444) and duped(100444) are the same mode
dup202.c:102: TPASS: original(100222) and duped(100222) are the same mode
dup202.c:102: TPASS: original(100666) and duped(100666) are the same mode
dup202.c:91: TINFO: original mode 0777, new mode 0444 after chmod
dup202.c:102: TPASS: original(100444) and duped(100444) are the same mode
dup202.c:91: TINFO: original mode 0777, new mode 0222 after chmod
dup202.c:102: TPASS: original(100222) and duped(100222) are the same mode
dup202.c:91: TINFO: original mode 0777, new mode 0666 after chmod
dup202.c:102: TPASS: original(100666) and duped(100666) are the same mode

Summary:
passed   6
failed   0
broken   0
skipped  0
warnings 0
