tst_buffers.c:57: TINFO: Test is using guarded buffers
tst_tmpdir.c:308: TINFO: Using /tmp/LTP_opeVQ5nLL as tmpdir (overlayfs filesystem)
tst_test.c:2042: TINFO: LTP version: 20260529
tst_test.c:2045: TINFO: Tested kernel: 6.12.0-carrick #1 SMP PREEMPT_DYNAMIC aarch64
tst_kconfig.c:90: TINFO: Parsing kernel config '/proc/config.gz'
tst_test.c:1870: TINFO: Overall timeout per run is 0h 00m 30s
openat203.c:73: TPASS: invalid-dfd: openat2() failed as expected: EBADF (9)
openat203.c:73: TPASS: invalid-pathname: openat2() failed as expected: EFAULT (14)
openat203.c:73: TPASS: invalid-flags: openat2() failed as expected: EINVAL (22)
openat203.c:73: TPASS: invalid-mode: openat2() failed as expected: EINVAL (22)
openat203.c:73: TPASS: invalid-resolve: openat2() failed as expected: EINVAL (22)
openat203.c:73: TPASS: invalid-size-zero: openat2() failed as expected: EINVAL (22)
openat203.c:73: TPASS: invalid-size-small: openat2() failed as expected: EINVAL (22)
openat203.c:73: TPASS: invalid-size-big: openat2() failed as expected: EFAULT (14)
openat203.c:73: TPASS: invalid-size-big-with-pad: openat2() failed as expected: E2BIG (7)

Summary:
passed   9
failed   0
broken   0
skipped  0
warnings 0
