tst_tmpdir.c:308: TINFO: Using /tmp/LTP_staDIgWac as tmpdir (overlayfs filesystem)
tst_test.c:2042: TINFO: LTP version: 20260529
tst_test.c:2045: TINFO: Tested kernel: 6.12.0-carrick #1 SMP PREEMPT_DYNAMIC aarch64
tst_kconfig.c:90: TINFO: Parsing kernel config '/proc/config.gz'
tst_test.c:1870: TINFO: Overall timeout per run is 0h 00m 30s
stat01.c:41: TPASS: stat(tc->pathname, &stat_buf) passed
stat01.c:43: TPASS: stat_buf.st_uid == user_id (65534)
stat01.c:44: TPASS: stat_buf.st_gid == group_id (0)
stat01.c:45: TPASS: stat_buf.st_size == FILE_SIZE (1024)
stat01.c:46: TPASS: stat_buf.st_mode & MASK == tc->mode (438)
stat01.c:47: TPASS: stat_buf.st_nlink == 1 (1)
stat01.c:41: TPASS: stat(tc->pathname, &stat_buf) passed
stat01.c:43: TPASS: stat_buf.st_uid == user_id (65534)
stat01.c:44: TPASS: stat_buf.st_gid == group_id (0)
stat01.c:45: TPASS: stat_buf.st_size == FILE_SIZE (1024)
stat01.c:46: TPASS: stat_buf.st_mode & MASK == tc->mode (146)
stat01.c:47: TPASS: stat_buf.st_nlink == 1 (1)

Summary:
passed   12
failed   0
broken   0
skipped  0
warnings 0
