tst_tmpdir.c:308: TINFO: Using /tmp/LTP_inoB7Ry2B as tmpdir (overlayfs filesystem)
tst_test.c:2042: TINFO: LTP version: 20260529
tst_test.c:2045: TINFO: Tested kernel: 6.12.0-carrick #1 SMP PREEMPT_DYNAMIC aarch64
tst_kconfig.c:90: TINFO: Parsing kernel config '/proc/config.gz'
tst_test.c:1870: TINFO: Overall timeout per run is 0h 00m 40s
inotify12.c:71: TINFO: Test #0: Watch for multi events
inotify12.c:87: TPASS: Correct mask in inotify fdinfo
inotify12.c:101: TPASS: Got 1st event as expected
inotify12.c:132: TPASS: Got 2nd event as expected
inotify12.c:71: TINFO: Test #1: Watch for single event
inotify12.c:87: TPASS: Correct mask in inotify fdinfo
inotify12.c:101: TPASS: Got 1st event as expected
inotify12.c:137: TPASS: Got no more events as expected
inotify12.c:71: TINFO: Test #2: Watch for events on linked file
inotify12.c:87: TPASS: Correct mask in inotify fdinfo
inotify12.c:101: TPASS: Got 1st event as expected
inotify12.c:137: TPASS: Got no more events as expected

Summary:
passed   9
failed   0
broken   0
skipped  0
warnings 0
