tst_buffers.c:57: TINFO: Test is using guarded buffers
tst_tmpdir.c:308: TINFO: Using /tmp/LTP_opeiofA2O as tmpdir (overlayfs filesystem)
tst_test.c:2042: TINFO: LTP version: 20260529
tst_test.c:2045: TINFO: Tested kernel: 6.12.0-carrick #1 SMP PREEMPT_DYNAMIC aarch64
tst_kconfig.c:90: TINFO: Parsing kernel config '/proc/config.gz'
tst_test.c:1870: TINFO: Overall timeout per run is 0h 00m 30s
openat202.c:64: TPASS: open /proc/version: openat2() passed
openat202.c:64: TPASS: open magiclinks: openat2() passed
openat202.c:64: TPASS: open symlinks: openat2() passed
openat202.c:79: TPASS: resolve-no-xdev: openat2() failed as expected: EXDEV (18)
openat202.c:79: TPASS: resolve-no-magiclinks: openat2() failed as expected: ELOOP (40)
openat202.c:79: TPASS: resolve-no-symlinks: openat2() failed as expected: ELOOP (40)
openat202.c:79: TPASS: resolve-beneath: openat2() failed as expected: EXDEV (18)
openat202.c:79: TPASS: resolve-beneath: openat2() failed as expected: EXDEV (18)
openat202.c:79: TPASS: resolve-no-in-root: openat2() failed as expected: ENOENT (2)

Summary:
passed   9
failed   0
broken   0
skipped  0
warnings 0
