{"name": "node-app", "phase": "carrick", "returncode": 0, "timed_out": false, "outer_wall_s": 0.4763734169973759, "guest_timing": [[0.383, 0.085, 0.193]]}
{"name": "go-build-cold", "phase": "carrick", "returncode": 0, "timed_out": false, "outer_wall_s": 1.4940058329957537, "guest_timing": [[1.423, 2.033, 0.642]]}
{"name": "python-os", "phase": "carrick", "returncode": 0, "timed_out": false, "outer_wall_s": 2.6428119170013815, "guest_timing": [[2.579, 0.795, 1.497]]}
{"name": "node-app", "phase": "carrick", "returncode": 0, "timed_out": false, "outer_wall_s": 0.39225933399575297, "guest_timing": [[0.305, 0.061, 0.187]]}
{"name": "go-build-cold", "phase": "carrick", "returncode": 0, "timed_out": false, "outer_wall_s": 1.3984045830002287, "guest_timing": [[1.334, 1.989, 0.639]]}
{"name": "python-os", "phase": "carrick", "returncode": 0, "timed_out": false, "outer_wall_s": 2.59384770799079, "guest_timing": [[2.532, 0.78, 1.493]]}
{"name": "node-app", "phase": "carrick", "returncode": 0, "timed_out": false, "outer_wall_s": 0.3620669999945676, "guest_timing": [[0.302, 0.067, 0.19]]}
{"name": "go-build-cold", "phase": "carrick", "returncode": 0, "timed_out": false, "outer_wall_s": 1.381329249998089, "guest_timing": [[1.317, 2.027, 0.628]]}
{"name": "python-os", "phase": "carrick", "returncode": 0, "timed_out": false, "outer_wall_s": 2.6479669580003247, "guest_timing": [[2.586, 0.788, 1.509]]}
{"name": "node-app", "phase": "carrick", "returncode": 0, "timed_out": false, "outer_wall_s": 0.3710271250020014, "guest_timing": [[0.313, 0.075, 0.192]]}
{"name": "go-build-cold", "phase": "carrick", "returncode": 0, "timed_out": false, "outer_wall_s": 1.4038604999950621, "guest_timing": [[1.337, 2.023, 0.662]]}
{"name": "python-os", "phase": "carrick", "returncode": 0, "timed_out": false, "outer_wall_s": 2.6283803330006776, "guest_timing": [[2.565, 0.791, 1.508]]}
{"name": "node-app", "phase": "carrick", "returncode": 0, "timed_out": false, "outer_wall_s": 0.35921791700820904, "guest_timing": [[0.308, 0.071, 0.193]]}
{"name": "go-build-cold", "phase": "carrick", "returncode": 0, "timed_out": false, "outer_wall_s": 1.4205074170022272, "guest_timing": [[1.361, 2.01, 0.638]]}
{"name": "python-os", "phase": "carrick", "returncode": 0, "timed_out": false, "outer_wall_s": 2.6211809589876793, "guest_timing": [[2.565, 0.789, 1.509]]}
{"name": "node-app", "phase": "carrick", "returncode": 0, "timed_out": false, "outer_wall_s": 0.36304400001245085, "guest_timing": [[0.311, 0.079, 0.191]]}
{"name": "go-build-cold", "phase": "carrick", "returncode": 0, "timed_out": false, "outer_wall_s": 1.421484958002111, "guest_timing": [[1.359, 2.044, 0.646]]}
{"name": "python-os", "phase": "carrick", "returncode": 0, "timed_out": false, "outer_wall_s": 2.6889541249984177, "guest_timing": [[2.629, 0.808, 1.538]]}
{"name": "node-app", "phase": "carrick", "returncode": 0, "timed_out": false, "outer_wall_s": 0.3677259590040194, "guest_timing": [[0.314, 0.076, 0.203]]}
{"name": "go-build-cold", "phase": "carrick", "returncode": 0, "timed_out": false, "outer_wall_s": 1.4109035419969587, "guest_timing": [[1.348, 2.042, 0.675]]}
{"name": "python-os", "phase": "carrick", "returncode": 0, "timed_out": false, "outer_wall_s": 2.6479158750007628, "guest_timing": [[2.586, 0.799, 1.506]]}
{"name": "node-app", "phase": "carrick", "returncode": 0, "timed_out": false, "outer_wall_s": 0.3785004170058528, "guest_timing": [[0.325, 0.091, 0.2]]}
{"name": "go-build-cold", "phase": "carrick", "returncode": 0, "timed_out": false, "outer_wall_s": 1.4101456250064075, "guest_timing": [[1.348, 2.05, 0.672]]}
{"name": "python-os", "phase": "carrick", "returncode": 0, "timed_out": false, "outer_wall_s": 2.6300560000090627, "guest_timing": [[2.571, 0.784, 1.505]]}
{
  "node-app": {
    "control_s": [
      0.383,
      0.313,
      0.308,
      0.325
    ],
    "candidate_s": [
      0.305,
      0.302,
      0.311,
      0.314
    ],
    "candidate_control_mean_ratio": 0.927012791572611
  },
  "go-build-cold": {
    "control_s": [
      1.423,
      1.337,
      1.361,
      1.348
    ],
    "candidate_s": [
      1.334,
      1.317,
      1.359,
      1.348
    ],
    "candidate_control_mean_ratio": 0.97970378496983
  },
  "python-os": {
    "control_s": [
      2.579,
      2.565,
      2.565,
      2.571
    ],
    "candidate_s": [
      2.532,
      2.586,
      2.629,
      2.586
    ],
    "candidate_control_mean_ratio": 1.0051556420233463
  }
}
