{"schema":1,"phase":"seek","sample":1,"iterations":32768,"calls_per_iteration":1,"elapsed_ns":710250}
{"schema":1,"phase":"seek","sample":2,"iterations":32768,"calls_per_iteration":1,"elapsed_ns":703750}
{"schema":1,"phase":"seek","sample":3,"iterations":32768,"calls_per_iteration":1,"elapsed_ns":690208}
{"schema":1,"phase":"seek","sample":4,"iterations":32768,"calls_per_iteration":1,"elapsed_ns":698375}
{"schema":1,"phase":"seek","sample":5,"iterations":32768,"calls_per_iteration":1,"elapsed_ns":732125}
{"schema":1,"phase":"seek","sample":6,"iterations":32768,"calls_per_iteration":1,"elapsed_ns":723750}
{"schema":1,"phase":"seek","sample":7,"iterations":32768,"calls_per_iteration":1,"elapsed_ns":690166}
{"schema":1,"phase":"seek","sample":8,"iterations":32768,"calls_per_iteration":1,"elapsed_ns":690167}
{"schema":1,"phase":"seek","sample":9,"iterations":32768,"calls_per_iteration":1,"elapsed_ns":690208}
{"schema":1,"phase":"pwrite64","sample":1,"iterations":32768,"calls_per_iteration":1,"elapsed_ns":107659750}
{"schema":1,"phase":"pwrite64","sample":2,"iterations":32768,"calls_per_iteration":1,"elapsed_ns":107583625}
{"schema":1,"phase":"pwrite64","sample":3,"iterations":32768,"calls_per_iteration":1,"elapsed_ns":108879959}
{"schema":1,"phase":"pwrite64","sample":4,"iterations":32768,"calls_per_iteration":1,"elapsed_ns":110568083}
{"schema":1,"phase":"pwrite64","sample":5,"iterations":32768,"calls_per_iteration":1,"elapsed_ns":110441959}
{"schema":1,"phase":"pwrite64","sample":6,"iterations":32768,"calls_per_iteration":1,"elapsed_ns":106153375}
{"schema":1,"phase":"pwrite64","sample":7,"iterations":32768,"calls_per_iteration":1,"elapsed_ns":106909916}
{"schema":1,"phase":"pwrite64","sample":8,"iterations":32768,"calls_per_iteration":1,"elapsed_ns":107966666}
{"schema":1,"phase":"pwrite64","sample":9,"iterations":32768,"calls_per_iteration":1,"elapsed_ns":108308292}
{"schema":1,"phase":"write64_seek","sample":1,"iterations":32768,"calls_per_iteration":2,"elapsed_ns":75235334}
{"schema":1,"phase":"write64_seek","sample":2,"iterations":32768,"calls_per_iteration":2,"elapsed_ns":75639417}
{"schema":1,"phase":"write64_seek","sample":3,"iterations":32768,"calls_per_iteration":2,"elapsed_ns":76196916}
{"schema":1,"phase":"write64_seek","sample":4,"iterations":32768,"calls_per_iteration":2,"elapsed_ns":73999709}
{"schema":1,"phase":"write64_seek","sample":5,"iterations":32768,"calls_per_iteration":2,"elapsed_ns":75303709}
{"schema":1,"phase":"write64_seek","sample":6,"iterations":32768,"calls_per_iteration":2,"elapsed_ns":76216042}
{"schema":1,"phase":"write64_seek","sample":7,"iterations":32768,"calls_per_iteration":2,"elapsed_ns":86355209}
{"schema":1,"phase":"write64_seek","sample":8,"iterations":32768,"calls_per_iteration":2,"elapsed_ns":76202500}
{"schema":1,"phase":"write64_seek","sample":9,"iterations":32768,"calls_per_iteration":2,"elapsed_ns":74452750}
{"schema":1,"phase":"fstat","sample":1,"iterations":32768,"calls_per_iteration":1,"elapsed_ns":64701166}
{"schema":1,"phase":"fstat","sample":2,"iterations":32768,"calls_per_iteration":1,"elapsed_ns":64850500}
{"schema":1,"phase":"fstat","sample":3,"iterations":32768,"calls_per_iteration":1,"elapsed_ns":65235125}
{"schema":1,"phase":"fstat","sample":4,"iterations":32768,"calls_per_iteration":1,"elapsed_ns":66193416}
{"schema":1,"phase":"fstat","sample":5,"iterations":32768,"calls_per_iteration":1,"elapsed_ns":65622250}
{"schema":1,"phase":"fstat","sample":6,"iterations":32768,"calls_per_iteration":1,"elapsed_ns":68115334}
{"schema":1,"phase":"fstat","sample":7,"iterations":32768,"calls_per_iteration":1,"elapsed_ns":68845625}
{"schema":1,"phase":"fstat","sample":8,"iterations":32768,"calls_per_iteration":1,"elapsed_ns":77737917}
{"schema":1,"phase":"fstat","sample":9,"iterations":32768,"calls_per_iteration":1,"elapsed_ns":67390291}
{"schema":1,"verified":true,"bytes":64,"offset":0,"removed":true}
