sample_phase=watch_invalid_pair sample=0 scale=65536 ticks=5026236 frequency=24000000 queued_events=0
sample_phase=watch_invalid_pair sample=1 scale=65536 ticks=4878336 frequency=24000000 queued_events=0
sample_phase=watch_invalid_pair sample=2 scale=65536 ticks=4890142 frequency=24000000 queued_events=0
sample_phase=watch_invalid_pair sample=3 scale=65536 ticks=5013414 frequency=24000000 queued_events=0
sample_phase=watch_invalid_pair sample=4 scale=65536 ticks=4963558 frequency=24000000 queued_events=0
sample_phase=watch_invalid_pair sample=5 scale=65536 ticks=4921478 frequency=24000000 queued_events=0
sample_phase=watch_invalid_pair sample=6 scale=65536 ticks=4989006 frequency=24000000 queued_events=0
sample_phase=watch_invalid_pair sample=7 scale=65536 ticks=5017733 frequency=24000000 queued_events=0
sample_phase=watch_invalid_pair sample=8 scale=65536 ticks=5004265 frequency=24000000 queued_events=0
sample_phase=watch_invalid_pair sample=9 scale=65536 ticks=5044855 frequency=24000000 queued_events=0
sample_phase=watch_invalid_pair sample=10 scale=65536 ticks=5412240 frequency=24000000 queued_events=0
sample_phase=watch_invalid_pair sample=11 scale=65536 ticks=5080964 frequency=24000000 queued_events=0
sample_phase=watch_invalid_pair sample=12 scale=65536 ticks=4975258 frequency=24000000 queued_events=0
sample_phase=watch_invalid_pair sample=13 scale=65536 ticks=5094596 frequency=24000000 queued_events=0
sample_phase=watch_invalid_pair sample=14 scale=65536 ticks=5353145 frequency=24000000 queued_events=0
sample_phase=watch_invalid_pair sample=15 scale=65536 ticks=5114883 frequency=24000000 queued_events=0
sample_phase=watch_invalid_pair sample=16 scale=65536 ticks=5065204 frequency=24000000 queued_events=0
sample_phase=watch_invalid_pair sample=17 scale=65536 ticks=5001055 frequency=24000000 queued_events=0
sample_phase=watch_invalid_pair sample=18 scale=65536 ticks=5020322 frequency=24000000 queued_events=0
sample_phase=watch_invalid_pair sample=19 scale=65536 ticks=5025033 frequency=24000000 queued_events=0
sample_phase=watch_invalid_pair sample=20 scale=65536 ticks=5094536 frequency=24000000 queued_events=0
phase=watch_invalid_pair scale=65536 samples=21 p50_ns_per_iter=3191 complete=1
sample_phase=watch_unchanged_pair sample=0 scale=65536 ticks=5761908 frequency=24000000 queued_events=0
sample_phase=watch_unchanged_pair sample=1 scale=65536 ticks=5787112 frequency=24000000 queued_events=0
sample_phase=watch_unchanged_pair sample=2 scale=65536 ticks=5863253 frequency=24000000 queued_events=0
sample_phase=watch_unchanged_pair sample=3 scale=65536 ticks=5727881 frequency=24000000 queued_events=0
sample_phase=watch_unchanged_pair sample=4 scale=65536 ticks=5735787 frequency=24000000 queued_events=0
sample_phase=watch_unchanged_pair sample=5 scale=65536 ticks=5846572 frequency=24000000 queued_events=0
sample_phase=watch_unchanged_pair sample=6 scale=65536 ticks=5774670 frequency=24000000 queued_events=0
sample_phase=watch_unchanged_pair sample=7 scale=65536 ticks=5755014 frequency=24000000 queued_events=0
sample_phase=watch_unchanged_pair sample=8 scale=65536 ticks=5792587 frequency=24000000 queued_events=0
sample_phase=watch_unchanged_pair sample=9 scale=65536 ticks=5885343 frequency=24000000 queued_events=0
sample_phase=watch_unchanged_pair sample=10 scale=65536 ticks=5793327 frequency=24000000 queued_events=0
sample_phase=watch_unchanged_pair sample=11 scale=65536 ticks=5740380 frequency=24000000 queued_events=0
sample_phase=watch_unchanged_pair sample=12 scale=65536 ticks=5850050 frequency=24000000 queued_events=0
sample_phase=watch_unchanged_pair sample=13 scale=65536 ticks=5816716 frequency=24000000 queued_events=0
sample_phase=watch_unchanged_pair sample=14 scale=65536 ticks=5739566 frequency=24000000 queued_events=0
sample_phase=watch_unchanged_pair sample=15 scale=65536 ticks=5809441 frequency=24000000 queued_events=0
sample_phase=watch_unchanged_pair sample=16 scale=65536 ticks=5792045 frequency=24000000 queued_events=0
sample_phase=watch_unchanged_pair sample=17 scale=65536 ticks=5837586 frequency=24000000 queued_events=0
sample_phase=watch_unchanged_pair sample=18 scale=65536 ticks=5778961 frequency=24000000 queued_events=0
sample_phase=watch_unchanged_pair sample=19 scale=65536 ticks=5796256 frequency=24000000 queued_events=0
sample_phase=watch_unchanged_pair sample=20 scale=65536 ticks=5795553 frequency=24000000 queued_events=0
phase=watch_unchanged_pair scale=65536 samples=21 p50_ns_per_iter=3682 complete=1
probe_complete=1
sample_phase=watch_empty_batch sample=0 scale=128 ticks=10032 frequency=24000000 queued_events=128
sample_phase=watch_empty_batch sample=1 scale=128 ticks=9919 frequency=24000000 queued_events=128
sample_phase=watch_empty_batch sample=2 scale=128 ticks=10119 frequency=24000000 queued_events=128
sample_phase=watch_empty_batch sample=3 scale=128 ticks=10519 frequency=24000000 queued_events=128
sample_phase=watch_empty_batch sample=4 scale=128 ticks=10550 frequency=24000000 queued_events=128
sample_phase=watch_empty_batch sample=5 scale=128 ticks=10732 frequency=24000000 queued_events=128
sample_phase=watch_empty_batch sample=6 scale=128 ticks=10255 frequency=24000000 queued_events=128
sample_phase=watch_empty_batch sample=7 scale=128 ticks=9992 frequency=24000000 queued_events=128
sample_phase=watch_empty_batch sample=8 scale=128 ticks=10078 frequency=24000000 queued_events=128
sample_phase=watch_empty_batch sample=9 scale=128 ticks=9961 frequency=24000000 queued_events=128
sample_phase=watch_empty_batch sample=10 scale=128 ticks=10093 frequency=24000000 queued_events=128
sample_phase=watch_empty_batch sample=11 scale=128 ticks=10129 frequency=24000000 queued_events=128
sample_phase=watch_empty_batch sample=12 scale=128 ticks=10184 frequency=24000000 queued_events=128
sample_phase=watch_empty_batch sample=13 scale=128 ticks=10074 frequency=24000000 queued_events=128
sample_phase=watch_empty_batch sample=14 scale=128 ticks=9918 frequency=24000000 queued_events=128
sample_phase=watch_empty_batch sample=15 scale=128 ticks=9952 frequency=24000000 queued_events=128
sample_phase=watch_empty_batch sample=16 scale=128 ticks=10173 frequency=24000000 queued_events=128
sample_phase=watch_empty_batch sample=17 scale=128 ticks=10007 frequency=24000000 queued_events=128
sample_phase=watch_empty_batch sample=18 scale=128 ticks=10177 frequency=24000000 queued_events=128
sample_phase=watch_empty_batch sample=19 scale=128 ticks=9915 frequency=24000000 queued_events=128
sample_phase=watch_empty_batch sample=20 scale=128 ticks=10081 frequency=24000000 queued_events=128
phase=watch_empty_batch scale=128 samples=21 p50_ns_per_iter=3281 complete=1
sample_phase=watch_growing sample=0 scale=8192 ticks=683429 frequency=24000000 queued_events=8192
sample_phase=watch_growing sample=1 scale=8192 ticks=676553 frequency=24000000 queued_events=8192
sample_phase=watch_growing sample=2 scale=8192 ticks=689343 frequency=24000000 queued_events=8192
sample_phase=watch_growing sample=3 scale=8192 ticks=673184 frequency=24000000 queued_events=8192
sample_phase=watch_growing sample=4 scale=8192 ticks=696933 frequency=24000000 queued_events=8192
sample_phase=watch_growing sample=5 scale=8192 ticks=703765 frequency=24000000 queued_events=8192
sample_phase=watch_growing sample=6 scale=8192 ticks=703176 frequency=24000000 queued_events=8192
sample_phase=watch_growing sample=7 scale=8192 ticks=678076 frequency=24000000 queued_events=8192
sample_phase=watch_growing sample=8 scale=8192 ticks=696854 frequency=24000000 queued_events=8192
sample_phase=watch_growing sample=9 scale=8192 ticks=702388 frequency=24000000 queued_events=8192
sample_phase=watch_growing sample=10 scale=8192 ticks=702646 frequency=24000000 queued_events=8192
sample_phase=watch_growing sample=11 scale=8192 ticks=703977 frequency=24000000 queued_events=8192
sample_phase=watch_growing sample=12 scale=8192 ticks=704686 frequency=24000000 queued_events=8192
sample_phase=watch_growing sample=13 scale=8192 ticks=693199 frequency=24000000 queued_events=8192
sample_phase=watch_growing sample=14 scale=8192 ticks=673955 frequency=24000000 queued_events=8192
sample_phase=watch_growing sample=15 scale=8192 ticks=683922 frequency=24000000 queued_events=8192
sample_phase=watch_growing sample=16 scale=8192 ticks=687588 frequency=24000000 queued_events=8192
sample_phase=watch_growing sample=17 scale=8192 ticks=688495 frequency=24000000 queued_events=8192
sample_phase=watch_growing sample=18 scale=8192 ticks=680723 frequency=24000000 queued_events=8192
sample_phase=watch_growing sample=19 scale=8192 ticks=687790 frequency=24000000 queued_events=8192
sample_phase=watch_growing sample=20 scale=8192 ticks=697364 frequency=24000000 queued_events=8192
phase=watch_growing scale=8192 samples=21 p50_ns_per_iter=3506 complete=1
sample_phase=watch_overflow sample=0 scale=65536 ticks=5528571 frequency=24000000 queued_events=16385
sample_phase=watch_overflow sample=1 scale=65536 ticks=5489539 frequency=24000000 queued_events=16385
sample_phase=watch_overflow sample=2 scale=65536 ticks=5557718 frequency=24000000 queued_events=16385
sample_phase=watch_overflow sample=3 scale=65536 ticks=5516247 frequency=24000000 queued_events=16385
sample_phase=watch_overflow sample=4 scale=65536 ticks=5562950 frequency=24000000 queued_events=16385
sample_phase=watch_overflow sample=5 scale=65536 ticks=5488051 frequency=24000000 queued_events=16385
sample_phase=watch_overflow sample=6 scale=65536 ticks=5500545 frequency=24000000 queued_events=16385
sample_phase=watch_overflow sample=7 scale=65536 ticks=5530186 frequency=24000000 queued_events=16385
sample_phase=watch_overflow sample=8 scale=65536 ticks=5591741 frequency=24000000 queued_events=16385
sample_phase=watch_overflow sample=9 scale=65536 ticks=5602947 frequency=24000000 queued_events=16385
sample_phase=watch_overflow sample=10 scale=65536 ticks=5501205 frequency=24000000 queued_events=16385
sample_phase=watch_overflow sample=11 scale=65536 ticks=5480510 frequency=24000000 queued_events=16385
sample_phase=watch_overflow sample=12 scale=65536 ticks=5583120 frequency=24000000 queued_events=16385
sample_phase=watch_overflow sample=13 scale=65536 ticks=5588429 frequency=24000000 queued_events=16385
sample_phase=watch_overflow sample=14 scale=65536 ticks=5505275 frequency=24000000 queued_events=16385
sample_phase=watch_overflow sample=15 scale=65536 ticks=5491565 frequency=24000000 queued_events=16385
sample_phase=watch_overflow sample=16 scale=65536 ticks=5536157 frequency=24000000 queued_events=16385
sample_phase=watch_overflow sample=17 scale=65536 ticks=5466801 frequency=24000000 queued_events=16385
sample_phase=watch_overflow sample=18 scale=65536 ticks=5531258 frequency=24000000 queued_events=16385
sample_phase=watch_overflow sample=19 scale=65536 ticks=5506574 frequency=24000000 queued_events=16385
sample_phase=watch_overflow sample=20 scale=65536 ticks=5585942 frequency=24000000 queued_events=16385
phase=watch_overflow scale=65536 samples=21 p50_ns_per_iter=3514 complete=1
probe_complete=1
contract_scale=128
completed_iterations=128
probe_complete=1
