tst_tmpdir.c:308: TINFO: Using /tmp/LTP_inoqy1vc8 as tmpdir (overlayfs filesystem)
tst_test.c:2042: TINFO: LTP version: 20260529
tst_test.c:2045: TINFO: Tested kernel: 7.0.12-linuxkit #1 SMP PREEMPT Thu Aug 27 14:02:21 UTC 2026 aarch64
tst_kconfig.c:90: TINFO: Parsing kernel config '/proc/config.gz'
tst_test.c:1870: TINFO: Overall timeout per run is 0h 03m 00s
../../../../include/tst_fuzzy_sync.h:484: TINFO: Minimum sampling period ended
../../../../include/tst_fuzzy_sync.h:307: TINFO: loop = 1024, delay_bias = 0
../../../../include/tst_fuzzy_sync.h:295: TINFO: start_a - start_b: { avg =    -9ns, avg_dev =    37ns, dev_ratio = 4.00 }
../../../../include/tst_fuzzy_sync.h:295: TINFO: end_a - start_a  : { avg =   386ns, avg_dev =    15ns, dev_ratio = 0.04 }
../../../../include/tst_fuzzy_sync.h:295: TINFO: end_b - start_b  : { avg =   828ns, avg_dev =   296ns, dev_ratio = 0.36 }
../../../../include/tst_fuzzy_sync.h:295: TINFO: end_a - end_b    : { avg =  -451ns, avg_dev =   320ns, dev_ratio = 0.71 }
../../../../include/tst_fuzzy_sync.h:295: TINFO: spins            : { avg =   433  , avg_dev =   277  , dev_ratio = 0.64 }
../../../../include/tst_fuzzy_sync.h:494: TINFO: Reached deviation ratios < 0.10, introducing randomness
../../../../include/tst_fuzzy_sync.h:497: TINFO: Delay range is [-746, 480]
../../../../include/tst_fuzzy_sync.h:307: TINFO: loop = 3832, delay_bias = 0
../../../../include/tst_fuzzy_sync.h:295: TINFO: start_a - start_b: { avg =   -41ns, avg_dev =     4ns, dev_ratio = 0.09 }
../../../../include/tst_fuzzy_sync.h:295: TINFO: end_a - start_a  : { avg =   382ns, avg_dev =    12ns, dev_ratio = 0.03 }
../../../../include/tst_fuzzy_sync.h:295: TINFO: end_b - start_b  : { avg =   593ns, avg_dev =    13ns, dev_ratio = 0.02 }
../../../../include/tst_fuzzy_sync.h:295: TINFO: end_a - end_b    : { avg =  -252ns, avg_dev =    11ns, dev_ratio = 0.04 }
../../../../include/tst_fuzzy_sync.h:295: TINFO: spins            : { avg =   317  , avg_dev =    12  , dev_ratio = 0.04 }
../../../../include/tst_fuzzy_sync.h:654: TINFO: Exceeded execution loops, requesting exit
inotify09.c:90: TPASS: kernel survived inotify beating

Summary:
passed   1
failed   0
broken   0
skipped  0
warnings 0
real 5.68
user 0.01
sys 0.00
