{"schema":1,"phase":"seek","sample":1,"iterations":32768,"calls_per_iteration":1,"elapsed_ns":11030000}
{"schema":1,"phase":"seek","sample":2,"iterations":32768,"calls_per_iteration":1,"elapsed_ns":9382000}
{"schema":1,"phase":"seek","sample":3,"iterations":32768,"calls_per_iteration":1,"elapsed_ns":8412000}
{"schema":1,"phase":"seek","sample":4,"iterations":32768,"calls_per_iteration":1,"elapsed_ns":7875000}
{"schema":1,"phase":"seek","sample":5,"iterations":32768,"calls_per_iteration":1,"elapsed_ns":7432000}
{"schema":1,"phase":"seek","sample":6,"iterations":32768,"calls_per_iteration":1,"elapsed_ns":7150000}
{"schema":1,"phase":"seek","sample":7,"iterations":32768,"calls_per_iteration":1,"elapsed_ns":6881000}
{"schema":1,"phase":"seek","sample":8,"iterations":32768,"calls_per_iteration":1,"elapsed_ns":6915000}
{"schema":1,"phase":"seek","sample":9,"iterations":32768,"calls_per_iteration":1,"elapsed_ns":6649000}
{"schema":1,"phase":"pwrite64","sample":1,"iterations":32768,"calls_per_iteration":1,"elapsed_ns":32042000}
{"schema":1,"phase":"pwrite64","sample":2,"iterations":32768,"calls_per_iteration":1,"elapsed_ns":32132000}
{"schema":1,"phase":"pwrite64","sample":3,"iterations":32768,"calls_per_iteration":1,"elapsed_ns":32258000}
{"schema":1,"phase":"pwrite64","sample":4,"iterations":32768,"calls_per_iteration":1,"elapsed_ns":32280000}
{"schema":1,"phase":"pwrite64","sample":5,"iterations":32768,"calls_per_iteration":1,"elapsed_ns":32237000}
{"schema":1,"phase":"pwrite64","sample":6,"iterations":32768,"calls_per_iteration":1,"elapsed_ns":32439000}
{"schema":1,"phase":"pwrite64","sample":7,"iterations":32768,"calls_per_iteration":1,"elapsed_ns":32293000}
{"schema":1,"phase":"pwrite64","sample":8,"iterations":32768,"calls_per_iteration":1,"elapsed_ns":32185000}
{"schema":1,"phase":"pwrite64","sample":9,"iterations":32768,"calls_per_iteration":1,"elapsed_ns":31335000}
{"schema":1,"phase":"write64_seek","sample":1,"iterations":32768,"calls_per_iteration":2,"elapsed_ns":40331000}
{"schema":1,"phase":"write64_seek","sample":2,"iterations":32768,"calls_per_iteration":2,"elapsed_ns":40279000}
{"schema":1,"phase":"write64_seek","sample":3,"iterations":32768,"calls_per_iteration":2,"elapsed_ns":40239000}
{"schema":1,"phase":"write64_seek","sample":4,"iterations":32768,"calls_per_iteration":2,"elapsed_ns":40227000}
{"schema":1,"phase":"write64_seek","sample":5,"iterations":32768,"calls_per_iteration":2,"elapsed_ns":40123000}
{"schema":1,"phase":"write64_seek","sample":6,"iterations":32768,"calls_per_iteration":2,"elapsed_ns":40169000}
{"schema":1,"phase":"write64_seek","sample":7,"iterations":32768,"calls_per_iteration":2,"elapsed_ns":40361000}
{"schema":1,"phase":"write64_seek","sample":8,"iterations":32768,"calls_per_iteration":2,"elapsed_ns":40354000}
{"schema":1,"phase":"write64_seek","sample":9,"iterations":32768,"calls_per_iteration":2,"elapsed_ns":40271000}
{"schema":1,"phase":"fstat","sample":1,"iterations":32768,"calls_per_iteration":1,"elapsed_ns":7893000}
{"schema":1,"phase":"fstat","sample":2,"iterations":32768,"calls_per_iteration":1,"elapsed_ns":7881000}
{"schema":1,"phase":"fstat","sample":3,"iterations":32768,"calls_per_iteration":1,"elapsed_ns":7846000}
{"schema":1,"phase":"fstat","sample":4,"iterations":32768,"calls_per_iteration":1,"elapsed_ns":7833000}
{"schema":1,"phase":"fstat","sample":5,"iterations":32768,"calls_per_iteration":1,"elapsed_ns":7850000}
{"schema":1,"phase":"fstat","sample":6,"iterations":32768,"calls_per_iteration":1,"elapsed_ns":7849000}
{"schema":1,"phase":"fstat","sample":7,"iterations":32768,"calls_per_iteration":1,"elapsed_ns":7847000}
{"schema":1,"phase":"fstat","sample":8,"iterations":32768,"calls_per_iteration":1,"elapsed_ns":7849000}
{"schema":1,"phase":"fstat","sample":9,"iterations":32768,"calls_per_iteration":1,"elapsed_ns":7843000}
{"schema":1,"verified":true,"bytes":64,"offset":0,"removed":true}
