{"schema":1,"phase":"seek","sample":1,"iterations":32768,"calls_per_iteration":1,"elapsed_ns":690209}
{"schema":1,"phase":"seek","sample":2,"iterations":32768,"calls_per_iteration":1,"elapsed_ns":690167}
{"schema":1,"phase":"seek","sample":3,"iterations":32768,"calls_per_iteration":1,"elapsed_ns":690167}
{"schema":1,"phase":"seek","sample":4,"iterations":32768,"calls_per_iteration":1,"elapsed_ns":690166}
{"schema":1,"phase":"seek","sample":5,"iterations":32768,"calls_per_iteration":1,"elapsed_ns":690125}
{"schema":1,"phase":"seek","sample":6,"iterations":32768,"calls_per_iteration":1,"elapsed_ns":690208}
{"schema":1,"phase":"seek","sample":7,"iterations":32768,"calls_per_iteration":1,"elapsed_ns":690125}
{"schema":1,"phase":"seek","sample":8,"iterations":32768,"calls_per_iteration":1,"elapsed_ns":690209}
{"schema":1,"phase":"seek","sample":9,"iterations":32768,"calls_per_iteration":1,"elapsed_ns":684167}
{"schema":1,"phase":"pwrite64","sample":1,"iterations":32768,"calls_per_iteration":1,"elapsed_ns":106191292}
{"schema":1,"phase":"pwrite64","sample":2,"iterations":32768,"calls_per_iteration":1,"elapsed_ns":106250875}
{"schema":1,"phase":"pwrite64","sample":3,"iterations":32768,"calls_per_iteration":1,"elapsed_ns":108605459}
{"schema":1,"phase":"pwrite64","sample":4,"iterations":32768,"calls_per_iteration":1,"elapsed_ns":108536250}
{"schema":1,"phase":"pwrite64","sample":5,"iterations":32768,"calls_per_iteration":1,"elapsed_ns":107149916}
{"schema":1,"phase":"pwrite64","sample":6,"iterations":32768,"calls_per_iteration":1,"elapsed_ns":107688458}
{"schema":1,"phase":"pwrite64","sample":7,"iterations":32768,"calls_per_iteration":1,"elapsed_ns":109357000}
{"schema":1,"phase":"pwrite64","sample":8,"iterations":32768,"calls_per_iteration":1,"elapsed_ns":111165167}
{"schema":1,"phase":"pwrite64","sample":9,"iterations":32768,"calls_per_iteration":1,"elapsed_ns":110451334}
{"schema":1,"phase":"write64_seek","sample":1,"iterations":32768,"calls_per_iteration":2,"elapsed_ns":76410917}
{"schema":1,"phase":"write64_seek","sample":2,"iterations":32768,"calls_per_iteration":2,"elapsed_ns":75728958}
{"schema":1,"phase":"write64_seek","sample":3,"iterations":32768,"calls_per_iteration":2,"elapsed_ns":74407417}
{"schema":1,"phase":"write64_seek","sample":4,"iterations":32768,"calls_per_iteration":2,"elapsed_ns":74639292}
{"schema":1,"phase":"write64_seek","sample":5,"iterations":32768,"calls_per_iteration":2,"elapsed_ns":74464000}
{"schema":1,"phase":"write64_seek","sample":6,"iterations":32768,"calls_per_iteration":2,"elapsed_ns":75234791}
{"schema":1,"phase":"write64_seek","sample":7,"iterations":32768,"calls_per_iteration":2,"elapsed_ns":74048750}
{"schema":1,"phase":"write64_seek","sample":8,"iterations":32768,"calls_per_iteration":2,"elapsed_ns":74514625}
{"schema":1,"phase":"write64_seek","sample":9,"iterations":32768,"calls_per_iteration":2,"elapsed_ns":74699875}
{"schema":1,"phase":"fstat","sample":1,"iterations":32768,"calls_per_iteration":1,"elapsed_ns":66013042}
{"schema":1,"phase":"fstat","sample":2,"iterations":32768,"calls_per_iteration":1,"elapsed_ns":66063584}
{"schema":1,"phase":"fstat","sample":3,"iterations":32768,"calls_per_iteration":1,"elapsed_ns":66158750}
{"schema":1,"phase":"fstat","sample":4,"iterations":32768,"calls_per_iteration":1,"elapsed_ns":66237416}
{"schema":1,"phase":"fstat","sample":5,"iterations":32768,"calls_per_iteration":1,"elapsed_ns":66272375}
{"schema":1,"phase":"fstat","sample":6,"iterations":32768,"calls_per_iteration":1,"elapsed_ns":64473833}
{"schema":1,"phase":"fstat","sample":7,"iterations":32768,"calls_per_iteration":1,"elapsed_ns":64468625}
{"schema":1,"phase":"fstat","sample":8,"iterations":32768,"calls_per_iteration":1,"elapsed_ns":66374292}
{"schema":1,"phase":"fstat","sample":9,"iterations":32768,"calls_per_iteration":1,"elapsed_ns":67187875}
{"schema":1,"verified":true,"bytes":64,"offset":0,"removed":true}
