sample_phase=watch_invalid_pair sample=0 scale=65536 ticks=4929125 frequency=24000000 queued_events=0
sample_phase=watch_invalid_pair sample=1 scale=65536 ticks=5043165 frequency=24000000 queued_events=0
sample_phase=watch_invalid_pair sample=2 scale=65536 ticks=5016317 frequency=24000000 queued_events=0
sample_phase=watch_invalid_pair sample=3 scale=65536 ticks=4929060 frequency=24000000 queued_events=0
sample_phase=watch_invalid_pair sample=4 scale=65536 ticks=4973018 frequency=24000000 queued_events=0
sample_phase=watch_invalid_pair sample=5 scale=65536 ticks=4958169 frequency=24000000 queued_events=0
sample_phase=watch_invalid_pair sample=6 scale=65536 ticks=4981154 frequency=24000000 queued_events=0
sample_phase=watch_invalid_pair sample=7 scale=65536 ticks=5119409 frequency=24000000 queued_events=0
sample_phase=watch_invalid_pair sample=8 scale=65536 ticks=5037030 frequency=24000000 queued_events=0
sample_phase=watch_invalid_pair sample=9 scale=65536 ticks=5017331 frequency=24000000 queued_events=0
sample_phase=watch_invalid_pair sample=10 scale=65536 ticks=5148831 frequency=24000000 queued_events=0
sample_phase=watch_invalid_pair sample=11 scale=65536 ticks=5351941 frequency=24000000 queued_events=0
sample_phase=watch_invalid_pair sample=12 scale=65536 ticks=5119358 frequency=24000000 queued_events=0
sample_phase=watch_invalid_pair sample=13 scale=65536 ticks=4968022 frequency=24000000 queued_events=0
sample_phase=watch_invalid_pair sample=14 scale=65536 ticks=5403939 frequency=24000000 queued_events=0
sample_phase=watch_invalid_pair sample=15 scale=65536 ticks=5067960 frequency=24000000 queued_events=0
sample_phase=watch_invalid_pair sample=16 scale=65536 ticks=5120435 frequency=24000000 queued_events=0
sample_phase=watch_invalid_pair sample=17 scale=65536 ticks=4978444 frequency=24000000 queued_events=0
sample_phase=watch_invalid_pair sample=18 scale=65536 ticks=5081677 frequency=24000000 queued_events=0
sample_phase=watch_invalid_pair sample=19 scale=65536 ticks=5006301 frequency=24000000 queued_events=0
sample_phase=watch_invalid_pair sample=20 scale=65536 ticks=5053994 frequency=24000000 queued_events=0
phase=watch_invalid_pair scale=65536 samples=21 p50_ns_per_iter=3202 complete=1
sample_phase=watch_unchanged_pair sample=0 scale=65536 ticks=5732632 frequency=24000000 queued_events=0
sample_phase=watch_unchanged_pair sample=1 scale=65536 ticks=5778633 frequency=24000000 queued_events=0
sample_phase=watch_unchanged_pair sample=2 scale=65536 ticks=5874153 frequency=24000000 queued_events=0
sample_phase=watch_unchanged_pair sample=3 scale=65536 ticks=5850632 frequency=24000000 queued_events=0
sample_phase=watch_unchanged_pair sample=4 scale=65536 ticks=5753711 frequency=24000000 queued_events=0
sample_phase=watch_unchanged_pair sample=5 scale=65536 ticks=5732506 frequency=24000000 queued_events=0
sample_phase=watch_unchanged_pair sample=6 scale=65536 ticks=5763538 frequency=24000000 queued_events=0
sample_phase=watch_unchanged_pair sample=7 scale=65536 ticks=5891882 frequency=24000000 queued_events=0
sample_phase=watch_unchanged_pair sample=8 scale=65536 ticks=5899024 frequency=24000000 queued_events=0
sample_phase=watch_unchanged_pair sample=9 scale=65536 ticks=5806770 frequency=24000000 queued_events=0
sample_phase=watch_unchanged_pair sample=10 scale=65536 ticks=5921530 frequency=24000000 queued_events=0
sample_phase=watch_unchanged_pair sample=11 scale=65536 ticks=5704785 frequency=24000000 queued_events=0
sample_phase=watch_unchanged_pair sample=12 scale=65536 ticks=5753551 frequency=24000000 queued_events=0
sample_phase=watch_unchanged_pair sample=13 scale=65536 ticks=5913369 frequency=24000000 queued_events=0
sample_phase=watch_unchanged_pair sample=14 scale=65536 ticks=5730092 frequency=24000000 queued_events=0
sample_phase=watch_unchanged_pair sample=15 scale=65536 ticks=5890303 frequency=24000000 queued_events=0
sample_phase=watch_unchanged_pair sample=16 scale=65536 ticks=5784512 frequency=24000000 queued_events=0
sample_phase=watch_unchanged_pair sample=17 scale=65536 ticks=5757047 frequency=24000000 queued_events=0
sample_phase=watch_unchanged_pair sample=18 scale=65536 ticks=5799514 frequency=24000000 queued_events=0
sample_phase=watch_unchanged_pair sample=19 scale=65536 ticks=5789938 frequency=24000000 queued_events=0
sample_phase=watch_unchanged_pair sample=20 scale=65536 ticks=5802336 frequency=24000000 queued_events=0
phase=watch_unchanged_pair scale=65536 samples=21 p50_ns_per_iter=3681 complete=1
probe_complete=1
sample_phase=watch_empty_batch sample=0 scale=128 ticks=10203 frequency=24000000 queued_events=128
sample_phase=watch_empty_batch sample=1 scale=128 ticks=10411 frequency=24000000 queued_events=128
sample_phase=watch_empty_batch sample=2 scale=128 ticks=10491 frequency=24000000 queued_events=128
sample_phase=watch_empty_batch sample=3 scale=128 ticks=10690 frequency=24000000 queued_events=128
sample_phase=watch_empty_batch sample=4 scale=128 ticks=10541 frequency=24000000 queued_events=128
sample_phase=watch_empty_batch sample=5 scale=128 ticks=10084 frequency=24000000 queued_events=128
sample_phase=watch_empty_batch sample=6 scale=128 ticks=9923 frequency=24000000 queued_events=128
sample_phase=watch_empty_batch sample=7 scale=128 ticks=10119 frequency=24000000 queued_events=128
sample_phase=watch_empty_batch sample=8 scale=128 ticks=10140 frequency=24000000 queued_events=128
sample_phase=watch_empty_batch sample=9 scale=128 ticks=10101 frequency=24000000 queued_events=128
sample_phase=watch_empty_batch sample=10 scale=128 ticks=10237 frequency=24000000 queued_events=128
sample_phase=watch_empty_batch sample=11 scale=128 ticks=11090 frequency=24000000 queued_events=128
sample_phase=watch_empty_batch sample=12 scale=128 ticks=10299 frequency=24000000 queued_events=128
sample_phase=watch_empty_batch sample=13 scale=128 ticks=9900 frequency=24000000 queued_events=128
sample_phase=watch_empty_batch sample=14 scale=128 ticks=10055 frequency=24000000 queued_events=128
sample_phase=watch_empty_batch sample=15 scale=128 ticks=10090 frequency=24000000 queued_events=128
sample_phase=watch_empty_batch sample=16 scale=128 ticks=10058 frequency=24000000 queued_events=128
sample_phase=watch_empty_batch sample=17 scale=128 ticks=9946 frequency=24000000 queued_events=128
sample_phase=watch_empty_batch sample=18 scale=128 ticks=10812 frequency=24000000 queued_events=128
sample_phase=watch_empty_batch sample=19 scale=128 ticks=10228 frequency=24000000 queued_events=128
sample_phase=watch_empty_batch sample=20 scale=128 ticks=9894 frequency=24000000 queued_events=128
phase=watch_empty_batch scale=128 samples=21 p50_ns_per_iter=3300 complete=1
sample_phase=watch_growing sample=0 scale=8192 ticks=683396 frequency=24000000 queued_events=8192
sample_phase=watch_growing sample=1 scale=8192 ticks=697388 frequency=24000000 queued_events=8192
sample_phase=watch_growing sample=2 scale=8192 ticks=716531 frequency=24000000 queued_events=8192
sample_phase=watch_growing sample=3 scale=8192 ticks=702862 frequency=24000000 queued_events=8192
sample_phase=watch_growing sample=4 scale=8192 ticks=705981 frequency=24000000 queued_events=8192
sample_phase=watch_growing sample=5 scale=8192 ticks=689617 frequency=24000000 queued_events=8192
sample_phase=watch_growing sample=6 scale=8192 ticks=701279 frequency=24000000 queued_events=8192
sample_phase=watch_growing sample=7 scale=8192 ticks=682069 frequency=24000000 queued_events=8192
sample_phase=watch_growing sample=8 scale=8192 ticks=693302 frequency=24000000 queued_events=8192
sample_phase=watch_growing sample=9 scale=8192 ticks=693129 frequency=24000000 queued_events=8192
sample_phase=watch_growing sample=10 scale=8192 ticks=685126 frequency=24000000 queued_events=8192
sample_phase=watch_growing sample=11 scale=8192 ticks=694759 frequency=24000000 queued_events=8192
sample_phase=watch_growing sample=12 scale=8192 ticks=700030 frequency=24000000 queued_events=8192
sample_phase=watch_growing sample=13 scale=8192 ticks=675826 frequency=24000000 queued_events=8192
sample_phase=watch_growing sample=14 scale=8192 ticks=688494 frequency=24000000 queued_events=8192
sample_phase=watch_growing sample=15 scale=8192 ticks=696049 frequency=24000000 queued_events=8192
sample_phase=watch_growing sample=16 scale=8192 ticks=687385 frequency=24000000 queued_events=8192
sample_phase=watch_growing sample=17 scale=8192 ticks=689988 frequency=24000000 queued_events=8192
sample_phase=watch_growing sample=18 scale=8192 ticks=674966 frequency=24000000 queued_events=8192
sample_phase=watch_growing sample=19 scale=8192 ticks=698714 frequency=24000000 queued_events=8192
sample_phase=watch_growing sample=20 scale=8192 ticks=703547 frequency=24000000 queued_events=8192
phase=watch_growing scale=8192 samples=21 p50_ns_per_iter=3526 complete=1
sample_phase=watch_overflow sample=0 scale=65536 ticks=5561442 frequency=24000000 queued_events=16385
sample_phase=watch_overflow sample=1 scale=65536 ticks=5623427 frequency=24000000 queued_events=16385
sample_phase=watch_overflow sample=2 scale=65536 ticks=5517618 frequency=24000000 queued_events=16385
sample_phase=watch_overflow sample=3 scale=65536 ticks=5559683 frequency=24000000 queued_events=16385
sample_phase=watch_overflow sample=4 scale=65536 ticks=5648634 frequency=24000000 queued_events=16385
sample_phase=watch_overflow sample=5 scale=65536 ticks=5643155 frequency=24000000 queued_events=16385
sample_phase=watch_overflow sample=6 scale=65536 ticks=5560838 frequency=24000000 queued_events=16385
sample_phase=watch_overflow sample=7 scale=65536 ticks=5536108 frequency=24000000 queued_events=16385
sample_phase=watch_overflow sample=8 scale=65536 ticks=5559118 frequency=24000000 queued_events=16385
sample_phase=watch_overflow sample=9 scale=65536 ticks=5606693 frequency=24000000 queued_events=16385
sample_phase=watch_overflow sample=10 scale=65536 ticks=5634150 frequency=24000000 queued_events=16385
sample_phase=watch_overflow sample=11 scale=65536 ticks=5535016 frequency=24000000 queued_events=16385
sample_phase=watch_overflow sample=12 scale=65536 ticks=5547322 frequency=24000000 queued_events=16385
sample_phase=watch_overflow sample=13 scale=65536 ticks=5544004 frequency=24000000 queued_events=16385
sample_phase=watch_overflow sample=14 scale=65536 ticks=5617490 frequency=24000000 queued_events=16385
sample_phase=watch_overflow sample=15 scale=65536 ticks=5604310 frequency=24000000 queued_events=16385
sample_phase=watch_overflow sample=16 scale=65536 ticks=5535640 frequency=24000000 queued_events=16385
sample_phase=watch_overflow sample=17 scale=65536 ticks=5521354 frequency=24000000 queued_events=16385
sample_phase=watch_overflow sample=18 scale=65536 ticks=5564752 frequency=24000000 queued_events=16385
sample_phase=watch_overflow sample=19 scale=65536 ticks=5629868 frequency=24000000 queued_events=16385
sample_phase=watch_overflow sample=20 scale=65536 ticks=5553852 frequency=24000000 queued_events=16385
phase=watch_overflow scale=65536 samples=21 p50_ns_per_iter=3535 complete=1
probe_complete=1
contract_scale=128
completed_iterations=128
probe_complete=1
