tst_tmpdir.c:308: TINFO: Using /tmp/LTP_inoGopjWY as tmpdir (overlayfs filesystem)
tst_test.c:2042: TINFO: LTP version: 20260529
tst_test.c:2045: TINFO: Tested kernel: 6.12.0-carrick #1 SMP PREEMPT_DYNAMIC aarch64
tst_kconfig.c:90: TINFO: Parsing kernel config '/proc/config.gz'
tst_test.c:1870: TINFO: Overall timeout per run is 0h 03m 00s
../../../../include/tst_fuzzy_sync.h:484: TINFO: Minimum sampling period ended
../../../../include/tst_fuzzy_sync.h:307: TINFO: loop = 1024, delay_bias = 0
../../../../include/tst_fuzzy_sync.h:295: TINFO: start_a - start_b: { avg =   -46ns, avg_dev =     9ns, dev_ratio = 0.19 }
../../../../include/tst_fuzzy_sync.h:295: TINFO: end_a - start_a  : { avg =  2377ns, avg_dev =   111ns, dev_ratio = 0.05 }
../../../../include/tst_fuzzy_sync.h:295: TINFO: end_b - start_b  : { avg =  3053ns, avg_dev =    70ns, dev_ratio = 0.02 }
../../../../include/tst_fuzzy_sync.h:295: TINFO: end_a - end_b    : { avg =  -722ns, avg_dev =   129ns, dev_ratio = 0.18 }
../../../../include/tst_fuzzy_sync.h:295: TINFO: spins            : { avg =   947  , avg_dev =   162  , dev_ratio = 0.17 }
../../../../include/tst_fuzzy_sync.h:494: TINFO: Reached deviation ratios < 0.10, introducing randomness
../../../../include/tst_fuzzy_sync.h:497: TINFO: Delay range is [-3799, 2795]
../../../../include/tst_fuzzy_sync.h:307: TINFO: loop = 1065, delay_bias = 0
../../../../include/tst_fuzzy_sync.h:295: TINFO: start_a - start_b: { avg =   -41ns, avg_dev =     4ns, dev_ratio = 0.10 }
../../../../include/tst_fuzzy_sync.h:295: TINFO: end_a - start_a  : { avg =  2136ns, avg_dev =    29ns, dev_ratio = 0.01 }
../../../../include/tst_fuzzy_sync.h:295: TINFO: end_b - start_b  : { avg =  2903ns, avg_dev =    19ns, dev_ratio = 0.01 }
../../../../include/tst_fuzzy_sync.h:295: TINFO: end_a - end_b    : { avg =  -808ns, avg_dev =    29ns, dev_ratio = 0.04 }
../../../../include/tst_fuzzy_sync.h:295: TINFO: spins            : { avg =  1057  , avg_dev =    37  , dev_ratio = 0.04 }
../../../../include/tst_fuzzy_sync.h:654: TINFO: Exceeded execution loops, requesting exit
inotify09.c:90: TPASS: kernel survived inotify beating

Summary:
passed   1
failed   0
broken   0
skipped  0
warnings 0
real 22.03
user 39.49
sys 4.51
