tst_tmpdir.c:308: TINFO: Using /tmp/LTP_ino5GVEtt as tmpdir (overlayfs filesystem)
tst_test.c:2042: TINFO: LTP version: 20260529
tst_test.c:2045: TINFO: Tested kernel: 7.0.12-linuxkit #1 SMP PREEMPT Thu Aug 27 14:02:21 UTC 2026 aarch64
tst_kconfig.c:90: TINFO: Parsing kernel config '/proc/config.gz'
tst_test.c:1870: TINFO: Overall timeout per run is 0h 03m 00s
../../../../include/tst_fuzzy_sync.h:484: TINFO: Minimum sampling period ended
../../../../include/tst_fuzzy_sync.h:307: TINFO: loop = 1024, delay_bias = 0
../../../../include/tst_fuzzy_sync.h:295: TINFO: start_a - start_b: { avg =   -26ns, avg_dev =    17ns, dev_ratio = 0.65 }
../../../../include/tst_fuzzy_sync.h:295: TINFO: end_a - start_a  : { avg =   731ns, avg_dev =   555ns, dev_ratio = 0.76 }
../../../../include/tst_fuzzy_sync.h:295: TINFO: end_b - start_b  : { avg =   629ns, avg_dev =    32ns, dev_ratio = 0.05 }
../../../../include/tst_fuzzy_sync.h:295: TINFO: end_a - end_b    : { avg =    77ns, avg_dev =   531ns, dev_ratio = 6.93 }
../../../../include/tst_fuzzy_sync.h:295: TINFO: spins            : { avg =   600  , avg_dev =   554  , dev_ratio = 0.92 }
../../../../include/tst_fuzzy_sync.h:494: TINFO: Reached deviation ratios < 0.10, introducing randomness
../../../../include/tst_fuzzy_sync.h:497: TINFO: Delay range is [-758, 483]
../../../../include/tst_fuzzy_sync.h:307: TINFO: loop = 1647, delay_bias = 0
../../../../include/tst_fuzzy_sync.h:295: TINFO: start_a - start_b: { avg =   -41ns, avg_dev =     4ns, dev_ratio = 0.10 }
../../../../include/tst_fuzzy_sync.h:295: TINFO: end_a - start_a  : { avg =   376ns, avg_dev =     4ns, dev_ratio = 0.01 }
../../../../include/tst_fuzzy_sync.h:295: TINFO: end_b - start_b  : { avg =   588ns, avg_dev =    11ns, dev_ratio = 0.02 }
../../../../include/tst_fuzzy_sync.h:295: TINFO: end_a - end_b    : { avg =  -253ns, avg_dev =    10ns, dev_ratio = 0.04 }
../../../../include/tst_fuzzy_sync.h:295: TINFO: spins            : { avg =   327  , avg_dev =     7  , dev_ratio = 0.02 }
../../../../include/tst_fuzzy_sync.h:654: TINFO: Exceeded execution loops, requesting exit
inotify09.c:90: TPASS: kernel survived inotify beating

Summary:
passed   1
failed   0
broken   0
skipped  0
warnings 0
real 5.90
user 0.01
sys 0.00
