tst_tmpdir.c:308: TINFO: Using /tmp/LTP_inoQXODYF as tmpdir (overlayfs filesystem)
tst_test.c:2042: TINFO: LTP version: 20260529
tst_test.c:2045: TINFO: Tested kernel: 6.12.0-carrick #1 SMP PREEMPT_DYNAMIC aarch64
tst_kconfig.c:90: TINFO: Parsing kernel config '/proc/config.gz'
tst_test.c:1870: TINFO: Overall timeout per run is 0h 03m 00s
../../../../include/tst_fuzzy_sync.h:484: TINFO: Minimum sampling period ended
../../../../include/tst_fuzzy_sync.h:307: TINFO: loop = 1024, delay_bias = 0
../../../../include/tst_fuzzy_sync.h:295: TINFO: start_a - start_b: { avg =   -37ns, avg_dev =     8ns, dev_ratio = 0.23 }
../../../../include/tst_fuzzy_sync.h:295: TINFO: end_a - start_a  : { avg =  2513ns, avg_dev =   109ns, dev_ratio = 0.04 }
../../../../include/tst_fuzzy_sync.h:295: TINFO: end_b - start_b  : { avg =  3192ns, avg_dev =    70ns, dev_ratio = 0.02 }
../../../../include/tst_fuzzy_sync.h:295: TINFO: end_a - end_b    : { avg =  -716ns, avg_dev =   149ns, dev_ratio = 0.21 }
../../../../include/tst_fuzzy_sync.h:295: TINFO: spins            : { avg =   854  , avg_dev =   177  , dev_ratio = 0.21 }
../../../../include/tst_fuzzy_sync.h:494: TINFO: Reached deviation ratios < 0.10, introducing randomness
../../../../include/tst_fuzzy_sync.h:497: TINFO: Delay range is [-3694, 2965]
../../../../include/tst_fuzzy_sync.h:307: TINFO: loop = 1140, delay_bias = 0
../../../../include/tst_fuzzy_sync.h:295: TINFO: start_a - start_b: { avg =   -41ns, avg_dev =     3ns, dev_ratio = 0.07 }
../../../../include/tst_fuzzy_sync.h:295: TINFO: end_a - start_a  : { avg =  2219ns, avg_dev =    27ns, dev_ratio = 0.01 }
../../../../include/tst_fuzzy_sync.h:295: TINFO: end_b - start_b  : { avg =  2765ns, avg_dev =    48ns, dev_ratio = 0.02 }
../../../../include/tst_fuzzy_sync.h:295: TINFO: end_a - end_b    : { avg =  -586ns, avg_dev =    58ns, dev_ratio = 0.10 }
../../../../include/tst_fuzzy_sync.h:295: TINFO: spins            : { avg =   783  , avg_dev =    77  , dev_ratio = 0.10 }
../../../../include/tst_fuzzy_sync.h:654: TINFO: Exceeded execution loops, requesting exit
inotify09.c:90: TPASS: kernel survived inotify beating

Summary:
passed   1
failed   0
broken   0
skipped  0
warnings 0
real 21.91
user 39.18
sys 4.56
