{"schema":1,"phase":"seek","sample":1,"iterations":32768,"calls_per_iteration":1,"elapsed_ns":6695000}
{"schema":1,"phase":"seek","sample":2,"iterations":32768,"calls_per_iteration":1,"elapsed_ns":6691000}
{"schema":1,"phase":"seek","sample":3,"iterations":32768,"calls_per_iteration":1,"elapsed_ns":6705000}
{"schema":1,"phase":"seek","sample":4,"iterations":32768,"calls_per_iteration":1,"elapsed_ns":6719000}
{"schema":1,"phase":"seek","sample":5,"iterations":32768,"calls_per_iteration":1,"elapsed_ns":6717000}
{"schema":1,"phase":"seek","sample":6,"iterations":32768,"calls_per_iteration":1,"elapsed_ns":6726000}
{"schema":1,"phase":"seek","sample":7,"iterations":32768,"calls_per_iteration":1,"elapsed_ns":6735000}
{"schema":1,"phase":"seek","sample":8,"iterations":32768,"calls_per_iteration":1,"elapsed_ns":6755000}
{"schema":1,"phase":"seek","sample":9,"iterations":32768,"calls_per_iteration":1,"elapsed_ns":6750000}
{"schema":1,"phase":"pwrite64","sample":1,"iterations":32768,"calls_per_iteration":1,"elapsed_ns":32283000}
{"schema":1,"phase":"pwrite64","sample":2,"iterations":32768,"calls_per_iteration":1,"elapsed_ns":31789000}
{"schema":1,"phase":"pwrite64","sample":3,"iterations":32768,"calls_per_iteration":1,"elapsed_ns":31925000}
{"schema":1,"phase":"pwrite64","sample":4,"iterations":32768,"calls_per_iteration":1,"elapsed_ns":31846000}
{"schema":1,"phase":"pwrite64","sample":5,"iterations":32768,"calls_per_iteration":1,"elapsed_ns":32057000}
{"schema":1,"phase":"pwrite64","sample":6,"iterations":32768,"calls_per_iteration":1,"elapsed_ns":32005000}
{"schema":1,"phase":"pwrite64","sample":7,"iterations":32768,"calls_per_iteration":1,"elapsed_ns":32068000}
{"schema":1,"phase":"pwrite64","sample":8,"iterations":32768,"calls_per_iteration":1,"elapsed_ns":31993000}
{"schema":1,"phase":"pwrite64","sample":9,"iterations":32768,"calls_per_iteration":1,"elapsed_ns":31969000}
{"schema":1,"phase":"write64_seek","sample":1,"iterations":32768,"calls_per_iteration":2,"elapsed_ns":39729000}
{"schema":1,"phase":"write64_seek","sample":2,"iterations":32768,"calls_per_iteration":2,"elapsed_ns":40201000}
{"schema":1,"phase":"write64_seek","sample":3,"iterations":32768,"calls_per_iteration":2,"elapsed_ns":40051000}
{"schema":1,"phase":"write64_seek","sample":4,"iterations":32768,"calls_per_iteration":2,"elapsed_ns":39997000}
{"schema":1,"phase":"write64_seek","sample":5,"iterations":32768,"calls_per_iteration":2,"elapsed_ns":39989000}
{"schema":1,"phase":"write64_seek","sample":6,"iterations":32768,"calls_per_iteration":2,"elapsed_ns":39979000}
{"schema":1,"phase":"write64_seek","sample":7,"iterations":32768,"calls_per_iteration":2,"elapsed_ns":39892000}
{"schema":1,"phase":"write64_seek","sample":8,"iterations":32768,"calls_per_iteration":2,"elapsed_ns":39834000}
{"schema":1,"phase":"write64_seek","sample":9,"iterations":32768,"calls_per_iteration":2,"elapsed_ns":40226000}
{"schema":1,"phase":"fstat","sample":1,"iterations":32768,"calls_per_iteration":1,"elapsed_ns":7880000}
{"schema":1,"phase":"fstat","sample":2,"iterations":32768,"calls_per_iteration":1,"elapsed_ns":7928000}
{"schema":1,"phase":"fstat","sample":3,"iterations":32768,"calls_per_iteration":1,"elapsed_ns":7753000}
{"schema":1,"phase":"fstat","sample":4,"iterations":32768,"calls_per_iteration":1,"elapsed_ns":7706000}
{"schema":1,"phase":"fstat","sample":5,"iterations":32768,"calls_per_iteration":1,"elapsed_ns":7740000}
{"schema":1,"phase":"fstat","sample":6,"iterations":32768,"calls_per_iteration":1,"elapsed_ns":7797000}
{"schema":1,"phase":"fstat","sample":7,"iterations":32768,"calls_per_iteration":1,"elapsed_ns":7745000}
{"schema":1,"phase":"fstat","sample":8,"iterations":32768,"calls_per_iteration":1,"elapsed_ns":7863000}
{"schema":1,"phase":"fstat","sample":9,"iterations":32768,"calls_per_iteration":1,"elapsed_ns":7980000}
{"schema":1,"verified":true,"bytes":64,"offset":0,"removed":true}
