{"schema":1,"phase":"seek","sample":1,"iterations":32768,"calls_per_iteration":1,"elapsed_ns":4797959}
{"schema":1,"phase":"seek","sample":2,"iterations":32768,"calls_per_iteration":1,"elapsed_ns":4660792}
{"schema":1,"phase":"seek","sample":3,"iterations":32768,"calls_per_iteration":1,"elapsed_ns":4591916}
{"schema":1,"phase":"seek","sample":4,"iterations":32768,"calls_per_iteration":1,"elapsed_ns":4380583}
{"schema":1,"phase":"seek","sample":5,"iterations":32768,"calls_per_iteration":1,"elapsed_ns":4199625}
{"schema":1,"phase":"seek","sample":6,"iterations":32768,"calls_per_iteration":1,"elapsed_ns":4263541}
{"schema":1,"phase":"seek","sample":7,"iterations":32768,"calls_per_iteration":1,"elapsed_ns":4078458}
{"schema":1,"phase":"seek","sample":8,"iterations":32768,"calls_per_iteration":1,"elapsed_ns":4054792}
{"schema":1,"phase":"seek","sample":9,"iterations":32768,"calls_per_iteration":1,"elapsed_ns":4065708}
{"schema":1,"phase":"pwrite64","sample":1,"iterations":32768,"calls_per_iteration":1,"elapsed_ns":395787041}
{"schema":1,"phase":"pwrite64","sample":2,"iterations":32768,"calls_per_iteration":1,"elapsed_ns":404413583}
{"schema":1,"phase":"pwrite64","sample":3,"iterations":32768,"calls_per_iteration":1,"elapsed_ns":421159417}
{"schema":1,"phase":"pwrite64","sample":4,"iterations":32768,"calls_per_iteration":1,"elapsed_ns":442863000}
{"schema":1,"phase":"pwrite64","sample":5,"iterations":32768,"calls_per_iteration":1,"elapsed_ns":443895542}
{"schema":1,"phase":"pwrite64","sample":6,"iterations":32768,"calls_per_iteration":1,"elapsed_ns":454089250}
{"schema":1,"phase":"pwrite64","sample":7,"iterations":32768,"calls_per_iteration":1,"elapsed_ns":446362500}
{"schema":1,"phase":"pwrite64","sample":8,"iterations":32768,"calls_per_iteration":1,"elapsed_ns":425792959}
{"schema":1,"phase":"pwrite64","sample":9,"iterations":32768,"calls_per_iteration":1,"elapsed_ns":425230792}
{"schema":1,"phase":"write64_seek","sample":1,"iterations":32768,"calls_per_iteration":2,"elapsed_ns":428980792}
{"schema":1,"phase":"write64_seek","sample":2,"iterations":32768,"calls_per_iteration":2,"elapsed_ns":429602125}
{"schema":1,"phase":"write64_seek","sample":3,"iterations":32768,"calls_per_iteration":2,"elapsed_ns":437642501}
{"schema":1,"phase":"write64_seek","sample":4,"iterations":32768,"calls_per_iteration":2,"elapsed_ns":465370750}
{"schema":1,"phase":"write64_seek","sample":5,"iterations":32768,"calls_per_iteration":2,"elapsed_ns":447569125}
{"schema":1,"phase":"write64_seek","sample":6,"iterations":32768,"calls_per_iteration":2,"elapsed_ns":461509292}
{"schema":1,"phase":"write64_seek","sample":7,"iterations":32768,"calls_per_iteration":2,"elapsed_ns":432710084}
{"schema":1,"phase":"write64_seek","sample":8,"iterations":32768,"calls_per_iteration":2,"elapsed_ns":436610083}
{"schema":1,"phase":"write64_seek","sample":9,"iterations":32768,"calls_per_iteration":2,"elapsed_ns":438112709}
{"schema":1,"phase":"fstat","sample":1,"iterations":32768,"calls_per_iteration":1,"elapsed_ns":5329917}
{"schema":1,"phase":"fstat","sample":2,"iterations":32768,"calls_per_iteration":1,"elapsed_ns":5324625}
{"schema":1,"phase":"fstat","sample":3,"iterations":32768,"calls_per_iteration":1,"elapsed_ns":5354250}
{"schema":1,"phase":"fstat","sample":4,"iterations":32768,"calls_per_iteration":1,"elapsed_ns":5311333}
{"schema":1,"phase":"fstat","sample":5,"iterations":32768,"calls_per_iteration":1,"elapsed_ns":5300625}
{"schema":1,"phase":"fstat","sample":6,"iterations":32768,"calls_per_iteration":1,"elapsed_ns":5296084}
{"schema":1,"phase":"fstat","sample":7,"iterations":32768,"calls_per_iteration":1,"elapsed_ns":5348291}
{"schema":1,"phase":"fstat","sample":8,"iterations":32768,"calls_per_iteration":1,"elapsed_ns":5303958}
{"schema":1,"phase":"fstat","sample":9,"iterations":32768,"calls_per_iteration":1,"elapsed_ns":5282959}
{"schema":1,"verified":true,"bytes":64,"offset":0,"removed":true}
