EL1RETIREGRANT1|start|ns=235792631689791|target=81704
mapping-retirement write mismatch round=2 page=19 actual=0xc41100020000020b expected=0xc411000200000013
EL1RETIREGRANT1|fault|ns=235792655759416|pid=81704|far=0x6000004000|esr=0x92000045
EL1RETIREGRANT1|walk|ns=235792655762750|pid=81704|va=0x6000004000|l0=0x2d00021003|l1=0x60006000000f40|l2=0x0|l3=0x0
EL1RETIREGRANT1|ttbr|ns=235792655764291|pid=81704|va=0x6000004000|ttbr0=0x1002d00020000
EL1RETIREGRANT1|walk|ns=235792655765625|pid=81704|va=0x6000004000|l0=0x2d00021003|l1=0x60006000000f40|l2=0x0|l3=0x0
EL1RETIREGRANT1|ttbr|ns=235792655766333|pid=81704|va=0x6000004000|ttbr0=0x1002d00020000
EL1RETIREGRANT1|next_walk|ns=235792655767000|pid=81704|va=0x6000005000|l0=0x2d00021003|l1=0x60006000000f40|l2=0x0|l3=0x0
EL1RETIREGRANT1|plan|ns=235792655770708|pid=81704|fault=0x6000004000|base=0x6000001000|len=0x4000|perms=0x3|generation=1
EL1RETIREGRANT1|stage2|ns=235792655785125|pid=81704|phase=0|ipa=0x9b40000000|len=0x8000|host=0x10cde8000|perms=0x7
EL1RETIREGRANT1|fault|ns=235792656421833|pid=81704|far=0x6000005000|esr=0x92000007
EL1RETIREGRANT1|walk|ns=235792656423458|pid=81704|va=0x6000005000|l0=0x2d00021003|l1=0x2d0002b003|l2=0x2d0002c003|l3=0x0
EL1RETIREGRANT1|ttbr|ns=235792656424208|pid=81704|va=0x6000005000|ttbr0=0x1002d00020000
EL1RETIREGRANT1|walk|ns=235792656425000|pid=81704|va=0x6000005000|l0=0x2d00021003|l1=0x2d0002b003|l2=0x2d0002c003|l3=0x0
EL1RETIREGRANT1|ttbr|ns=235792656425500|pid=81704|va=0x6000005000|ttbr0=0x1002d00020000
EL1RETIREGRANT1|next_walk|ns=235792656426083|pid=81704|va=0x6000006000|l0=0x2d00021003|l1=0x2d0002b003|l2=0x2d0002c003|l3=0x0
EL1RETIREGRANT1|plan|ns=235792656427125|pid=81704|fault=0x6000005000|base=0x6000005000|len=0x1fb000|perms=0x3|generation=2
EL1RETIREGRANT1|stage2|ns=235792656433000|pid=81704|phase=0|ipa=0x9b40008000|len=0x1fc000|host=0x10f800000|perms=0x7
EL1RETIREGRANT1|fault|ns=235792657158750|pid=81704|far=0x6000200000|esr=0x92000006
EL1RETIREGRANT1|walk|ns=235792657159791|pid=81704|va=0x6000200000|l0=0x2d00021003|l1=0x2d0002b003|l2=0x0|l3=0x0
EL1RETIREGRANT1|ttbr|ns=235792657160208|pid=81704|va=0x6000200000|ttbr0=0x1002d00020000
EL1RETIREGRANT1|walk|ns=235792657160708|pid=81704|va=0x6000200000|l0=0x2d00021003|l1=0x2d0002b003|l2=0x0|l3=0x0
EL1RETIREGRANT1|ttbr|ns=235792657161041|pid=81704|va=0x6000200000|ttbr0=0x1002d00020000
EL1RETIREGRANT1|next_walk|ns=235792657161458|pid=81704|va=0x6000201000|l0=0x2d00021003|l1=0x2d0002b003|l2=0x0|l3=0x0
EL1RETIREGRANT1|plan|ns=235792657162166|pid=81704|fault=0x6000200000|base=0x6000200000|len=0x200000|perms=0x3|generation=3
EL1RETIREGRANT1|stage2|ns=235792657165625|pid=81704|phase=0|ipa=0x9b40400000|len=0x200000|host=0x10f9fc000|perms=0x7
EL1RETIREGRANT1|fault|ns=235792657831166|pid=81704|far=0x6000400000|esr=0x92000006
EL1RETIREGRANT1|walk|ns=235792657832083|pid=81704|va=0x6000400000|l0=0x2d00021003|l1=0x2d0002b003|l2=0x0|l3=0x0
EL1RETIREGRANT1|ttbr|ns=235792657832500|pid=81704|va=0x6000400000|ttbr0=0x1002d00020000
EL1RETIREGRANT1|walk|ns=235792657832958|pid=81704|va=0x6000400000|l0=0x2d00021003|l1=0x2d0002b003|l2=0x0|l3=0x0
EL1RETIREGRANT1|ttbr|ns=235792657833291|pid=81704|va=0x6000400000|ttbr0=0x1002d00020000
EL1RETIREGRANT1|next_walk|ns=235792657833750|pid=81704|va=0x6000401000|l0=0x2d00021003|l1=0x2d0002b003|l2=0x0|l3=0x0
EL1RETIREGRANT1|plan|ns=235792657834416|pid=81704|fault=0x6000400000|base=0x6000400000|len=0x5000|perms=0x3|generation=4
EL1RETIREGRANT1|stage2|ns=235792657837250|pid=81704|phase=0|ipa=0x9b40600000|len=0x8000|host=0x10cdf0000|perms=0x7
EL1RETIREGRANT1|stage2|ns=235792658446125|pid=81704|phase=1|ipa=0x9b40008000|len=0x1fc000|host=0x0|perms=0x0
EL1RETIREGRANT1|stage2|ns=235792658470333|pid=81704|phase=1|ipa=0x9b40400000|len=0x200000|host=0x0|perms=0x0
EL1RETIREGRANT1|stage2|ns=235792658486833|pid=81704|phase=1|ipa=0x9b40600000|len=0x8000|host=0x0|perms=0x0
EL1RETIREGRANT1|fault|ns=235792658511750|pid=81704|far=0x6000005000|esr=0x92000005
EL1RETIREGRANT1|walk|ns=235792658512500|pid=81704|va=0x6000005000|l0=0x2d00021003|l1=0x0|l2=0x0|l3=0x0
EL1RETIREGRANT1|ttbr|ns=235792658512916|pid=81704|va=0x6000005000|ttbr0=0x1002d00020000
EL1RETIREGRANT1|walk|ns=235792658513416|pid=81704|va=0x6000005000|l0=0x2d00021003|l1=0x0|l2=0x0|l3=0x0
EL1RETIREGRANT1|ttbr|ns=235792658513750|pid=81704|va=0x6000005000|ttbr0=0x1002d00020000
EL1RETIREGRANT1|next_walk|ns=235792658514166|pid=81704|va=0x6000006000|l0=0x2d00021003|l1=0x0|l2=0x0|l3=0x0
EL1RETIREGRANT1|plan|ns=235792658514791|pid=81704|fault=0x6000005000|base=0x6000005000|len=0x1fb000|perms=0x3|generation=5
EL1RETIREGRANT1|stage2|ns=235792658520416|pid=81704|phase=0|ipa=0x9b40008000|len=0x1fc000|host=0x10f800000|perms=0x7
EL1RETIREGRANT1|fault|ns=235792659240583|pid=81704|far=0x6000200000|esr=0x92000006
EL1RETIREGRANT1|walk|ns=235792659241500|pid=81704|va=0x6000200000|l0=0x2d00021003|l1=0x2d0002b003|l2=0x0|l3=0x0
EL1RETIREGRANT1|ttbr|ns=235792659241916|pid=81704|va=0x6000200000|ttbr0=0x1002d00020000
EL1RETIREGRANT1|walk|ns=235792659242458|pid=81704|va=0x6000200000|l0=0x2d00021003|l1=0x2d0002b003|l2=0x0|l3=0x0
EL1RETIREGRANT1|ttbr|ns=235792659242833|pid=81704|va=0x6000200000|ttbr0=0x1002d00020000
EL1RETIREGRANT1|next_walk|ns=235792659243291|pid=81704|va=0x6000201000|l0=0x2d00021003|l1=0x2d0002b003|l2=0x0|l3=0x0
EL1RETIREGRANT1|plan|ns=235792659244041|pid=81704|fault=0x6000200000|base=0x6000200000|len=0x200000|perms=0x3|generation=6
EL1RETIREGRANT1|stage2|ns=235792659247541|pid=81704|phase=0|ipa=0x9b40400000|len=0x200000|host=0x10f9fc000|perms=0x7
EL1RETIREGRANT1|fault|ns=235792659964833|pid=81704|far=0x6000400000|esr=0x92000006
EL1RETIREGRANT1|walk|ns=235792659967250|pid=81704|va=0x6000400000|l0=0x2d00021003|l1=0x2d0002b003|l2=0x0|l3=0x0
EL1RETIREGRANT1|ttbr|ns=235792659967791|pid=81704|va=0x6000400000|ttbr0=0x1002d00020000
EL1RETIREGRANT1|walk|ns=235792659968458|pid=81704|va=0x6000400000|l0=0x2d00021003|l1=0x2d0002b003|l2=0x0|l3=0x0
EL1RETIREGRANT1|ttbr|ns=235792659968791|pid=81704|va=0x6000400000|ttbr0=0x1002d00020000
EL1RETIREGRANT1|next_walk|ns=235792659969250|pid=81704|va=0x6000401000|l0=0x2d00021003|l1=0x2d0002b003|l2=0x0|l3=0x0
EL1RETIREGRANT1|plan|ns=235792659970666|pid=81704|fault=0x6000400000|base=0x6000400000|len=0x5000|perms=0x3|generation=7
EL1RETIREGRANT1|stage2|ns=235792659978500|pid=81704|phase=0|ipa=0x9b40600000|len=0x8000|host=0x10cdf0000|perms=0x7
EL1RETIREGRANT1|stage2|ns=235792660481416|pid=81704|phase=1|ipa=0x9b40008000|len=0x1fc000|host=0x0|perms=0x0
EL1RETIREGRANT1|stage2|ns=235792660497500|pid=81704|phase=1|ipa=0x9b40400000|len=0x200000|host=0x0|perms=0x0
EL1RETIREGRANT1|stage2|ns=235792660507875|pid=81704|phase=1|ipa=0x9b40600000|len=0x8000|host=0x0|perms=0x0
EL1RETIREGRANT1|fault|ns=235792660529541|pid=81704|far=0x6000005000|esr=0x93c98007
EL1RETIREGRANT1|walk|ns=235792660530500|pid=81704|va=0x6000005000|l0=0x2d00021003|l1=0x2d0002b003|l2=0x2d0002c003|l3=0x60009b40009f43
EL1RETIREGRANT1|ttbr|ns=235792660530958|pid=81704|va=0x6000005000|ttbr0=0x1002d00020000
EL1RETIREGRANT1|walk|ns=235792660531458|pid=81704|va=0x6000005000|l0=0x2d00021003|l1=0x2d0002b003|l2=0x2d0002c003|l3=0x60009b40009f43
EL1RETIREGRANT1|ttbr|ns=235792660531791|pid=81704|va=0x6000005000|ttbr0=0x1002d00020000
EL1RETIREGRANT1|next_walk|ns=235792660532208|pid=81704|va=0x6000006000|l0=0x2d00021003|l1=0x2d0002b003|l2=0x2d0002c003|l3=0x60009b4000af43
EL1RETIREGRANT1|stage2|ns=235792660539791|pid=81704|phase=0|ipa=0x9b40008000|len=0x4000|host=0x10cdf0000|perms=0x7
EL1RETIREGRANT1|fault|ns=235792660577083|pid=81704|far=0x6000006000|esr=0x92000007
EL1RETIREGRANT1|walk|ns=235792660577916|pid=81704|va=0x6000006000|l0=0x2d00021003|l1=0x2d0002b003|l2=0x2d0002d003|l3=0x20009b4000afc2
EL1RETIREGRANT1|ttbr|ns=235792660578291|pid=81704|va=0x6000006000|ttbr0=0x1002d00020000
EL1RETIREGRANT1|walk|ns=235792660578791|pid=81704|va=0x6000006000|l0=0x2d00021003|l1=0x2d0002b003|l2=0x2d0002d003|l3=0x20009b4000afc2
EL1RETIREGRANT1|ttbr|ns=235792660579083|pid=81704|va=0x6000006000|ttbr0=0x1002d00020000
EL1RETIREGRANT1|next_walk|ns=235792660579500|pid=81704|va=0x6000007000|l0=0x2d00021003|l1=0x2d0002b003|l2=0x2d0002d003|l3=0x20009b4000bfc2
EL1RETIREGRANT1|plan|ns=235792660580250|pid=81704|fault=0x6000006000|base=0x6000006000|len=0x1fa000|perms=0x3|generation=8
EL1RETIREGRANT1|fault|ns=235792660583458|pid=81704|far=0x6000006000|esr=0x92000007
EL1RETIREGRANT1|walk|ns=235792660584083|pid=81704|va=0x6000006000|l0=0x2d00021003|l1=0x2d0002b003|l2=0x2d0002d003|l3=0x20009b4000afc2
EL1RETIREGRANT1|ttbr|ns=235792660584416|pid=81704|va=0x6000006000|ttbr0=0x1002d00020000
EL1RETIREGRANT1|walk|ns=235792660584833|pid=81704|va=0x6000006000|l0=0x2d00021003|l1=0x2d0002b003|l2=0x2d0002d003|l3=0x20009b4000afc2
EL1RETIREGRANT1|ttbr|ns=235792660585125|pid=81704|va=0x6000006000|ttbr0=0x1002d00020000
EL1RETIREGRANT1|next_walk|ns=235792660585541|pid=81704|va=0x6000007000|l0=0x2d00021003|l1=0x2d0002b003|l2=0x2d0002d003|l3=0x20009b4000bfc2
EL1RETIREGRANT1|fault|ns=235792660589166|pid=81704|far=0x6000007000|esr=0x92000007
EL1RETIREGRANT1|walk|ns=235792660589791|pid=81704|va=0x6000007000|l0=0x2d00021003|l1=0x2d0002b003|l2=0x2d0002d003|l3=0x20009b4000bfc2
EL1RETIREGRANT1|ttbr|ns=235792660590083|pid=81704|va=0x6000007000|ttbr0=0x1002d00020000
EL1RETIREGRANT1|walk|ns=235792660590500|pid=81704|va=0x6000007000|l0=0x2d00021003|l1=0x2d0002b003|l2=0x2d0002d003|l3=0x20009b4000bfc2
EL1RETIREGRANT1|ttbr|ns=235792660590791|pid=81704|va=0x6000007000|ttbr0=0x1002d00020000
EL1RETIREGRANT1|next_walk|ns=235792660591166|pid=81704|va=0x6000008000|l0=0x2d00021003|l1=0x2d0002b003|l2=0x2d0002d003|l3=0x20009b00000fc2
EL1RETIREGRANT1|plan|ns=235792660591708|pid=81704|fault=0x6000007000|base=0x6000007000|len=0x1f9000|perms=0x3|generation=9
EL1RETIREGRANT1|fault|ns=235792660594041|pid=81704|far=0x6000007000|esr=0x92000007
EL1RETIREGRANT1|walk|ns=235792660594583|pid=81704|va=0x6000007000|l0=0x2d00021003|l1=0x2d0002b003|l2=0x2d0002d003|l3=0x20009b4000bfc2
EL1RETIREGRANT1|ttbr|ns=235792660594916|pid=81704|va=0x6000007000|ttbr0=0x1002d00020000
EL1RETIREGRANT1|walk|ns=235792660595333|pid=81704|va=0x6000007000|l0=0x2d00021003|l1=0x2d0002b003|l2=0x2d0002d003|l3=0x20009b4000bfc2
EL1RETIREGRANT1|ttbr|ns=235792660595625|pid=81704|va=0x6000007000|ttbr0=0x1002d00020000
EL1RETIREGRANT1|next_walk|ns=235792660596000|pid=81704|va=0x6000008000|l0=0x2d00021003|l1=0x2d0002b003|l2=0x2d0002d003|l3=0x20009b00000fc2
EL1RETIREGRANT1|fault|ns=235792660599166|pid=81704|far=0x6000008000|esr=0x92000007
EL1RETIREGRANT1|walk|ns=235792660599708|pid=81704|va=0x6000008000|l0=0x2d00021003|l1=0x2d0002b003|l2=0x2d0002d003|l3=0x20009b00000fc2
EL1RETIREGRANT1|ttbr|ns=235792660600000|pid=81704|va=0x6000008000|ttbr0=0x1002d00020000
EL1RETIREGRANT1|walk|ns=235792660600416|pid=81704|va=0x6000008000|l0=0x2d00021003|l1=0x2d0002b003|l2=0x2d0002d003|l3=0x20009b00000fc2
EL1RETIREGRANT1|ttbr|ns=235792660600708|pid=81704|va=0x6000008000|ttbr0=0x1002d00020000
EL1RETIREGRANT1|next_walk|ns=235792660601083|pid=81704|va=0x6000009000|l0=0x2d00021003|l1=0x2d0002b003|l2=0x2d0002d003|l3=0x20009b00001fc2
EL1RETIREGRANT1|plan|ns=235792660601583|pid=81704|fault=0x6000008000|base=0x6000008000|len=0x1f8000|perms=0x3|generation=10
EL1RETIREGRANT1|fault|ns=235792660603750|pid=81704|far=0x6000008000|esr=0x92000007
EL1RETIREGRANT1|walk|ns=235792660604291|pid=81704|va=0x6000008000|l0=0x2d00021003|l1=0x2d0002b003|l2=0x2d0002d003|l3=0x20009b00000fc2
EL1RETIREGRANT1|ttbr|ns=235792660604583|pid=81704|va=0x6000008000|ttbr0=0x1002d00020000
EL1RETIREGRANT1|walk|ns=235792660605000|pid=81704|va=0x6000008000|l0=0x2d00021003|l1=0x2d0002b003|l2=0x2d0002d003|l3=0x20009b00000fc2
EL1RETIREGRANT1|ttbr|ns=235792660605291|pid=81704|va=0x6000008000|ttbr0=0x1002d00020000
EL1RETIREGRANT1|next_walk|ns=235792660605666|pid=81704|va=0x6000009000|l0=0x2d00021003|l1=0x2d0002b003|l2=0x2d0002d003|l3=0x20009b00001fc2
EL1RETIREGRANT1|fault|ns=235792660613750|pid=81704|far=0x6000009000|esr=0x92000007
EL1RETIREGRANT1|walk|ns=235792660614375|pid=81704|va=0x6000009000|l0=0x2d00021003|l1=0x2d0002b003|l2=0x2d0002d003|l3=0x20009b00001fc2
EL1RETIREGRANT1|ttbr|ns=235792660614708|pid=81704|va=0x6000009000|ttbr0=0x1002d00020000
EL1RETIREGRANT1|walk|ns=235792660615125|pid=81704|va=0x6000009000|l0=0x2d00021003|l1=0x2d0002b003|l2=0x2d0002d003|l3=0x20009b00001fc2
EL1RETIREGRANT1|ttbr|ns=235792660615416|pid=81704|va=0x6000009000|ttbr0=0x1002d00020000
EL1RETIREGRANT1|next_walk|ns=235792660615791|pid=81704|va=0x600000a000|l0=0x2d00021003|l1=0x2d0002b003|l2=0x2d0002d003|l3=0x20009b00002fc2
EL1RETIREGRANT1|plan|ns=235792660616333|pid=81704|fault=0x6000009000|base=0x6000009000|len=0x1f7000|perms=0x3|generation=11
EL1RETIREGRANT1|fault|ns=235792660618500|pid=81704|far=0x6000009000|esr=0x92000007
EL1RETIREGRANT1|walk|ns=235792660619041|pid=81704|va=0x6000009000|l0=0x2d00021003|l1=0x2d0002b003|l2=0x2d0002d003|l3=0x20009b00001fc2
EL1RETIREGRANT1|ttbr|ns=235792660619375|pid=81704|va=0x6000009000|ttbr0=0x1002d00020000
EL1RETIREGRANT1|walk|ns=235792660619750|pid=81704|va=0x6000009000|l0=0x2d00021003|l1=0x2d0002b003|l2=0x2d0002d003|l3=0x20009b00001fc2
EL1RETIREGRANT1|ttbr|ns=235792660620083|pid=81704|va=0x6000009000|ttbr0=0x1002d00020000
EL1RETIREGRANT1|next_walk|ns=235792660620458|pid=81704|va=0x600000a000|l0=0x2d00021003|l1=0x2d0002b003|l2=0x2d0002d003|l3=0x20009b00002fc2
EL1RETIREGRANT1|fault|ns=235792660623333|pid=81704|far=0x600000a000|esr=0x92000007
EL1RETIREGRANT1|walk|ns=235792660623875|pid=81704|va=0x600000a000|l0=0x2d00021003|l1=0x2d0002b003|l2=0x2d0002d003|l3=0x20009b00002fc2
EL1RETIREGRANT1|ttbr|ns=235792660624166|pid=81704|va=0x600000a000|ttbr0=0x1002d00020000
EL1RETIREGRANT1|walk|ns=235792660624583|pid=81704|va=0x600000a000|l0=0x2d00021003|l1=0x2d0002b003|l2=0x2d0002d003|l3=0x20009b00002fc2
EL1RETIREGRANT1|ttbr|ns=235792660624875|pid=81704|va=0x600000a000|ttbr0=0x1002d00020000
EL1RETIREGRANT1|next_walk|ns=235792660625250|pid=81704|va=0x600000b000|l0=0x2d00021003|l1=0x2d0002b003|l2=0x2d0002d003|l3=0x20009b00003fc2
EL1RETIREGRANT1|plan|ns=235792660625708|pid=81704|fault=0x600000a000|base=0x600000a000|len=0x1f6000|perms=0x3|generation=12
EL1RETIREGRANT1|fault|ns=235792660628291|pid=81704|far=0x600000a000|esr=0x92000007
EL1RETIREGRANT1|walk|ns=235792660628833|pid=81704|va=0x600000a000|l0=0x2d00021003|l1=0x2d0002b003|l2=0x2d0002d003|l3=0x20009b00002fc2
EL1RETIREGRANT1|ttbr|ns=235792660629250|pid=81704|va=0x600000a000|ttbr0=0x1002d00020000
EL1RETIREGRANT1|walk|ns=235792660629625|pid=81704|va=0x600000a000|l0=0x2d00021003|l1=0x2d0002b003|l2=0x2d0002d003|l3=0x20009b00002fc2
EL1RETIREGRANT1|ttbr|ns=235792660629958|pid=81704|va=0x600000a000|ttbr0=0x1002d00020000
EL1RETIREGRANT1|next_walk|ns=235792660630333|pid=81704|va=0x600000b000|l0=0x2d00021003|l1=0x2d0002b003|l2=0x2d0002d003|l3=0x20009b00003fc2
EL1RETIREGRANT1|fault|ns=235792660633083|pid=81704|far=0x600000b000|esr=0x92000007
EL1RETIREGRANT1|walk|ns=235792660633625|pid=81704|va=0x600000b000|l0=0x2d00021003|l1=0x2d0002b003|l2=0x2d0002d003|l3=0x20009b00003fc2
EL1RETIREGRANT1|ttbr|ns=235792660633916|pid=81704|va=0x600000b000|ttbr0=0x1002d00020000
EL1RETIREGRANT1|walk|ns=235792660634333|pid=81704|va=0x600000b000|l0=0x2d00021003|l1=0x2d0002b003|l2=0x2d0002d003|l3=0x20009b00003fc2
EL1RETIREGRANT1|ttbr|ns=235792660634625|pid=81704|va=0x600000b000|ttbr0=0x1002d00020000
EL1RETIREGRANT1|next_walk|ns=235792660635041|pid=81704|va=0x600000c000|l0=0x2d00021003|l1=0x2d0002b003|l2=0x2d0002d003|l3=0x20009b00004fc2
EL1RETIREGRANT1|plan|ns=235792660635500|pid=81704|fault=0x600000b000|base=0x600000b000|len=0x1f5000|perms=0x3|generation=13
EL1RETIREGRANT1|fault|ns=235792660637458|pid=81704|far=0x600000b000|esr=0x92000007
EL1RETIREGRANT1|walk|ns=235792660638000|pid=81704|va=0x600000b000|l0=0x2d00021003|l1=0x2d0002b003|l2=0x2d0002d003|l3=0x20009b00003fc2
EL1RETIREGRANT1|ttbr|ns=235792660638291|pid=81704|va=0x600000b000|ttbr0=0x1002d00020000
EL1RETIREGRANT1|walk|ns=235792660638666|pid=81704|va=0x600000b000|l0=0x2d00021003|l1=0x2d0002b003|l2=0x2d0002d003|l3=0x20009b00003fc2
EL1RETIREGRANT1|ttbr|ns=235792660639000|pid=81704|va=0x600000b000|ttbr0=0x1002d00020000
EL1RETIREGRANT1|next_walk|ns=235792660639375|pid=81704|va=0x600000c000|l0=0x2d00021003|l1=0x2d0002b003|l2=0x2d0002d003|l3=0x20009b00004fc2
EL1RETIREGRANT1|fault|ns=235792660642000|pid=81704|far=0x600000c000|esr=0x92000007
EL1RETIREGRANT1|walk|ns=235792660642541|pid=81704|va=0x600000c000|l0=0x2d00021003|l1=0x2d0002b003|l2=0x2d0002d003|l3=0x20009b00004fc2
EL1RETIREGRANT1|ttbr|ns=235792660642875|pid=81704|va=0x600000c000|ttbr0=0x1002d00020000
EL1RETIREGRANT1|walk|ns=235792660643250|pid=81704|va=0x600000c000|l0=0x2d00021003|l1=0x2d0002b003|l2=0x2d0002d003|l3=0x20009b00004fc2
EL1RETIREGRANT1|ttbr|ns=235792660643541|pid=81704|va=0x600000c000|ttbr0=0x1002d00020000
EL1RETIREGRANT1|next_walk|ns=235792660643916|pid=81704|va=0x600000d000|l0=0x2d00021003|l1=0x2d0002b003|l2=0x2d0002d003|l3=0x20009b00005fc2
EL1RETIREGRANT1|plan|ns=235792660644375|pid=81704|fault=0x600000c000|base=0x600000c000|len=0x1f4000|perms=0x3|generation=14
EL1RETIREGRANT1|fault|ns=235792660646458|pid=81704|far=0x600000c000|esr=0x92000007
EL1RETIREGRANT1|walk|ns=235792660647000|pid=81704|va=0x600000c000|l0=0x2d00021003|l1=0x2d0002b003|l2=0x2d0002d003|l3=0x20009b00004fc2
EL1RETIREGRANT1|ttbr|ns=235792660647333|pid=81704|va=0x600000c000|ttbr0=0x1002d00020000
EL1RETIREGRANT1|walk|ns=235792660647708|pid=81704|va=0x600000c000|l0=0x2d00021003|l1=0x2d0002b003|l2=0x2d0002d003|l3=0x20009b00004fc2
EL1RETIREGRANT1|ttbr|ns=235792660648041|pid=81704|va=0x600000c000|ttbr0=0x1002d00020000
EL1RETIREGRANT1|next_walk|ns=235792660648416|pid=81704|va=0x600000d000|l0=0x2d00021003|l1=0x2d0002b003|l2=0x2d0002d003|l3=0x20009b00005fc2
EL1RETIREGRANT1|fault|ns=235792660652375|pid=81704|far=0x600000d000|esr=0x92000007
EL1RETIREGRANT1|walk|ns=235792660652958|pid=81704|va=0x600000d000|l0=0x2d00021003|l1=0x2d0002b003|l2=0x2d0002d003|l3=0x20009b00005fc2
EL1RETIREGRANT1|ttbr|ns=235792660653291|pid=81704|va=0x600000d000|ttbr0=0x1002d00020000
EL1RETIREGRANT1|walk|ns=235792660653708|pid=81704|va=0x600000d000|l0=0x2d00021003|l1=0x2d0002b003|l2=0x2d0002d003|l3=0x20009b00005fc2
EL1RETIREGRANT1|ttbr|ns=235792660654041|pid=81704|va=0x600000d000|ttbr0=0x1002d00020000
EL1RETIREGRANT1|next_walk|ns=235792660654416|pid=81704|va=0x600000e000|l0=0x2d00021003|l1=0x2d0002b003|l2=0x2d0002d003|l3=0x20009b00006fc2
EL1RETIREGRANT1|plan|ns=235792660654916|pid=81704|fault=0x600000d000|base=0x600000d000|len=0x1f3000|perms=0x3|generation=15
EL1RETIREGRANT1|fault|ns=235792660657000|pid=81704|far=0x600000d000|esr=0x92000007
EL1RETIREGRANT1|walk|ns=235792660657500|pid=81704|va=0x600000d000|l0=0x2d00021003|l1=0x2d0002b003|l2=0x2d0002d003|l3=0x20009b00005fc2
EL1RETIREGRANT1|ttbr|ns=235792660657833|pid=81704|va=0x600000d000|ttbr0=0x1002d00020000
EL1RETIREGRANT1|walk|ns=235792660658208|pid=81704|va=0x600000d000|l0=0x2d00021003|l1=0x2d0002b003|l2=0x2d0002d003|l3=0x20009b00005fc2
EL1RETIREGRANT1|ttbr|ns=235792660658541|pid=81704|va=0x600000d000|ttbr0=0x1002d00020000
EL1RETIREGRANT1|next_walk|ns=235792660658916|pid=81704|va=0x600000e000|l0=0x2d00021003|l1=0x2d0002b003|l2=0x2d0002d003|l3=0x20009b00006fc2
EL1RETIREGRANT1|fault|ns=235792660661583|pid=81704|far=0x600000e000|esr=0x92000007
EL1RETIREGRANT1|walk|ns=235792660662125|pid=81704|va=0x600000e000|l0=0x2d00021003|l1=0x2d0002b003|l2=0x2d0002d003|l3=0x20009b00006fc2
EL1RETIREGRANT1|ttbr|ns=235792660662416|pid=81704|va=0x600000e000|ttbr0=0x1002d00020000
EL1RETIREGRANT1|walk|ns=235792660662833|pid=81704|va=0x600000e000|l0=0x2d00021003|l1=0x2d0002b003|l2=0x2d0002d003|l3=0x20009b00006fc2
EL1RETIREGRANT1|ttbr|ns=235792660663125|pid=81704|va=0x600000e000|ttbr0=0x1002d00020000
EL1RETIREGRANT1|next_walk|ns=235792660663541|pid=81704|va=0x600000f000|l0=0x2d00021003|l1=0x2d0002b003|l2=0x2d0002d003|l3=0x20009b00007fc2
EL1RETIREGRANT1|plan|ns=235792660664000|pid=81704|fault=0x600000e000|base=0x600000e000|len=0x1f2000|perms=0x3|generation=16
EL1RETIREGRANT1|fault|ns=235792660665916|pid=81704|far=0x600000e000|esr=0x92000007
EL1RETIREGRANT1|walk|ns=235792660666458|pid=81704|va=0x600000e000|l0=0x2d00021003|l1=0x2d0002b003|l2=0x2d0002d003|l3=0x20009b00006fc2
EL1RETIREGRANT1|ttbr|ns=235792660666791|pid=81704|va=0x600000e000|ttbr0=0x1002d00020000
EL1RETIREGRANT1|walk|ns=235792660667166|pid=81704|va=0x600000e000|l0=0x2d00021003|l1=0x2d0002b003|l2=0x2d0002d003|l3=0x20009b00006fc2
EL1RETIREGRANT1|ttbr|ns=235792660667500|pid=81704|va=0x600000e000|ttbr0=0x1002d00020000
EL1RETIREGRANT1|next_walk|ns=235792660667875|pid=81704|va=0x600000f000|l0=0x2d00021003|l1=0x2d0002b003|l2=0x2d0002d003|l3=0x20009b00007fc2
EL1RETIREGRANT1|fault|ns=235792660670458|pid=81704|far=0x600000f000|esr=0x92000007
EL1RETIREGRANT1|walk|ns=235792660671000|pid=81704|va=0x600000f000|l0=0x2d00021003|l1=0x2d0002b003|l2=0x2d0002d003|l3=0x20009b00007fc2
EL1RETIREGRANT1|ttbr|ns=235792660671291|pid=81704|va=0x600000f000|ttbr0=0x1002d00020000
EL1RETIREGRANT1|walk|ns=235792660671708|pid=81704|va=0x600000f000|l0=0x2d00021003|l1=0x2d0002b003|l2=0x2d0002d003|l3=0x20009b00007fc2
EL1RETIREGRANT1|ttbr|ns=235792660672000|pid=81704|va=0x600000f000|ttbr0=0x1002d00020000
EL1RETIREGRANT1|next_walk|ns=235792660672416|pid=81704|va=0x6000010000|l0=0x2d00021003|l1=0x2d0002b003|l2=0x2d0002d003|l3=0x0
EL1RETIREGRANT1|plan|ns=235792660672875|pid=81704|fault=0x600000f000|base=0x600000f000|len=0x1f1000|perms=0x3|generation=17
EL1RETIREGRANT1|fault|ns=235792660674791|pid=81704|far=0x600000f000|esr=0x92000007
EL1RETIREGRANT1|walk|ns=235792660675333|pid=81704|va=0x600000f000|l0=0x2d00021003|l1=0x2d0002b003|l2=0x2d0002d003|l3=0x20009b00007fc2
EL1RETIREGRANT1|ttbr|ns=235792660675625|pid=81704|va=0x600000f000|ttbr0=0x1002d00020000
EL1RETIREGRANT1|walk|ns=235792660676041|pid=81704|va=0x600000f000|l0=0x2d00021003|l1=0x2d0002b003|l2=0x2d0002d003|l3=0x20009b00007fc2
EL1RETIREGRANT1|ttbr|ns=235792660676375|pid=81704|va=0x600000f000|ttbr0=0x1002d00020000
EL1RETIREGRANT1|next_walk|ns=235792660676750|pid=81704|va=0x6000010000|l0=0x2d00021003|l1=0x2d0002b003|l2=0x2d0002d003|l3=0x0
EL1RETIREGRANT1|fault|ns=235792660679333|pid=81704|far=0x6000010000|esr=0x92000007
EL1RETIREGRANT1|walk|ns=235792660679875|pid=81704|va=0x6000010000|l0=0x2d00021003|l1=0x2d0002b003|l2=0x2d0002d003|l3=0x0
EL1RETIREGRANT1|ttbr|ns=235792660680166|pid=81704|va=0x6000010000|ttbr0=0x1002d00020000
EL1RETIREGRANT1|walk|ns=235792660680583|pid=81704|va=0x6000010000|l0=0x2d00021003|l1=0x2d0002b003|l2=0x2d0002d003|l3=0x0
EL1RETIREGRANT1|ttbr|ns=235792660680875|pid=81704|va=0x6000010000|ttbr0=0x1002d00020000
EL1RETIREGRANT1|next_walk|ns=235792660681250|pid=81704|va=0x6000011000|l0=0x2d00021003|l1=0x2d0002b003|l2=0x2d0002d003|l3=0x0
EL1RETIREGRANT1|plan|ns=235792660681750|pid=81704|fault=0x6000010000|base=0x6000010000|len=0x1f0000|perms=0x3|generation=18
EL1RETIREGRANT1|stage2|ns=235792660685208|pid=81704|phase=0|ipa=0x9b4000c000|len=0x1f0000|host=0x10f800000|perms=0x7
EL1RETIREGRANT1|fault|ns=235792661413375|pid=81704|far=0x6000200000|esr=0x93c98007
EL1RETIREGRANT1|walk|ns=235792661414541|pid=81704|va=0x6000200000|l0=0x2d00021003|l1=0x2d0002b003|l2=0x60009b40400f41|l3=0x0
EL1RETIREGRANT1|ttbr|ns=235792661415000|pid=81704|va=0x6000200000|ttbr0=0x1002d00020000
EL1RETIREGRANT1|walk|ns=235792661415625|pid=81704|va=0x6000200000|l0=0x2d00021003|l1=0x2d0002b003|l2=0x60009b40400f41|l3=0x0
EL1RETIREGRANT1|ttbr|ns=235792661416000|pid=81704|va=0x6000200000|ttbr0=0x1002d00020000
EL1RETIREGRANT1|next_walk|ns=235792661416458|pid=81704|va=0x6000201000|l0=0x2d00021003|l1=0x2d0002b003|l2=0x60009b40400f41|l3=0x0
EL1RETIREGRANT1|fault|ns=235792661445458|pid=81704|far=0x6000201000|esr=0x92000007
EL1RETIREGRANT1|walk|ns=235792661446250|pid=81704|va=0x6000201000|l0=0x2d00021003|l1=0x2d0002b003|l2=0x2d0002c003|l3=0x20009b00009fc2
EL1RETIREGRANT1|ttbr|ns=235792661446666|pid=81704|va=0x6000201000|ttbr0=0x1002d00020000
EL1RETIREGRANT1|walk|ns=235792661447166|pid=81704|va=0x6000201000|l0=0x2d00021003|l1=0x2d0002b003|l2=0x2d0002c003|l3=0x20009b00009fc2
EL1RETIREGRANT1|ttbr|ns=235792661447541|pid=81704|va=0x6000201000|ttbr0=0x1002d00020000
EL1RETIREGRANT1|next_walk|ns=235792661448000|pid=81704|va=0x6000202000|l0=0x2d00021003|l1=0x2d0002b003|l2=0x2d0002c003|l3=0x20009b0000afc2
EL1RETIREGRANT1|plan|ns=235792661448666|pid=81704|fault=0x6000201000|base=0x6000201000|len=0x1ff000|perms=0x3|generation=19
EL1RETIREGRANT1|fault|ns=235792661451583|pid=81704|far=0x6000201000|esr=0x92000007
EL1RETIREGRANT1|walk|ns=235792661452208|pid=81704|va=0x6000201000|l0=0x2d00021003|l1=0x2d0002b003|l2=0x2d0002c003|l3=0x20009b00009fc2
EL1RETIREGRANT1|ttbr|ns=235792661452583|pid=81704|va=0x6000201000|ttbr0=0x1002d00020000
EL1RETIREGRANT1|walk|ns=235792661453041|pid=81704|va=0x6000201000|l0=0x2d00021003|l1=0x2d0002b003|l2=0x2d0002c003|l3=0x20009b00009fc2
EL1RETIREGRANT1|ttbr|ns=235792661453375|pid=81704|va=0x6000201000|ttbr0=0x1002d00020000
EL1RETIREGRANT1|next_walk|ns=235792661453791|pid=81704|va=0x6000202000|l0=0x2d00021003|l1=0x2d0002b003|l2=0x2d0002c003|l3=0x20009b0000afc2
EL1RETIREGRANT1|fault|ns=235792661456833|pid=81704|far=0x6000202000|esr=0x92000007
EL1RETIREGRANT1|walk|ns=235792661457375|pid=81704|va=0x6000202000|l0=0x2d00021003|l1=0x2d0002b003|l2=0x2d0002c003|l3=0x20009b0000afc2
EL1RETIREGRANT1|ttbr|ns=235792661457708|pid=81704|va=0x6000202000|ttbr0=0x1002d00020000
EL1RETIREGRANT1|walk|ns=235792661458125|pid=81704|va=0x6000202000|l0=0x2d00021003|l1=0x2d0002b003|l2=0x2d0002c003|l3=0x20009b0000afc2
EL1RETIREGRANT1|ttbr|ns=235792661458416|pid=81704|va=0x6000202000|ttbr0=0x1002d00020000
EL1RETIREGRANT1|next_walk|ns=235792661458791|pid=81704|va=0x6000203000|l0=0x2d00021003|l1=0x2d0002b003|l2=0x2d0002c003|l3=0x20009b0000bfc2
EL1RETIREGRANT1|plan|ns=235792661459333|pid=81704|fault=0x6000202000|base=0x6000202000|len=0x1fe000|perms=0x3|generation=20
EL1RETIREGRANT1|fault|ns=235792661461541|pid=81704|far=0x6000202000|esr=0x92000007
EL1RETIREGRANT1|walk|ns=235792661462083|pid=81704|va=0x6000202000|l0=0x2d00021003|l1=0x2d0002b003|l2=0x2d0002c003|l3=0x20009b0000afc2
EL1RETIREGRANT1|ttbr|ns=235792661462416|pid=81704|va=0x6000202000|ttbr0=0x1002d00020000
EL1RETIREGRANT1|walk|ns=235792661462833|pid=81704|va=0x6000202000|l0=0x2d00021003|l1=0x2d0002b003|l2=0x2d0002c003|l3=0x20009b0000afc2
EL1RETIREGRANT1|ttbr|ns=235792661463125|pid=81704|va=0x6000202000|ttbr0=0x1002d00020000
EL1RETIREGRANT1|next_walk|ns=235792661463500|pid=81704|va=0x6000203000|l0=0x2d00021003|l1=0x2d0002b003|l2=0x2d0002c003|l3=0x20009b0000bfc2
EL1RETIREGRANT1|fault|ns=235792661466208|pid=81704|far=0x6000203000|esr=0x92000007
EL1RETIREGRANT1|walk|ns=235792661466750|pid=81704|va=0x6000203000|l0=0x2d00021003|l1=0x2d0002b003|l2=0x2d0002c003|l3=0x20009b0000bfc2
EL1RETIREGRANT1|ttbr|ns=235792661467041|pid=81704|va=0x6000203000|ttbr0=0x1002d00020000
EL1RETIREGRANT1|walk|ns=235792661467458|pid=81704|va=0x6000203000|l0=0x2d00021003|l1=0x2d0002b003|l2=0x2d0002c003|l3=0x20009b0000bfc2
EL1RETIREGRANT1|ttbr|ns=235792661467791|pid=81704|va=0x6000203000|ttbr0=0x1002d00020000
EL1RETIREGRANT1|next_walk|ns=235792661468166|pid=81704|va=0x6000204000|l0=0x2d00021003|l1=0x2d0002b003|l2=0x2d0002c003|l3=0x20009b0000cfc2
EL1RETIREGRANT1|plan|ns=235792661468625|pid=81704|fault=0x6000203000|base=0x6000203000|len=0x1fd000|perms=0x3|generation=21
EL1RETIREGRANT1|fault|ns=235792661470666|pid=81704|far=0x6000203000|esr=0x92000007
EL1RETIREGRANT1|walk|ns=235792661471166|pid=81704|va=0x6000203000|l0=0x2d00021003|l1=0x2d0002b003|l2=0x2d0002c003|l3=0x20009b0000bfc2
EL1RETIREGRANT1|ttbr|ns=235792661471500|pid=81704|va=0x6000203000|ttbr0=0x1002d00020000
EL1RETIREGRANT1|walk|ns=235792661471875|pid=81704|va=0x6000203000|l0=0x2d00021003|l1=0x2d0002b003|l2=0x2d0002c003|l3=0x20009b0000bfc2
EL1RETIREGRANT1|ttbr|ns=235792661472208|pid=81704|va=0x6000203000|ttbr0=0x1002d00020000
EL1RETIREGRANT1|next_walk|ns=235792661472583|pid=81704|va=0x6000204000|l0=0x2d00021003|l1=0x2d0002b003|l2=0x2d0002c003|l3=0x20009b0000cfc2
EL1RETIREGRANT1|fault|ns=235792661475208|pid=81704|far=0x6000204000|esr=0x92000007
EL1RETIREGRANT1|walk|ns=235792661475750|pid=81704|va=0x6000204000|l0=0x2d00021003|l1=0x2d0002b003|l2=0x2d0002c003|l3=0x20009b0000cfc2
EL1RETIREGRANT1|ttbr|ns=235792661476041|pid=81704|va=0x6000204000|ttbr0=0x1002d00020000
EL1RETIREGRANT1|walk|ns=235792661476416|pid=81704|va=0x6000204000|l0=0x2d00021003|l1=0x2d0002b003|l2=0x2d0002c003|l3=0x20009b0000cfc2
EL1RETIREGRANT1|ttbr|ns=235792661476750|pid=81704|va=0x6000204000|ttbr0=0x1002d00020000
EL1RETIREGRANT1|next_walk|ns=235792661477125|pid=81704|va=0x6000205000|l0=0x2d00021003|l1=0x2d0002b003|l2=0x2d0002c003|l3=0x20009b0000dfc2
EL1RETIREGRANT1|plan|ns=235792661477583|pid=81704|fault=0x6000204000|base=0x6000204000|len=0x1fc000|perms=0x3|generation=22
EL1RETIREGRANT1|fault|ns=235792661479875|pid=81704|far=0x6000204000|esr=0x92000007
EL1RETIREGRANT1|walk|ns=235792661480458|pid=81704|va=0x6000204000|l0=0x2d00021003|l1=0x2d0002b003|l2=0x2d0002c003|l3=0x20009b0000cfc2
EL1RETIREGRANT1|ttbr|ns=235792661480791|pid=81704|va=0x6000204000|ttbr0=0x1002d00020000
EL1RETIREGRANT1|walk|ns=235792661481166|pid=81704|va=0x6000204000|l0=0x2d00021003|l1=0x2d0002b003|l2=0x2d0002c003|l3=0x20009b0000cfc2
EL1RETIREGRANT1|ttbr|ns=235792661481458|pid=81704|va=0x6000204000|ttbr0=0x1002d00020000
EL1RETIREGRANT1|next_walk|ns=235792661481833|pid=81704|va=0x6000205000|l0=0x2d00021003|l1=0x2d0002b003|l2=0x2d0002c003|l3=0x20009b0000dfc2
EL1RETIREGRANT1|fault|ns=235792661485958|pid=81704|far=0x6000205000|esr=0x92000007
EL1RETIREGRANT1|walk|ns=235792661486541|pid=81704|va=0x6000205000|l0=0x2d00021003|l1=0x2d0002b003|l2=0x2d0002c003|l3=0x20009b0000dfc2
EL1RETIREGRANT1|ttbr|ns=235792661486875|pid=81704|va=0x6000205000|ttbr0=0x1002d00020000
EL1RETIREGRANT1|walk|ns=235792661487291|pid=81704|va=0x6000205000|l0=0x2d00021003|l1=0x2d0002b003|l2=0x2d0002c003|l3=0x20009b0000dfc2
EL1RETIREGRANT1|ttbr|ns=235792661487583|pid=81704|va=0x6000205000|ttbr0=0x1002d00020000
EL1RETIREGRANT1|next_walk|ns=235792661487958|pid=81704|va=0x6000206000|l0=0x2d00021003|l1=0x2d0002b003|l2=0x2d0002c003|l3=0x20009b0000efc2
EL1RETIREGRANT1|plan|ns=235792661488458|pid=81704|fault=0x6000205000|base=0x6000205000|len=0x1fb000|perms=0x3|generation=23
EL1RETIREGRANT1|fault|ns=235792661490583|pid=81704|far=0x6000205000|esr=0x92000007
EL1RETIREGRANT1|walk|ns=235792661491083|pid=81704|va=0x6000205000|l0=0x2d00021003|l1=0x2d0002b003|l2=0x2d0002c003|l3=0x20009b0000dfc2
EL1RETIREGRANT1|ttbr|ns=235792661491416|pid=81704|va=0x6000205000|ttbr0=0x1002d00020000
EL1RETIREGRANT1|walk|ns=235792661491833|pid=81704|va=0x6000205000|l0=0x2d00021003|l1=0x2d0002b003|l2=0x2d0002c003|l3=0x20009b0000dfc2
EL1RETIREGRANT1|ttbr|ns=235792661492125|pid=81704|va=0x6000205000|ttbr0=0x1002d00020000
EL1RETIREGRANT1|next_walk|ns=235792661492500|pid=81704|va=0x6000206000|l0=0x2d00021003|l1=0x2d0002b003|l2=0x2d0002c003|l3=0x20009b0000efc2
EL1RETIREGRANT1|fault|ns=235792661495166|pid=81704|far=0x6000206000|esr=0x92000007
EL1RETIREGRANT1|walk|ns=235792661495708|pid=81704|va=0x6000206000|l0=0x2d00021003|l1=0x2d0002b003|l2=0x2d0002c003|l3=0x20009b0000efc2
EL1RETIREGRANT1|ttbr|ns=235792661496041|pid=81704|va=0x6000206000|ttbr0=0x1002d00020000
EL1RETIREGRANT1|walk|ns=235792661496458|pid=81704|va=0x6000206000|l0=0x2d00021003|l1=0x2d0002b003|l2=0x2d0002c003|l3=0x20009b0000efc2
EL1RETIREGRANT1|ttbr|ns=235792661496750|pid=81704|va=0x6000206000|ttbr0=0x1002d00020000
EL1RETIREGRANT1|next_walk|ns=235792661497125|pid=81704|va=0x6000207000|l0=0x2d00021003|l1=0x2d0002b003|l2=0x2d0002c003|l3=0x20009b0000ffc2
EL1RETIREGRANT1|plan|ns=235792661497583|pid=81704|fault=0x6000206000|base=0x6000206000|len=0x1fa000|perms=0x3|generation=24
EL1RETIREGRANT1|fault|ns=235792661499583|pid=81704|far=0x6000206000|esr=0x92000007
EL1RETIREGRANT1|walk|ns=235792661500083|pid=81704|va=0x6000206000|l0=0x2d00021003|l1=0x2d0002b003|l2=0x2d0002c003|l3=0x20009b0000efc2
EL1RETIREGRANT1|ttbr|ns=235792661500416|pid=81704|va=0x6000206000|ttbr0=0x1002d00020000
EL1RETIREGRANT1|walk|ns=235792661500791|pid=81704|va=0x6000206000|l0=0x2d00021003|l1=0x2d0002b003|l2=0x2d0002c003|l3=0x20009b0000efc2
EL1RETIREGRANT1|ttbr|ns=235792661501125|pid=81704|va=0x6000206000|ttbr0=0x1002d00020000
EL1RETIREGRANT1|next_walk|ns=235792661501500|pid=81704|va=0x6000207000|l0=0x2d00021003|l1=0x2d0002b003|l2=0x2d0002c003|l3=0x20009b0000ffc2
EL1RETIREGRANT1|fault|ns=235792661504041|pid=81704|far=0x6000207000|esr=0x92000007
EL1RETIREGRANT1|walk|ns=235792661504541|pid=81704|va=0x6000207000|l0=0x2d00021003|l1=0x2d0002b003|l2=0x2d0002c003|l3=0x20009b0000ffc2
EL1RETIREGRANT1|ttbr|ns=235792661504875|pid=81704|va=0x6000207000|ttbr0=0x1002d00020000
EL1RETIREGRANT1|walk|ns=235792661505250|pid=81704|va=0x6000207000|l0=0x2d00021003|l1=0x2d0002b003|l2=0x2d0002c003|l3=0x20009b0000ffc2
EL1RETIREGRANT1|ttbr|ns=235792661505541|pid=81704|va=0x6000207000|ttbr0=0x1002d00020000
EL1RETIREGRANT1|next_walk|ns=235792661505916|pid=81704|va=0x6000208000|l0=0x2d00021003|l1=0x2d0002b003|l2=0x2d0002c003|l3=0x20009b00010fc2
EL1RETIREGRANT1|plan|ns=235792661506416|pid=81704|fault=0x6000207000|base=0x6000207000|len=0x1f9000|perms=0x3|generation=25
EL1RETIREGRANT1|fault|ns=235792661508500|pid=81704|far=0x6000207000|esr=0x92000007
EL1RETIREGRANT1|walk|ns=235792661509000|pid=81704|va=0x6000207000|l0=0x2d00021003|l1=0x2d0002b003|l2=0x2d0002c003|l3=0x20009b0000ffc2
EL1RETIREGRANT1|ttbr|ns=235792661509333|pid=81704|va=0x6000207000|ttbr0=0x1002d00020000
EL1RETIREGRANT1|walk|ns=235792661509750|pid=81704|va=0x6000207000|l0=0x2d00021003|l1=0x2d0002b003|l2=0x2d0002c003|l3=0x20009b0000ffc2
EL1RETIREGRANT1|ttbr|ns=235792661510041|pid=81704|va=0x6000207000|ttbr0=0x1002d00020000
EL1RETIREGRANT1|next_walk|ns=235792661510416|pid=81704|va=0x6000208000|l0=0x2d00021003|l1=0x2d0002b003|l2=0x2d0002c003|l3=0x20009b00010fc2
EL1RETIREGRANT1|fault|ns=235792661513041|pid=81704|far=0x6000208000|esr=0x92000007
EL1RETIREGRANT1|walk|ns=235792661513583|pid=81704|va=0x6000208000|l0=0x2d00021003|l1=0x2d0002b003|l2=0x2d0002c003|l3=0x20009b00010fc2
EL1RETIREGRANT1|ttbr|ns=235792661513875|pid=81704|va=0x6000208000|ttbr0=0x1002d00020000
EL1RETIREGRANT1|walk|ns=235792661514333|pid=81704|va=0x6000208000|l0=0x2d00021003|l1=0x2d0002b003|l2=0x2d0002c003|l3=0x20009b00010fc2
EL1RETIREGRANT1|ttbr|ns=235792661514625|pid=81704|va=0x6000208000|ttbr0=0x1002d00020000
EL1RETIREGRANT1|next_walk|ns=235792661515000|pid=81704|va=0x6000209000|l0=0x2d00021003|l1=0x2d0002b003|l2=0x2d0002c003|l3=0x20009b00011fc2
EL1RETIREGRANT1|plan|ns=235792661515500|pid=81704|fault=0x6000208000|base=0x6000208000|len=0x1f8000|perms=0x3|generation=26
EL1RETIREGRANT1|fault|ns=235792661517541|pid=81704|far=0x6000208000|esr=0x92000007
EL1RETIREGRANT1|walk|ns=235792661518083|pid=81704|va=0x6000208000|l0=0x2d00021003|l1=0x2d0002b003|l2=0x2d0002c003|l3=0x20009b00010fc2
EL1RETIREGRANT1|ttbr|ns=235792661518416|pid=81704|va=0x6000208000|ttbr0=0x1002d00020000
EL1RETIREGRANT1|walk|ns=235792661518791|pid=81704|va=0x6000208000|l0=0x2d00021003|l1=0x2d0002b003|l2=0x2d0002c003|l3=0x20009b00010fc2
EL1RETIREGRANT1|ttbr|ns=235792661519125|pid=81704|va=0x6000208000|ttbr0=0x1002d00020000
EL1RETIREGRANT1|next_walk|ns=235792661519500|pid=81704|va=0x6000209000|l0=0x2d00021003|l1=0x2d0002b003|l2=0x2d0002c003|l3=0x20009b00011fc2
EL1RETIREGRANT1|fault|ns=235792661523333|pid=81704|far=0x6000209000|esr=0x92000007
EL1RETIREGRANT1|walk|ns=235792661523875|pid=81704|va=0x6000209000|l0=0x2d00021003|l1=0x2d0002b003|l2=0x2d0002c003|l3=0x20009b00011fc2
EL1RETIREGRANT1|ttbr|ns=235792661524291|pid=81704|va=0x6000209000|ttbr0=0x1002d00020000
EL1RETIREGRANT1|walk|ns=235792661524708|pid=81704|va=0x6000209000|l0=0x2d00021003|l1=0x2d0002b003|l2=0x2d0002c003|l3=0x20009b00011fc2
EL1RETIREGRANT1|ttbr|ns=235792661525000|pid=81704|va=0x6000209000|ttbr0=0x1002d00020000
EL1RETIREGRANT1|next_walk|ns=235792661525375|pid=81704|va=0x600020a000|l0=0x2d00021003|l1=0x2d0002b003|l2=0x2d0002c003|l3=0x20009b00012fc2
EL1RETIREGRANT1|plan|ns=235792661525833|pid=81704|fault=0x6000209000|base=0x6000209000|len=0x1f7000|perms=0x3|generation=27
EL1RETIREGRANT1|fault|ns=235792661528000|pid=81704|far=0x6000209000|esr=0x92000007
EL1RETIREGRANT1|walk|ns=235792661528541|pid=81704|va=0x6000209000|l0=0x2d00021003|l1=0x2d0002b003|l2=0x2d0002c003|l3=0x20009b00011fc2
EL1RETIREGRANT1|ttbr|ns=235792661528833|pid=81704|va=0x6000209000|ttbr0=0x1002d00020000
EL1RETIREGRANT1|walk|ns=235792661529250|pid=81704|va=0x6000209000|l0=0x2d00021003|l1=0x2d0002b003|l2=0x2d0002c003|l3=0x20009b00011fc2
EL1RETIREGRANT1|ttbr|ns=235792661529541|pid=81704|va=0x6000209000|ttbr0=0x1002d00020000
EL1RETIREGRANT1|next_walk|ns=235792661529958|pid=81704|va=0x600020a000|l0=0x2d00021003|l1=0x2d0002b003|l2=0x2d0002c003|l3=0x20009b00012fc2
EL1RETIREGRANT1|fault|ns=235792661532541|pid=81704|far=0x600020a000|esr=0x92000007
EL1RETIREGRANT1|walk|ns=235792661533083|pid=81704|va=0x600020a000|l0=0x2d00021003|l1=0x2d0002b003|l2=0x2d0002c003|l3=0x20009b00012fc2
EL1RETIREGRANT1|ttbr|ns=235792661533375|pid=81704|va=0x600020a000|ttbr0=0x1002d00020000
EL1RETIREGRANT1|walk|ns=235792661533791|pid=81704|va=0x600020a000|l0=0x2d00021003|l1=0x2d0002b003|l2=0x2d0002c003|l3=0x20009b00012fc2
EL1RETIREGRANT1|ttbr|ns=235792661534083|pid=81704|va=0x600020a000|ttbr0=0x1002d00020000
EL1RETIREGRANT1|next_walk|ns=235792661534458|pid=81704|va=0x600020b000|l0=0x2d00021003|l1=0x2d0002b003|l2=0x2d0002c003|l3=0x20009b00013fc2
EL1RETIREGRANT1|plan|ns=235792661534958|pid=81704|fault=0x600020a000|base=0x600020a000|len=0x1f6000|perms=0x3|generation=28
EL1RETIREGRANT1|fault|ns=235792661536916|pid=81704|far=0x600020a000|esr=0x92000007
EL1RETIREGRANT1|walk|ns=235792661537416|pid=81704|va=0x600020a000|l0=0x2d00021003|l1=0x2d0002b003|l2=0x2d0002c003|l3=0x20009b00012fc2
EL1RETIREGRANT1|ttbr|ns=235792661537750|pid=81704|va=0x600020a000|ttbr0=0x1002d00020000
EL1RETIREGRANT1|walk|ns=235792661538125|pid=81704|va=0x600020a000|l0=0x2d00021003|l1=0x2d0002b003|l2=0x2d0002c003|l3=0x20009b00012fc2
EL1RETIREGRANT1|ttbr|ns=235792661538458|pid=81704|va=0x600020a000|ttbr0=0x1002d00020000
EL1RETIREGRANT1|next_walk|ns=235792661538833|pid=81704|va=0x600020b000|l0=0x2d00021003|l1=0x2d0002b003|l2=0x2d0002c003|l3=0x20009b00013fc2
EL1RETIREGRANT1|fault|ns=235792661541416|pid=81704|far=0x600020b000|esr=0x92000007
EL1RETIREGRANT1|walk|ns=235792661541958|pid=81704|va=0x600020b000|l0=0x2d00021003|l1=0x2d0002b003|l2=0x2d0002c003|l3=0x20009b00013fc2
EL1RETIREGRANT1|ttbr|ns=235792661542250|pid=81704|va=0x600020b000|ttbr0=0x1002d00020000
EL1RETIREGRANT1|walk|ns=235792661542625|pid=81704|va=0x600020b000|l0=0x2d00021003|l1=0x2d0002b003|l2=0x2d0002c003|l3=0x20009b00013fc2
EL1RETIREGRANT1|ttbr|ns=235792661542958|pid=81704|va=0x600020b000|ttbr0=0x1002d00020000
EL1RETIREGRANT1|next_walk|ns=235792661543333|pid=81704|va=0x600020c000|l0=0x2d00021003|l1=0x2d0002b003|l2=0x2d0002c003|l3=0x20009b00014fc2
EL1RETIREGRANT1|plan|ns=235792661543791|pid=81704|fault=0x600020b000|base=0x600020b000|len=0x1f5000|perms=0x3|generation=29
EL1RETIREGRANT1|fault|ns=235792661545750|pid=81704|far=0x600020b000|esr=0x92000007
EL1RETIREGRANT1|walk|ns=235792661546291|pid=81704|va=0x600020b000|l0=0x2d00021003|l1=0x2d0002b003|l2=0x2d0002c003|l3=0x20009b00013fc2
EL1RETIREGRANT1|ttbr|ns=235792661546583|pid=81704|va=0x600020b000|ttbr0=0x1002d00020000
EL1RETIREGRANT1|walk|ns=235792661547000|pid=81704|va=0x600020b000|l0=0x2d00021003|l1=0x2d0002b003|l2=0x2d0002c003|l3=0x20009b00013fc2
EL1RETIREGRANT1|ttbr|ns=235792661547291|pid=81704|va=0x600020b000|ttbr0=0x1002d00020000
EL1RETIREGRANT1|next_walk|ns=235792661547666|pid=81704|va=0x600020c000|l0=0x2d00021003|l1=0x2d0002b003|l2=0x2d0002c003|l3=0x20009b00014fc2
EL1RETIREGRANT1|fault|ns=235792661550250|pid=81704|far=0x600020c000|esr=0x92000007
EL1RETIREGRANT1|walk|ns=235792661550750|pid=81704|va=0x600020c000|l0=0x2d00021003|l1=0x2d0002b003|l2=0x2d0002c003|l3=0x20009b00014fc2
EL1RETIREGRANT1|ttbr|ns=235792661551083|pid=81704|va=0x600020c000|ttbr0=0x1002d00020000
EL1RETIREGRANT1|walk|ns=235792661551458|pid=81704|va=0x600020c000|l0=0x2d00021003|l1=0x2d0002b003|l2=0x2d0002c003|l3=0x20009b00014fc2
EL1RETIREGRANT1|ttbr|ns=235792661551791|pid=81704|va=0x600020c000|ttbr0=0x1002d00020000
EL1RETIREGRANT1|next_walk|ns=235792661552166|pid=81704|va=0x600020d000|l0=0x2d00021003|l1=0x2d0002b003|l2=0x2d0002c003|l3=0x20009b00015fc2
EL1RETIREGRANT1|plan|ns=235792661552625|pid=81704|fault=0x600020c000|base=0x600020c000|len=0x1f4000|perms=0x3|generation=30
EL1RETIREGRANT1|fault|ns=235792661554750|pid=81704|far=0x600020c000|esr=0x92000007
EL1RETIREGRANT1|walk|ns=235792661555291|pid=81704|va=0x600020c000|l0=0x2d00021003|l1=0x2d0002b003|l2=0x2d0002c003|l3=0x20009b00014fc2
EL1RETIREGRANT1|ttbr|ns=235792661555583|pid=81704|va=0x600020c000|ttbr0=0x1002d00020000
EL1RETIREGRANT1|walk|ns=235792661556000|pid=81704|va=0x600020c000|l0=0x2d00021003|l1=0x2d0002b003|l2=0x2d0002c003|l3=0x20009b00014fc2
EL1RETIREGRANT1|ttbr|ns=235792661556291|pid=81704|va=0x600020c000|ttbr0=0x1002d00020000
EL1RETIREGRANT1|next_walk|ns=235792661556666|pid=81704|va=0x600020d000|l0=0x2d00021003|l1=0x2d0002b003|l2=0x2d0002c003|l3=0x20009b00015fc2
EL1RETIREGRANT1|fault|ns=235792661560458|pid=81704|far=0x600020d000|esr=0x92000007
EL1RETIREGRANT1|walk|ns=235792661561041|pid=81704|va=0x600020d000|l0=0x2d00021003|l1=0x2d0002b003|l2=0x2d0002c003|l3=0x20009b00015fc2
EL1RETIREGRANT1|ttbr|ns=235792661561375|pid=81704|va=0x600020d000|ttbr0=0x1002d00020000
EL1RETIREGRANT1|walk|ns=235792661561791|pid=81704|va=0x600020d000|l0=0x2d00021003|l1=0x2d0002b003|l2=0x2d0002c003|l3=0x20009b00015fc2
EL1RETIREGRANT1|ttbr|ns=235792661562083|pid=81704|va=0x600020d000|ttbr0=0x1002d00020000
EL1RETIREGRANT1|next_walk|ns=235792661562458|pid=81704|va=0x600020e000|l0=0x2d00021003|l1=0x2d0002b003|l2=0x2d0002c003|l3=0x20009b00016fc2
EL1RETIREGRANT1|plan|ns=235792661562958|pid=81704|fault=0x600020d000|base=0x600020d000|len=0x1f3000|perms=0x3|generation=31
EL1RETIREGRANT1|fault|ns=235792661564958|pid=81704|far=0x600020d000|esr=0x92000007
EL1RETIREGRANT1|walk|ns=235792661565500|pid=81704|va=0x600020d000|l0=0x2d00021003|l1=0x2d0002b003|l2=0x2d0002c003|l3=0x20009b00015fc2
EL1RETIREGRANT1|ttbr|ns=235792661565791|pid=81704|va=0x600020d000|ttbr0=0x1002d00020000
EL1RETIREGRANT1|walk|ns=235792661566208|pid=81704|va=0x600020d000|l0=0x2d00021003|l1=0x2d0002b003|l2=0x2d0002c003|l3=0x20009b00015fc2
EL1RETIREGRANT1|ttbr|ns=235792661566583|pid=81704|va=0x600020d000|ttbr0=0x1002d00020000
EL1RETIREGRANT1|next_walk|ns=235792661566958|pid=81704|va=0x600020e000|l0=0x2d00021003|l1=0x2d0002b003|l2=0x2d0002c003|l3=0x20009b00016fc2
EL1RETIREGRANT1|fault|ns=235792661569625|pid=81704|far=0x600020e000|esr=0x92000007
EL1RETIREGRANT1|walk|ns=235792661570166|pid=81704|va=0x600020e000|l0=0x2d00021003|l1=0x2d0002b003|l2=0x2d0002c003|l3=0x20009b00016fc2
EL1RETIREGRANT1|ttbr|ns=235792661570458|pid=81704|va=0x600020e000|ttbr0=0x1002d00020000
EL1RETIREGRANT1|walk|ns=235792661570875|pid=81704|va=0x600020e000|l0=0x2d00021003|l1=0x2d0002b003|l2=0x2d0002c003|l3=0x20009b00016fc2
EL1RETIREGRANT1|ttbr|ns=235792661571166|pid=81704|va=0x600020e000|ttbr0=0x1002d00020000
EL1RETIREGRANT1|next_walk|ns=235792661571541|pid=81704|va=0x600020f000|l0=0x2d00021003|l1=0x2d0002b003|l2=0x2d0002c003|l3=0x20009b00017fc2
EL1RETIREGRANT1|plan|ns=235792661571958|pid=81704|fault=0x600020e000|base=0x600020e000|len=0x1f2000|perms=0x3|generation=32
EL1RETIREGRANT1|fault|ns=235792661574000|pid=81704|far=0x600020e000|esr=0x92000007
EL1RETIREGRANT1|walk|ns=235792661574500|pid=81704|va=0x600020e000|l0=0x2d00021003|l1=0x2d0002b003|l2=0x2d0002c003|l3=0x20009b00016fc2
EL1RETIREGRANT1|ttbr|ns=235792661574791|pid=81704|va=0x600020e000|ttbr0=0x1002d00020000
EL1RETIREGRANT1|walk|ns=235792661575208|pid=81704|va=0x600020e000|l0=0x2d00021003|l1=0x2d0002b003|l2=0x2d0002c003|l3=0x20009b00016fc2
EL1RETIREGRANT1|ttbr|ns=235792661575500|pid=81704|va=0x600020e000|ttbr0=0x1002d00020000
EL1RETIREGRANT1|next_walk|ns=235792661575875|pid=81704|va=0x600020f000|l0=0x2d00021003|l1=0x2d0002b003|l2=0x2d0002c003|l3=0x20009b00017fc2
EL1RETIREGRANT1|fault|ns=235792661578416|pid=81704|far=0x600020f000|esr=0x92000007
EL1RETIREGRANT1|walk|ns=235792661578916|pid=81704|va=0x600020f000|l0=0x2d00021003|l1=0x2d0002b003|l2=0x2d0002c003|l3=0x20009b00017fc2
EL1RETIREGRANT1|ttbr|ns=235792661579208|pid=81704|va=0x600020f000|ttbr0=0x1002d00020000
EL1RETIREGRANT1|walk|ns=235792661579625|pid=81704|va=0x600020f000|l0=0x2d00021003|l1=0x2d0002b003|l2=0x2d0002c003|l3=0x20009b00017fc2
EL1RETIREGRANT1|ttbr|ns=235792661579916|pid=81704|va=0x600020f000|ttbr0=0x1002d00020000
EL1RETIREGRANT1|next_walk|ns=235792661580291|pid=81704|va=0x6000210000|l0=0x2d00021003|l1=0x2d0002b003|l2=0x2d0002c003|l3=0x60009b40014f43
EL1RETIREGRANT1|plan|ns=235792661580750|pid=81704|fault=0x600020f000|base=0x600020f000|len=0x1f1000|perms=0x3|generation=33
EL1RETIREGRANT1|fault|ns=235792661582791|pid=81704|far=0x600020f000|esr=0x92000007
EL1RETIREGRANT1|walk|ns=235792661583291|pid=81704|va=0x600020f000|l0=0x2d00021003|l1=0x2d0002b003|l2=0x2d0002c003|l3=0x20009b00017fc2
EL1RETIREGRANT1|ttbr|ns=235792661583625|pid=81704|va=0x600020f000|ttbr0=0x1002d00020000
EL1RETIREGRANT1|walk|ns=235792661584000|pid=81704|va=0x600020f000|l0=0x2d00021003|l1=0x2d0002b003|l2=0x2d0002c003|l3=0x20009b00017fc2
EL1RETIREGRANT1|ttbr|ns=235792661584333|pid=81704|va=0x600020f000|ttbr0=0x1002d00020000
EL1RETIREGRANT1|next_walk|ns=235792661584708|pid=81704|va=0x6000210000|l0=0x2d00021003|l1=0x2d0002b003|l2=0x2d0002c003|l3=0x60009b40014f43
EL1RETIREGRANT1|fault|ns=235792661651333|pid=81704|far=0x60003f8000|esr=0x93c98007
EL1RETIREGRANT1|walk|ns=235792661652041|pid=81704|va=0x60003f8000|l0=0x2d00021003|l1=0x2d0002b003|l2=0x2d0002c003|l3=0x60009b401fcf43
EL1RETIREGRANT1|ttbr|ns=235792661652458|pid=81704|va=0x60003f8000|ttbr0=0x1002d00020000
EL1RETIREGRANT1|walk|ns=235792661652916|pid=81704|va=0x60003f8000|l0=0x2d00021003|l1=0x2d0002b003|l2=0x2d0002c003|l3=0x60009b401fcf43
EL1RETIREGRANT1|ttbr|ns=235792661653291|pid=81704|va=0x60003f8000|ttbr0=0x1002d00020000
EL1RETIREGRANT1|next_walk|ns=235792661653708|pid=81704|va=0x60003f9000|l0=0x2d00021003|l1=0x2d0002b003|l2=0x2d0002c003|l3=0x60009b401fdf43
EL1RETIREGRANT1|fault|ns=235792661669166|pid=81704|far=0x60003f9000|esr=0x92000007
EL1RETIREGRANT1|walk|ns=235792661669916|pid=81704|va=0x60003f9000|l0=0x2d00021003|l1=0x2d0002b003|l2=0x2d0002c003|l3=0x20009b00019fc2
EL1RETIREGRANT1|ttbr|ns=235792661670291|pid=81704|va=0x60003f9000|ttbr0=0x1002d00020000
EL1RETIREGRANT1|walk|ns=235792661670791|pid=81704|va=0x60003f9000|l0=0x2d00021003|l1=0x2d0002b003|l2=0x2d0002c003|l3=0x20009b00019fc2
EL1RETIREGRANT1|ttbr|ns=235792661671166|pid=81704|va=0x60003f9000|ttbr0=0x1002d00020000
EL1RETIREGRANT1|next_walk|ns=235792661671583|pid=81704|va=0x60003fa000|l0=0x2d00021003|l1=0x2d0002b003|l2=0x2d0002c003|l3=0x20009b0001afc2
EL1RETIREGRANT1|plan|ns=235792661672250|pid=81704|fault=0x60003f9000|base=0x60003f9000|len=0x7000|perms=0x3|generation=34
EL1RETIREGRANT1|fault|ns=235792661674791|pid=81704|far=0x60003f9000|esr=0x92000007
EL1RETIREGRANT1|walk|ns=235792661675375|pid=81704|va=0x60003f9000|l0=0x2d00021003|l1=0x2d0002b003|l2=0x2d0002c003|l3=0x20009b00019fc2
EL1RETIREGRANT1|ttbr|ns=235792661675708|pid=81704|va=0x60003f9000|ttbr0=0x1002d00020000
EL1RETIREGRANT1|walk|ns=235792661676208|pid=81704|va=0x60003f9000|l0=0x2d00021003|l1=0x2d0002b003|l2=0x2d0002c003|l3=0x20009b00019fc2
EL1RETIREGRANT1|ttbr|ns=235792661676541|pid=81704|va=0x60003f9000|ttbr0=0x1002d00020000
EL1RETIREGRANT1|next_walk|ns=235792661676958|pid=81704|va=0x60003fa000|l0=0x2d00021003|l1=0x2d0002b003|l2=0x2d0002c003|l3=0x20009b0001afc2
EL1RETIREGRANT1|fault|ns=235792661680083|pid=81704|far=0x60003fa000|esr=0x92000007
EL1RETIREGRANT1|walk|ns=235792661680708|pid=81704|va=0x60003fa000|l0=0x2d00021003|l1=0x2d0002b003|l2=0x2d0002c003|l3=0x20009b0001afc2
EL1RETIREGRANT1|ttbr|ns=235792661681041|pid=81704|va=0x60003fa000|ttbr0=0x1002d00020000
EL1RETIREGRANT1|walk|ns=235792661681500|pid=81704|va=0x60003fa000|l0=0x2d00021003|l1=0x2d0002b003|l2=0x2d0002c003|l3=0x20009b0001afc2
EL1RETIREGRANT1|ttbr|ns=235792661681833|pid=81704|va=0x60003fa000|ttbr0=0x1002d00020000
EL1RETIREGRANT1|next_walk|ns=235792661682250|pid=81704|va=0x60003fb000|l0=0x2d00021003|l1=0x2d0002b003|l2=0x2d0002c003|l3=0x20009b0001bfc2
EL1RETIREGRANT1|plan|ns=235792661682791|pid=81704|fault=0x60003fa000|base=0x60003fa000|len=0x6000|perms=0x3|generation=35
EL1RETIREGRANT1|fault|ns=235792661685125|pid=81704|far=0x60003fa000|esr=0x92000007
EL1RETIREGRANT1|walk|ns=235792661685708|pid=81704|va=0x60003fa000|l0=0x2d00021003|l1=0x2d0002b003|l2=0x2d0002c003|l3=0x20009b0001afc2
EL1RETIREGRANT1|ttbr|ns=235792661686041|pid=81704|va=0x60003fa000|ttbr0=0x1002d00020000
EL1RETIREGRANT1|walk|ns=235792661686500|pid=81704|va=0x60003fa000|l0=0x2d00021003|l1=0x2d0002b003|l2=0x2d0002c003|l3=0x20009b0001afc2
EL1RETIREGRANT1|ttbr|ns=235792661686833|pid=81704|va=0x60003fa000|ttbr0=0x1002d00020000
EL1RETIREGRANT1|next_walk|ns=235792661687250|pid=81704|va=0x60003fb000|l0=0x2d00021003|l1=0x2d0002b003|l2=0x2d0002c003|l3=0x20009b0001bfc2
EL1RETIREGRANT1|fault|ns=235792661690208|pid=81704|far=0x60003fb000|esr=0x92000007
EL1RETIREGRANT1|walk|ns=235792661690791|pid=81704|va=0x60003fb000|l0=0x2d00021003|l1=0x2d0002b003|l2=0x2d0002c003|l3=0x20009b0001bfc2
EL1RETIREGRANT1|ttbr|ns=235792661691125|pid=81704|va=0x60003fb000|ttbr0=0x1002d00020000
EL1RETIREGRANT1|walk|ns=235792661691583|pid=81704|va=0x60003fb000|l0=0x2d00021003|l1=0x2d0002b003|l2=0x2d0002c003|l3=0x20009b0001bfc2
EL1RETIREGRANT1|ttbr|ns=235792661691916|pid=81704|va=0x60003fb000|ttbr0=0x1002d00020000
EL1RETIREGRANT1|next_walk|ns=235792661692333|pid=81704|va=0x60003fc000|l0=0x2d00021003|l1=0x2d0002b003|l2=0x2d0002c003|l3=0x20009b0001cfc2
EL1RETIREGRANT1|plan|ns=235792661692833|pid=81704|fault=0x60003fb000|base=0x60003fb000|len=0x5000|perms=0x3|generation=36
EL1RETIREGRANT1|fault|ns=235792661695208|pid=81704|far=0x60003fb000|esr=0x92000007
EL1RETIREGRANT1|walk|ns=235792661695791|pid=81704|va=0x60003fb000|l0=0x2d00021003|l1=0x2d0002b003|l2=0x2d0002c003|l3=0x20009b0001bfc2
EL1RETIREGRANT1|ttbr|ns=235792661696125|pid=81704|va=0x60003fb000|ttbr0=0x1002d00020000
EL1RETIREGRANT1|walk|ns=235792661696583|pid=81704|va=0x60003fb000|l0=0x2d00021003|l1=0x2d0002b003|l2=0x2d0002c003|l3=0x20009b0001bfc2
EL1RETIREGRANT1|ttbr|ns=235792661696916|pid=81704|va=0x60003fb000|ttbr0=0x1002d00020000
EL1RETIREGRANT1|next_walk|ns=235792661697333|pid=81704|va=0x60003fc000|l0=0x2d00021003|l1=0x2d0002b003|l2=0x2d0002c003|l3=0x20009b0001cfc2
EL1RETIREGRANT1|fault|ns=235792661700250|pid=81704|far=0x60003fc000|esr=0x92000007
EL1RETIREGRANT1|walk|ns=235792661700833|pid=81704|va=0x60003fc000|l0=0x2d00021003|l1=0x2d0002b003|l2=0x2d0002c003|l3=0x20009b0001cfc2
EL1RETIREGRANT1|ttbr|ns=235792661701208|pid=81704|va=0x60003fc000|ttbr0=0x1002d00020000
EL1RETIREGRANT1|walk|ns=235792661701666|pid=81704|va=0x60003fc000|l0=0x2d00021003|l1=0x2d0002b003|l2=0x2d0002c003|l3=0x20009b0001cfc2
EL1RETIREGRANT1|ttbr|ns=235792661702000|pid=81704|va=0x60003fc000|ttbr0=0x1002d00020000
EL1RETIREGRANT1|next_walk|ns=235792661702416|pid=81704|va=0x60003fd000|l0=0x2d00021003|l1=0x2d0002b003|l2=0x2d0002c003|l3=0x20009b0001dfc2
EL1RETIREGRANT1|plan|ns=235792661702916|pid=81704|fault=0x60003fc000|base=0x60003fc000|len=0x4000|perms=0x3|generation=37
EL1RETIREGRANT1|fault|ns=235792661705166|pid=81704|far=0x60003fc000|esr=0x92000007
EL1RETIREGRANT1|walk|ns=235792661705750|pid=81704|va=0x60003fc000|l0=0x2d00021003|l1=0x2d0002b003|l2=0x2d0002c003|l3=0x20009b0001cfc2
EL1RETIREGRANT1|ttbr|ns=235792661706125|pid=81704|va=0x60003fc000|ttbr0=0x1002d00020000
EL1RETIREGRANT1|walk|ns=235792661706583|pid=81704|va=0x60003fc000|l0=0x2d00021003|l1=0x2d0002b003|l2=0x2d0002c003|l3=0x20009b0001cfc2
EL1RETIREGRANT1|ttbr|ns=235792661706916|pid=81704|va=0x60003fc000|ttbr0=0x1002d00020000
EL1RETIREGRANT1|next_walk|ns=235792661707291|pid=81704|va=0x60003fd000|l0=0x2d00021003|l1=0x2d0002b003|l2=0x2d0002c003|l3=0x20009b0001dfc2
EL1RETIREGRANT1|fault|ns=235792661711500|pid=81704|far=0x60003fd000|esr=0x92000007
EL1RETIREGRANT1|walk|ns=235792661712125|pid=81704|va=0x60003fd000|l0=0x2d00021003|l1=0x2d0002b003|l2=0x2d0002c003|l3=0x20009b0001dfc2
EL1RETIREGRANT1|ttbr|ns=235792661712458|pid=81704|va=0x60003fd000|ttbr0=0x1002d00020000
EL1RETIREGRANT1|walk|ns=235792661712916|pid=81704|va=0x60003fd000|l0=0x2d00021003|l1=0x2d0002b003|l2=0x2d0002c003|l3=0x20009b0001dfc2
EL1RETIREGRANT1|ttbr|ns=235792661713250|pid=81704|va=0x60003fd000|ttbr0=0x1002d00020000
EL1RETIREGRANT1|next_walk|ns=235792661713666|pid=81704|va=0x60003fe000|l0=0x2d00021003|l1=0x2d0002b003|l2=0x2d0002c003|l3=0x20009b0001efc2
EL1RETIREGRANT1|plan|ns=235792661714208|pid=81704|fault=0x60003fd000|base=0x60003fd000|len=0x3000|perms=0x3|generation=38
EL1RETIREGRANT1|fault|ns=235792661716416|pid=81704|far=0x60003fd000|esr=0x92000007
EL1RETIREGRANT1|walk|ns=235792661717000|pid=81704|va=0x60003fd000|l0=0x2d00021003|l1=0x2d0002b003|l2=0x2d0002c003|l3=0x20009b0001dfc2
EL1RETIREGRANT1|ttbr|ns=235792661717375|pid=81704|va=0x60003fd000|ttbr0=0x1002d00020000
EL1RETIREGRANT1|walk|ns=235792661717791|pid=81704|va=0x60003fd000|l0=0x2d00021003|l1=0x2d0002b003|l2=0x2d0002c003|l3=0x20009b0001dfc2
EL1RETIREGRANT1|ttbr|ns=235792661718166|pid=81704|va=0x60003fd000|ttbr0=0x1002d00020000
EL1RETIREGRANT1|next_walk|ns=235792661718541|pid=81704|va=0x60003fe000|l0=0x2d00021003|l1=0x2d0002b003|l2=0x2d0002c003|l3=0x20009b0001efc2
EL1RETIREGRANT1|fault|ns=235792661721416|pid=81704|far=0x60003fe000|esr=0x92000007
EL1RETIREGRANT1|walk|ns=235792661722000|pid=81704|va=0x60003fe000|l0=0x2d00021003|l1=0x2d0002b003|l2=0x2d0002c003|l3=0x20009b0001efc2
EL1RETIREGRANT1|ttbr|ns=235792661722333|pid=81704|va=0x60003fe000|ttbr0=0x1002d00020000
EL1RETIREGRANT1|walk|ns=235792661722750|pid=81704|va=0x60003fe000|l0=0x2d00021003|l1=0x2d0002b003|l2=0x2d0002c003|l3=0x20009b0001efc2
EL1RETIREGRANT1|ttbr|ns=235792661723083|pid=81704|va=0x60003fe000|ttbr0=0x1002d00020000
EL1RETIREGRANT1|next_walk|ns=235792661723500|pid=81704|va=0x60003ff000|l0=0x2d00021003|l1=0x2d0002b003|l2=0x2d0002c003|l3=0x20009b0001ffc2
EL1RETIREGRANT1|plan|ns=235792661724000|pid=81704|fault=0x60003fe000|base=0x60003fe000|len=0x2000|perms=0x3|generation=39
EL1RETIREGRANT1|fault|ns=235792661726125|pid=81704|far=0x60003fe000|esr=0x92000007
EL1RETIREGRANT1|walk|ns=235792661726708|pid=81704|va=0x60003fe000|l0=0x2d00021003|l1=0x2d0002b003|l2=0x2d0002c003|l3=0x20009b0001efc2
EL1RETIREGRANT1|ttbr|ns=235792661727041|pid=81704|va=0x60003fe000|ttbr0=0x1002d00020000
EL1RETIREGRANT1|walk|ns=235792661727500|pid=81704|va=0x60003fe000|l0=0x2d00021003|l1=0x2d0002b003|l2=0x2d0002c003|l3=0x20009b0001efc2
EL1RETIREGRANT1|ttbr|ns=235792661727833|pid=81704|va=0x60003fe000|ttbr0=0x1002d00020000
EL1RETIREGRANT1|next_walk|ns=235792661728250|pid=81704|va=0x60003ff000|l0=0x2d00021003|l1=0x2d0002b003|l2=0x2d0002c003|l3=0x20009b0001ffc2
EL1RETIREGRANT1|fault|ns=235792661731208|pid=81704|far=0x60003ff000|esr=0x92000007
EL1RETIREGRANT1|walk|ns=235792661731791|pid=81704|va=0x60003ff000|l0=0x2d00021003|l1=0x2d0002b003|l2=0x2d0002c003|l3=0x20009b0001ffc2
EL1RETIREGRANT1|ttbr|ns=235792661732166|pid=81704|va=0x60003ff000|ttbr0=0x1002d00020000
EL1RETIREGRANT1|walk|ns=235792661732583|pid=81704|va=0x60003ff000|l0=0x2d00021003|l1=0x2d0002b003|l2=0x2d0002c003|l3=0x20009b0001ffc2
EL1RETIREGRANT1|ttbr|ns=235792661732916|pid=81704|va=0x60003ff000|ttbr0=0x1002d00020000
EL1RETIREGRANT1|next_walk|ns=235792661733333|pid=81704|va=0x6000400000|l0=0x2d00021003|l1=0x2d0002b003|l2=0x2d0002d003|l3=0x60009b40600f43
EL1RETIREGRANT1|plan|ns=235792661733875|pid=81704|fault=0x60003ff000|base=0x60003ff000|len=0x1000|perms=0x3|generation=40
EL1RETIREGRANT1|fault|ns=235792661736000|pid=81704|far=0x60003ff000|esr=0x92000007
EL1RETIREGRANT1|walk|ns=235792661736583|pid=81704|va=0x60003ff000|l0=0x2d00021003|l1=0x2d0002b003|l2=0x2d0002c003|l3=0x20009b0001ffc2
EL1RETIREGRANT1|ttbr|ns=235792661736916|pid=81704|va=0x60003ff000|ttbr0=0x1002d00020000
EL1RETIREGRANT1|walk|ns=235792661737333|pid=81704|va=0x60003ff000|l0=0x2d00021003|l1=0x2d0002b003|l2=0x2d0002c003|l3=0x20009b0001ffc2
EL1RETIREGRANT1|ttbr|ns=235792661737666|pid=81704|va=0x60003ff000|ttbr0=0x1002d00020000
EL1RETIREGRANT1|next_walk|ns=235792661738083|pid=81704|va=0x6000400000|l0=0x2d00021003|l1=0x2d0002b003|l2=0x2d0002d003|l3=0x60009b40600f43
EL1RETIREGRANT1|fault|ns=235792661741041|pid=81704|far=0x6000400000|esr=0x93c98007
EL1RETIREGRANT1|walk|ns=235792661741666|pid=81704|va=0x6000400000|l0=0x2d00021003|l1=0x2d0002b003|l2=0x2d0002d003|l3=0x60009b40600f43
EL1RETIREGRANT1|ttbr|ns=235792661742000|pid=81704|va=0x6000400000|ttbr0=0x1002d00020000
EL1RETIREGRANT1|walk|ns=235792661742458|pid=81704|va=0x6000400000|l0=0x2d00021003|l1=0x2d0002b003|l2=0x2d0002d003|l3=0x60009b40600f43
EL1RETIREGRANT1|ttbr|ns=235792661742791|pid=81704|va=0x6000400000|ttbr0=0x1002d00020000
EL1RETIREGRANT1|next_walk|ns=235792661743208|pid=81704|va=0x6000401000|l0=0x2d00021003|l1=0x2d0002b003|l2=0x2d0002d003|l3=0x60009b40601f43
EL1RETIREGRANT1|fault|ns=235792661762333|pid=81704|far=0x6000401000|esr=0x92000007
EL1RETIREGRANT1|walk|ns=235792661763083|pid=81704|va=0x6000401000|l0=0x2d00021003|l1=0x2d0002b003|l2=0x2d0002e003|l3=0x20009b00021fc2
EL1RETIREGRANT1|ttbr|ns=235792661763500|pid=81704|va=0x6000401000|ttbr0=0x1002d00020000
EL1RETIREGRANT1|walk|ns=235792661764000|pid=81704|va=0x6000401000|l0=0x2d00021003|l1=0x2d0002b003|l2=0x2d0002e003|l3=0x20009b00021fc2
EL1RETIREGRANT1|ttbr|ns=235792661764333|pid=81704|va=0x6000401000|ttbr0=0x1002d00020000
EL1RETIREGRANT1|next_walk|ns=235792661764791|pid=81704|va=0x6000402000|l0=0x2d00021003|l1=0x2d0002b003|l2=0x2d0002e003|l3=0x20009b00022fc2
EL1RETIREGRANT1|plan|ns=235792661765375|pid=81704|fault=0x6000401000|base=0x6000401000|len=0x4000|perms=0x3|generation=41
EL1RETIREGRANT1|fault|ns=235792661768125|pid=81704|far=0x6000401000|esr=0x92000007
EL1RETIREGRANT1|walk|ns=235792661768708|pid=81704|va=0x6000401000|l0=0x2d00021003|l1=0x2d0002b003|l2=0x2d0002e003|l3=0x20009b00021fc2
EL1RETIREGRANT1|ttbr|ns=235792661769083|pid=81704|va=0x6000401000|ttbr0=0x1002d00020000
EL1RETIREGRANT1|walk|ns=235792661769541|pid=81704|va=0x6000401000|l0=0x2d00021003|l1=0x2d0002b003|l2=0x2d0002e003|l3=0x20009b00021fc2
EL1RETIREGRANT1|ttbr|ns=235792661769875|pid=81704|va=0x6000401000|ttbr0=0x1002d00020000
EL1RETIREGRANT1|next_walk|ns=235792661770291|pid=81704|va=0x6000402000|l0=0x2d00021003|l1=0x2d0002b003|l2=0x2d0002e003|l3=0x20009b00022fc2
EL1RETIREGRANT1|fault|ns=235792661774458|pid=81704|far=0x6000402000|esr=0x92000007
EL1RETIREGRANT1|walk|ns=235792661775041|pid=81704|va=0x6000402000|l0=0x2d00021003|l1=0x2d0002b003|l2=0x2d0002e003|l3=0x20009b00022fc2
EL1RETIREGRANT1|ttbr|ns=235792661775416|pid=81704|va=0x6000402000|ttbr0=0x1002d00020000
EL1RETIREGRANT1|walk|ns=235792661775875|pid=81704|va=0x6000402000|l0=0x2d00021003|l1=0x2d0002b003|l2=0x2d0002e003|l3=0x20009b00022fc2
EL1RETIREGRANT1|ttbr|ns=235792661776208|pid=81704|va=0x6000402000|ttbr0=0x1002d00020000
EL1RETIREGRANT1|next_walk|ns=235792661776625|pid=81704|va=0x6000403000|l0=0x2d00021003|l1=0x2d0002b003|l2=0x2d0002e003|l3=0x20009b00023fc2
EL1RETIREGRANT1|plan|ns=235792661777208|pid=81704|fault=0x6000402000|base=0x6000402000|len=0x3000|perms=0x3|generation=42
EL1RETIREGRANT1|fault|ns=235792661779625|pid=81704|far=0x6000402000|esr=0x92000007
EL1RETIREGRANT1|walk|ns=235792661780250|pid=81704|va=0x6000402000|l0=0x2d00021003|l1=0x2d0002b003|l2=0x2d0002e003|l3=0x20009b00022fc2
EL1RETIREGRANT1|ttbr|ns=235792661780583|pid=81704|va=0x6000402000|ttbr0=0x1002d00020000
EL1RETIREGRANT1|walk|ns=235792661781041|pid=81704|va=0x6000402000|l0=0x2d00021003|l1=0x2d0002b003|l2=0x2d0002e003|l3=0x20009b00022fc2
EL1RETIREGRANT1|ttbr|ns=235792661781375|pid=81704|va=0x6000402000|ttbr0=0x1002d00020000
EL1RETIREGRANT1|next_walk|ns=235792661781791|pid=81704|va=0x6000403000|l0=0x2d00021003|l1=0x2d0002b003|l2=0x2d0002e003|l3=0x20009b00023fc2
EL1RETIREGRANT1|fault|ns=235792661784708|pid=81704|far=0x6000403000|esr=0x92000007
EL1RETIREGRANT1|walk|ns=235792661785250|pid=81704|va=0x6000403000|l0=0x2d00021003|l1=0x2d0002b003|l2=0x2d0002e003|l3=0x20009b00023fc2
EL1RETIREGRANT1|ttbr|ns=235792661785583|pid=81704|va=0x6000403000|ttbr0=0x1002d00020000
EL1RETIREGRANT1|walk|ns=235792661786041|pid=81704|va=0x6000403000|l0=0x2d00021003|l1=0x2d0002b003|l2=0x2d0002e003|l3=0x20009b00023fc2
EL1RETIREGRANT1|ttbr|ns=235792661786416|pid=81704|va=0x6000403000|ttbr0=0x1002d00020000
EL1RETIREGRANT1|next_walk|ns=235792661786833|pid=81704|va=0x6000404000|l0=0x2d00021003|l1=0x2d0002b003|l2=0x2d0002e003|l3=0x20009b00024fc2
EL1RETIREGRANT1|plan|ns=235792661787375|pid=81704|fault=0x6000403000|base=0x6000403000|len=0x2000|perms=0x3|generation=43
EL1RETIREGRANT1|fault|ns=235792661790958|pid=81704|far=0x6000403000|esr=0x92000007
EL1RETIREGRANT1|walk|ns=235792661791583|pid=81704|va=0x6000403000|l0=0x2d00021003|l1=0x2d0002b003|l2=0x2d0002e003|l3=0x20009b00023fc2
EL1RETIREGRANT1|ttbr|ns=235792661791958|pid=81704|va=0x6000403000|ttbr0=0x1002d00020000
EL1RETIREGRANT1|walk|ns=235792661792416|pid=81704|va=0x6000403000|l0=0x2d00021003|l1=0x2d0002b003|l2=0x2d0002e003|l3=0x20009b00023fc2
EL1RETIREGRANT1|ttbr|ns=235792661792750|pid=81704|va=0x6000403000|ttbr0=0x1002d00020000
EL1RETIREGRANT1|next_walk|ns=235792661793166|pid=81704|va=0x6000404000|l0=0x2d00021003|l1=0x2d0002b003|l2=0x2d0002e003|l3=0x20009b00024fc2
EL1RETIREGRANT1|fault|ns=235792661796166|pid=81704|far=0x6000404000|esr=0x92000007
EL1RETIREGRANT1|walk|ns=235792661796750|pid=81704|va=0x6000404000|l0=0x2d00021003|l1=0x2d0002b003|l2=0x2d0002e003|l3=0x20009b00024fc2
EL1RETIREGRANT1|ttbr|ns=235792661797125|pid=81704|va=0x6000404000|ttbr0=0x1002d00020000
EL1RETIREGRANT1|walk|ns=235792661797583|pid=81704|va=0x6000404000|l0=0x2d00021003|l1=0x2d0002b003|l2=0x2d0002e003|l3=0x20009b00024fc2
EL1RETIREGRANT1|ttbr|ns=235792661797916|pid=81704|va=0x6000404000|ttbr0=0x1002d00020000
EL1RETIREGRANT1|next_walk|ns=235792661798333|pid=81704|va=0x6000405000|l0=0x2d00021003|l1=0x2d0002b003|l2=0x2d0002e003|l3=0x0
EL1RETIREGRANT1|plan|ns=235792661798875|pid=81704|fault=0x6000404000|base=0x6000404000|len=0x1000|perms=0x3|generation=44
EL1RETIREGRANT1|fault|ns=235792661801208|pid=81704|far=0x6000404000|esr=0x92000007
EL1RETIREGRANT1|walk|ns=235792661801833|pid=81704|va=0x6000404000|l0=0x2d00021003|l1=0x2d0002b003|l2=0x2d0002e003|l3=0x20009b00024fc2
EL1RETIREGRANT1|ttbr|ns=235792661802166|pid=81704|va=0x6000404000|ttbr0=0x1002d00020000
EL1RETIREGRANT1|walk|ns=235792661802583|pid=81704|va=0x6000404000|l0=0x2d00021003|l1=0x2d0002b003|l2=0x2d0002e003|l3=0x20009b00024fc2
EL1RETIREGRANT1|ttbr|ns=235792661803000|pid=81704|va=0x6000404000|ttbr0=0x1002d00020000
EL1RETIREGRANT1|next_walk|ns=235792661803416|pid=81704|va=0x6000405000|l0=0x2d00021003|l1=0x2d0002b003|l2=0x2d0002e003|l3=0x0
EL1RETIREGRANT1|fault|ns=235792661826208|pid=81704|far=0x6000405000|esr=0x92000047
EL1RETIREGRANT1|walk|ns=235792661826916|pid=81704|va=0x6000405000|l0=0x2d00021003|l1=0x2d0002b003|l2=0x2d0002e003|l3=0x0
EL1RETIREGRANT1|ttbr|ns=235792661827291|pid=81704|va=0x6000405000|ttbr0=0x1002d00020000
EL1RETIREGRANT1|walk|ns=235792661827750|pid=81704|va=0x6000405000|l0=0x2d00021003|l1=0x2d0002b003|l2=0x2d0002e003|l3=0x0
EL1RETIREGRANT1|ttbr|ns=235792661828125|pid=81704|va=0x6000405000|ttbr0=0x1002d00020000
EL1RETIREGRANT1|next_walk|ns=235792661828541|pid=81704|va=0x6000406000|l0=0x2d00021003|l1=0x2d0002b003|l2=0x2d0002e003|l3=0x0
EL1RETIREGRANT1|plan|ns=235792661829125|pid=81704|fault=0x6000405000|base=0x6000405000|len=0x1000|perms=0x3|generation=45
EL1RETIREGRANT1|stage2|ns=235792661832666|pid=81704|phase=0|ipa=0x9b401fc000|len=0x4000|host=0x10cdf4000|perms=0x7
EL1RETIREGRANT1|stage2|ns=235792662591208|pid=81704|phase=1|ipa=0x9b40008000|len=0x4000|host=0x0|perms=0x0
EL1RETIREGRANT1|stage2|ns=235792662601333|pid=81704|phase=1|ipa=0x9b4000c000|len=0x1f0000|host=0x0|perms=0x0
EL1RETIREGRANT1|fault|ns=235792662622958|pid=81704|far=0x600040502c|esr=0x92000005
EL1RETIREGRANT1|walk|ns=235792662624666|pid=81704|va=0x600040502c|l0=0x2d00021003|l1=0x0|l2=0x0|l3=0x0
EL1RETIREGRANT1|ttbr|ns=235792662625208|pid=81704|va=0x600040502c|ttbr0=0x1002d00020000
EL1RETIREGRANT1|walk|ns=235792662625916|pid=81704|va=0x600040502c|l0=0x2d00021003|l1=0x0|l2=0x0|l3=0x0
EL1RETIREGRANT1|ttbr|ns=235792662626291|pid=81704|va=0x600040502c|ttbr0=0x1002d00020000
EL1RETIREGRANT1|next_walk|ns=235792662626791|pid=81704|va=0x6000406000|l0=0x2d00021003|l1=0x0|l2=0x0|l3=0x0
EL1RETIREGRANT1|fault|ns=235792662630416|pid=81704|far=0x600040502c|esr=0x92000005
EL1RETIREGRANT1|walk|ns=235792662631208|pid=81704|va=0x600040502c|l0=0x2d00021003|l1=0x0|l2=0x0|l3=0x0
EL1RETIREGRANT1|ttbr|ns=235792662631583|pid=81704|va=0x600040502c|ttbr0=0x1002d00020000
EL1RETIREGRANT1|walk|ns=235792662632000|pid=81704|va=0x600040502c|l0=0x2d00021003|l1=0x0|l2=0x0|l3=0x0
EL1RETIREGRANT1|ttbr|ns=235792662632333|pid=81704|va=0x600040502c|ttbr0=0x1002d00020000
EL1RETIREGRANT1|next_walk|ns=235792662632750|pid=81704|va=0x6000406000|l0=0x2d00021003|l1=0x0|l2=0x0|l3=0x0
EL1RETIREGRANT1|fault|ns=235792662650500|pid=81704|far=0x6000002c00|esr=0x92000045
EL1RETIREGRANT1|walk|ns=235792662651666|pid=81704|va=0x6000002c00|l0=0x2d00021003|l1=0x0|l2=0x0|l3=0x0
EL1RETIREGRANT1|ttbr|ns=235792662652166|pid=81704|va=0x6000002c00|ttbr0=0x1002d00020000
EL1RETIREGRANT1|walk|ns=235792662652708|pid=81704|va=0x6000002c00|l0=0x2d00021003|l1=0x0|l2=0x0|l3=0x0
EL1RETIREGRANT1|ttbr|ns=235792662653083|pid=81704|va=0x6000002c00|ttbr0=0x1002d00020000
EL1RETIREGRANT1|next_walk|ns=235792662653500|pid=81704|va=0x6000003000|l0=0x2d00021003|l1=0x0|l2=0x0|l3=0x0
EL1RETIREGRANT1|fault|ns=235792662656416|pid=81704|far=0x6000002c00|esr=0x92000045
EL1RETIREGRANT1|walk|ns=235792662657083|pid=81704|va=0x6000002c00|l0=0x2d00021003|l1=0x0|l2=0x0|l3=0x0
EL1RETIREGRANT1|ttbr|ns=235792662657500|pid=81704|va=0x6000002c00|ttbr0=0x1002d00020000
EL1RETIREGRANT1|walk|ns=235792662657916|pid=81704|va=0x6000002c00|l0=0x2d00021003|l1=0x0|l2=0x0|l3=0x0
EL1RETIREGRANT1|ttbr|ns=235792662658291|pid=81704|va=0x6000002c00|ttbr0=0x1002d00020000
EL1RETIREGRANT1|next_walk|ns=235792662658708|pid=81704|va=0x6000003000|l0=0x2d00021003|l1=0x0|l2=0x0|l3=0x0
EL1RETIREGRANT1|stage2|ns=235792664096625|pid=81704|phase=1|ipa=0x200000|len=0xb0000|host=0x0|perms=0x0
EL1RETIREGRANT1|stage2|ns=235792664099041|pid=81704|phase=1|ipa=0x2b0000|len=0x4000|host=0x0|perms=0x0
EL1RETIREGRANT1|stage2|ns=235792664100666|pid=81704|phase=1|ipa=0x2cffff0000|len=0x4000|host=0x0|perms=0x0
EL1RETIREGRANT1|stage2|ns=235792664113416|pid=81704|phase=1|ipa=0x2d00020000|len=0x1c0000|host=0x0|perms=0x0
EL1RETIREGRANT1|stage2|ns=235792664115041|pid=81704|phase=1|ipa=0x2d001e4000|len=0x4000|host=0x0|perms=0x0
EL1RETIREGRANT1|stage2|ns=235792664116500|pid=81704|phase=1|ipa=0x2e00000000|len=0x4000|host=0x0|perms=0x0
EL1RETIREGRANT1|stage2|ns=235792664117791|pid=81704|phase=1|ipa=0x2e00010000|len=0x4000|host=0x0|perms=0x0
EL1RETIREGRANT1|stage2|ns=235792664118916|pid=81704|phase=1|ipa=0x2e00020000|len=0x4000|host=0x0|perms=0x0
EL1RETIREGRANT1|stage2|ns=235792664120083|pid=81704|phase=1|ipa=0x3000000000|len=0x4000|host=0x0|perms=0x0
EL1RETIREGRANT1|stage2|ns=235792664121375|pid=81704|phase=1|ipa=0x3000004000|len=0x4000|host=0x0|perms=0x0
EL1RETIREGRANT1|stage2|ns=235792664140000|pid=81704|phase=1|ipa=0x4000000000|len=0x8000000|host=0x0|perms=0x0
EL1RETIREGRANT1|stage2|ns=235792664145750|pid=81704|phase=1|ipa=0x9000000000|len=0x80000000|host=0x0|perms=0x0
EL1RETIREGRANT1|stage2|ns=235792664151291|pid=81704|phase=1|ipa=0x9800000000|len=0x80000000|host=0x0|perms=0x0
EL1RETIREGRANT1|stage2|ns=235792664154333|pid=81704|phase=1|ipa=0x9b40000000|len=0x8000|host=0x0|perms=0x0
EL1RETIREGRANT1|stage2|ns=235792664160291|pid=81704|phase=1|ipa=0x9b401fc000|len=0x4000|host=0x0|perms=0x0
EL1RETIREGRANT1|stage2|ns=235792664169166|pid=81704|phase=1|ipa=0xffff7f0000|len=0x800000|host=0x0|perms=0x0
EL1RETIREGRANT1|summary|faults=89|plans=45|maps=10|unmaps=24|target_exited=1|errors=0|drops=0
