EL1RETIREGRANT1|start|ns=238367406184291|target=98036
mapping-retirement pages=1024 rounds=4 base=0x6000005000 zero=true writes=true unmaps=true
EL1RETIREGRANT1|fault|ns=238367426218083|pid=98036|far=0x6000004000|esr=0x92000045
EL1RETIREGRANT1|walk|ns=238367426221833|pid=98036|va=0x6000004000|l0=0x2d00021003|l1=0x60006000000f40|l2=0x0|l3=0x0
EL1RETIREGRANT1|ttbr|ns=238367426223208|pid=98036|va=0x6000004000|ttbr0=0x1002d00020000
EL1RETIREGRANT1|walk|ns=238367426224375|pid=98036|va=0x6000004000|l0=0x2d00021003|l1=0x60006000000f40|l2=0x0|l3=0x0
EL1RETIREGRANT1|ttbr|ns=238367426225083|pid=98036|va=0x6000004000|ttbr0=0x1002d00020000
EL1RETIREGRANT1|next_walk|ns=238367426225708|pid=98036|va=0x6000005000|l0=0x2d00021003|l1=0x60006000000f40|l2=0x0|l3=0x0
EL1RETIREGRANT1|plan|ns=238367426230041|pid=98036|fault=0x6000004000|base=0x6000001000|len=0x4000|perms=0x3|generation=1
EL1RETIREGRANT1|stage2|ns=238367426244750|pid=98036|phase=0|ipa=0x9b40000000|len=0x8000|host=0x105300000|perms=0x7
EL1RETIREGRANT1|fault|ns=238367426927208|pid=98036|far=0x6000005000|esr=0x92000007
EL1RETIREGRANT1|walk|ns=238367426928166|pid=98036|va=0x6000005000|l0=0x2d00021003|l1=0x2d0002b003|l2=0x2d0002c003|l3=0x0
EL1RETIREGRANT1|ttbr|ns=238367426928583|pid=98036|va=0x6000005000|ttbr0=0x1002d00020000
EL1RETIREGRANT1|walk|ns=238367426929125|pid=98036|va=0x6000005000|l0=0x2d00021003|l1=0x2d0002b003|l2=0x2d0002c003|l3=0x0
EL1RETIREGRANT1|ttbr|ns=238367426929500|pid=98036|va=0x6000005000|ttbr0=0x1002d00020000
EL1RETIREGRANT1|next_walk|ns=238367426929916|pid=98036|va=0x6000006000|l0=0x2d00021003|l1=0x2d0002b003|l2=0x2d0002c003|l3=0x0
EL1RETIREGRANT1|plan|ns=238367426930750|pid=98036|fault=0x6000005000|base=0x6000005000|len=0x1fb000|perms=0x3|generation=2
EL1RETIREGRANT1|stage2|ns=238367426935041|pid=98036|phase=0|ipa=0x9b40008000|len=0x1fc000|host=0x119f84000|perms=0x7
EL1RETIREGRANT1|fault|ns=238367427682083|pid=98036|far=0x6000200000|esr=0x92000006
EL1RETIREGRANT1|walk|ns=238367427683166|pid=98036|va=0x6000200000|l0=0x2d00021003|l1=0x2d0002b003|l2=0x0|l3=0x0
EL1RETIREGRANT1|ttbr|ns=238367427683583|pid=98036|va=0x6000200000|ttbr0=0x1002d00020000
EL1RETIREGRANT1|walk|ns=238367427684083|pid=98036|va=0x6000200000|l0=0x2d00021003|l1=0x2d0002b003|l2=0x0|l3=0x0
EL1RETIREGRANT1|ttbr|ns=238367427684416|pid=98036|va=0x6000200000|ttbr0=0x1002d00020000
EL1RETIREGRANT1|next_walk|ns=238367427684833|pid=98036|va=0x6000201000|l0=0x2d00021003|l1=0x2d0002b003|l2=0x0|l3=0x0
EL1RETIREGRANT1|plan|ns=238367427685666|pid=98036|fault=0x6000200000|base=0x6000200000|len=0x200000|perms=0x3|generation=3
EL1RETIREGRANT1|stage2|ns=238367427689333|pid=98036|phase=0|ipa=0x9b40400000|len=0x200000|host=0x11a180000|perms=0x7
EL1RETIREGRANT1|fault|ns=238367428366125|pid=98036|far=0x6000400000|esr=0x92000006
EL1RETIREGRANT1|walk|ns=238367428367041|pid=98036|va=0x6000400000|l0=0x2d00021003|l1=0x2d0002b003|l2=0x0|l3=0x0
EL1RETIREGRANT1|ttbr|ns=238367428367458|pid=98036|va=0x6000400000|ttbr0=0x1002d00020000
EL1RETIREGRANT1|walk|ns=238367428367958|pid=98036|va=0x6000400000|l0=0x2d00021003|l1=0x2d0002b003|l2=0x0|l3=0x0
EL1RETIREGRANT1|ttbr|ns=238367428368375|pid=98036|va=0x6000400000|ttbr0=0x1002d00020000
EL1RETIREGRANT1|next_walk|ns=238367428368833|pid=98036|va=0x6000401000|l0=0x2d00021003|l1=0x2d0002b003|l2=0x0|l3=0x0
EL1RETIREGRANT1|plan|ns=238367428369583|pid=98036|fault=0x6000400000|base=0x6000400000|len=0x5000|perms=0x3|generation=4
EL1RETIREGRANT1|stage2|ns=238367428373000|pid=98036|phase=0|ipa=0x9b40600000|len=0x8000|host=0x105308000|perms=0x7
EL1RETIREGRANT1|stage2|ns=238367429009833|pid=98036|phase=1|ipa=0x9b40008000|len=0x1fc000|host=0x0|perms=0x0
EL1RETIREGRANT1|stage2|ns=238367429034750|pid=98036|phase=1|ipa=0x9b40400000|len=0x200000|host=0x0|perms=0x0
EL1RETIREGRANT1|stage2|ns=238367429051375|pid=98036|phase=1|ipa=0x9b40600000|len=0x8000|host=0x0|perms=0x0
EL1RETIREGRANT1|fault|ns=238367429080750|pid=98036|far=0x6000005000|esr=0x92000005
EL1RETIREGRANT1|walk|ns=238367429081625|pid=98036|va=0x6000005000|l0=0x2d00021003|l1=0x0|l2=0x0|l3=0x0
EL1RETIREGRANT1|ttbr|ns=238367429082041|pid=98036|va=0x6000005000|ttbr0=0x1002d00020000
EL1RETIREGRANT1|walk|ns=238367429082583|pid=98036|va=0x6000005000|l0=0x2d00021003|l1=0x0|l2=0x0|l3=0x0
EL1RETIREGRANT1|ttbr|ns=238367429082958|pid=98036|va=0x6000005000|ttbr0=0x1002d00020000
EL1RETIREGRANT1|next_walk|ns=238367429083416|pid=98036|va=0x6000006000|l0=0x2d00021003|l1=0x0|l2=0x0|l3=0x0
EL1RETIREGRANT1|plan|ns=238367429084125|pid=98036|fault=0x6000005000|base=0x6000005000|len=0x1fb000|perms=0x3|generation=5
EL1RETIREGRANT1|stage2|ns=238367429087833|pid=98036|phase=0|ipa=0x9b40008000|len=0x1fc000|host=0x119f84000|perms=0x7
EL1RETIREGRANT1|fault|ns=238367429824208|pid=98036|far=0x6000200000|esr=0x92000006
EL1RETIREGRANT1|walk|ns=238367429825125|pid=98036|va=0x6000200000|l0=0x2d00021003|l1=0x2d0002b003|l2=0x0|l3=0x0
EL1RETIREGRANT1|ttbr|ns=238367429825541|pid=98036|va=0x6000200000|ttbr0=0x1002d00020000
EL1RETIREGRANT1|walk|ns=238367429826166|pid=98036|va=0x6000200000|l0=0x2d00021003|l1=0x2d0002b003|l2=0x0|l3=0x0
EL1RETIREGRANT1|ttbr|ns=238367429826541|pid=98036|va=0x6000200000|ttbr0=0x1002d00020000
EL1RETIREGRANT1|next_walk|ns=238367429827000|pid=98036|va=0x6000201000|l0=0x2d00021003|l1=0x2d0002b003|l2=0x0|l3=0x0
EL1RETIREGRANT1|plan|ns=238367429827791|pid=98036|fault=0x6000200000|base=0x6000200000|len=0x200000|perms=0x3|generation=6
EL1RETIREGRANT1|stage2|ns=238367429831208|pid=98036|phase=0|ipa=0x9b40400000|len=0x200000|host=0x11a180000|perms=0x7
EL1RETIREGRANT1|fault|ns=238367430516500|pid=98036|far=0x6000400000|esr=0x92000006
EL1RETIREGRANT1|walk|ns=238367430517375|pid=98036|va=0x6000400000|l0=0x2d00021003|l1=0x2d0002b003|l2=0x0|l3=0x0
EL1RETIREGRANT1|ttbr|ns=238367430517791|pid=98036|va=0x6000400000|ttbr0=0x1002d00020000
EL1RETIREGRANT1|walk|ns=238367430518291|pid=98036|va=0x6000400000|l0=0x2d00021003|l1=0x2d0002b003|l2=0x0|l3=0x0
EL1RETIREGRANT1|ttbr|ns=238367430518666|pid=98036|va=0x6000400000|ttbr0=0x1002d00020000
EL1RETIREGRANT1|next_walk|ns=238367430519125|pid=98036|va=0x6000401000|l0=0x2d00021003|l1=0x2d0002b003|l2=0x0|l3=0x0
EL1RETIREGRANT1|plan|ns=238367430519833|pid=98036|fault=0x6000400000|base=0x6000400000|len=0x5000|perms=0x3|generation=7
EL1RETIREGRANT1|stage2|ns=238367430524416|pid=98036|phase=0|ipa=0x9b40600000|len=0x8000|host=0x105308000|perms=0x7
EL1RETIREGRANT1|stage2|ns=238367431021041|pid=98036|phase=1|ipa=0x9b40008000|len=0x1fc000|host=0x0|perms=0x0
EL1RETIREGRANT1|stage2|ns=238367431033208|pid=98036|phase=1|ipa=0x9b40400000|len=0x200000|host=0x0|perms=0x0
EL1RETIREGRANT1|stage2|ns=238367431041333|pid=98036|phase=1|ipa=0x9b40600000|len=0x8000|host=0x0|perms=0x0
EL1RETIREGRANT1|fault|ns=238367431055583|pid=98036|far=0x6000005000|esr=0x93c98007
EL1RETIREGRANT1|walk|ns=238367431056458|pid=98036|va=0x6000005000|l0=0x2d00021003|l1=0x2d0002b003|l2=0x2d0002c003|l3=0x60009b40009f43
EL1RETIREGRANT1|ttbr|ns=238367431056875|pid=98036|va=0x6000005000|ttbr0=0x1002d00020000
EL1RETIREGRANT1|walk|ns=238367431057416|pid=98036|va=0x6000005000|l0=0x2d00021003|l1=0x2d0002b003|l2=0x2d0002c003|l3=0x60009b40009f43
EL1RETIREGRANT1|ttbr|ns=238367431057791|pid=98036|va=0x6000005000|ttbr0=0x1002d00020000
EL1RETIREGRANT1|next_walk|ns=238367431058208|pid=98036|va=0x6000006000|l0=0x2d00021003|l1=0x2d0002b003|l2=0x2d0002c003|l3=0x60009b4000af43
EL1RETIREGRANT1|stage2|ns=238367431064875|pid=98036|phase=0|ipa=0x9b40008000|len=0x4000|host=0x105308000|perms=0x7
EL1RETIREGRANT1|boundary_walk|ns=238367431082583|pid=98036|va=0x6000008000|l0=0x2d00021003|l1=0x2d0002b003|l2=0x2d0002d003|l3=0x0
EL1RETIREGRANT1|boundary_walk|ns=238367431094875|pid=98036|va=0x600000c000|l0=0x2d00021003|l1=0x2d0002b003|l2=0x2d0002d003|l3=0x0
EL1RETIREGRANT1|boundary_walk|ns=238367431100250|pid=98036|va=0x6000010000|l0=0x2d00021003|l1=0x2d0002b003|l2=0x2d0002d003|l3=0x0
EL1RETIREGRANT1|fault|ns=238367431108750|pid=98036|far=0x6000006000|esr=0x92000007
EL1RETIREGRANT1|walk|ns=238367431109541|pid=98036|va=0x6000006000|l0=0x2d00021003|l1=0x2d0002b003|l2=0x2d0002d003|l3=0x20009b4000afc2
EL1RETIREGRANT1|ttbr|ns=238367431109958|pid=98036|va=0x6000006000|ttbr0=0x1002d00020000
EL1RETIREGRANT1|walk|ns=238367431110500|pid=98036|va=0x6000006000|l0=0x2d00021003|l1=0x2d0002b003|l2=0x2d0002d003|l3=0x20009b4000afc2
EL1RETIREGRANT1|ttbr|ns=238367431110875|pid=98036|va=0x6000006000|ttbr0=0x1002d00020000
EL1RETIREGRANT1|next_walk|ns=238367431111291|pid=98036|va=0x6000007000|l0=0x2d00021003|l1=0x2d0002b003|l2=0x2d0002d003|l3=0x20009b4000bfc2
EL1RETIREGRANT1|plan|ns=238367431111958|pid=98036|fault=0x6000006000|base=0x6000006000|len=0x1fa000|perms=0x3|generation=8
EL1RETIREGRANT1|fault|ns=238367431114916|pid=98036|far=0x6000006000|esr=0x92000007
EL1RETIREGRANT1|walk|ns=238367431115583|pid=98036|va=0x6000006000|l0=0x2d00021003|l1=0x2d0002b003|l2=0x2d0002d003|l3=0x20009b4000afc2
EL1RETIREGRANT1|ttbr|ns=238367431115958|pid=98036|va=0x6000006000|ttbr0=0x1002d00020000
EL1RETIREGRANT1|walk|ns=238367431116416|pid=98036|va=0x6000006000|l0=0x2d00021003|l1=0x2d0002b003|l2=0x2d0002d003|l3=0x20009b4000afc2
EL1RETIREGRANT1|ttbr|ns=238367431116750|pid=98036|va=0x6000006000|ttbr0=0x1002d00020000
EL1RETIREGRANT1|next_walk|ns=238367431117166|pid=98036|va=0x6000007000|l0=0x2d00021003|l1=0x2d0002b003|l2=0x2d0002d003|l3=0x20009b4000bfc2
EL1RETIREGRANT1|fault|ns=238367431121041|pid=98036|far=0x6000007000|esr=0x92000007
EL1RETIREGRANT1|walk|ns=238367431121666|pid=98036|va=0x6000007000|l0=0x2d00021003|l1=0x2d0002b003|l2=0x2d0002d003|l3=0x20009b4000bfc2
EL1RETIREGRANT1|ttbr|ns=238367431122000|pid=98036|va=0x6000007000|ttbr0=0x1002d00020000
EL1RETIREGRANT1|walk|ns=238367431122458|pid=98036|va=0x6000007000|l0=0x2d00021003|l1=0x2d0002b003|l2=0x2d0002d003|l3=0x20009b4000bfc2
EL1RETIREGRANT1|ttbr|ns=238367431122791|pid=98036|va=0x6000007000|ttbr0=0x1002d00020000
EL1RETIREGRANT1|next_walk|ns=238367431123208|pid=98036|va=0x6000008000|l0=0x2d00021003|l1=0x2d0002b003|l2=0x2d0002d003|l3=0x20009b00000fc2
EL1RETIREGRANT1|plan|ns=238367431123791|pid=98036|fault=0x6000007000|base=0x6000007000|len=0x1f9000|perms=0x3|generation=9
EL1RETIREGRANT1|fault|ns=238367431126291|pid=98036|far=0x6000007000|esr=0x92000007
EL1RETIREGRANT1|walk|ns=238367431126916|pid=98036|va=0x6000007000|l0=0x2d00021003|l1=0x2d0002b003|l2=0x2d0002d003|l3=0x20009b4000bfc2
EL1RETIREGRANT1|ttbr|ns=238367431127250|pid=98036|va=0x6000007000|ttbr0=0x1002d00020000
EL1RETIREGRANT1|walk|ns=238367431127666|pid=98036|va=0x6000007000|l0=0x2d00021003|l1=0x2d0002b003|l2=0x2d0002d003|l3=0x20009b4000bfc2
EL1RETIREGRANT1|ttbr|ns=238367431128000|pid=98036|va=0x6000007000|ttbr0=0x1002d00020000
EL1RETIREGRANT1|next_walk|ns=238367431128416|pid=98036|va=0x6000008000|l0=0x2d00021003|l1=0x2d0002b003|l2=0x2d0002d003|l3=0x20009b00000fc2
EL1RETIREGRANT1|fault|ns=238367431131666|pid=98036|far=0x6000008000|esr=0x92000007
EL1RETIREGRANT1|walk|ns=238367431132291|pid=98036|va=0x6000008000|l0=0x2d00021003|l1=0x2d0002b003|l2=0x2d0002d003|l3=0x20009b00000fc2
EL1RETIREGRANT1|ttbr|ns=238367431132625|pid=98036|va=0x6000008000|ttbr0=0x1002d00020000
EL1RETIREGRANT1|walk|ns=238367431133041|pid=98036|va=0x6000008000|l0=0x2d00021003|l1=0x2d0002b003|l2=0x2d0002d003|l3=0x20009b00000fc2
EL1RETIREGRANT1|ttbr|ns=238367431133375|pid=98036|va=0x6000008000|ttbr0=0x1002d00020000
EL1RETIREGRANT1|next_walk|ns=238367431133791|pid=98036|va=0x6000009000|l0=0x2d00021003|l1=0x2d0002b003|l2=0x2d0002d003|l3=0x20009b00001fc2
EL1RETIREGRANT1|plan|ns=238367431134333|pid=98036|fault=0x6000008000|base=0x6000008000|len=0x1f8000|perms=0x3|generation=10
EL1RETIREGRANT1|fault|ns=238367431136625|pid=98036|far=0x6000008000|esr=0x92000007
EL1RETIREGRANT1|walk|ns=238367431137250|pid=98036|va=0x6000008000|l0=0x2d00021003|l1=0x2d0002b003|l2=0x2d0002d003|l3=0x20009b00000fc2
EL1RETIREGRANT1|ttbr|ns=238367431137583|pid=98036|va=0x6000008000|ttbr0=0x1002d00020000
EL1RETIREGRANT1|walk|ns=238367431138041|pid=98036|va=0x6000008000|l0=0x2d00021003|l1=0x2d0002b003|l2=0x2d0002d003|l3=0x20009b00000fc2
EL1RETIREGRANT1|ttbr|ns=238367431138375|pid=98036|va=0x6000008000|ttbr0=0x1002d00020000
EL1RETIREGRANT1|next_walk|ns=238367431138791|pid=98036|va=0x6000009000|l0=0x2d00021003|l1=0x2d0002b003|l2=0x2d0002d003|l3=0x20009b00001fc2
EL1RETIREGRANT1|fault|ns=238367431145375|pid=98036|far=0x6000009000|esr=0x92000007
EL1RETIREGRANT1|walk|ns=238367431146083|pid=98036|va=0x6000009000|l0=0x2d00021003|l1=0x2d0002b003|l2=0x2d0002d003|l3=0x20009b00001fc2
EL1RETIREGRANT1|ttbr|ns=238367431146458|pid=98036|va=0x6000009000|ttbr0=0x1002d00020000
EL1RETIREGRANT1|walk|ns=238367431146875|pid=98036|va=0x6000009000|l0=0x2d00021003|l1=0x2d0002b003|l2=0x2d0002d003|l3=0x20009b00001fc2
EL1RETIREGRANT1|ttbr|ns=238367431147208|pid=98036|va=0x6000009000|ttbr0=0x1002d00020000
EL1RETIREGRANT1|next_walk|ns=238367431147625|pid=98036|va=0x600000a000|l0=0x2d00021003|l1=0x2d0002b003|l2=0x2d0002d003|l3=0x20009b00002fc2
EL1RETIREGRANT1|plan|ns=238367431148208|pid=98036|fault=0x6000009000|base=0x6000009000|len=0x1f7000|perms=0x3|generation=11
EL1RETIREGRANT1|fault|ns=238367431150625|pid=98036|far=0x6000009000|esr=0x92000007
EL1RETIREGRANT1|walk|ns=238367431151250|pid=98036|va=0x6000009000|l0=0x2d00021003|l1=0x2d0002b003|l2=0x2d0002d003|l3=0x20009b00001fc2
EL1RETIREGRANT1|ttbr|ns=238367431151625|pid=98036|va=0x6000009000|ttbr0=0x1002d00020000
EL1RETIREGRANT1|walk|ns=238367431152041|pid=98036|va=0x6000009000|l0=0x2d00021003|l1=0x2d0002b003|l2=0x2d0002d003|l3=0x20009b00001fc2
EL1RETIREGRANT1|ttbr|ns=238367431152375|pid=98036|va=0x6000009000|ttbr0=0x1002d00020000
EL1RETIREGRANT1|next_walk|ns=238367431152791|pid=98036|va=0x600000a000|l0=0x2d00021003|l1=0x2d0002b003|l2=0x2d0002d003|l3=0x20009b00002fc2
EL1RETIREGRANT1|fault|ns=238367431155958|pid=98036|far=0x600000a000|esr=0x92000007
EL1RETIREGRANT1|walk|ns=238367431156583|pid=98036|va=0x600000a000|l0=0x2d00021003|l1=0x2d0002b003|l2=0x2d0002d003|l3=0x20009b00002fc2
EL1RETIREGRANT1|ttbr|ns=238367431156916|pid=98036|va=0x600000a000|ttbr0=0x1002d00020000
EL1RETIREGRANT1|walk|ns=238367431157375|pid=98036|va=0x600000a000|l0=0x2d00021003|l1=0x2d0002b003|l2=0x2d0002d003|l3=0x20009b00002fc2
EL1RETIREGRANT1|ttbr|ns=238367431157708|pid=98036|va=0x600000a000|ttbr0=0x1002d00020000
EL1RETIREGRANT1|next_walk|ns=238367431158125|pid=98036|va=0x600000b000|l0=0x2d00021003|l1=0x2d0002b003|l2=0x2d0002d003|l3=0x20009b00003fc2
EL1RETIREGRANT1|plan|ns=238367431158625|pid=98036|fault=0x600000a000|base=0x600000a000|len=0x1f6000|perms=0x3|generation=12
EL1RETIREGRANT1|fault|ns=238367431161000|pid=98036|far=0x600000a000|esr=0x92000007
EL1RETIREGRANT1|walk|ns=238367431161583|pid=98036|va=0x600000a000|l0=0x2d00021003|l1=0x2d0002b003|l2=0x2d0002d003|l3=0x20009b00002fc2
EL1RETIREGRANT1|ttbr|ns=238367431161916|pid=98036|va=0x600000a000|ttbr0=0x1002d00020000
EL1RETIREGRANT1|walk|ns=238367431162333|pid=98036|va=0x600000a000|l0=0x2d00021003|l1=0x2d0002b003|l2=0x2d0002d003|l3=0x20009b00002fc2
EL1RETIREGRANT1|ttbr|ns=238367431162666|pid=98036|va=0x600000a000|ttbr0=0x1002d00020000
EL1RETIREGRANT1|next_walk|ns=238367431163083|pid=98036|va=0x600000b000|l0=0x2d00021003|l1=0x2d0002b003|l2=0x2d0002d003|l3=0x20009b00003fc2
EL1RETIREGRANT1|fault|ns=238367431166166|pid=98036|far=0x600000b000|esr=0x92000007
EL1RETIREGRANT1|walk|ns=238367431166750|pid=98036|va=0x600000b000|l0=0x2d00021003|l1=0x2d0002b003|l2=0x2d0002d003|l3=0x20009b00003fc2
EL1RETIREGRANT1|ttbr|ns=238367431167083|pid=98036|va=0x600000b000|ttbr0=0x1002d00020000
EL1RETIREGRANT1|walk|ns=238367431167541|pid=98036|va=0x600000b000|l0=0x2d00021003|l1=0x2d0002b003|l2=0x2d0002d003|l3=0x20009b00003fc2
EL1RETIREGRANT1|ttbr|ns=238367431167875|pid=98036|va=0x600000b000|ttbr0=0x1002d00020000
EL1RETIREGRANT1|next_walk|ns=238367431168291|pid=98036|va=0x600000c000|l0=0x2d00021003|l1=0x2d0002b003|l2=0x2d0002d003|l3=0x20009b00004fc2
EL1RETIREGRANT1|plan|ns=238367431168833|pid=98036|fault=0x600000b000|base=0x600000b000|len=0x1f5000|perms=0x3|generation=13
EL1RETIREGRANT1|fault|ns=238367431171000|pid=98036|far=0x600000b000|esr=0x92000007
EL1RETIREGRANT1|walk|ns=238367431171583|pid=98036|va=0x600000b000|l0=0x2d00021003|l1=0x2d0002b003|l2=0x2d0002d003|l3=0x20009b00003fc2
EL1RETIREGRANT1|ttbr|ns=238367431171958|pid=98036|va=0x600000b000|ttbr0=0x1002d00020000
EL1RETIREGRANT1|walk|ns=238367431172375|pid=98036|va=0x600000b000|l0=0x2d00021003|l1=0x2d0002b003|l2=0x2d0002d003|l3=0x20009b00003fc2
EL1RETIREGRANT1|ttbr|ns=238367431172708|pid=98036|va=0x600000b000|ttbr0=0x1002d00020000
EL1RETIREGRANT1|next_walk|ns=238367431173125|pid=98036|va=0x600000c000|l0=0x2d00021003|l1=0x2d0002b003|l2=0x2d0002d003|l3=0x20009b00004fc2
EL1RETIREGRANT1|fault|ns=238367431176041|pid=98036|far=0x600000c000|esr=0x92000007
EL1RETIREGRANT1|walk|ns=238367431176625|pid=98036|va=0x600000c000|l0=0x2d00021003|l1=0x2d0002b003|l2=0x2d0002d003|l3=0x20009b00004fc2
EL1RETIREGRANT1|ttbr|ns=238367431176958|pid=98036|va=0x600000c000|ttbr0=0x1002d00020000
EL1RETIREGRANT1|walk|ns=238367431177416|pid=98036|va=0x600000c000|l0=0x2d00021003|l1=0x2d0002b003|l2=0x2d0002d003|l3=0x20009b00004fc2
EL1RETIREGRANT1|ttbr|ns=238367431177708|pid=98036|va=0x600000c000|ttbr0=0x1002d00020000
EL1RETIREGRANT1|next_walk|ns=238367431178125|pid=98036|va=0x600000d000|l0=0x2d00021003|l1=0x2d0002b003|l2=0x2d0002d003|l3=0x20009b00005fc2
EL1RETIREGRANT1|plan|ns=238367431178666|pid=98036|fault=0x600000c000|base=0x600000c000|len=0x1f4000|perms=0x3|generation=14
EL1RETIREGRANT1|fault|ns=238367431180916|pid=98036|far=0x600000c000|esr=0x92000007
EL1RETIREGRANT1|walk|ns=238367431181541|pid=98036|va=0x600000c000|l0=0x2d00021003|l1=0x2d0002b003|l2=0x2d0002d003|l3=0x20009b00004fc2
EL1RETIREGRANT1|ttbr|ns=238367431181875|pid=98036|va=0x600000c000|ttbr0=0x1002d00020000
EL1RETIREGRANT1|walk|ns=238367431182291|pid=98036|va=0x600000c000|l0=0x2d00021003|l1=0x2d0002b003|l2=0x2d0002d003|l3=0x20009b00004fc2
EL1RETIREGRANT1|ttbr|ns=238367431182625|pid=98036|va=0x600000c000|ttbr0=0x1002d00020000
EL1RETIREGRANT1|next_walk|ns=238367431183041|pid=98036|va=0x600000d000|l0=0x2d00021003|l1=0x2d0002b003|l2=0x2d0002d003|l3=0x20009b00005fc2
EL1RETIREGRANT1|fault|ns=238367431187333|pid=98036|far=0x600000d000|esr=0x92000007
EL1RETIREGRANT1|walk|ns=238367431188000|pid=98036|va=0x600000d000|l0=0x2d00021003|l1=0x2d0002b003|l2=0x2d0002d003|l3=0x20009b00005fc2
EL1RETIREGRANT1|ttbr|ns=238367431188333|pid=98036|va=0x600000d000|ttbr0=0x1002d00020000
EL1RETIREGRANT1|walk|ns=238367431188791|pid=98036|va=0x600000d000|l0=0x2d00021003|l1=0x2d0002b003|l2=0x2d0002d003|l3=0x20009b00005fc2
EL1RETIREGRANT1|ttbr|ns=238367431189083|pid=98036|va=0x600000d000|ttbr0=0x1002d00020000
EL1RETIREGRANT1|next_walk|ns=238367431189500|pid=98036|va=0x600000e000|l0=0x2d00021003|l1=0x2d0002b003|l2=0x2d0002d003|l3=0x20009b00006fc2
EL1RETIREGRANT1|plan|ns=238367431190083|pid=98036|fault=0x600000d000|base=0x600000d000|len=0x1f3000|perms=0x3|generation=15
EL1RETIREGRANT1|fault|ns=238367431192375|pid=98036|far=0x600000d000|esr=0x92000007
EL1RETIREGRANT1|walk|ns=238367431192958|pid=98036|va=0x600000d000|l0=0x2d00021003|l1=0x2d0002b003|l2=0x2d0002d003|l3=0x20009b00005fc2
EL1RETIREGRANT1|ttbr|ns=238367431193291|pid=98036|va=0x600000d000|ttbr0=0x1002d00020000
EL1RETIREGRANT1|walk|ns=238367431193750|pid=98036|va=0x600000d000|l0=0x2d00021003|l1=0x2d0002b003|l2=0x2d0002d003|l3=0x20009b00005fc2
EL1RETIREGRANT1|ttbr|ns=238367431194041|pid=98036|va=0x600000d000|ttbr0=0x1002d00020000
EL1RETIREGRANT1|next_walk|ns=238367431194458|pid=98036|va=0x600000e000|l0=0x2d00021003|l1=0x2d0002b003|l2=0x2d0002d003|l3=0x20009b00006fc2
EL1RETIREGRANT1|fault|ns=238367431197500|pid=98036|far=0x600000e000|esr=0x92000007
EL1RETIREGRANT1|walk|ns=238367431198125|pid=98036|va=0x600000e000|l0=0x2d00021003|l1=0x2d0002b003|l2=0x2d0002d003|l3=0x20009b00006fc2
EL1RETIREGRANT1|ttbr|ns=238367431198458|pid=98036|va=0x600000e000|ttbr0=0x1002d00020000
EL1RETIREGRANT1|walk|ns=238367431198916|pid=98036|va=0x600000e000|l0=0x2d00021003|l1=0x2d0002b003|l2=0x2d0002d003|l3=0x20009b00006fc2
EL1RETIREGRANT1|ttbr|ns=238367431199250|pid=98036|va=0x600000e000|ttbr0=0x1002d00020000
EL1RETIREGRANT1|next_walk|ns=238367431199666|pid=98036|va=0x600000f000|l0=0x2d00021003|l1=0x2d0002b003|l2=0x2d0002d003|l3=0x20009b00007fc2
EL1RETIREGRANT1|plan|ns=238367431200166|pid=98036|fault=0x600000e000|base=0x600000e000|len=0x1f2000|perms=0x3|generation=16
EL1RETIREGRANT1|fault|ns=238367431202291|pid=98036|far=0x600000e000|esr=0x92000007
EL1RETIREGRANT1|walk|ns=238367431202916|pid=98036|va=0x600000e000|l0=0x2d00021003|l1=0x2d0002b003|l2=0x2d0002d003|l3=0x20009b00006fc2
EL1RETIREGRANT1|ttbr|ns=238367431203250|pid=98036|va=0x600000e000|ttbr0=0x1002d00020000
EL1RETIREGRANT1|walk|ns=238367431203708|pid=98036|va=0x600000e000|l0=0x2d00021003|l1=0x2d0002b003|l2=0x2d0002d003|l3=0x20009b00006fc2
EL1RETIREGRANT1|ttbr|ns=238367431204000|pid=98036|va=0x600000e000|ttbr0=0x1002d00020000
EL1RETIREGRANT1|next_walk|ns=238367431204416|pid=98036|va=0x600000f000|l0=0x2d00021003|l1=0x2d0002b003|l2=0x2d0002d003|l3=0x20009b00007fc2
EL1RETIREGRANT1|fault|ns=238367431207333|pid=98036|far=0x600000f000|esr=0x92000007
EL1RETIREGRANT1|walk|ns=238367431208000|pid=98036|va=0x600000f000|l0=0x2d00021003|l1=0x2d0002b003|l2=0x2d0002d003|l3=0x20009b00007fc2
EL1RETIREGRANT1|ttbr|ns=238367431208375|pid=98036|va=0x600000f000|ttbr0=0x1002d00020000
EL1RETIREGRANT1|walk|ns=238367431208791|pid=98036|va=0x600000f000|l0=0x2d00021003|l1=0x2d0002b003|l2=0x2d0002d003|l3=0x20009b00007fc2
EL1RETIREGRANT1|ttbr|ns=238367431209125|pid=98036|va=0x600000f000|ttbr0=0x1002d00020000
EL1RETIREGRANT1|next_walk|ns=238367431209541|pid=98036|va=0x6000010000|l0=0x2d00021003|l1=0x2d0002b003|l2=0x2d0002d003|l3=0x0
EL1RETIREGRANT1|plan|ns=238367431210041|pid=98036|fault=0x600000f000|base=0x600000f000|len=0x1f1000|perms=0x3|generation=17
EL1RETIREGRANT1|fault|ns=238367431212166|pid=98036|far=0x600000f000|esr=0x92000007
EL1RETIREGRANT1|walk|ns=238367431212791|pid=98036|va=0x600000f000|l0=0x2d00021003|l1=0x2d0002b003|l2=0x2d0002d003|l3=0x20009b00007fc2
EL1RETIREGRANT1|ttbr|ns=238367431213083|pid=98036|va=0x600000f000|ttbr0=0x1002d00020000
EL1RETIREGRANT1|walk|ns=238367431213541|pid=98036|va=0x600000f000|l0=0x2d00021003|l1=0x2d0002b003|l2=0x2d0002d003|l3=0x20009b00007fc2
EL1RETIREGRANT1|ttbr|ns=238367431213875|pid=98036|va=0x600000f000|ttbr0=0x1002d00020000
EL1RETIREGRANT1|next_walk|ns=238367431214291|pid=98036|va=0x6000010000|l0=0x2d00021003|l1=0x2d0002b003|l2=0x2d0002d003|l3=0x0
EL1RETIREGRANT1|fault|ns=238367431217166|pid=98036|far=0x6000010000|esr=0x92000007
EL1RETIREGRANT1|walk|ns=238367431217750|pid=98036|va=0x6000010000|l0=0x2d00021003|l1=0x2d0002b003|l2=0x2d0002d003|l3=0x0
EL1RETIREGRANT1|ttbr|ns=238367431218083|pid=98036|va=0x6000010000|ttbr0=0x1002d00020000
EL1RETIREGRANT1|walk|ns=238367431218541|pid=98036|va=0x6000010000|l0=0x2d00021003|l1=0x2d0002b003|l2=0x2d0002d003|l3=0x0
EL1RETIREGRANT1|ttbr|ns=238367431218875|pid=98036|va=0x6000010000|ttbr0=0x1002d00020000
EL1RETIREGRANT1|next_walk|ns=238367431219250|pid=98036|va=0x6000011000|l0=0x2d00021003|l1=0x2d0002b003|l2=0x2d0002d003|l3=0x0
EL1RETIREGRANT1|plan|ns=238367431219791|pid=98036|fault=0x6000010000|base=0x6000010000|len=0x1f0000|perms=0x3|generation=18
EL1RETIREGRANT1|stage2|ns=238367431223125|pid=98036|phase=0|ipa=0x9b4000c000|len=0x1f0000|host=0x119f84000|perms=0x7
EL1RETIREGRANT1|fault|ns=238367431951041|pid=98036|far=0x6000200000|esr=0x92000006
EL1RETIREGRANT1|walk|ns=238367431952166|pid=98036|va=0x6000200000|l0=0x2d00021003|l1=0x2d0002b003|l2=0x0|l3=0x0
EL1RETIREGRANT1|ttbr|ns=238367431952625|pid=98036|va=0x6000200000|ttbr0=0x1002d00020000
EL1RETIREGRANT1|walk|ns=238367431953250|pid=98036|va=0x6000200000|l0=0x2d00021003|l1=0x2d0002b003|l2=0x0|l3=0x0
EL1RETIREGRANT1|ttbr|ns=238367431953625|pid=98036|va=0x6000200000|ttbr0=0x1002d00020000
EL1RETIREGRANT1|next_walk|ns=238367431954083|pid=98036|va=0x6000201000|l0=0x2d00021003|l1=0x2d0002b003|l2=0x0|l3=0x0
EL1RETIREGRANT1|plan|ns=238367431954750|pid=98036|fault=0x6000200000|base=0x6000200000|len=0x200000|perms=0x3|generation=19
EL1RETIREGRANT1|stage2|ns=238367431958083|pid=98036|phase=0|ipa=0x9b40400000|len=0x200000|host=0x11a174000|perms=0x7
EL1RETIREGRANT1|fault|ns=238367432641541|pid=98036|far=0x6000400000|esr=0x92000006
EL1RETIREGRANT1|walk|ns=238367432642583|pid=98036|va=0x6000400000|l0=0x2d00021003|l1=0x2d0002b003|l2=0x0|l3=0x0
EL1RETIREGRANT1|ttbr|ns=238367432643000|pid=98036|va=0x6000400000|ttbr0=0x1002d00020000
EL1RETIREGRANT1|walk|ns=238367432643625|pid=98036|va=0x6000400000|l0=0x2d00021003|l1=0x2d0002b003|l2=0x0|l3=0x0
EL1RETIREGRANT1|ttbr|ns=238367432644000|pid=98036|va=0x6000400000|ttbr0=0x1002d00020000
EL1RETIREGRANT1|next_walk|ns=238367432644458|pid=98036|va=0x6000401000|l0=0x2d00021003|l1=0x2d0002b003|l2=0x0|l3=0x0
EL1RETIREGRANT1|plan|ns=238367432645125|pid=98036|fault=0x6000400000|base=0x6000400000|len=0x5000|perms=0x3|generation=20
EL1RETIREGRANT1|stage2|ns=238367432647875|pid=98036|phase=0|ipa=0x9b401fc000|len=0x8000|host=0x11a374000|perms=0x7
EL1RETIREGRANT1|stage2|ns=238367433185666|pid=98036|phase=1|ipa=0x9b40008000|len=0x4000|host=0x0|perms=0x0
EL1RETIREGRANT1|stage2|ns=238367433193333|pid=98036|phase=1|ipa=0x9b4000c000|len=0x1f0000|host=0x0|perms=0x0
EL1RETIREGRANT1|stage2|ns=238367433203000|pid=98036|phase=1|ipa=0x9b401fc000|len=0x8000|host=0x0|perms=0x0
EL1RETIREGRANT1|stage2|ns=238367433209458|pid=98036|phase=1|ipa=0x9b40400000|len=0x200000|host=0x0|perms=0x0
EL1RETIREGRANT1|fault|ns=238367433227708|pid=98036|far=0x6000005000|esr=0x92000005
EL1RETIREGRANT1|walk|ns=238367433228541|pid=98036|va=0x6000005000|l0=0x2d00021003|l1=0x0|l2=0x0|l3=0x0
EL1RETIREGRANT1|ttbr|ns=238367433228958|pid=98036|va=0x6000005000|ttbr0=0x1002d00020000
EL1RETIREGRANT1|walk|ns=238367433229458|pid=98036|va=0x6000005000|l0=0x2d00021003|l1=0x0|l2=0x0|l3=0x0
EL1RETIREGRANT1|ttbr|ns=238367433229833|pid=98036|va=0x6000005000|ttbr0=0x1002d00020000
EL1RETIREGRANT1|next_walk|ns=238367433230291|pid=98036|va=0x6000006000|l0=0x2d00021003|l1=0x0|l2=0x0|l3=0x0
EL1RETIREGRANT1|plan|ns=238367433230958|pid=98036|fault=0x6000005000|base=0x6000005000|len=0x1fb000|perms=0x3|generation=21
EL1RETIREGRANT1|stage2|ns=238367433234250|pid=98036|phase=0|ipa=0x9b40008000|len=0x1fc000|host=0x119f84000|perms=0x7
EL1RETIREGRANT1|fault|ns=238367434005250|pid=98036|far=0x6000200000|esr=0x92000006
EL1RETIREGRANT1|walk|ns=238367434006250|pid=98036|va=0x6000200000|l0=0x2d00021003|l1=0x2d0002f003|l2=0x0|l3=0x0
EL1RETIREGRANT1|ttbr|ns=238367434006666|pid=98036|va=0x6000200000|ttbr0=0x1002d00020000
EL1RETIREGRANT1|walk|ns=238367434007250|pid=98036|va=0x6000200000|l0=0x2d00021003|l1=0x2d0002f003|l2=0x0|l3=0x0
EL1RETIREGRANT1|ttbr|ns=238367434007625|pid=98036|va=0x6000200000|ttbr0=0x1002d00020000
EL1RETIREGRANT1|next_walk|ns=238367434008041|pid=98036|va=0x6000201000|l0=0x2d00021003|l1=0x2d0002f003|l2=0x0|l3=0x0
EL1RETIREGRANT1|plan|ns=238367434008750|pid=98036|fault=0x6000200000|base=0x6000200000|len=0x200000|perms=0x3|generation=22
EL1RETIREGRANT1|stage2|ns=238367434011958|pid=98036|phase=0|ipa=0x9b40400000|len=0x200000|host=0x11a180000|perms=0x7
EL1RETIREGRANT1|fault|ns=238367434701666|pid=98036|far=0x6000400000|esr=0x92000006
EL1RETIREGRANT1|walk|ns=238367434702583|pid=98036|va=0x6000400000|l0=0x2d00021003|l1=0x2d0002f003|l2=0x0|l3=0x0
EL1RETIREGRANT1|ttbr|ns=238367434703000|pid=98036|va=0x6000400000|ttbr0=0x1002d00020000
EL1RETIREGRANT1|walk|ns=238367434703500|pid=98036|va=0x6000400000|l0=0x2d00021003|l1=0x2d0002f003|l2=0x0|l3=0x0
EL1RETIREGRANT1|ttbr|ns=238367434703875|pid=98036|va=0x6000400000|ttbr0=0x1002d00020000
EL1RETIREGRANT1|next_walk|ns=238367434704375|pid=98036|va=0x6000401000|l0=0x2d00021003|l1=0x2d0002f003|l2=0x0|l3=0x0
EL1RETIREGRANT1|plan|ns=238367434705083|pid=98036|fault=0x6000400000|base=0x6000400000|len=0x5000|perms=0x3|generation=23
EL1RETIREGRANT1|stage2|ns=238367434707666|pid=98036|phase=0|ipa=0x9b40600000|len=0x8000|host=0x105308000|perms=0x7
EL1RETIREGRANT1|stage2|ns=238367435194333|pid=98036|phase=1|ipa=0x9b40008000|len=0x1fc000|host=0x0|perms=0x0
EL1RETIREGRANT1|stage2|ns=238367435205791|pid=98036|phase=1|ipa=0x9b40400000|len=0x200000|host=0x0|perms=0x0
EL1RETIREGRANT1|stage2|ns=238367435213583|pid=98036|phase=1|ipa=0x9b40600000|len=0x8000|host=0x0|perms=0x0
EL1RETIREGRANT1|fault|ns=238367435229625|pid=98036|far=0x6000005000|esr=0x93d38047
EL1RETIREGRANT1|walk|ns=238367435230458|pid=98036|va=0x6000005000|l0=0x2d00021003|l1=0x2d0002f003|l2=0x2d00030003|l3=0x60009b40009f43
EL1RETIREGRANT1|ttbr|ns=238367435230875|pid=98036|va=0x6000005000|ttbr0=0x1002d00020000
EL1RETIREGRANT1|walk|ns=238367435231416|pid=98036|va=0x6000005000|l0=0x2d00021003|l1=0x2d0002f003|l2=0x2d00030003|l3=0x60009b40009f43
EL1RETIREGRANT1|ttbr|ns=238367435231750|pid=98036|va=0x6000005000|ttbr0=0x1002d00020000
EL1RETIREGRANT1|next_walk|ns=238367435232208|pid=98036|va=0x6000006000|l0=0x2d00021003|l1=0x2d0002f003|l2=0x2d00030003|l3=0x60009b4000af43
EL1RETIREGRANT1|stage2|ns=238367435236000|pid=98036|phase=0|ipa=0x9b40008000|len=0x4000|host=0x105308000|perms=0x7
EL1RETIREGRANT1|boundary_walk|ns=238367435246291|pid=98036|va=0x6000006000|l0=0x2d00021003|l1=0x2d0002b003|l2=0x2d0002d003|l3=0x0
EL1RETIREGRANT1|stage2|ns=238367435443750|pid=98036|phase=1|ipa=0x9b40008000|len=0x4000|host=0x0|perms=0x0
EL1RETIREGRANT1|stage2|ns=238367435661791|pid=98036|phase=1|ipa=0x200000|len=0xb0000|host=0x0|perms=0x0
EL1RETIREGRANT1|stage2|ns=238367435664291|pid=98036|phase=1|ipa=0x2b0000|len=0x4000|host=0x0|perms=0x0
EL1RETIREGRANT1|stage2|ns=238367435665750|pid=98036|phase=1|ipa=0x2cffff0000|len=0x4000|host=0x0|perms=0x0
EL1RETIREGRANT1|stage2|ns=238367435673875|pid=98036|phase=1|ipa=0x2d00020000|len=0x1c0000|host=0x0|perms=0x0
EL1RETIREGRANT1|stage2|ns=238367435675500|pid=98036|phase=1|ipa=0x2d001e4000|len=0x4000|host=0x0|perms=0x0
EL1RETIREGRANT1|stage2|ns=238367435676666|pid=98036|phase=1|ipa=0x2e00000000|len=0x4000|host=0x0|perms=0x0
EL1RETIREGRANT1|stage2|ns=238367435677750|pid=98036|phase=1|ipa=0x2e00010000|len=0x4000|host=0x0|perms=0x0
EL1RETIREGRANT1|stage2|ns=238367435678750|pid=98036|phase=1|ipa=0x2e00020000|len=0x4000|host=0x0|perms=0x0
EL1RETIREGRANT1|stage2|ns=238367435679708|pid=98036|phase=1|ipa=0x3000000000|len=0x4000|host=0x0|perms=0x0
EL1RETIREGRANT1|stage2|ns=238367435681166|pid=98036|phase=1|ipa=0x3000004000|len=0x4000|host=0x0|perms=0x0
EL1RETIREGRANT1|stage2|ns=238367435697041|pid=98036|phase=1|ipa=0x4000000000|len=0x8000000|host=0x0|perms=0x0
EL1RETIREGRANT1|stage2|ns=238367435701833|pid=98036|phase=1|ipa=0x9000000000|len=0x80000000|host=0x0|perms=0x0
EL1RETIREGRANT1|stage2|ns=238367435706583|pid=98036|phase=1|ipa=0x9800000000|len=0x80000000|host=0x0|perms=0x0
EL1RETIREGRANT1|stage2|ns=238367435710666|pid=98036|phase=1|ipa=0x9b40000000|len=0x8000|host=0x0|perms=0x0
EL1RETIREGRANT1|stage2|ns=238367435718458|pid=98036|phase=1|ipa=0xffff7f0000|len=0x800000|host=0x0|perms=0x0
EL1RETIREGRANT1|summary|faults=35|plans=23|maps=15|unmaps=29|target_exited=1|errors=0|drops=0
