EL1RETIREGRANT1|start|ns=236544086794083|target=83777
mapping-retirement write mismatch round=2 page=19 actual=0xc41100020000020b expected=0xc411000200000013
EL1RETIREGRANT1|fault|ns=236544109492500|pid=83777|far=0x6000004000|esr=0x92000045
EL1RETIREGRANT1|walk|ns=236544109496291|pid=83777|va=0x6000004000|l0=0x2d00021003|l1=0x60006000000f40|l2=0x0|l3=0x0
EL1RETIREGRANT1|ttbr|ns=236544109497541|pid=83777|va=0x6000004000|ttbr0=0x1002d00020000
EL1RETIREGRANT1|walk|ns=236544109498708|pid=83777|va=0x6000004000|l0=0x2d00021003|l1=0x60006000000f40|l2=0x0|l3=0x0
EL1RETIREGRANT1|ttbr|ns=236544109499375|pid=83777|va=0x6000004000|ttbr0=0x1002d00020000
EL1RETIREGRANT1|next_walk|ns=236544109499916|pid=83777|va=0x6000005000|l0=0x2d00021003|l1=0x60006000000f40|l2=0x0|l3=0x0
EL1RETIREGRANT1|plan|ns=236544109504208|pid=83777|fault=0x6000004000|base=0x6000001000|len=0x4000|perms=0x3|generation=1
EL1RETIREGRANT1|stage2|ns=236544109518541|pid=83777|phase=0|ipa=0x9b40000000|len=0x8000|host=0x106a38000|perms=0x7
EL1RETIREGRANT1|fault|ns=236544110171041|pid=83777|far=0x6000005000|esr=0x92000007
EL1RETIREGRANT1|walk|ns=236544110172125|pid=83777|va=0x6000005000|l0=0x2d00021003|l1=0x2d0002b003|l2=0x2d0002c003|l3=0x0
EL1RETIREGRANT1|ttbr|ns=236544110172583|pid=83777|va=0x6000005000|ttbr0=0x1002d00020000
EL1RETIREGRANT1|walk|ns=236544110173125|pid=83777|va=0x6000005000|l0=0x2d00021003|l1=0x2d0002b003|l2=0x2d0002c003|l3=0x0
EL1RETIREGRANT1|ttbr|ns=236544110173458|pid=83777|va=0x6000005000|ttbr0=0x1002d00020000
EL1RETIREGRANT1|next_walk|ns=236544110173875|pid=83777|va=0x6000006000|l0=0x2d00021003|l1=0x2d0002b003|l2=0x2d0002c003|l3=0x0
EL1RETIREGRANT1|plan|ns=236544110174666|pid=83777|fault=0x6000005000|base=0x6000005000|len=0x1fb000|perms=0x3|generation=2
EL1RETIREGRANT1|stage2|ns=236544110179041|pid=83777|phase=0|ipa=0x9b40008000|len=0x1fc000|host=0x11b5e0000|perms=0x7
EL1RETIREGRANT1|fault|ns=236544110895583|pid=83777|far=0x6000200000|esr=0x92000006
EL1RETIREGRANT1|walk|ns=236544110896625|pid=83777|va=0x6000200000|l0=0x2d00021003|l1=0x2d0002b003|l2=0x0|l3=0x0
EL1RETIREGRANT1|ttbr|ns=236544110897000|pid=83777|va=0x6000200000|ttbr0=0x1002d00020000
EL1RETIREGRANT1|walk|ns=236544110897541|pid=83777|va=0x6000200000|l0=0x2d00021003|l1=0x2d0002b003|l2=0x0|l3=0x0
EL1RETIREGRANT1|ttbr|ns=236544110897875|pid=83777|va=0x6000200000|ttbr0=0x1002d00020000
EL1RETIREGRANT1|next_walk|ns=236544110898291|pid=83777|va=0x6000201000|l0=0x2d00021003|l1=0x2d0002b003|l2=0x0|l3=0x0
EL1RETIREGRANT1|plan|ns=236544110899083|pid=83777|fault=0x6000200000|base=0x6000200000|len=0x200000|perms=0x3|generation=3
EL1RETIREGRANT1|stage2|ns=236544110902625|pid=83777|phase=0|ipa=0x9b40400000|len=0x200000|host=0x11b7dc000|perms=0x7
EL1RETIREGRANT1|fault|ns=236544111586291|pid=83777|far=0x6000400000|esr=0x92000006
EL1RETIREGRANT1|walk|ns=236544111587250|pid=83777|va=0x6000400000|l0=0x2d00021003|l1=0x2d0002b003|l2=0x0|l3=0x0
EL1RETIREGRANT1|ttbr|ns=236544111587708|pid=83777|va=0x6000400000|ttbr0=0x1002d00020000
EL1RETIREGRANT1|walk|ns=236544111588250|pid=83777|va=0x6000400000|l0=0x2d00021003|l1=0x2d0002b003|l2=0x0|l3=0x0
EL1RETIREGRANT1|ttbr|ns=236544111588666|pid=83777|va=0x6000400000|ttbr0=0x1002d00020000
EL1RETIREGRANT1|next_walk|ns=236544111589083|pid=83777|va=0x6000401000|l0=0x2d00021003|l1=0x2d0002b003|l2=0x0|l3=0x0
EL1RETIREGRANT1|plan|ns=236544111589875|pid=83777|fault=0x6000400000|base=0x6000400000|len=0x5000|perms=0x3|generation=4
EL1RETIREGRANT1|stage2|ns=236544111595375|pid=83777|phase=0|ipa=0x9b40600000|len=0x8000|host=0x11b9dc000|perms=0x7
EL1RETIREGRANT1|stage2|ns=236544112214875|pid=83777|phase=1|ipa=0x9b40008000|len=0x1fc000|host=0x0|perms=0x0
EL1RETIREGRANT1|stage2|ns=236544112238500|pid=83777|phase=1|ipa=0x9b40400000|len=0x200000|host=0x0|perms=0x0
EL1RETIREGRANT1|stage2|ns=236544112254333|pid=83777|phase=1|ipa=0x9b40600000|len=0x8000|host=0x0|perms=0x0
EL1RETIREGRANT1|fault|ns=236544112279666|pid=83777|far=0x6000005000|esr=0x92000005
EL1RETIREGRANT1|walk|ns=236544112280458|pid=83777|va=0x6000005000|l0=0x2d00021003|l1=0x0|l2=0x0|l3=0x0
EL1RETIREGRANT1|ttbr|ns=236544112280916|pid=83777|va=0x6000005000|ttbr0=0x1002d00020000
EL1RETIREGRANT1|walk|ns=236544112281375|pid=83777|va=0x6000005000|l0=0x2d00021003|l1=0x0|l2=0x0|l3=0x0
EL1RETIREGRANT1|ttbr|ns=236544112281708|pid=83777|va=0x6000005000|ttbr0=0x1002d00020000
EL1RETIREGRANT1|next_walk|ns=236544112282083|pid=83777|va=0x6000006000|l0=0x2d00021003|l1=0x0|l2=0x0|l3=0x0
EL1RETIREGRANT1|plan|ns=236544112282750|pid=83777|fault=0x6000005000|base=0x6000005000|len=0x1fb000|perms=0x3|generation=5
EL1RETIREGRANT1|stage2|ns=236544112286083|pid=83777|phase=0|ipa=0x9b40008000|len=0x1fc000|host=0x11b5e0000|perms=0x7
EL1RETIREGRANT1|fault|ns=236544113021458|pid=83777|far=0x6000200000|esr=0x92000006
EL1RETIREGRANT1|walk|ns=236544113022416|pid=83777|va=0x6000200000|l0=0x2d00021003|l1=0x2d0002b003|l2=0x0|l3=0x0
EL1RETIREGRANT1|ttbr|ns=236544113022833|pid=83777|va=0x6000200000|ttbr0=0x1002d00020000
EL1RETIREGRANT1|walk|ns=236544113023375|pid=83777|va=0x6000200000|l0=0x2d00021003|l1=0x2d0002b003|l2=0x0|l3=0x0
EL1RETIREGRANT1|ttbr|ns=236544113023708|pid=83777|va=0x6000200000|ttbr0=0x1002d00020000
EL1RETIREGRANT1|next_walk|ns=236544113024166|pid=83777|va=0x6000201000|l0=0x2d00021003|l1=0x2d0002b003|l2=0x0|l3=0x0
EL1RETIREGRANT1|plan|ns=236544113024916|pid=83777|fault=0x6000200000|base=0x6000200000|len=0x200000|perms=0x3|generation=6
EL1RETIREGRANT1|stage2|ns=236544113028291|pid=83777|phase=0|ipa=0x9b40400000|len=0x200000|host=0x11b7dc000|perms=0x7
EL1RETIREGRANT1|fault|ns=236544113732708|pid=83777|far=0x6000400000|esr=0x92000006
EL1RETIREGRANT1|walk|ns=236544113736208|pid=83777|va=0x6000400000|l0=0x2d00021003|l1=0x2d0002b003|l2=0x0|l3=0x0
EL1RETIREGRANT1|ttbr|ns=236544113736625|pid=83777|va=0x6000400000|ttbr0=0x1002d00020000
EL1RETIREGRANT1|walk|ns=236544113737125|pid=83777|va=0x6000400000|l0=0x2d00021003|l1=0x2d0002b003|l2=0x0|l3=0x0
EL1RETIREGRANT1|ttbr|ns=236544113737458|pid=83777|va=0x6000400000|ttbr0=0x1002d00020000
EL1RETIREGRANT1|next_walk|ns=236544113737875|pid=83777|va=0x6000401000|l0=0x2d00021003|l1=0x2d0002b003|l2=0x0|l3=0x0
EL1RETIREGRANT1|plan|ns=236544113738583|pid=83777|fault=0x6000400000|base=0x6000400000|len=0x5000|perms=0x3|generation=7
EL1RETIREGRANT1|stage2|ns=236544113742708|pid=83777|phase=0|ipa=0x9b40600000|len=0x8000|host=0x11b9dc000|perms=0x7
EL1RETIREGRANT1|stage2|ns=236544114230958|pid=83777|phase=1|ipa=0x9b40008000|len=0x1fc000|host=0x0|perms=0x0
EL1RETIREGRANT1|stage2|ns=236544114243583|pid=83777|phase=1|ipa=0x9b40400000|len=0x200000|host=0x0|perms=0x0
EL1RETIREGRANT1|stage2|ns=236544114251416|pid=83777|phase=1|ipa=0x9b40600000|len=0x8000|host=0x0|perms=0x0
EL1RETIREGRANT1|fault|ns=236544114265833|pid=83777|far=0x6000005000|esr=0x93c98007
EL1RETIREGRANT1|walk|ns=236544114266708|pid=83777|va=0x6000005000|l0=0x2d00021003|l1=0x2d0002b003|l2=0x2d0002c003|l3=0x60009b40009f43
EL1RETIREGRANT1|ttbr|ns=236544114267125|pid=83777|va=0x6000005000|ttbr0=0x1002d00020000
EL1RETIREGRANT1|walk|ns=236544114267625|pid=83777|va=0x6000005000|l0=0x2d00021003|l1=0x2d0002b003|l2=0x2d0002c003|l3=0x60009b40009f43
EL1RETIREGRANT1|ttbr|ns=236544114268000|pid=83777|va=0x6000005000|ttbr0=0x1002d00020000
EL1RETIREGRANT1|next_walk|ns=236544114268416|pid=83777|va=0x6000006000|l0=0x2d00021003|l1=0x2d0002b003|l2=0x2d0002c003|l3=0x60009b4000af43
EL1RETIREGRANT1|stage2|ns=236544114275041|pid=83777|phase=0|ipa=0x9b40008000|len=0x4000|host=0x106a40000|perms=0x7
EL1RETIREGRANT1|boundary_walk|ns=236544114279708|pid=83777|va=0x6000008000|l0=0x2d00021003|l1=0x2d0002b003|l2=0x2d0002d003|l3=0x0
EL1RETIREGRANT1|boundary_walk|ns=236544114291291|pid=83777|va=0x600000c000|l0=0x2d00021003|l1=0x2d0002b003|l2=0x2d0002d003|l3=0x0
EL1RETIREGRANT1|boundary_walk|ns=236544114296583|pid=83777|va=0x6000010000|l0=0x2d00021003|l1=0x2d0002b003|l2=0x2d0002d003|l3=0x0
EL1RETIREGRANT1|fault|ns=236544114304875|pid=83777|far=0x6000006000|esr=0x92000007
EL1RETIREGRANT1|walk|ns=236544114305708|pid=83777|va=0x6000006000|l0=0x2d00021003|l1=0x2d0002b003|l2=0x2d0002d003|l3=0x20009b4000afc2
EL1RETIREGRANT1|ttbr|ns=236544114306125|pid=83777|va=0x6000006000|ttbr0=0x1002d00020000
EL1RETIREGRANT1|walk|ns=236544114306625|pid=83777|va=0x6000006000|l0=0x2d00021003|l1=0x2d0002b003|l2=0x2d0002d003|l3=0x20009b4000afc2
EL1RETIREGRANT1|ttbr|ns=236544114307000|pid=83777|va=0x6000006000|ttbr0=0x1002d00020000
EL1RETIREGRANT1|next_walk|ns=236544114307458|pid=83777|va=0x6000007000|l0=0x2d00021003|l1=0x2d0002b003|l2=0x2d0002d003|l3=0x20009b4000bfc2
EL1RETIREGRANT1|plan|ns=236544114308166|pid=83777|fault=0x6000006000|base=0x6000006000|len=0x1fa000|perms=0x3|generation=8
EL1RETIREGRANT1|fault|ns=236544114311208|pid=83777|far=0x6000006000|esr=0x92000007
EL1RETIREGRANT1|walk|ns=236544114311875|pid=83777|va=0x6000006000|l0=0x2d00021003|l1=0x2d0002b003|l2=0x2d0002d003|l3=0x20009b4000afc2
EL1RETIREGRANT1|ttbr|ns=236544114312250|pid=83777|va=0x6000006000|ttbr0=0x1002d00020000
EL1RETIREGRANT1|walk|ns=236544114312666|pid=83777|va=0x6000006000|l0=0x2d00021003|l1=0x2d0002b003|l2=0x2d0002d003|l3=0x20009b4000afc2
EL1RETIREGRANT1|ttbr|ns=236544114313000|pid=83777|va=0x6000006000|ttbr0=0x1002d00020000
EL1RETIREGRANT1|next_walk|ns=236544114313416|pid=83777|va=0x6000007000|l0=0x2d00021003|l1=0x2d0002b003|l2=0x2d0002d003|l3=0x20009b4000bfc2
EL1RETIREGRANT1|fault|ns=236544114317333|pid=83777|far=0x6000007000|esr=0x92000007
EL1RETIREGRANT1|walk|ns=236544114317958|pid=83777|va=0x6000007000|l0=0x2d00021003|l1=0x2d0002b003|l2=0x2d0002d003|l3=0x20009b4000bfc2
EL1RETIREGRANT1|ttbr|ns=236544114318291|pid=83777|va=0x6000007000|ttbr0=0x1002d00020000
EL1RETIREGRANT1|walk|ns=236544114318750|pid=83777|va=0x6000007000|l0=0x2d00021003|l1=0x2d0002b003|l2=0x2d0002d003|l3=0x20009b4000bfc2
EL1RETIREGRANT1|ttbr|ns=236544114319083|pid=83777|va=0x6000007000|ttbr0=0x1002d00020000
EL1RETIREGRANT1|next_walk|ns=236544114319541|pid=83777|va=0x6000008000|l0=0x2d00021003|l1=0x2d0002b003|l2=0x2d0002d003|l3=0x20009b00000fc2
EL1RETIREGRANT1|plan|ns=236544114320083|pid=83777|fault=0x6000007000|base=0x6000007000|len=0x1f9000|perms=0x3|generation=9
EL1RETIREGRANT1|fault|ns=236544114322500|pid=83777|far=0x6000007000|esr=0x92000007
EL1RETIREGRANT1|walk|ns=236544114323125|pid=83777|va=0x6000007000|l0=0x2d00021003|l1=0x2d0002b003|l2=0x2d0002d003|l3=0x20009b4000bfc2
EL1RETIREGRANT1|ttbr|ns=236544114323458|pid=83777|va=0x6000007000|ttbr0=0x1002d00020000
EL1RETIREGRANT1|walk|ns=236544114323875|pid=83777|va=0x6000007000|l0=0x2d00021003|l1=0x2d0002b003|l2=0x2d0002d003|l3=0x20009b4000bfc2
EL1RETIREGRANT1|ttbr|ns=236544114324208|pid=83777|va=0x6000007000|ttbr0=0x1002d00020000
EL1RETIREGRANT1|next_walk|ns=236544114324625|pid=83777|va=0x6000008000|l0=0x2d00021003|l1=0x2d0002b003|l2=0x2d0002d003|l3=0x20009b00000fc2
EL1RETIREGRANT1|fault|ns=236544114327875|pid=83777|far=0x6000008000|esr=0x92000007
EL1RETIREGRANT1|walk|ns=236544114328541|pid=83777|va=0x6000008000|l0=0x2d00021003|l1=0x2d0002b003|l2=0x2d0002d003|l3=0x20009b00000fc2
EL1RETIREGRANT1|ttbr|ns=236544114328875|pid=83777|va=0x6000008000|ttbr0=0x1002d00020000
EL1RETIREGRANT1|walk|ns=236544114329291|pid=83777|va=0x6000008000|l0=0x2d00021003|l1=0x2d0002b003|l2=0x2d0002d003|l3=0x20009b00000fc2
EL1RETIREGRANT1|ttbr|ns=236544114329625|pid=83777|va=0x6000008000|ttbr0=0x1002d00020000
EL1RETIREGRANT1|next_walk|ns=236544114330041|pid=83777|va=0x6000009000|l0=0x2d00021003|l1=0x2d0002b003|l2=0x2d0002d003|l3=0x20009b00001fc2
EL1RETIREGRANT1|plan|ns=236544114330541|pid=83777|fault=0x6000008000|base=0x6000008000|len=0x1f8000|perms=0x3|generation=10
EL1RETIREGRANT1|fault|ns=236544114332833|pid=83777|far=0x6000008000|esr=0x92000007
EL1RETIREGRANT1|walk|ns=236544114333458|pid=83777|va=0x6000008000|l0=0x2d00021003|l1=0x2d0002b003|l2=0x2d0002d003|l3=0x20009b00000fc2
EL1RETIREGRANT1|ttbr|ns=236544114333791|pid=83777|va=0x6000008000|ttbr0=0x1002d00020000
EL1RETIREGRANT1|walk|ns=236544114334208|pid=83777|va=0x6000008000|l0=0x2d00021003|l1=0x2d0002b003|l2=0x2d0002d003|l3=0x20009b00000fc2
EL1RETIREGRANT1|ttbr|ns=236544114334541|pid=83777|va=0x6000008000|ttbr0=0x1002d00020000
EL1RETIREGRANT1|next_walk|ns=236544114334958|pid=83777|va=0x6000009000|l0=0x2d00021003|l1=0x2d0002b003|l2=0x2d0002d003|l3=0x20009b00001fc2
EL1RETIREGRANT1|fault|ns=236544114341458|pid=83777|far=0x6000009000|esr=0x92000007
EL1RETIREGRANT1|walk|ns=236544114342166|pid=83777|va=0x6000009000|l0=0x2d00021003|l1=0x2d0002b003|l2=0x2d0002d003|l3=0x20009b00001fc2
EL1RETIREGRANT1|ttbr|ns=236544114342500|pid=83777|va=0x6000009000|ttbr0=0x1002d00020000
EL1RETIREGRANT1|walk|ns=236544114342958|pid=83777|va=0x6000009000|l0=0x2d00021003|l1=0x2d0002b003|l2=0x2d0002d003|l3=0x20009b00001fc2
EL1RETIREGRANT1|ttbr|ns=236544114343291|pid=83777|va=0x6000009000|ttbr0=0x1002d00020000
EL1RETIREGRANT1|next_walk|ns=236544114343708|pid=83777|va=0x600000a000|l0=0x2d00021003|l1=0x2d0002b003|l2=0x2d0002d003|l3=0x20009b00002fc2
EL1RETIREGRANT1|plan|ns=236544114344291|pid=83777|fault=0x6000009000|base=0x6000009000|len=0x1f7000|perms=0x3|generation=11
EL1RETIREGRANT1|fault|ns=236544114346750|pid=83777|far=0x6000009000|esr=0x92000007
EL1RETIREGRANT1|walk|ns=236544114347416|pid=83777|va=0x6000009000|l0=0x2d00021003|l1=0x2d0002b003|l2=0x2d0002d003|l3=0x20009b00001fc2
EL1RETIREGRANT1|ttbr|ns=236544114347750|pid=83777|va=0x6000009000|ttbr0=0x1002d00020000
EL1RETIREGRANT1|walk|ns=236544114348166|pid=83777|va=0x6000009000|l0=0x2d00021003|l1=0x2d0002b003|l2=0x2d0002d003|l3=0x20009b00001fc2
EL1RETIREGRANT1|ttbr|ns=236544114348500|pid=83777|va=0x6000009000|ttbr0=0x1002d00020000
EL1RETIREGRANT1|next_walk|ns=236544114348875|pid=83777|va=0x600000a000|l0=0x2d00021003|l1=0x2d0002b003|l2=0x2d0002d003|l3=0x20009b00002fc2
EL1RETIREGRANT1|fault|ns=236544114352041|pid=83777|far=0x600000a000|esr=0x92000007
EL1RETIREGRANT1|walk|ns=236544114352666|pid=83777|va=0x600000a000|l0=0x2d00021003|l1=0x2d0002b003|l2=0x2d0002d003|l3=0x20009b00002fc2
EL1RETIREGRANT1|ttbr|ns=236544114353000|pid=83777|va=0x600000a000|ttbr0=0x1002d00020000
EL1RETIREGRANT1|walk|ns=236544114353458|pid=83777|va=0x600000a000|l0=0x2d00021003|l1=0x2d0002b003|l2=0x2d0002d003|l3=0x20009b00002fc2
EL1RETIREGRANT1|ttbr|ns=236544114353791|pid=83777|va=0x600000a000|ttbr0=0x1002d00020000
EL1RETIREGRANT1|next_walk|ns=236544114354166|pid=83777|va=0x600000b000|l0=0x2d00021003|l1=0x2d0002b003|l2=0x2d0002d003|l3=0x20009b00003fc2
EL1RETIREGRANT1|plan|ns=236544114354708|pid=83777|fault=0x600000a000|base=0x600000a000|len=0x1f6000|perms=0x3|generation=12
EL1RETIREGRANT1|fault|ns=236544114357166|pid=83777|far=0x600000a000|esr=0x92000007
EL1RETIREGRANT1|walk|ns=236544114357750|pid=83777|va=0x600000a000|l0=0x2d00021003|l1=0x2d0002b003|l2=0x2d0002d003|l3=0x20009b00002fc2
EL1RETIREGRANT1|ttbr|ns=236544114358083|pid=83777|va=0x600000a000|ttbr0=0x1002d00020000
EL1RETIREGRANT1|walk|ns=236544114358541|pid=83777|va=0x600000a000|l0=0x2d00021003|l1=0x2d0002b003|l2=0x2d0002d003|l3=0x20009b00002fc2
EL1RETIREGRANT1|ttbr|ns=236544114358833|pid=83777|va=0x600000a000|ttbr0=0x1002d00020000
EL1RETIREGRANT1|next_walk|ns=236544114359250|pid=83777|va=0x600000b000|l0=0x2d00021003|l1=0x2d0002b003|l2=0x2d0002d003|l3=0x20009b00003fc2
EL1RETIREGRANT1|fault|ns=236544114362250|pid=83777|far=0x600000b000|esr=0x92000007
EL1RETIREGRANT1|walk|ns=236544114362875|pid=83777|va=0x600000b000|l0=0x2d00021003|l1=0x2d0002b003|l2=0x2d0002d003|l3=0x20009b00003fc2
EL1RETIREGRANT1|ttbr|ns=236544114363208|pid=83777|va=0x600000b000|ttbr0=0x1002d00020000
EL1RETIREGRANT1|walk|ns=236544114363625|pid=83777|va=0x600000b000|l0=0x2d00021003|l1=0x2d0002b003|l2=0x2d0002d003|l3=0x20009b00003fc2
EL1RETIREGRANT1|ttbr|ns=236544114363958|pid=83777|va=0x600000b000|ttbr0=0x1002d00020000
EL1RETIREGRANT1|next_walk|ns=236544114364375|pid=83777|va=0x600000c000|l0=0x2d00021003|l1=0x2d0002b003|l2=0x2d0002d003|l3=0x20009b00004fc2
EL1RETIREGRANT1|plan|ns=236544114364875|pid=83777|fault=0x600000b000|base=0x600000b000|len=0x1f5000|perms=0x3|generation=13
EL1RETIREGRANT1|fault|ns=236544114367083|pid=83777|far=0x600000b000|esr=0x92000007
EL1RETIREGRANT1|walk|ns=236544114367666|pid=83777|va=0x600000b000|l0=0x2d00021003|l1=0x2d0002b003|l2=0x2d0002d003|l3=0x20009b00003fc2
EL1RETIREGRANT1|ttbr|ns=236544114368000|pid=83777|va=0x600000b000|ttbr0=0x1002d00020000
EL1RETIREGRANT1|walk|ns=236544114368458|pid=83777|va=0x600000b000|l0=0x2d00021003|l1=0x2d0002b003|l2=0x2d0002d003|l3=0x20009b00003fc2
EL1RETIREGRANT1|ttbr|ns=236544114368750|pid=83777|va=0x600000b000|ttbr0=0x1002d00020000
EL1RETIREGRANT1|next_walk|ns=236544114369166|pid=83777|va=0x600000c000|l0=0x2d00021003|l1=0x2d0002b003|l2=0x2d0002d003|l3=0x20009b00004fc2
EL1RETIREGRANT1|fault|ns=236544114372125|pid=83777|far=0x600000c000|esr=0x92000007
EL1RETIREGRANT1|walk|ns=236544114372750|pid=83777|va=0x600000c000|l0=0x2d00021003|l1=0x2d0002b003|l2=0x2d0002d003|l3=0x20009b00004fc2
EL1RETIREGRANT1|ttbr|ns=236544114373083|pid=83777|va=0x600000c000|ttbr0=0x1002d00020000
EL1RETIREGRANT1|walk|ns=236544114373500|pid=83777|va=0x600000c000|l0=0x2d00021003|l1=0x2d0002b003|l2=0x2d0002d003|l3=0x20009b00004fc2
EL1RETIREGRANT1|ttbr|ns=236544114373833|pid=83777|va=0x600000c000|ttbr0=0x1002d00020000
EL1RETIREGRANT1|next_walk|ns=236544114374250|pid=83777|va=0x600000d000|l0=0x2d00021003|l1=0x2d0002b003|l2=0x2d0002d003|l3=0x20009b00005fc2
EL1RETIREGRANT1|plan|ns=236544114374791|pid=83777|fault=0x600000c000|base=0x600000c000|len=0x1f4000|perms=0x3|generation=14
EL1RETIREGRANT1|fault|ns=236544114377000|pid=83777|far=0x600000c000|esr=0x92000007
EL1RETIREGRANT1|walk|ns=236544114377625|pid=83777|va=0x600000c000|l0=0x2d00021003|l1=0x2d0002b003|l2=0x2d0002d003|l3=0x20009b00004fc2
EL1RETIREGRANT1|ttbr|ns=236544114377958|pid=83777|va=0x600000c000|ttbr0=0x1002d00020000
EL1RETIREGRANT1|walk|ns=236544114378375|pid=83777|va=0x600000c000|l0=0x2d00021003|l1=0x2d0002b003|l2=0x2d0002d003|l3=0x20009b00004fc2
EL1RETIREGRANT1|ttbr|ns=236544114378708|pid=83777|va=0x600000c000|ttbr0=0x1002d00020000
EL1RETIREGRANT1|next_walk|ns=236544114379125|pid=83777|va=0x600000d000|l0=0x2d00021003|l1=0x2d0002b003|l2=0x2d0002d003|l3=0x20009b00005fc2
EL1RETIREGRANT1|fault|ns=236544114383500|pid=83777|far=0x600000d000|esr=0x92000007
EL1RETIREGRANT1|walk|ns=236544114384125|pid=83777|va=0x600000d000|l0=0x2d00021003|l1=0x2d0002b003|l2=0x2d0002d003|l3=0x20009b00005fc2
EL1RETIREGRANT1|ttbr|ns=236544114384458|pid=83777|va=0x600000d000|ttbr0=0x1002d00020000
EL1RETIREGRANT1|walk|ns=236544114384875|pid=83777|va=0x600000d000|l0=0x2d00021003|l1=0x2d0002b003|l2=0x2d0002d003|l3=0x20009b00005fc2
EL1RETIREGRANT1|ttbr|ns=236544114385208|pid=83777|va=0x600000d000|ttbr0=0x1002d00020000
EL1RETIREGRANT1|next_walk|ns=236544114385625|pid=83777|va=0x600000e000|l0=0x2d00021003|l1=0x2d0002b003|l2=0x2d0002d003|l3=0x20009b00006fc2
EL1RETIREGRANT1|plan|ns=236544114386166|pid=83777|fault=0x600000d000|base=0x600000d000|len=0x1f3000|perms=0x3|generation=15
EL1RETIREGRANT1|fault|ns=236544114388416|pid=83777|far=0x600000d000|esr=0x92000007
EL1RETIREGRANT1|walk|ns=236544114389041|pid=83777|va=0x600000d000|l0=0x2d00021003|l1=0x2d0002b003|l2=0x2d0002d003|l3=0x20009b00005fc2
EL1RETIREGRANT1|ttbr|ns=236544114389375|pid=83777|va=0x600000d000|ttbr0=0x1002d00020000
EL1RETIREGRANT1|walk|ns=236544114389833|pid=83777|va=0x600000d000|l0=0x2d00021003|l1=0x2d0002b003|l2=0x2d0002d003|l3=0x20009b00005fc2
EL1RETIREGRANT1|ttbr|ns=236544114390125|pid=83777|va=0x600000d000|ttbr0=0x1002d00020000
EL1RETIREGRANT1|next_walk|ns=236544114390541|pid=83777|va=0x600000e000|l0=0x2d00021003|l1=0x2d0002b003|l2=0x2d0002d003|l3=0x20009b00006fc2
EL1RETIREGRANT1|fault|ns=236544114393500|pid=83777|far=0x600000e000|esr=0x92000007
EL1RETIREGRANT1|walk|ns=236544114394125|pid=83777|va=0x600000e000|l0=0x2d00021003|l1=0x2d0002b003|l2=0x2d0002d003|l3=0x20009b00006fc2
EL1RETIREGRANT1|ttbr|ns=236544114394458|pid=83777|va=0x600000e000|ttbr0=0x1002d00020000
EL1RETIREGRANT1|walk|ns=236544114394916|pid=83777|va=0x600000e000|l0=0x2d00021003|l1=0x2d0002b003|l2=0x2d0002d003|l3=0x20009b00006fc2
EL1RETIREGRANT1|ttbr|ns=236544114395250|pid=83777|va=0x600000e000|ttbr0=0x1002d00020000
EL1RETIREGRANT1|next_walk|ns=236544114395666|pid=83777|va=0x600000f000|l0=0x2d00021003|l1=0x2d0002b003|l2=0x2d0002d003|l3=0x20009b00007fc2
EL1RETIREGRANT1|plan|ns=236544114396125|pid=83777|fault=0x600000e000|base=0x600000e000|len=0x1f2000|perms=0x3|generation=16
EL1RETIREGRANT1|fault|ns=236544114398208|pid=83777|far=0x600000e000|esr=0x92000007
EL1RETIREGRANT1|walk|ns=236544114398833|pid=83777|va=0x600000e000|l0=0x2d00021003|l1=0x2d0002b003|l2=0x2d0002d003|l3=0x20009b00006fc2
EL1RETIREGRANT1|ttbr|ns=236544114399166|pid=83777|va=0x600000e000|ttbr0=0x1002d00020000
EL1RETIREGRANT1|walk|ns=236544114399583|pid=83777|va=0x600000e000|l0=0x2d00021003|l1=0x2d0002b003|l2=0x2d0002d003|l3=0x20009b00006fc2
EL1RETIREGRANT1|ttbr|ns=236544114399916|pid=83777|va=0x600000e000|ttbr0=0x1002d00020000
EL1RETIREGRANT1|next_walk|ns=236544114400333|pid=83777|va=0x600000f000|l0=0x2d00021003|l1=0x2d0002b003|l2=0x2d0002d003|l3=0x20009b00007fc2
EL1RETIREGRANT1|fault|ns=236544114403166|pid=83777|far=0x600000f000|esr=0x92000007
EL1RETIREGRANT1|walk|ns=236544114403791|pid=83777|va=0x600000f000|l0=0x2d00021003|l1=0x2d0002b003|l2=0x2d0002d003|l3=0x20009b00007fc2
EL1RETIREGRANT1|ttbr|ns=236544114404166|pid=83777|va=0x600000f000|ttbr0=0x1002d00020000
EL1RETIREGRANT1|walk|ns=236544114404583|pid=83777|va=0x600000f000|l0=0x2d00021003|l1=0x2d0002b003|l2=0x2d0002d003|l3=0x20009b00007fc2
EL1RETIREGRANT1|ttbr|ns=236544114404916|pid=83777|va=0x600000f000|ttbr0=0x1002d00020000
EL1RETIREGRANT1|next_walk|ns=236544114405333|pid=83777|va=0x6000010000|l0=0x2d00021003|l1=0x2d0002b003|l2=0x2d0002d003|l3=0x0
EL1RETIREGRANT1|plan|ns=236544114405833|pid=83777|fault=0x600000f000|base=0x600000f000|len=0x1f1000|perms=0x3|generation=17
EL1RETIREGRANT1|fault|ns=236544114408041|pid=83777|far=0x600000f000|esr=0x92000007
EL1RETIREGRANT1|walk|ns=236544114408625|pid=83777|va=0x600000f000|l0=0x2d00021003|l1=0x2d0002b003|l2=0x2d0002d003|l3=0x20009b00007fc2
EL1RETIREGRANT1|ttbr|ns=236544114409000|pid=83777|va=0x600000f000|ttbr0=0x1002d00020000
EL1RETIREGRANT1|walk|ns=236544114409416|pid=83777|va=0x600000f000|l0=0x2d00021003|l1=0x2d0002b003|l2=0x2d0002d003|l3=0x20009b00007fc2
EL1RETIREGRANT1|ttbr|ns=236544114409750|pid=83777|va=0x600000f000|ttbr0=0x1002d00020000
EL1RETIREGRANT1|next_walk|ns=236544114410166|pid=83777|va=0x6000010000|l0=0x2d00021003|l1=0x2d0002b003|l2=0x2d0002d003|l3=0x0
EL1RETIREGRANT1|fault|ns=236544114413041|pid=83777|far=0x6000010000|esr=0x92000007
EL1RETIREGRANT1|walk|ns=236544114413625|pid=83777|va=0x6000010000|l0=0x2d00021003|l1=0x2d0002b003|l2=0x2d0002d003|l3=0x0
EL1RETIREGRANT1|ttbr|ns=236544114413958|pid=83777|va=0x6000010000|ttbr0=0x1002d00020000
EL1RETIREGRANT1|walk|ns=236544114414375|pid=83777|va=0x6000010000|l0=0x2d00021003|l1=0x2d0002b003|l2=0x2d0002d003|l3=0x0
EL1RETIREGRANT1|ttbr|ns=236544114414708|pid=83777|va=0x6000010000|ttbr0=0x1002d00020000
EL1RETIREGRANT1|next_walk|ns=236544114415125|pid=83777|va=0x6000011000|l0=0x2d00021003|l1=0x2d0002b003|l2=0x2d0002d003|l3=0x0
EL1RETIREGRANT1|plan|ns=236544114415666|pid=83777|fault=0x6000010000|base=0x6000010000|len=0x1f0000|perms=0x3|generation=18
EL1RETIREGRANT1|stage2|ns=236544114418958|pid=83777|phase=0|ipa=0x9b4000c000|len=0x1f0000|host=0x11b5e0000|perms=0x7
EL1RETIREGRANT1|fault|ns=236544115143041|pid=83777|far=0x6000200000|esr=0x93c98007
EL1RETIREGRANT1|walk|ns=236544115146583|pid=83777|va=0x6000200000|l0=0x2d00021003|l1=0x2d0002b003|l2=0x60009b40400f41|l3=0x0
EL1RETIREGRANT1|ttbr|ns=236544115147000|pid=83777|va=0x6000200000|ttbr0=0x1002d00020000
EL1RETIREGRANT1|walk|ns=236544115147500|pid=83777|va=0x6000200000|l0=0x2d00021003|l1=0x2d0002b003|l2=0x60009b40400f41|l3=0x0
EL1RETIREGRANT1|ttbr|ns=236544115147833|pid=83777|va=0x6000200000|ttbr0=0x1002d00020000
EL1RETIREGRANT1|next_walk|ns=236544115148250|pid=83777|va=0x6000201000|l0=0x2d00021003|l1=0x2d0002b003|l2=0x60009b40400f41|l3=0x0
EL1RETIREGRANT1|boundary_walk|ns=236544115153333|pid=83777|va=0x6000204000|l0=0x2d00021003|l1=0x2d0002b003|l2=0x2d0002c003|l3=0x0
EL1RETIREGRANT1|boundary_walk|ns=236544115158791|pid=83777|va=0x6000208000|l0=0x2d00021003|l1=0x2d0002b003|l2=0x2d0002c003|l3=0x60009b4000cf43
EL1RETIREGRANT1|boundary_walk|ns=236544115164625|pid=83777|va=0x600020c000|l0=0x2d00021003|l1=0x2d0002b003|l2=0x2d0002c003|l3=0x60009b40010f43
EL1RETIREGRANT1|boundary_walk|ns=236544115169208|pid=83777|va=0x6000210000|l0=0x2d00021003|l1=0x2d0002b003|l2=0x2d0002c003|l3=0x60009b40014f43
EL1RETIREGRANT1|fault|ns=236544115176000|pid=83777|far=0x6000201000|esr=0x92000007
EL1RETIREGRANT1|walk|ns=236544115176750|pid=83777|va=0x6000201000|l0=0x2d00021003|l1=0x2d0002b003|l2=0x2d0002c003|l3=0x20009b00009fc2
EL1RETIREGRANT1|ttbr|ns=236544115177083|pid=83777|va=0x6000201000|ttbr0=0x1002d00020000
EL1RETIREGRANT1|walk|ns=236544115177583|pid=83777|va=0x6000201000|l0=0x2d00021003|l1=0x2d0002b003|l2=0x2d0002c003|l3=0x20009b00009fc2
EL1RETIREGRANT1|ttbr|ns=236544115177916|pid=83777|va=0x6000201000|ttbr0=0x1002d00020000
EL1RETIREGRANT1|next_walk|ns=236544115178291|pid=83777|va=0x6000202000|l0=0x2d00021003|l1=0x2d0002b003|l2=0x2d0002c003|l3=0x20009b0000afc2
EL1RETIREGRANT1|plan|ns=236544115178916|pid=83777|fault=0x6000201000|base=0x6000201000|len=0x1ff000|perms=0x3|generation=19
EL1RETIREGRANT1|fault|ns=236544115181541|pid=83777|far=0x6000201000|esr=0x92000007
EL1RETIREGRANT1|walk|ns=236544115182083|pid=83777|va=0x6000201000|l0=0x2d00021003|l1=0x2d0002b003|l2=0x2d0002c003|l3=0x20009b00009fc2
EL1RETIREGRANT1|ttbr|ns=236544115182416|pid=83777|va=0x6000201000|ttbr0=0x1002d00020000
EL1RETIREGRANT1|walk|ns=236544115182833|pid=83777|va=0x6000201000|l0=0x2d00021003|l1=0x2d0002b003|l2=0x2d0002c003|l3=0x20009b00009fc2
EL1RETIREGRANT1|ttbr|ns=236544115183125|pid=83777|va=0x6000201000|ttbr0=0x1002d00020000
EL1RETIREGRANT1|next_walk|ns=236544115183500|pid=83777|va=0x6000202000|l0=0x2d00021003|l1=0x2d0002b003|l2=0x2d0002c003|l3=0x20009b0000afc2
EL1RETIREGRANT1|fault|ns=236544115187625|pid=83777|far=0x6000202000|esr=0x92000007
EL1RETIREGRANT1|walk|ns=236544115188250|pid=83777|va=0x6000202000|l0=0x2d00021003|l1=0x2d0002b003|l2=0x2d0002c003|l3=0x20009b0000afc2
EL1RETIREGRANT1|ttbr|ns=236544115188583|pid=83777|va=0x6000202000|ttbr0=0x1002d00020000
EL1RETIREGRANT1|walk|ns=236544115188958|pid=83777|va=0x6000202000|l0=0x2d00021003|l1=0x2d0002b003|l2=0x2d0002c003|l3=0x20009b0000afc2
EL1RETIREGRANT1|ttbr|ns=236544115189250|pid=83777|va=0x6000202000|ttbr0=0x1002d00020000
EL1RETIREGRANT1|next_walk|ns=236544115189625|pid=83777|va=0x6000203000|l0=0x2d00021003|l1=0x2d0002b003|l2=0x2d0002c003|l3=0x20009b0000bfc2
EL1RETIREGRANT1|plan|ns=236544115190125|pid=83777|fault=0x6000202000|base=0x6000202000|len=0x1fe000|perms=0x3|generation=20
EL1RETIREGRANT1|fault|ns=236544115192333|pid=83777|far=0x6000202000|esr=0x92000007
EL1RETIREGRANT1|walk|ns=236544115192875|pid=83777|va=0x6000202000|l0=0x2d00021003|l1=0x2d0002b003|l2=0x2d0002c003|l3=0x20009b0000afc2
EL1RETIREGRANT1|ttbr|ns=236544115193208|pid=83777|va=0x6000202000|ttbr0=0x1002d00020000
EL1RETIREGRANT1|walk|ns=236544115193583|pid=83777|va=0x6000202000|l0=0x2d00021003|l1=0x2d0002b003|l2=0x2d0002c003|l3=0x20009b0000afc2
EL1RETIREGRANT1|ttbr|ns=236544115193916|pid=83777|va=0x6000202000|ttbr0=0x1002d00020000
EL1RETIREGRANT1|next_walk|ns=236544115194291|pid=83777|va=0x6000203000|l0=0x2d00021003|l1=0x2d0002b003|l2=0x2d0002c003|l3=0x20009b0000bfc2
EL1RETIREGRANT1|fault|ns=236544115197041|pid=83777|far=0x6000203000|esr=0x92000007
EL1RETIREGRANT1|walk|ns=236544115197625|pid=83777|va=0x6000203000|l0=0x2d00021003|l1=0x2d0002b003|l2=0x2d0002c003|l3=0x20009b0000bfc2
EL1RETIREGRANT1|ttbr|ns=236544115197958|pid=83777|va=0x6000203000|ttbr0=0x1002d00020000
EL1RETIREGRANT1|walk|ns=236544115198333|pid=83777|va=0x6000203000|l0=0x2d00021003|l1=0x2d0002b003|l2=0x2d0002c003|l3=0x20009b0000bfc2
EL1RETIREGRANT1|ttbr|ns=236544115198625|pid=83777|va=0x6000203000|ttbr0=0x1002d00020000
EL1RETIREGRANT1|next_walk|ns=236544115199000|pid=83777|va=0x6000204000|l0=0x2d00021003|l1=0x2d0002b003|l2=0x2d0002c003|l3=0x20009b0000cfc2
EL1RETIREGRANT1|plan|ns=236544115199625|pid=83777|fault=0x6000203000|base=0x6000203000|len=0x1fd000|perms=0x3|generation=21
EL1RETIREGRANT1|fault|ns=236544115201750|pid=83777|far=0x6000203000|esr=0x92000007
EL1RETIREGRANT1|walk|ns=236544115202291|pid=83777|va=0x6000203000|l0=0x2d00021003|l1=0x2d0002b003|l2=0x2d0002c003|l3=0x20009b0000bfc2
EL1RETIREGRANT1|ttbr|ns=236544115202625|pid=83777|va=0x6000203000|ttbr0=0x1002d00020000
EL1RETIREGRANT1|walk|ns=236544115203000|pid=83777|va=0x6000203000|l0=0x2d00021003|l1=0x2d0002b003|l2=0x2d0002c003|l3=0x20009b0000bfc2
EL1RETIREGRANT1|ttbr|ns=236544115203291|pid=83777|va=0x6000203000|ttbr0=0x1002d00020000
EL1RETIREGRANT1|next_walk|ns=236544115203666|pid=83777|va=0x6000204000|l0=0x2d00021003|l1=0x2d0002b003|l2=0x2d0002c003|l3=0x20009b0000cfc2
EL1RETIREGRANT1|fault|ns=236544115206333|pid=83777|far=0x6000204000|esr=0x92000007
EL1RETIREGRANT1|walk|ns=236544115206875|pid=83777|va=0x6000204000|l0=0x2d00021003|l1=0x2d0002b003|l2=0x2d0002c003|l3=0x20009b0000cfc2
EL1RETIREGRANT1|ttbr|ns=236544115207166|pid=83777|va=0x6000204000|ttbr0=0x1002d00020000
EL1RETIREGRANT1|walk|ns=236544115207541|pid=83777|va=0x6000204000|l0=0x2d00021003|l1=0x2d0002b003|l2=0x2d0002c003|l3=0x20009b0000cfc2
EL1RETIREGRANT1|ttbr|ns=236544115207833|pid=83777|va=0x6000204000|ttbr0=0x1002d00020000
EL1RETIREGRANT1|next_walk|ns=236544115208208|pid=83777|va=0x6000205000|l0=0x2d00021003|l1=0x2d0002b003|l2=0x2d0002c003|l3=0x20009b0000dfc2
EL1RETIREGRANT1|plan|ns=236544115208750|pid=83777|fault=0x6000204000|base=0x6000204000|len=0x1fc000|perms=0x3|generation=22
EL1RETIREGRANT1|fault|ns=236544115210958|pid=83777|far=0x6000204000|esr=0x92000007
EL1RETIREGRANT1|walk|ns=236544115211500|pid=83777|va=0x6000204000|l0=0x2d00021003|l1=0x2d0002b003|l2=0x2d0002c003|l3=0x20009b0000cfc2
EL1RETIREGRANT1|ttbr|ns=236544115211833|pid=83777|va=0x6000204000|ttbr0=0x1002d00020000
EL1RETIREGRANT1|walk|ns=236544115212208|pid=83777|va=0x6000204000|l0=0x2d00021003|l1=0x2d0002b003|l2=0x2d0002c003|l3=0x20009b0000cfc2
EL1RETIREGRANT1|ttbr|ns=236544115212500|pid=83777|va=0x6000204000|ttbr0=0x1002d00020000
EL1RETIREGRANT1|next_walk|ns=236544115212916|pid=83777|va=0x6000205000|l0=0x2d00021003|l1=0x2d0002b003|l2=0x2d0002c003|l3=0x20009b0000dfc2
EL1RETIREGRANT1|fault|ns=236544115217166|pid=83777|far=0x6000205000|esr=0x92000007
EL1RETIREGRANT1|walk|ns=236544115217750|pid=83777|va=0x6000205000|l0=0x2d00021003|l1=0x2d0002b003|l2=0x2d0002c003|l3=0x20009b0000dfc2
EL1RETIREGRANT1|ttbr|ns=236544115218083|pid=83777|va=0x6000205000|ttbr0=0x1002d00020000
EL1RETIREGRANT1|walk|ns=236544115218458|pid=83777|va=0x6000205000|l0=0x2d00021003|l1=0x2d0002b003|l2=0x2d0002c003|l3=0x20009b0000dfc2
EL1RETIREGRANT1|ttbr|ns=236544115218750|pid=83777|va=0x6000205000|ttbr0=0x1002d00020000
EL1RETIREGRANT1|next_walk|ns=236544115219125|pid=83777|va=0x6000206000|l0=0x2d00021003|l1=0x2d0002b003|l2=0x2d0002c003|l3=0x20009b0000efc2
EL1RETIREGRANT1|plan|ns=236544115219583|pid=83777|fault=0x6000205000|base=0x6000205000|len=0x1fb000|perms=0x3|generation=23
EL1RETIREGRANT1|fault|ns=236544115221666|pid=83777|far=0x6000205000|esr=0x92000007
EL1RETIREGRANT1|walk|ns=236544115222250|pid=83777|va=0x6000205000|l0=0x2d00021003|l1=0x2d0002b003|l2=0x2d0002c003|l3=0x20009b0000dfc2
EL1RETIREGRANT1|ttbr|ns=236544115222541|pid=83777|va=0x6000205000|ttbr0=0x1002d00020000
EL1RETIREGRANT1|walk|ns=236544115222916|pid=83777|va=0x6000205000|l0=0x2d00021003|l1=0x2d0002b003|l2=0x2d0002c003|l3=0x20009b0000dfc2
EL1RETIREGRANT1|ttbr|ns=236544115223208|pid=83777|va=0x6000205000|ttbr0=0x1002d00020000
EL1RETIREGRANT1|next_walk|ns=236544115223583|pid=83777|va=0x6000206000|l0=0x2d00021003|l1=0x2d0002b003|l2=0x2d0002c003|l3=0x20009b0000efc2
EL1RETIREGRANT1|fault|ns=236544115226291|pid=83777|far=0x6000206000|esr=0x92000007
EL1RETIREGRANT1|walk|ns=236544115226916|pid=83777|va=0x6000206000|l0=0x2d00021003|l1=0x2d0002b003|l2=0x2d0002c003|l3=0x20009b0000efc2
EL1RETIREGRANT1|ttbr|ns=236544115227250|pid=83777|va=0x6000206000|ttbr0=0x1002d00020000
EL1RETIREGRANT1|walk|ns=236544115227666|pid=83777|va=0x6000206000|l0=0x2d00021003|l1=0x2d0002b003|l2=0x2d0002c003|l3=0x20009b0000efc2
EL1RETIREGRANT1|ttbr|ns=236544115228000|pid=83777|va=0x6000206000|ttbr0=0x1002d00020000
EL1RETIREGRANT1|next_walk|ns=236544115228416|pid=83777|va=0x6000207000|l0=0x2d00021003|l1=0x2d0002b003|l2=0x2d0002c003|l3=0x20009b0000ffc2
EL1RETIREGRANT1|plan|ns=236544115228916|pid=83777|fault=0x6000206000|base=0x6000206000|len=0x1fa000|perms=0x3|generation=24
EL1RETIREGRANT1|fault|ns=236544115231125|pid=83777|far=0x6000206000|esr=0x92000007
EL1RETIREGRANT1|walk|ns=236544115231750|pid=83777|va=0x6000206000|l0=0x2d00021003|l1=0x2d0002b003|l2=0x2d0002c003|l3=0x20009b0000efc2
EL1RETIREGRANT1|ttbr|ns=236544115232083|pid=83777|va=0x6000206000|ttbr0=0x1002d00020000
EL1RETIREGRANT1|walk|ns=236544115232541|pid=83777|va=0x6000206000|l0=0x2d00021003|l1=0x2d0002b003|l2=0x2d0002c003|l3=0x20009b0000efc2
EL1RETIREGRANT1|ttbr|ns=236544115232833|pid=83777|va=0x6000206000|ttbr0=0x1002d00020000
EL1RETIREGRANT1|next_walk|ns=236544115233250|pid=83777|va=0x6000207000|l0=0x2d00021003|l1=0x2d0002b003|l2=0x2d0002c003|l3=0x20009b0000ffc2
EL1RETIREGRANT1|fault|ns=236544115236125|pid=83777|far=0x6000207000|esr=0x92000007
EL1RETIREGRANT1|walk|ns=236544115236708|pid=83777|va=0x6000207000|l0=0x2d00021003|l1=0x2d0002b003|l2=0x2d0002c003|l3=0x20009b0000ffc2
EL1RETIREGRANT1|ttbr|ns=236544115237083|pid=83777|va=0x6000207000|ttbr0=0x1002d00020000
EL1RETIREGRANT1|walk|ns=236544115237500|pid=83777|va=0x6000207000|l0=0x2d00021003|l1=0x2d0002b003|l2=0x2d0002c003|l3=0x20009b0000ffc2
EL1RETIREGRANT1|ttbr|ns=236544115237833|pid=83777|va=0x6000207000|ttbr0=0x1002d00020000
EL1RETIREGRANT1|next_walk|ns=236544115238250|pid=83777|va=0x6000208000|l0=0x2d00021003|l1=0x2d0002b003|l2=0x2d0002c003|l3=0x20009b00010fc2
EL1RETIREGRANT1|plan|ns=236544115238750|pid=83777|fault=0x6000207000|base=0x6000207000|len=0x1f9000|perms=0x3|generation=25
EL1RETIREGRANT1|fault|ns=236544115240875|pid=83777|far=0x6000207000|esr=0x92000007
EL1RETIREGRANT1|walk|ns=236544115241500|pid=83777|va=0x6000207000|l0=0x2d00021003|l1=0x2d0002b003|l2=0x2d0002c003|l3=0x20009b0000ffc2
EL1RETIREGRANT1|ttbr|ns=236544115241833|pid=83777|va=0x6000207000|ttbr0=0x1002d00020000
EL1RETIREGRANT1|walk|ns=236544115242250|pid=83777|va=0x6000207000|l0=0x2d00021003|l1=0x2d0002b003|l2=0x2d0002c003|l3=0x20009b0000ffc2
EL1RETIREGRANT1|ttbr|ns=236544115242583|pid=83777|va=0x6000207000|ttbr0=0x1002d00020000
EL1RETIREGRANT1|next_walk|ns=236544115243000|pid=83777|va=0x6000208000|l0=0x2d00021003|l1=0x2d0002b003|l2=0x2d0002c003|l3=0x20009b00010fc2
EL1RETIREGRANT1|fault|ns=236544115246041|pid=83777|far=0x6000208000|esr=0x92000007
EL1RETIREGRANT1|walk|ns=236544115246666|pid=83777|va=0x6000208000|l0=0x2d00021003|l1=0x2d0002b003|l2=0x2d0002c003|l3=0x20009b00010fc2
EL1RETIREGRANT1|ttbr|ns=236544115247000|pid=83777|va=0x6000208000|ttbr0=0x1002d00020000
EL1RETIREGRANT1|walk|ns=236544115247416|pid=83777|va=0x6000208000|l0=0x2d00021003|l1=0x2d0002b003|l2=0x2d0002c003|l3=0x20009b00010fc2
EL1RETIREGRANT1|ttbr|ns=236544115247750|pid=83777|va=0x6000208000|ttbr0=0x1002d00020000
EL1RETIREGRANT1|next_walk|ns=236544115248166|pid=83777|va=0x6000209000|l0=0x2d00021003|l1=0x2d0002b003|l2=0x2d0002c003|l3=0x20009b00011fc2
EL1RETIREGRANT1|plan|ns=236544115248666|pid=83777|fault=0x6000208000|base=0x6000208000|len=0x1f8000|perms=0x3|generation=26
EL1RETIREGRANT1|fault|ns=236544115250916|pid=83777|far=0x6000208000|esr=0x92000007
EL1RETIREGRANT1|walk|ns=236544115251500|pid=83777|va=0x6000208000|l0=0x2d00021003|l1=0x2d0002b003|l2=0x2d0002c003|l3=0x20009b00010fc2
EL1RETIREGRANT1|ttbr|ns=236544115251833|pid=83777|va=0x6000208000|ttbr0=0x1002d00020000
EL1RETIREGRANT1|walk|ns=236544115252291|pid=83777|va=0x6000208000|l0=0x2d00021003|l1=0x2d0002b003|l2=0x2d0002c003|l3=0x20009b00010fc2
EL1RETIREGRANT1|ttbr|ns=236544115252625|pid=83777|va=0x6000208000|ttbr0=0x1002d00020000
EL1RETIREGRANT1|next_walk|ns=236544115253000|pid=83777|va=0x6000209000|l0=0x2d00021003|l1=0x2d0002b003|l2=0x2d0002c003|l3=0x20009b00011fc2
EL1RETIREGRANT1|fault|ns=236544115257541|pid=83777|far=0x6000209000|esr=0x92000007
EL1RETIREGRANT1|walk|ns=236544115258166|pid=83777|va=0x6000209000|l0=0x2d00021003|l1=0x2d0002b003|l2=0x2d0002c003|l3=0x20009b00011fc2
EL1RETIREGRANT1|ttbr|ns=236544115258500|pid=83777|va=0x6000209000|ttbr0=0x1002d00020000
EL1RETIREGRANT1|walk|ns=236544115258958|pid=83777|va=0x6000209000|l0=0x2d00021003|l1=0x2d0002b003|l2=0x2d0002c003|l3=0x20009b00011fc2
EL1RETIREGRANT1|ttbr|ns=236544115259291|pid=83777|va=0x6000209000|ttbr0=0x1002d00020000
EL1RETIREGRANT1|next_walk|ns=236544115259666|pid=83777|va=0x600020a000|l0=0x2d00021003|l1=0x2d0002b003|l2=0x2d0002c003|l3=0x20009b00012fc2
EL1RETIREGRANT1|plan|ns=236544115260208|pid=83777|fault=0x6000209000|base=0x6000209000|len=0x1f7000|perms=0x3|generation=27
EL1RETIREGRANT1|fault|ns=236544115262500|pid=83777|far=0x6000209000|esr=0x92000007
EL1RETIREGRANT1|walk|ns=236544115263125|pid=83777|va=0x6000209000|l0=0x2d00021003|l1=0x2d0002b003|l2=0x2d0002c003|l3=0x20009b00011fc2
EL1RETIREGRANT1|ttbr|ns=236544115263458|pid=83777|va=0x6000209000|ttbr0=0x1002d00020000
EL1RETIREGRANT1|walk|ns=236544115263875|pid=83777|va=0x6000209000|l0=0x2d00021003|l1=0x2d0002b003|l2=0x2d0002c003|l3=0x20009b00011fc2
EL1RETIREGRANT1|ttbr|ns=236544115264208|pid=83777|va=0x6000209000|ttbr0=0x1002d00020000
EL1RETIREGRANT1|next_walk|ns=236544115264583|pid=83777|va=0x600020a000|l0=0x2d00021003|l1=0x2d0002b003|l2=0x2d0002c003|l3=0x20009b00012fc2
EL1RETIREGRANT1|fault|ns=236544115267458|pid=83777|far=0x600020a000|esr=0x92000007
EL1RETIREGRANT1|walk|ns=236544115268083|pid=83777|va=0x600020a000|l0=0x2d00021003|l1=0x2d0002b003|l2=0x2d0002c003|l3=0x20009b00012fc2
EL1RETIREGRANT1|ttbr|ns=236544115268416|pid=83777|va=0x600020a000|ttbr0=0x1002d00020000
EL1RETIREGRANT1|walk|ns=236544115268833|pid=83777|va=0x600020a000|l0=0x2d00021003|l1=0x2d0002b003|l2=0x2d0002c003|l3=0x20009b00012fc2
EL1RETIREGRANT1|ttbr|ns=236544115269166|pid=83777|va=0x600020a000|ttbr0=0x1002d00020000
EL1RETIREGRANT1|next_walk|ns=236544115269541|pid=83777|va=0x600020b000|l0=0x2d00021003|l1=0x2d0002b003|l2=0x2d0002c003|l3=0x20009b00013fc2
EL1RETIREGRANT1|plan|ns=236544115270083|pid=83777|fault=0x600020a000|base=0x600020a000|len=0x1f6000|perms=0x3|generation=28
EL1RETIREGRANT1|fault|ns=236544115272208|pid=83777|far=0x600020a000|esr=0x92000007
EL1RETIREGRANT1|walk|ns=236544115272791|pid=83777|va=0x600020a000|l0=0x2d00021003|l1=0x2d0002b003|l2=0x2d0002c003|l3=0x20009b00012fc2
EL1RETIREGRANT1|ttbr|ns=236544115273125|pid=83777|va=0x600020a000|ttbr0=0x1002d00020000
EL1RETIREGRANT1|walk|ns=236544115273583|pid=83777|va=0x600020a000|l0=0x2d00021003|l1=0x2d0002b003|l2=0x2d0002c003|l3=0x20009b00012fc2
EL1RETIREGRANT1|ttbr|ns=236544115273916|pid=83777|va=0x600020a000|ttbr0=0x1002d00020000
EL1RETIREGRANT1|next_walk|ns=236544115274291|pid=83777|va=0x600020b000|l0=0x2d00021003|l1=0x2d0002b003|l2=0x2d0002c003|l3=0x20009b00013fc2
EL1RETIREGRANT1|fault|ns=236544115277083|pid=83777|far=0x600020b000|esr=0x92000007
EL1RETIREGRANT1|walk|ns=236544115277666|pid=83777|va=0x600020b000|l0=0x2d00021003|l1=0x2d0002b003|l2=0x2d0002c003|l3=0x20009b00013fc2
EL1RETIREGRANT1|ttbr|ns=236544115278000|pid=83777|va=0x600020b000|ttbr0=0x1002d00020000
EL1RETIREGRANT1|walk|ns=236544115278458|pid=83777|va=0x600020b000|l0=0x2d00021003|l1=0x2d0002b003|l2=0x2d0002c003|l3=0x20009b00013fc2
EL1RETIREGRANT1|ttbr|ns=236544115278750|pid=83777|va=0x600020b000|ttbr0=0x1002d00020000
EL1RETIREGRANT1|next_walk|ns=236544115279166|pid=83777|va=0x600020c000|l0=0x2d00021003|l1=0x2d0002b003|l2=0x2d0002c003|l3=0x20009b00014fc2
EL1RETIREGRANT1|plan|ns=236544115279666|pid=83777|fault=0x600020b000|base=0x600020b000|len=0x1f5000|perms=0x3|generation=29
EL1RETIREGRANT1|fault|ns=236544115281875|pid=83777|far=0x600020b000|esr=0x92000007
EL1RETIREGRANT1|walk|ns=236544115282458|pid=83777|va=0x600020b000|l0=0x2d00021003|l1=0x2d0002b003|l2=0x2d0002c003|l3=0x20009b00013fc2
EL1RETIREGRANT1|ttbr|ns=236544115282791|pid=83777|va=0x600020b000|ttbr0=0x1002d00020000
EL1RETIREGRANT1|walk|ns=236544115283208|pid=83777|va=0x600020b000|l0=0x2d00021003|l1=0x2d0002b003|l2=0x2d0002c003|l3=0x20009b00013fc2
EL1RETIREGRANT1|ttbr|ns=236544115283541|pid=83777|va=0x600020b000|ttbr0=0x1002d00020000
EL1RETIREGRANT1|next_walk|ns=236544115283916|pid=83777|va=0x600020c000|l0=0x2d00021003|l1=0x2d0002b003|l2=0x2d0002c003|l3=0x20009b00014fc2
EL1RETIREGRANT1|fault|ns=236544115286750|pid=83777|far=0x600020c000|esr=0x92000007
EL1RETIREGRANT1|walk|ns=236544115287333|pid=83777|va=0x600020c000|l0=0x2d00021003|l1=0x2d0002b003|l2=0x2d0002c003|l3=0x20009b00014fc2
EL1RETIREGRANT1|ttbr|ns=236544115287666|pid=83777|va=0x600020c000|ttbr0=0x1002d00020000
EL1RETIREGRANT1|walk|ns=236544115288250|pid=83777|va=0x600020c000|l0=0x2d00021003|l1=0x2d0002b003|l2=0x2d0002c003|l3=0x20009b00014fc2
EL1RETIREGRANT1|ttbr|ns=236544115288583|pid=83777|va=0x600020c000|ttbr0=0x1002d00020000
EL1RETIREGRANT1|next_walk|ns=236544115288958|pid=83777|va=0x600020d000|l0=0x2d00021003|l1=0x2d0002b003|l2=0x2d0002c003|l3=0x20009b00015fc2
EL1RETIREGRANT1|plan|ns=236544115289500|pid=83777|fault=0x600020c000|base=0x600020c000|len=0x1f4000|perms=0x3|generation=30
EL1RETIREGRANT1|fault|ns=236544115291833|pid=83777|far=0x600020c000|esr=0x92000007
EL1RETIREGRANT1|walk|ns=236544115292416|pid=83777|va=0x600020c000|l0=0x2d00021003|l1=0x2d0002b003|l2=0x2d0002c003|l3=0x20009b00014fc2
EL1RETIREGRANT1|ttbr|ns=236544115292750|pid=83777|va=0x600020c000|ttbr0=0x1002d00020000
EL1RETIREGRANT1|walk|ns=236544115293166|pid=83777|va=0x600020c000|l0=0x2d00021003|l1=0x2d0002b003|l2=0x2d0002c003|l3=0x20009b00014fc2
EL1RETIREGRANT1|ttbr|ns=236544115293500|pid=83777|va=0x600020c000|ttbr0=0x1002d00020000
EL1RETIREGRANT1|next_walk|ns=236544115293875|pid=83777|va=0x600020d000|l0=0x2d00021003|l1=0x2d0002b003|l2=0x2d0002c003|l3=0x20009b00015fc2
EL1RETIREGRANT1|fault|ns=236544115298166|pid=83777|far=0x600020d000|esr=0x92000007
EL1RETIREGRANT1|walk|ns=236544115298750|pid=83777|va=0x600020d000|l0=0x2d00021003|l1=0x2d0002b003|l2=0x2d0002c003|l3=0x20009b00015fc2
EL1RETIREGRANT1|ttbr|ns=236544115299125|pid=83777|va=0x600020d000|ttbr0=0x1002d00020000
EL1RETIREGRANT1|walk|ns=236544115299541|pid=83777|va=0x600020d000|l0=0x2d00021003|l1=0x2d0002b003|l2=0x2d0002c003|l3=0x20009b00015fc2
EL1RETIREGRANT1|ttbr|ns=236544115299875|pid=83777|va=0x600020d000|ttbr0=0x1002d00020000
EL1RETIREGRANT1|next_walk|ns=236544115300291|pid=83777|va=0x600020e000|l0=0x2d00021003|l1=0x2d0002b003|l2=0x2d0002c003|l3=0x20009b00016fc2
EL1RETIREGRANT1|plan|ns=236544115300791|pid=83777|fault=0x600020d000|base=0x600020d000|len=0x1f3000|perms=0x3|generation=31
EL1RETIREGRANT1|fault|ns=236544115303000|pid=83777|far=0x600020d000|esr=0x92000007
EL1RETIREGRANT1|walk|ns=236544115303625|pid=83777|va=0x600020d000|l0=0x2d00021003|l1=0x2d0002b003|l2=0x2d0002c003|l3=0x20009b00015fc2
EL1RETIREGRANT1|ttbr|ns=236544115303958|pid=83777|va=0x600020d000|ttbr0=0x1002d00020000
EL1RETIREGRANT1|walk|ns=236544115304375|pid=83777|va=0x600020d000|l0=0x2d00021003|l1=0x2d0002b003|l2=0x2d0002c003|l3=0x20009b00015fc2
EL1RETIREGRANT1|ttbr|ns=236544115304708|pid=83777|va=0x600020d000|ttbr0=0x1002d00020000
EL1RETIREGRANT1|next_walk|ns=236544115305083|pid=83777|va=0x600020e000|l0=0x2d00021003|l1=0x2d0002b003|l2=0x2d0002c003|l3=0x20009b00016fc2
EL1RETIREGRANT1|fault|ns=236544115307958|pid=83777|far=0x600020e000|esr=0x92000007
EL1RETIREGRANT1|walk|ns=236544115308541|pid=83777|va=0x600020e000|l0=0x2d00021003|l1=0x2d0002b003|l2=0x2d0002c003|l3=0x20009b00016fc2
EL1RETIREGRANT1|ttbr|ns=236544115308916|pid=83777|va=0x600020e000|ttbr0=0x1002d00020000
EL1RETIREGRANT1|walk|ns=236544115309333|pid=83777|va=0x600020e000|l0=0x2d00021003|l1=0x2d0002b003|l2=0x2d0002c003|l3=0x20009b00016fc2
EL1RETIREGRANT1|ttbr|ns=236544115309666|pid=83777|va=0x600020e000|ttbr0=0x1002d00020000
EL1RETIREGRANT1|next_walk|ns=236544115310083|pid=83777|va=0x600020f000|l0=0x2d00021003|l1=0x2d0002b003|l2=0x2d0002c003|l3=0x20009b00017fc2
EL1RETIREGRANT1|plan|ns=236544115310583|pid=83777|fault=0x600020e000|base=0x600020e000|len=0x1f2000|perms=0x3|generation=32
EL1RETIREGRANT1|fault|ns=236544115312750|pid=83777|far=0x600020e000|esr=0x92000007
EL1RETIREGRANT1|walk|ns=236544115313333|pid=83777|va=0x600020e000|l0=0x2d00021003|l1=0x2d0002b003|l2=0x2d0002c003|l3=0x20009b00016fc2
EL1RETIREGRANT1|ttbr|ns=236544115313666|pid=83777|va=0x600020e000|ttbr0=0x1002d00020000
EL1RETIREGRANT1|walk|ns=236544115314083|pid=83777|va=0x600020e000|l0=0x2d00021003|l1=0x2d0002b003|l2=0x2d0002c003|l3=0x20009b00016fc2
EL1RETIREGRANT1|ttbr|ns=236544115314416|pid=83777|va=0x600020e000|ttbr0=0x1002d00020000
EL1RETIREGRANT1|next_walk|ns=236544115314791|pid=83777|va=0x600020f000|l0=0x2d00021003|l1=0x2d0002b003|l2=0x2d0002c003|l3=0x20009b00017fc2
EL1RETIREGRANT1|fault|ns=236544115317625|pid=83777|far=0x600020f000|esr=0x92000007
EL1RETIREGRANT1|walk|ns=236544115318208|pid=83777|va=0x600020f000|l0=0x2d00021003|l1=0x2d0002b003|l2=0x2d0002c003|l3=0x20009b00017fc2
EL1RETIREGRANT1|ttbr|ns=236544115318541|pid=83777|va=0x600020f000|ttbr0=0x1002d00020000
EL1RETIREGRANT1|walk|ns=236544115318958|pid=83777|va=0x600020f000|l0=0x2d00021003|l1=0x2d0002b003|l2=0x2d0002c003|l3=0x20009b00017fc2
EL1RETIREGRANT1|ttbr|ns=236544115319291|pid=83777|va=0x600020f000|ttbr0=0x1002d00020000
EL1RETIREGRANT1|next_walk|ns=236544115319708|pid=83777|va=0x6000210000|l0=0x2d00021003|l1=0x2d0002b003|l2=0x2d0002c003|l3=0x60009b40014f43
EL1RETIREGRANT1|plan|ns=236544115320208|pid=83777|fault=0x600020f000|base=0x600020f000|len=0x1f1000|perms=0x3|generation=33
EL1RETIREGRANT1|fault|ns=236544115322333|pid=83777|far=0x600020f000|esr=0x92000007
EL1RETIREGRANT1|walk|ns=236544115322916|pid=83777|va=0x600020f000|l0=0x2d00021003|l1=0x2d0002b003|l2=0x2d0002c003|l3=0x20009b00017fc2
EL1RETIREGRANT1|ttbr|ns=236544115323250|pid=83777|va=0x600020f000|ttbr0=0x1002d00020000
EL1RETIREGRANT1|walk|ns=236544115323666|pid=83777|va=0x600020f000|l0=0x2d00021003|l1=0x2d0002b003|l2=0x2d0002c003|l3=0x20009b00017fc2
EL1RETIREGRANT1|ttbr|ns=236544115324000|pid=83777|va=0x600020f000|ttbr0=0x1002d00020000
EL1RETIREGRANT1|next_walk|ns=236544115324416|pid=83777|va=0x6000210000|l0=0x2d00021003|l1=0x2d0002b003|l2=0x2d0002c003|l3=0x60009b40014f43
EL1RETIREGRANT1|fault|ns=236544115397166|pid=83777|far=0x60003f8000|esr=0x93c98007
EL1RETIREGRANT1|walk|ns=236544115397916|pid=83777|va=0x60003f8000|l0=0x2d00021003|l1=0x2d0002b003|l2=0x2d0002c003|l3=0x60009b401fcf43
EL1RETIREGRANT1|ttbr|ns=236544115398333|pid=83777|va=0x60003f8000|ttbr0=0x1002d00020000
EL1RETIREGRANT1|walk|ns=236544115398791|pid=83777|va=0x60003f8000|l0=0x2d00021003|l1=0x2d0002b003|l2=0x2d0002c003|l3=0x60009b401fcf43
EL1RETIREGRANT1|ttbr|ns=236544115399166|pid=83777|va=0x60003f8000|ttbr0=0x1002d00020000
EL1RETIREGRANT1|next_walk|ns=236544115399583|pid=83777|va=0x60003f9000|l0=0x2d00021003|l1=0x2d0002b003|l2=0x2d0002c003|l3=0x60009b401fdf43
EL1RETIREGRANT1|boundary_walk|ns=236544115403875|pid=83777|va=0x60003fc000|l0=0x2d00021003|l1=0x2d0002b003|l2=0x2d0002c003|l3=0x60009b40200f43
EL1RETIREGRANT1|boundary_walk|ns=236544115409625|pid=83777|va=0x6000400000|l0=0x2d00021003|l1=0x2d0002b003|l2=0x2d0002d003|l3=0x60009b40600f43
EL1RETIREGRANT1|fault|ns=236544115416666|pid=83777|far=0x60003f9000|esr=0x92000007
EL1RETIREGRANT1|walk|ns=236544115417458|pid=83777|va=0x60003f9000|l0=0x2d00021003|l1=0x2d0002b003|l2=0x2d0002c003|l3=0x20009b00019fc2
EL1RETIREGRANT1|ttbr|ns=236544115417833|pid=83777|va=0x60003f9000|ttbr0=0x1002d00020000
EL1RETIREGRANT1|walk|ns=236544115418333|pid=83777|va=0x60003f9000|l0=0x2d00021003|l1=0x2d0002b003|l2=0x2d0002c003|l3=0x20009b00019fc2
EL1RETIREGRANT1|ttbr|ns=236544115418708|pid=83777|va=0x60003f9000|ttbr0=0x1002d00020000
EL1RETIREGRANT1|next_walk|ns=236544115419125|pid=83777|va=0x60003fa000|l0=0x2d00021003|l1=0x2d0002b003|l2=0x2d0002c003|l3=0x20009b0001afc2
EL1RETIREGRANT1|plan|ns=236544115419791|pid=83777|fault=0x60003f9000|base=0x60003f9000|len=0x7000|perms=0x3|generation=34
EL1RETIREGRANT1|fault|ns=236544115422375|pid=83777|far=0x60003f9000|esr=0x92000007
EL1RETIREGRANT1|walk|ns=236544115423000|pid=83777|va=0x60003f9000|l0=0x2d00021003|l1=0x2d0002b003|l2=0x2d0002c003|l3=0x20009b00019fc2
EL1RETIREGRANT1|ttbr|ns=236544115423333|pid=83777|va=0x60003f9000|ttbr0=0x1002d00020000
EL1RETIREGRANT1|walk|ns=236544115423791|pid=83777|va=0x60003f9000|l0=0x2d00021003|l1=0x2d0002b003|l2=0x2d0002c003|l3=0x20009b00019fc2
EL1RETIREGRANT1|ttbr|ns=236544115424125|pid=83777|va=0x60003f9000|ttbr0=0x1002d00020000
EL1RETIREGRANT1|next_walk|ns=236544115424500|pid=83777|va=0x60003fa000|l0=0x2d00021003|l1=0x2d0002b003|l2=0x2d0002c003|l3=0x20009b0001afc2
EL1RETIREGRANT1|fault|ns=236544115428000|pid=83777|far=0x60003fa000|esr=0x92000007
EL1RETIREGRANT1|walk|ns=236544115428583|pid=83777|va=0x60003fa000|l0=0x2d00021003|l1=0x2d0002b003|l2=0x2d0002c003|l3=0x20009b0001afc2
EL1RETIREGRANT1|ttbr|ns=236544115428916|pid=83777|va=0x60003fa000|ttbr0=0x1002d00020000
EL1RETIREGRANT1|walk|ns=236544115429375|pid=83777|va=0x60003fa000|l0=0x2d00021003|l1=0x2d0002b003|l2=0x2d0002c003|l3=0x20009b0001afc2
EL1RETIREGRANT1|ttbr|ns=236544115429708|pid=83777|va=0x60003fa000|ttbr0=0x1002d00020000
EL1RETIREGRANT1|next_walk|ns=236544115430125|pid=83777|va=0x60003fb000|l0=0x2d00021003|l1=0x2d0002b003|l2=0x2d0002c003|l3=0x20009b0001bfc2
EL1RETIREGRANT1|plan|ns=236544115430666|pid=83777|fault=0x60003fa000|base=0x60003fa000|len=0x6000|perms=0x3|generation=35
EL1RETIREGRANT1|fault|ns=236544115432958|pid=83777|far=0x60003fa000|esr=0x92000007
EL1RETIREGRANT1|walk|ns=236544115433541|pid=83777|va=0x60003fa000|l0=0x2d00021003|l1=0x2d0002b003|l2=0x2d0002c003|l3=0x20009b0001afc2
EL1RETIREGRANT1|ttbr|ns=236544115433875|pid=83777|va=0x60003fa000|ttbr0=0x1002d00020000
EL1RETIREGRANT1|walk|ns=236544115434333|pid=83777|va=0x60003fa000|l0=0x2d00021003|l1=0x2d0002b003|l2=0x2d0002c003|l3=0x20009b0001afc2
EL1RETIREGRANT1|ttbr|ns=236544115434666|pid=83777|va=0x60003fa000|ttbr0=0x1002d00020000
EL1RETIREGRANT1|next_walk|ns=236544115435083|pid=83777|va=0x60003fb000|l0=0x2d00021003|l1=0x2d0002b003|l2=0x2d0002c003|l3=0x20009b0001bfc2
EL1RETIREGRANT1|fault|ns=236544115438083|pid=83777|far=0x60003fb000|esr=0x92000007
EL1RETIREGRANT1|walk|ns=236544115438666|pid=83777|va=0x60003fb000|l0=0x2d00021003|l1=0x2d0002b003|l2=0x2d0002c003|l3=0x20009b0001bfc2
EL1RETIREGRANT1|ttbr|ns=236544115439000|pid=83777|va=0x60003fb000|ttbr0=0x1002d00020000
EL1RETIREGRANT1|walk|ns=236544115439416|pid=83777|va=0x60003fb000|l0=0x2d00021003|l1=0x2d0002b003|l2=0x2d0002c003|l3=0x20009b0001bfc2
EL1RETIREGRANT1|ttbr|ns=236544115439750|pid=83777|va=0x60003fb000|ttbr0=0x1002d00020000
EL1RETIREGRANT1|next_walk|ns=236544115440166|pid=83777|va=0x60003fc000|l0=0x2d00021003|l1=0x2d0002b003|l2=0x2d0002c003|l3=0x20009b0001cfc2
EL1RETIREGRANT1|plan|ns=236544115440666|pid=83777|fault=0x60003fb000|base=0x60003fb000|len=0x5000|perms=0x3|generation=36
EL1RETIREGRANT1|fault|ns=236544115442916|pid=83777|far=0x60003fb000|esr=0x92000007
EL1RETIREGRANT1|walk|ns=236544115443500|pid=83777|va=0x60003fb000|l0=0x2d00021003|l1=0x2d0002b003|l2=0x2d0002c003|l3=0x20009b0001bfc2
EL1RETIREGRANT1|ttbr|ns=236544115443833|pid=83777|va=0x60003fb000|ttbr0=0x1002d00020000
EL1RETIREGRANT1|walk|ns=236544115444291|pid=83777|va=0x60003fb000|l0=0x2d00021003|l1=0x2d0002b003|l2=0x2d0002c003|l3=0x20009b0001bfc2
EL1RETIREGRANT1|ttbr|ns=236544115444625|pid=83777|va=0x60003fb000|ttbr0=0x1002d00020000
EL1RETIREGRANT1|next_walk|ns=236544115445000|pid=83777|va=0x60003fc000|l0=0x2d00021003|l1=0x2d0002b003|l2=0x2d0002c003|l3=0x20009b0001cfc2
EL1RETIREGRANT1|fault|ns=236544115447875|pid=83777|far=0x60003fc000|esr=0x92000007
EL1RETIREGRANT1|walk|ns=236544115448458|pid=83777|va=0x60003fc000|l0=0x2d00021003|l1=0x2d0002b003|l2=0x2d0002c003|l3=0x20009b0001cfc2
EL1RETIREGRANT1|ttbr|ns=236544115448791|pid=83777|va=0x60003fc000|ttbr0=0x1002d00020000
EL1RETIREGRANT1|walk|ns=236544115449208|pid=83777|va=0x60003fc000|l0=0x2d00021003|l1=0x2d0002b003|l2=0x2d0002c003|l3=0x20009b0001cfc2
EL1RETIREGRANT1|ttbr|ns=236544115449541|pid=83777|va=0x60003fc000|ttbr0=0x1002d00020000
EL1RETIREGRANT1|next_walk|ns=236544115449916|pid=83777|va=0x60003fd000|l0=0x2d00021003|l1=0x2d0002b003|l2=0x2d0002c003|l3=0x20009b0001dfc2
EL1RETIREGRANT1|plan|ns=236544115450458|pid=83777|fault=0x60003fc000|base=0x60003fc000|len=0x4000|perms=0x3|generation=37
EL1RETIREGRANT1|fault|ns=236544115452708|pid=83777|far=0x60003fc000|esr=0x92000007
EL1RETIREGRANT1|walk|ns=236544115453291|pid=83777|va=0x60003fc000|l0=0x2d00021003|l1=0x2d0002b003|l2=0x2d0002c003|l3=0x20009b0001cfc2
EL1RETIREGRANT1|ttbr|ns=236544115453625|pid=83777|va=0x60003fc000|ttbr0=0x1002d00020000
EL1RETIREGRANT1|walk|ns=236544115454041|pid=83777|va=0x60003fc000|l0=0x2d00021003|l1=0x2d0002b003|l2=0x2d0002c003|l3=0x20009b0001cfc2
EL1RETIREGRANT1|ttbr|ns=236544115454375|pid=83777|va=0x60003fc000|ttbr0=0x1002d00020000
EL1RETIREGRANT1|next_walk|ns=236544115454791|pid=83777|va=0x60003fd000|l0=0x2d00021003|l1=0x2d0002b003|l2=0x2d0002c003|l3=0x20009b0001dfc2
EL1RETIREGRANT1|fault|ns=236544115459458|pid=83777|far=0x60003fd000|esr=0x92000007
EL1RETIREGRANT1|walk|ns=236544115460083|pid=83777|va=0x60003fd000|l0=0x2d00021003|l1=0x2d0002b003|l2=0x2d0002c003|l3=0x20009b0001dfc2
EL1RETIREGRANT1|ttbr|ns=236544115460416|pid=83777|va=0x60003fd000|ttbr0=0x1002d00020000
EL1RETIREGRANT1|walk|ns=236544115460833|pid=83777|va=0x60003fd000|l0=0x2d00021003|l1=0x2d0002b003|l2=0x2d0002c003|l3=0x20009b0001dfc2
EL1RETIREGRANT1|ttbr|ns=236544115461166|pid=83777|va=0x60003fd000|ttbr0=0x1002d00020000
EL1RETIREGRANT1|next_walk|ns=236544115461583|pid=83777|va=0x60003fe000|l0=0x2d00021003|l1=0x2d0002b003|l2=0x2d0002c003|l3=0x20009b0001efc2
EL1RETIREGRANT1|plan|ns=236544115462083|pid=83777|fault=0x60003fd000|base=0x60003fd000|len=0x3000|perms=0x3|generation=38
EL1RETIREGRANT1|fault|ns=236544115464458|pid=83777|far=0x60003fd000|esr=0x92000007
EL1RETIREGRANT1|walk|ns=236544115465041|pid=83777|va=0x60003fd000|l0=0x2d00021003|l1=0x2d0002b003|l2=0x2d0002c003|l3=0x20009b0001dfc2
EL1RETIREGRANT1|ttbr|ns=236544115465375|pid=83777|va=0x60003fd000|ttbr0=0x1002d00020000
EL1RETIREGRANT1|walk|ns=236544115465791|pid=83777|va=0x60003fd000|l0=0x2d00021003|l1=0x2d0002b003|l2=0x2d0002c003|l3=0x20009b0001dfc2
EL1RETIREGRANT1|ttbr|ns=236544115466125|pid=83777|va=0x60003fd000|ttbr0=0x1002d00020000
EL1RETIREGRANT1|next_walk|ns=236544115466541|pid=83777|va=0x60003fe000|l0=0x2d00021003|l1=0x2d0002b003|l2=0x2d0002c003|l3=0x20009b0001efc2
EL1RETIREGRANT1|fault|ns=236544115469416|pid=83777|far=0x60003fe000|esr=0x92000007
EL1RETIREGRANT1|walk|ns=236544115470000|pid=83777|va=0x60003fe000|l0=0x2d00021003|l1=0x2d0002b003|l2=0x2d0002c003|l3=0x20009b0001efc2
EL1RETIREGRANT1|ttbr|ns=236544115470333|pid=83777|va=0x60003fe000|ttbr0=0x1002d00020000
EL1RETIREGRANT1|walk|ns=236544115470791|pid=83777|va=0x60003fe000|l0=0x2d00021003|l1=0x2d0002b003|l2=0x2d0002c003|l3=0x20009b0001efc2
EL1RETIREGRANT1|ttbr|ns=236544115471125|pid=83777|va=0x60003fe000|ttbr0=0x1002d00020000
EL1RETIREGRANT1|next_walk|ns=236544115471500|pid=83777|va=0x60003ff000|l0=0x2d00021003|l1=0x2d0002b003|l2=0x2d0002c003|l3=0x20009b0001ffc2
EL1RETIREGRANT1|plan|ns=236544115472041|pid=83777|fault=0x60003fe000|base=0x60003fe000|len=0x2000|perms=0x3|generation=39
EL1RETIREGRANT1|fault|ns=236544115474208|pid=83777|far=0x60003fe000|esr=0x92000007
EL1RETIREGRANT1|walk|ns=236544115474791|pid=83777|va=0x60003fe000|l0=0x2d00021003|l1=0x2d0002b003|l2=0x2d0002c003|l3=0x20009b0001efc2
EL1RETIREGRANT1|ttbr|ns=236544115475125|pid=83777|va=0x60003fe000|ttbr0=0x1002d00020000
EL1RETIREGRANT1|walk|ns=236544115475583|pid=83777|va=0x60003fe000|l0=0x2d00021003|l1=0x2d0002b003|l2=0x2d0002c003|l3=0x20009b0001efc2
EL1RETIREGRANT1|ttbr|ns=236544115475916|pid=83777|va=0x60003fe000|ttbr0=0x1002d00020000
EL1RETIREGRANT1|next_walk|ns=236544115476291|pid=83777|va=0x60003ff000|l0=0x2d00021003|l1=0x2d0002b003|l2=0x2d0002c003|l3=0x20009b0001ffc2
EL1RETIREGRANT1|fault|ns=236544115479333|pid=83777|far=0x60003ff000|esr=0x92000007
EL1RETIREGRANT1|walk|ns=236544115479916|pid=83777|va=0x60003ff000|l0=0x2d00021003|l1=0x2d0002b003|l2=0x2d0002c003|l3=0x20009b0001ffc2
EL1RETIREGRANT1|ttbr|ns=236544115480250|pid=83777|va=0x60003ff000|ttbr0=0x1002d00020000
EL1RETIREGRANT1|walk|ns=236544115480666|pid=83777|va=0x60003ff000|l0=0x2d00021003|l1=0x2d0002b003|l2=0x2d0002c003|l3=0x20009b0001ffc2
EL1RETIREGRANT1|ttbr|ns=236544115481000|pid=83777|va=0x60003ff000|ttbr0=0x1002d00020000
EL1RETIREGRANT1|next_walk|ns=236544115481416|pid=83777|va=0x6000400000|l0=0x2d00021003|l1=0x2d0002b003|l2=0x2d0002d003|l3=0x60009b40600f43
EL1RETIREGRANT1|plan|ns=236544115481916|pid=83777|fault=0x60003ff000|base=0x60003ff000|len=0x1000|perms=0x3|generation=40
EL1RETIREGRANT1|fault|ns=236544115484041|pid=83777|far=0x60003ff000|esr=0x92000007
EL1RETIREGRANT1|walk|ns=236544115484625|pid=83777|va=0x60003ff000|l0=0x2d00021003|l1=0x2d0002b003|l2=0x2d0002c003|l3=0x20009b0001ffc2
EL1RETIREGRANT1|ttbr|ns=236544115484958|pid=83777|va=0x60003ff000|ttbr0=0x1002d00020000
EL1RETIREGRANT1|walk|ns=236544115485416|pid=83777|va=0x60003ff000|l0=0x2d00021003|l1=0x2d0002b003|l2=0x2d0002c003|l3=0x20009b0001ffc2
EL1RETIREGRANT1|ttbr|ns=236544115485750|pid=83777|va=0x60003ff000|ttbr0=0x1002d00020000
EL1RETIREGRANT1|next_walk|ns=236544115486166|pid=83777|va=0x6000400000|l0=0x2d00021003|l1=0x2d0002b003|l2=0x2d0002d003|l3=0x60009b40600f43
EL1RETIREGRANT1|fault|ns=236544115489375|pid=83777|far=0x6000400000|esr=0x93c98007
EL1RETIREGRANT1|walk|ns=236544115489958|pid=83777|va=0x6000400000|l0=0x2d00021003|l1=0x2d0002b003|l2=0x2d0002d003|l3=0x60009b40600f43
EL1RETIREGRANT1|ttbr|ns=236544115490291|pid=83777|va=0x6000400000|ttbr0=0x1002d00020000
EL1RETIREGRANT1|walk|ns=236544115490791|pid=83777|va=0x6000400000|l0=0x2d00021003|l1=0x2d0002b003|l2=0x2d0002d003|l3=0x60009b40600f43
EL1RETIREGRANT1|ttbr|ns=236544115491125|pid=83777|va=0x6000400000|ttbr0=0x1002d00020000
EL1RETIREGRANT1|next_walk|ns=236544115491500|pid=83777|va=0x6000401000|l0=0x2d00021003|l1=0x2d0002b003|l2=0x2d0002d003|l3=0x60009b40601f43
EL1RETIREGRANT1|boundary_walk|ns=236544115496583|pid=83777|va=0x6000404000|l0=0x2d00021003|l1=0x2d0002b003|l2=0x2d0002e003|l3=0x0
EL1RETIREGRANT1|boundary_walk|ns=236544115504041|pid=83777|va=0x6000405000|l0=0x2d00021003|l1=0x2d0002b003|l2=0x2d0002e003|l3=0x0
EL1RETIREGRANT1|fault|ns=236544115509625|pid=83777|far=0x6000400000|esr=0x93c98007
EL1RETIREGRANT1|walk|ns=236544115510416|pid=83777|va=0x6000400000|l0=0x2d00021003|l1=0x2d0002b003|l2=0x2d0002e003|l3=0x60009b00020f43
EL1RETIREGRANT1|ttbr|ns=236544115510833|pid=83777|va=0x6000400000|ttbr0=0x1002d00020000
EL1RETIREGRANT1|walk|ns=236544115511333|pid=83777|va=0x6000400000|l0=0x2d00021003|l1=0x2d0002b003|l2=0x2d0002e003|l3=0x60009b00020f43
EL1RETIREGRANT1|ttbr|ns=236544115511666|pid=83777|va=0x6000400000|ttbr0=0x1002d00020000
EL1RETIREGRANT1|next_walk|ns=236544115512083|pid=83777|va=0x6000401000|l0=0x2d00021003|l1=0x2d0002b003|l2=0x2d0002e003|l3=0x20009b00021fc2
EL1RETIREGRANT1|fault|ns=236544115519000|pid=83777|far=0x6000401000|esr=0x92000007
EL1RETIREGRANT1|walk|ns=236544115519625|pid=83777|va=0x6000401000|l0=0x2d00021003|l1=0x2d0002b003|l2=0x2d0002e003|l3=0x20009b00021fc2
EL1RETIREGRANT1|ttbr|ns=236544115519958|pid=83777|va=0x6000401000|ttbr0=0x1002d00020000
EL1RETIREGRANT1|walk|ns=236544115520416|pid=83777|va=0x6000401000|l0=0x2d00021003|l1=0x2d0002b003|l2=0x2d0002e003|l3=0x20009b00021fc2
EL1RETIREGRANT1|ttbr|ns=236544115520708|pid=83777|va=0x6000401000|ttbr0=0x1002d00020000
EL1RETIREGRANT1|next_walk|ns=236544115521125|pid=83777|va=0x6000402000|l0=0x2d00021003|l1=0x2d0002b003|l2=0x2d0002e003|l3=0x20009b00022fc2
EL1RETIREGRANT1|plan|ns=236544115521791|pid=83777|fault=0x6000401000|base=0x6000401000|len=0x4000|perms=0x3|generation=41
EL1RETIREGRANT1|fault|ns=236544115524500|pid=83777|far=0x6000401000|esr=0x92000007
EL1RETIREGRANT1|walk|ns=236544115525083|pid=83777|va=0x6000401000|l0=0x2d00021003|l1=0x2d0002b003|l2=0x2d0002e003|l3=0x20009b00021fc2
EL1RETIREGRANT1|ttbr|ns=236544115525416|pid=83777|va=0x6000401000|ttbr0=0x1002d00020000
EL1RETIREGRANT1|walk|ns=236544115525875|pid=83777|va=0x6000401000|l0=0x2d00021003|l1=0x2d0002b003|l2=0x2d0002e003|l3=0x20009b00021fc2
EL1RETIREGRANT1|ttbr|ns=236544115526208|pid=83777|va=0x6000401000|ttbr0=0x1002d00020000
EL1RETIREGRANT1|next_walk|ns=236544115526583|pid=83777|va=0x6000402000|l0=0x2d00021003|l1=0x2d0002b003|l2=0x2d0002e003|l3=0x20009b00022fc2
EL1RETIREGRANT1|fault|ns=236544115529958|pid=83777|far=0x6000402000|esr=0x92000007
EL1RETIREGRANT1|walk|ns=236544115530541|pid=83777|va=0x6000402000|l0=0x2d00021003|l1=0x2d0002b003|l2=0x2d0002e003|l3=0x20009b00022fc2
EL1RETIREGRANT1|ttbr|ns=236544115530916|pid=83777|va=0x6000402000|ttbr0=0x1002d00020000
EL1RETIREGRANT1|walk|ns=236544115531333|pid=83777|va=0x6000402000|l0=0x2d00021003|l1=0x2d0002b003|l2=0x2d0002e003|l3=0x20009b00022fc2
EL1RETIREGRANT1|ttbr|ns=236544115531666|pid=83777|va=0x6000402000|ttbr0=0x1002d00020000
EL1RETIREGRANT1|next_walk|ns=236544115532083|pid=83777|va=0x6000403000|l0=0x2d00021003|l1=0x2d0002b003|l2=0x2d0002e003|l3=0x20009b00023fc2
EL1RETIREGRANT1|plan|ns=236544115532625|pid=83777|fault=0x6000402000|base=0x6000402000|len=0x3000|perms=0x3|generation=42
EL1RETIREGRANT1|fault|ns=236544115534916|pid=83777|far=0x6000402000|esr=0x92000007
EL1RETIREGRANT1|walk|ns=236544115535500|pid=83777|va=0x6000402000|l0=0x2d00021003|l1=0x2d0002b003|l2=0x2d0002e003|l3=0x20009b00022fc2
EL1RETIREGRANT1|ttbr|ns=236544115535833|pid=83777|va=0x6000402000|ttbr0=0x1002d00020000
EL1RETIREGRANT1|walk|ns=236544115536250|pid=83777|va=0x6000402000|l0=0x2d00021003|l1=0x2d0002b003|l2=0x2d0002e003|l3=0x20009b00022fc2
EL1RETIREGRANT1|ttbr|ns=236544115536583|pid=83777|va=0x6000402000|ttbr0=0x1002d00020000
EL1RETIREGRANT1|next_walk|ns=236544115536958|pid=83777|va=0x6000403000|l0=0x2d00021003|l1=0x2d0002b003|l2=0x2d0002e003|l3=0x20009b00023fc2
EL1RETIREGRANT1|fault|ns=236544115540166|pid=83777|far=0x6000403000|esr=0x92000007
EL1RETIREGRANT1|walk|ns=236544115540750|pid=83777|va=0x6000403000|l0=0x2d00021003|l1=0x2d0002b003|l2=0x2d0002e003|l3=0x20009b00023fc2
EL1RETIREGRANT1|ttbr|ns=236544115541083|pid=83777|va=0x6000403000|ttbr0=0x1002d00020000
EL1RETIREGRANT1|walk|ns=236544115541500|pid=83777|va=0x6000403000|l0=0x2d00021003|l1=0x2d0002b003|l2=0x2d0002e003|l3=0x20009b00023fc2
EL1RETIREGRANT1|ttbr|ns=236544115541833|pid=83777|va=0x6000403000|ttbr0=0x1002d00020000
EL1RETIREGRANT1|next_walk|ns=236544115542583|pid=83777|va=0x6000404000|l0=0x2d00021003|l1=0x2d0002b003|l2=0x2d0002e003|l3=0x20009b00024fc2
EL1RETIREGRANT1|plan|ns=236544115543083|pid=83777|fault=0x6000403000|base=0x6000403000|len=0x2000|perms=0x3|generation=43
EL1RETIREGRANT1|fault|ns=236544115545333|pid=83777|far=0x6000403000|esr=0x92000007
EL1RETIREGRANT1|walk|ns=236544115545916|pid=83777|va=0x6000403000|l0=0x2d00021003|l1=0x2d0002b003|l2=0x2d0002e003|l3=0x20009b00023fc2
EL1RETIREGRANT1|ttbr|ns=236544115546250|pid=83777|va=0x6000403000|ttbr0=0x1002d00020000
EL1RETIREGRANT1|walk|ns=236544115546666|pid=83777|va=0x6000403000|l0=0x2d00021003|l1=0x2d0002b003|l2=0x2d0002e003|l3=0x20009b00023fc2
EL1RETIREGRANT1|ttbr|ns=236544115547000|pid=83777|va=0x6000403000|ttbr0=0x1002d00020000
EL1RETIREGRANT1|next_walk|ns=236544115547375|pid=83777|va=0x6000404000|l0=0x2d00021003|l1=0x2d0002b003|l2=0x2d0002e003|l3=0x20009b00024fc2
EL1RETIREGRANT1|fault|ns=236544115550291|pid=83777|far=0x6000404000|esr=0x92000007
EL1RETIREGRANT1|walk|ns=236544115550833|pid=83777|va=0x6000404000|l0=0x2d00021003|l1=0x2d0002b003|l2=0x2d0002e003|l3=0x20009b00024fc2
EL1RETIREGRANT1|ttbr|ns=236544115551166|pid=83777|va=0x6000404000|ttbr0=0x1002d00020000
EL1RETIREGRANT1|walk|ns=236544115551625|pid=83777|va=0x6000404000|l0=0x2d00021003|l1=0x2d0002b003|l2=0x2d0002e003|l3=0x20009b00024fc2
EL1RETIREGRANT1|ttbr|ns=236544115551916|pid=83777|va=0x6000404000|ttbr0=0x1002d00020000
EL1RETIREGRANT1|next_walk|ns=236544115552333|pid=83777|va=0x6000405000|l0=0x2d00021003|l1=0x2d0002b003|l2=0x2d0002e003|l3=0x0
EL1RETIREGRANT1|plan|ns=236544115552833|pid=83777|fault=0x6000404000|base=0x6000404000|len=0x1000|perms=0x3|generation=44
EL1RETIREGRANT1|fault|ns=236544115555125|pid=83777|far=0x6000404000|esr=0x92000007
EL1RETIREGRANT1|walk|ns=236544115555708|pid=83777|va=0x6000404000|l0=0x2d00021003|l1=0x2d0002b003|l2=0x2d0002e003|l3=0x20009b00024fc2
EL1RETIREGRANT1|ttbr|ns=236544115556041|pid=83777|va=0x6000404000|ttbr0=0x1002d00020000
EL1RETIREGRANT1|walk|ns=236544115556500|pid=83777|va=0x6000404000|l0=0x2d00021003|l1=0x2d0002b003|l2=0x2d0002e003|l3=0x20009b00024fc2
EL1RETIREGRANT1|ttbr|ns=236544115556833|pid=83777|va=0x6000404000|ttbr0=0x1002d00020000
EL1RETIREGRANT1|next_walk|ns=236544115557208|pid=83777|va=0x6000405000|l0=0x2d00021003|l1=0x2d0002b003|l2=0x2d0002e003|l3=0x0
EL1RETIREGRANT1|fault|ns=236544115578666|pid=83777|far=0x6000405000|esr=0x92000047
EL1RETIREGRANT1|walk|ns=236544115579333|pid=83777|va=0x6000405000|l0=0x2d00021003|l1=0x2d0002b003|l2=0x2d0002e003|l3=0x0
EL1RETIREGRANT1|ttbr|ns=236544115579708|pid=83777|va=0x6000405000|ttbr0=0x1002d00020000
EL1RETIREGRANT1|walk|ns=236544115580208|pid=83777|va=0x6000405000|l0=0x2d00021003|l1=0x2d0002b003|l2=0x2d0002e003|l3=0x0
EL1RETIREGRANT1|ttbr|ns=236544115580500|pid=83777|va=0x6000405000|ttbr0=0x1002d00020000
EL1RETIREGRANT1|next_walk|ns=236544115580916|pid=83777|va=0x6000406000|l0=0x2d00021003|l1=0x2d0002b003|l2=0x2d0002e003|l3=0x0
EL1RETIREGRANT1|plan|ns=236544115581541|pid=83777|fault=0x6000405000|base=0x6000405000|len=0x1000|perms=0x3|generation=45
EL1RETIREGRANT1|stage2|ns=236544115587000|pid=83777|phase=0|ipa=0x9b401fc000|len=0x4000|host=0x11b7d0000|perms=0x7
EL1RETIREGRANT1|stage2|ns=236544116309125|pid=83777|phase=1|ipa=0x9b40008000|len=0x4000|host=0x0|perms=0x0
EL1RETIREGRANT1|stage2|ns=236544116316541|pid=83777|phase=1|ipa=0x9b4000c000|len=0x1f0000|host=0x0|perms=0x0
EL1RETIREGRANT1|fault|ns=236544116331041|pid=83777|far=0x600040502c|esr=0x92000005
EL1RETIREGRANT1|walk|ns=236544116332000|pid=83777|va=0x600040502c|l0=0x2d00021003|l1=0x0|l2=0x0|l3=0x0
EL1RETIREGRANT1|ttbr|ns=236544116332500|pid=83777|va=0x600040502c|ttbr0=0x1002d00020000
EL1RETIREGRANT1|walk|ns=236544116333041|pid=83777|va=0x600040502c|l0=0x2d00021003|l1=0x0|l2=0x0|l3=0x0
EL1RETIREGRANT1|ttbr|ns=236544116333458|pid=83777|va=0x600040502c|ttbr0=0x1002d00020000
EL1RETIREGRANT1|next_walk|ns=236544116333916|pid=83777|va=0x6000406000|l0=0x2d00021003|l1=0x0|l2=0x0|l3=0x0
EL1RETIREGRANT1|fault|ns=236544116336416|pid=83777|far=0x600040502c|esr=0x92000005
EL1RETIREGRANT1|walk|ns=236544116337041|pid=83777|va=0x600040502c|l0=0x2d00021003|l1=0x0|l2=0x0|l3=0x0
EL1RETIREGRANT1|ttbr|ns=236544116337416|pid=83777|va=0x600040502c|ttbr0=0x1002d00020000
EL1RETIREGRANT1|walk|ns=236544116337833|pid=83777|va=0x600040502c|l0=0x2d00021003|l1=0x0|l2=0x0|l3=0x0
EL1RETIREGRANT1|ttbr|ns=236544116338166|pid=83777|va=0x600040502c|ttbr0=0x1002d00020000
EL1RETIREGRANT1|next_walk|ns=236544116338583|pid=83777|va=0x6000406000|l0=0x2d00021003|l1=0x0|l2=0x0|l3=0x0
EL1RETIREGRANT1|fault|ns=236544116352291|pid=83777|far=0x6000002c00|esr=0x92000045
EL1RETIREGRANT1|walk|ns=236544116353000|pid=83777|va=0x6000002c00|l0=0x2d00021003|l1=0x0|l2=0x0|l3=0x0
EL1RETIREGRANT1|ttbr|ns=236544116353333|pid=83777|va=0x6000002c00|ttbr0=0x1002d00020000
EL1RETIREGRANT1|walk|ns=236544116353791|pid=83777|va=0x6000002c00|l0=0x2d00021003|l1=0x0|l2=0x0|l3=0x0
EL1RETIREGRANT1|ttbr|ns=236544116354125|pid=83777|va=0x6000002c00|ttbr0=0x1002d00020000
EL1RETIREGRANT1|next_walk|ns=236544116354583|pid=83777|va=0x6000003000|l0=0x2d00021003|l1=0x0|l2=0x0|l3=0x0
EL1RETIREGRANT1|fault|ns=236544116357958|pid=83777|far=0x6000002c00|esr=0x92000045
EL1RETIREGRANT1|walk|ns=236544116358583|pid=83777|va=0x6000002c00|l0=0x2d00021003|l1=0x0|l2=0x0|l3=0x0
EL1RETIREGRANT1|ttbr|ns=236544116358916|pid=83777|va=0x6000002c00|ttbr0=0x1002d00020000
EL1RETIREGRANT1|walk|ns=236544116359375|pid=83777|va=0x6000002c00|l0=0x2d00021003|l1=0x0|l2=0x0|l3=0x0
EL1RETIREGRANT1|ttbr|ns=236544116359708|pid=83777|va=0x6000002c00|ttbr0=0x1002d00020000
EL1RETIREGRANT1|next_walk|ns=236544116360125|pid=83777|va=0x6000003000|l0=0x2d00021003|l1=0x0|l2=0x0|l3=0x0
EL1RETIREGRANT1|stage2|ns=236544117657041|pid=83777|phase=1|ipa=0x200000|len=0xb0000|host=0x0|perms=0x0
EL1RETIREGRANT1|stage2|ns=236544117659000|pid=83777|phase=1|ipa=0x2b0000|len=0x4000|host=0x0|perms=0x0
EL1RETIREGRANT1|stage2|ns=236544117660166|pid=83777|phase=1|ipa=0x2cffff0000|len=0x4000|host=0x0|perms=0x0
EL1RETIREGRANT1|stage2|ns=236544117666041|pid=83777|phase=1|ipa=0x2d00020000|len=0x1c0000|host=0x0|perms=0x0
EL1RETIREGRANT1|stage2|ns=236544117667125|pid=83777|phase=1|ipa=0x2d001e4000|len=0x4000|host=0x0|perms=0x0
EL1RETIREGRANT1|stage2|ns=236544117668416|pid=83777|phase=1|ipa=0x2e00000000|len=0x4000|host=0x0|perms=0x0
EL1RETIREGRANT1|stage2|ns=236544117669416|pid=83777|phase=1|ipa=0x2e00010000|len=0x4000|host=0x0|perms=0x0
EL1RETIREGRANT1|stage2|ns=236544117670208|pid=83777|phase=1|ipa=0x2e00020000|len=0x4000|host=0x0|perms=0x0
EL1RETIREGRANT1|stage2|ns=236544117670958|pid=83777|phase=1|ipa=0x3000000000|len=0x4000|host=0x0|perms=0x0
EL1RETIREGRANT1|stage2|ns=236544117672541|pid=83777|phase=1|ipa=0x3000004000|len=0x4000|host=0x0|perms=0x0
EL1RETIREGRANT1|stage2|ns=236544117686833|pid=83777|phase=1|ipa=0x4000000000|len=0x8000000|host=0x0|perms=0x0
EL1RETIREGRANT1|stage2|ns=236544117690625|pid=83777|phase=1|ipa=0x9000000000|len=0x80000000|host=0x0|perms=0x0
EL1RETIREGRANT1|stage2|ns=236544117694375|pid=83777|phase=1|ipa=0x9800000000|len=0x80000000|host=0x0|perms=0x0
EL1RETIREGRANT1|stage2|ns=236544117696625|pid=83777|phase=1|ipa=0x9b40000000|len=0x8000|host=0x0|perms=0x0
EL1RETIREGRANT1|stage2|ns=236544117703208|pid=83777|phase=1|ipa=0x9b401fc000|len=0x4000|host=0x0|perms=0x0
EL1RETIREGRANT1|stage2|ns=236544117709625|pid=83777|phase=1|ipa=0xffff7f0000|len=0x800000|host=0x0|perms=0x0
EL1RETIREGRANT1|summary|faults=90|plans=45|maps=10|unmaps=24|target_exited=1|errors=0|drops=0
