EL1RETIREGRANT1|start|ns=235069161213791|target=79579
mapping-retirement write mismatch round=2 page=19 actual=0xc41100020000020b expected=0xc411000200000013
EL1RETIREGRANT1|fault|ns=235069175919083|pid=79579|far=0x6000004000|esr=0x92000045
EL1RETIREGRANT1|plan|ns=235069175927291|pid=79579|fault=0x6000004000|base=0x6000001000|len=0x4000|perms=0x3|generation=1
EL1RETIREGRANT1|stage2|ns=235069175936833|pid=79579|phase=0|ipa=0x9b40000000|len=0x8000|host=0x11c1d8000|perms=0x7
EL1RETIREGRANT1|fault|ns=235069176555791|pid=79579|far=0x6000005000|esr=0x92000007
EL1RETIREGRANT1|plan|ns=235069176557375|pid=79579|fault=0x6000005000|base=0x6000005000|len=0x1fb000|perms=0x3|generation=2
EL1RETIREGRANT1|stage2|ns=235069176561875|pid=79579|phase=0|ipa=0x9b40008000|len=0x1fc000|host=0x11c204000|perms=0x7
EL1RETIREGRANT1|fault|ns=235069177265875|pid=79579|far=0x6000200000|esr=0x92000006
EL1RETIREGRANT1|plan|ns=235069177267333|pid=79579|fault=0x6000200000|base=0x6000200000|len=0x200000|perms=0x3|generation=3
EL1RETIREGRANT1|stage2|ns=235069177273666|pid=79579|phase=0|ipa=0x9b40400000|len=0x200000|host=0x11c400000|perms=0x7
EL1RETIREGRANT1|fault|ns=235069177899416|pid=79579|far=0x6000400000|esr=0x92000006
EL1RETIREGRANT1|plan|ns=235069177900625|pid=79579|fault=0x6000400000|base=0x6000400000|len=0x5000|perms=0x3|generation=4
EL1RETIREGRANT1|stage2|ns=235069177903208|pid=79579|phase=0|ipa=0x9b40600000|len=0x8000|host=0x11c600000|perms=0x7
EL1RETIREGRANT1|stage2|ns=235069178415583|pid=79579|phase=1|ipa=0x9b40008000|len=0x1fc000|host=0x0|perms=0x0
EL1RETIREGRANT1|stage2|ns=235069178432375|pid=79579|phase=1|ipa=0x9b40400000|len=0x200000|host=0x0|perms=0x0
EL1RETIREGRANT1|stage2|ns=235069178441041|pid=79579|phase=1|ipa=0x9b40600000|len=0x8000|host=0x0|perms=0x0
EL1RETIREGRANT1|fault|ns=235069178459208|pid=79579|far=0x6000005000|esr=0x92000005
EL1RETIREGRANT1|plan|ns=235069178460250|pid=79579|fault=0x6000005000|base=0x6000005000|len=0x1fb000|perms=0x3|generation=5
EL1RETIREGRANT1|stage2|ns=235069178463708|pid=79579|phase=0|ipa=0x9b40008000|len=0x1fc000|host=0x11c204000|perms=0x7
EL1RETIREGRANT1|fault|ns=235069179164125|pid=79579|far=0x6000200000|esr=0x92000006
EL1RETIREGRANT1|plan|ns=235069179165250|pid=79579|fault=0x6000200000|base=0x6000200000|len=0x200000|perms=0x3|generation=6
EL1RETIREGRANT1|stage2|ns=235069179168375|pid=79579|phase=0|ipa=0x9b40400000|len=0x200000|host=0x11c400000|perms=0x7
EL1RETIREGRANT1|fault|ns=235069179791666|pid=79579|far=0x6000400000|esr=0x92000006
EL1RETIREGRANT1|plan|ns=235069179792916|pid=79579|fault=0x6000400000|base=0x6000400000|len=0x5000|perms=0x3|generation=7
EL1RETIREGRANT1|stage2|ns=235069179797625|pid=79579|phase=0|ipa=0x9b40600000|len=0x8000|host=0x11c600000|perms=0x7
EL1RETIREGRANT1|stage2|ns=235069180248916|pid=79579|phase=1|ipa=0x9b40008000|len=0x1fc000|host=0x0|perms=0x0
EL1RETIREGRANT1|stage2|ns=235069180259791|pid=79579|phase=1|ipa=0x9b40400000|len=0x200000|host=0x0|perms=0x0
EL1RETIREGRANT1|stage2|ns=235069180266291|pid=79579|phase=1|ipa=0x9b40600000|len=0x8000|host=0x0|perms=0x0
EL1RETIREGRANT1|fault|ns=235069180281208|pid=79579|far=0x6000005000|esr=0x93c98007
EL1RETIREGRANT1|stage2|ns=235069180288166|pid=79579|phase=0|ipa=0x9b40008000|len=0x4000|host=0x11c204000|perms=0x7
EL1RETIREGRANT1|fault|ns=235069180313875|pid=79579|far=0x6000006000|esr=0x92000007
EL1RETIREGRANT1|plan|ns=235069180315000|pid=79579|fault=0x6000006000|base=0x6000006000|len=0x1fa000|perms=0x3|generation=8
EL1RETIREGRANT1|fault|ns=235069180317750|pid=79579|far=0x6000006000|esr=0x92000007
EL1RETIREGRANT1|fault|ns=235069180321500|pid=79579|far=0x6000007000|esr=0x92000007
EL1RETIREGRANT1|plan|ns=235069180322250|pid=79579|fault=0x6000007000|base=0x6000007000|len=0x1f9000|perms=0x3|generation=9
EL1RETIREGRANT1|fault|ns=235069180324625|pid=79579|far=0x6000007000|esr=0x92000007
EL1RETIREGRANT1|fault|ns=235069180327750|pid=79579|far=0x6000008000|esr=0x92000007
EL1RETIREGRANT1|plan|ns=235069180328500|pid=79579|fault=0x6000008000|base=0x6000008000|len=0x1f8000|perms=0x3|generation=10
EL1RETIREGRANT1|fault|ns=235069180330583|pid=79579|far=0x6000008000|esr=0x92000007
EL1RETIREGRANT1|fault|ns=235069180336333|pid=79579|far=0x6000009000|esr=0x92000007
EL1RETIREGRANT1|plan|ns=235069180337166|pid=79579|fault=0x6000009000|base=0x6000009000|len=0x1f7000|perms=0x3|generation=11
EL1RETIREGRANT1|fault|ns=235069180339250|pid=79579|far=0x6000009000|esr=0x92000007
EL1RETIREGRANT1|fault|ns=235069180342208|pid=79579|far=0x600000a000|esr=0x92000007
EL1RETIREGRANT1|plan|ns=235069180342916|pid=79579|fault=0x600000a000|base=0x600000a000|len=0x1f6000|perms=0x3|generation=12
EL1RETIREGRANT1|fault|ns=235069180345500|pid=79579|far=0x600000a000|esr=0x92000007
EL1RETIREGRANT1|fault|ns=235069180348333|pid=79579|far=0x600000b000|esr=0x92000007
EL1RETIREGRANT1|plan|ns=235069180349000|pid=79579|fault=0x600000b000|base=0x600000b000|len=0x1f5000|perms=0x3|generation=13
EL1RETIREGRANT1|fault|ns=235069180350958|pid=79579|far=0x600000b000|esr=0x92000007
EL1RETIREGRANT1|fault|ns=235069180353750|pid=79579|far=0x600000c000|esr=0x92000007
EL1RETIREGRANT1|plan|ns=235069180354458|pid=79579|fault=0x600000c000|base=0x600000c000|len=0x1f4000|perms=0x3|generation=14
EL1RETIREGRANT1|fault|ns=235069180356458|pid=79579|far=0x600000c000|esr=0x92000007
EL1RETIREGRANT1|fault|ns=235069180360583|pid=79579|far=0x600000d000|esr=0x92000007
EL1RETIREGRANT1|plan|ns=235069180361291|pid=79579|fault=0x600000d000|base=0x600000d000|len=0x1f3000|perms=0x3|generation=15
EL1RETIREGRANT1|fault|ns=235069180363208|pid=79579|far=0x600000d000|esr=0x92000007
EL1RETIREGRANT1|fault|ns=235069180366041|pid=79579|far=0x600000e000|esr=0x92000007
EL1RETIREGRANT1|plan|ns=235069180366750|pid=79579|fault=0x600000e000|base=0x600000e000|len=0x1f2000|perms=0x3|generation=16
EL1RETIREGRANT1|fault|ns=235069180368583|pid=79579|far=0x600000e000|esr=0x92000007
EL1RETIREGRANT1|fault|ns=235069180371375|pid=79579|far=0x600000f000|esr=0x92000007
EL1RETIREGRANT1|plan|ns=235069180372041|pid=79579|fault=0x600000f000|base=0x600000f000|len=0x1f1000|perms=0x3|generation=17
EL1RETIREGRANT1|fault|ns=235069180373875|pid=79579|far=0x600000f000|esr=0x92000007
EL1RETIREGRANT1|fault|ns=235069180376583|pid=79579|far=0x6000010000|esr=0x92000007
EL1RETIREGRANT1|plan|ns=235069180377250|pid=79579|fault=0x6000010000|base=0x6000010000|len=0x1f0000|perms=0x3|generation=18
EL1RETIREGRANT1|stage2|ns=235069180380250|pid=79579|phase=0|ipa=0x9b4000c000|len=0x1f0000|host=0x11c208000|perms=0x7
EL1RETIREGRANT1|fault|ns=235069181095708|pid=79579|far=0x6000200000|esr=0x93c98007
EL1RETIREGRANT1|fault|ns=235069181123750|pid=79579|far=0x6000201000|esr=0x92000007
EL1RETIREGRANT1|plan|ns=235069181124791|pid=79579|fault=0x6000201000|base=0x6000201000|len=0x1ff000|perms=0x3|generation=19
EL1RETIREGRANT1|fault|ns=235069181127375|pid=79579|far=0x6000201000|esr=0x92000007
EL1RETIREGRANT1|fault|ns=235069181130541|pid=79579|far=0x6000202000|esr=0x92000007
EL1RETIREGRANT1|plan|ns=235069181131291|pid=79579|fault=0x6000202000|base=0x6000202000|len=0x1fe000|perms=0x3|generation=20
EL1RETIREGRANT1|fault|ns=235069181133375|pid=79579|far=0x6000202000|esr=0x92000007
EL1RETIREGRANT1|fault|ns=235069181136208|pid=79579|far=0x6000203000|esr=0x92000007
EL1RETIREGRANT1|plan|ns=235069181136916|pid=79579|fault=0x6000203000|base=0x6000203000|len=0x1fd000|perms=0x3|generation=21
EL1RETIREGRANT1|fault|ns=235069181138875|pid=79579|far=0x6000203000|esr=0x92000007
EL1RETIREGRANT1|fault|ns=235069181141666|pid=79579|far=0x6000204000|esr=0x92000007
EL1RETIREGRANT1|plan|ns=235069181142333|pid=79579|fault=0x6000204000|base=0x6000204000|len=0x1fc000|perms=0x3|generation=22
EL1RETIREGRANT1|fault|ns=235069181144583|pid=79579|far=0x6000204000|esr=0x92000007
EL1RETIREGRANT1|fault|ns=235069181148750|pid=79579|far=0x6000205000|esr=0x92000007
EL1RETIREGRANT1|plan|ns=235069181149458|pid=79579|fault=0x6000205000|base=0x6000205000|len=0x1fb000|perms=0x3|generation=23
EL1RETIREGRANT1|fault|ns=235069181151500|pid=79579|far=0x6000205000|esr=0x92000007
EL1RETIREGRANT1|fault|ns=235069181154458|pid=79579|far=0x6000206000|esr=0x92000007
EL1RETIREGRANT1|plan|ns=235069181155125|pid=79579|fault=0x6000206000|base=0x6000206000|len=0x1fa000|perms=0x3|generation=24
EL1RETIREGRANT1|fault|ns=235069181157041|pid=79579|far=0x6000206000|esr=0x92000007
EL1RETIREGRANT1|fault|ns=235069181159791|pid=79579|far=0x6000207000|esr=0x92000007
EL1RETIREGRANT1|plan|ns=235069181160458|pid=79579|fault=0x6000207000|base=0x6000207000|len=0x1f9000|perms=0x3|generation=25
EL1RETIREGRANT1|fault|ns=235069181162416|pid=79579|far=0x6000207000|esr=0x92000007
EL1RETIREGRANT1|fault|ns=235069181165166|pid=79579|far=0x6000208000|esr=0x92000007
EL1RETIREGRANT1|plan|ns=235069181165875|pid=79579|fault=0x6000208000|base=0x6000208000|len=0x1f8000|perms=0x3|generation=26
EL1RETIREGRANT1|fault|ns=235069181167875|pid=79579|far=0x6000208000|esr=0x92000007
EL1RETIREGRANT1|fault|ns=235069181171833|pid=79579|far=0x6000209000|esr=0x92000007
EL1RETIREGRANT1|plan|ns=235069181172583|pid=79579|fault=0x6000209000|base=0x6000209000|len=0x1f7000|perms=0x3|generation=27
EL1RETIREGRANT1|fault|ns=235069181174541|pid=79579|far=0x6000209000|esr=0x92000007
EL1RETIREGRANT1|fault|ns=235069181177291|pid=79579|far=0x600020a000|esr=0x92000007
EL1RETIREGRANT1|plan|ns=235069181178000|pid=79579|fault=0x600020a000|base=0x600020a000|len=0x1f6000|perms=0x3|generation=28
EL1RETIREGRANT1|fault|ns=235069181179958|pid=79579|far=0x600020a000|esr=0x92000007
EL1RETIREGRANT1|fault|ns=235069181182625|pid=79579|far=0x600020b000|esr=0x92000007
EL1RETIREGRANT1|plan|ns=235069181183333|pid=79579|fault=0x600020b000|base=0x600020b000|len=0x1f5000|perms=0x3|generation=29
EL1RETIREGRANT1|fault|ns=235069181185250|pid=79579|far=0x600020b000|esr=0x92000007
EL1RETIREGRANT1|fault|ns=235069181188000|pid=79579|far=0x600020c000|esr=0x92000007
EL1RETIREGRANT1|plan|ns=235069181188666|pid=79579|fault=0x600020c000|base=0x600020c000|len=0x1f4000|perms=0x3|generation=30
EL1RETIREGRANT1|fault|ns=235069181190875|pid=79579|far=0x600020c000|esr=0x92000007
EL1RETIREGRANT1|fault|ns=235069181194666|pid=79579|far=0x600020d000|esr=0x92000007
EL1RETIREGRANT1|plan|ns=235069181195416|pid=79579|fault=0x600020d000|base=0x600020d000|len=0x1f3000|perms=0x3|generation=31
EL1RETIREGRANT1|fault|ns=235069181197375|pid=79579|far=0x600020d000|esr=0x92000007
EL1RETIREGRANT1|fault|ns=235069181200291|pid=79579|far=0x600020e000|esr=0x92000007
EL1RETIREGRANT1|plan|ns=235069181201000|pid=79579|fault=0x600020e000|base=0x600020e000|len=0x1f2000|perms=0x3|generation=32
EL1RETIREGRANT1|fault|ns=235069181202875|pid=79579|far=0x600020e000|esr=0x92000007
EL1RETIREGRANT1|fault|ns=235069181205583|pid=79579|far=0x600020f000|esr=0x92000007
EL1RETIREGRANT1|plan|ns=235069181206291|pid=79579|fault=0x600020f000|base=0x600020f000|len=0x1f1000|perms=0x3|generation=33
EL1RETIREGRANT1|fault|ns=235069181208166|pid=79579|far=0x600020f000|esr=0x92000007
EL1RETIREGRANT1|fault|ns=235069181274916|pid=79579|far=0x60003f8000|esr=0x93c98007
EL1RETIREGRANT1|fault|ns=235069181289666|pid=79579|far=0x60003f9000|esr=0x92000007
EL1RETIREGRANT1|plan|ns=235069181290666|pid=79579|fault=0x60003f9000|base=0x60003f9000|len=0x7000|perms=0x3|generation=34
EL1RETIREGRANT1|fault|ns=235069181292958|pid=79579|far=0x60003f9000|esr=0x92000007
EL1RETIREGRANT1|fault|ns=235069181296083|pid=79579|far=0x60003fa000|esr=0x92000007
EL1RETIREGRANT1|plan|ns=235069181296750|pid=79579|fault=0x60003fa000|base=0x60003fa000|len=0x6000|perms=0x3|generation=35
EL1RETIREGRANT1|fault|ns=235069181299000|pid=79579|far=0x60003fa000|esr=0x92000007
EL1RETIREGRANT1|fault|ns=235069181301791|pid=79579|far=0x60003fb000|esr=0x92000007
EL1RETIREGRANT1|plan|ns=235069181302458|pid=79579|fault=0x60003fb000|base=0x60003fb000|len=0x5000|perms=0x3|generation=36
EL1RETIREGRANT1|fault|ns=235069181304416|pid=79579|far=0x60003fb000|esr=0x92000007
EL1RETIREGRANT1|fault|ns=235069181307125|pid=79579|far=0x60003fc000|esr=0x92000007
EL1RETIREGRANT1|plan|ns=235069181307791|pid=79579|fault=0x60003fc000|base=0x60003fc000|len=0x4000|perms=0x3|generation=37
EL1RETIREGRANT1|fault|ns=235069181309833|pid=79579|far=0x60003fc000|esr=0x92000007
EL1RETIREGRANT1|fault|ns=235069181313791|pid=79579|far=0x60003fd000|esr=0x92000007
EL1RETIREGRANT1|plan|ns=235069181314500|pid=79579|fault=0x60003fd000|base=0x60003fd000|len=0x3000|perms=0x3|generation=38
EL1RETIREGRANT1|fault|ns=235069181316500|pid=79579|far=0x60003fd000|esr=0x92000007
EL1RETIREGRANT1|fault|ns=235069181319250|pid=79579|far=0x60003fe000|esr=0x92000007
EL1RETIREGRANT1|plan|ns=235069181319916|pid=79579|fault=0x60003fe000|base=0x60003fe000|len=0x2000|perms=0x3|generation=39
EL1RETIREGRANT1|fault|ns=235069181321833|pid=79579|far=0x60003fe000|esr=0x92000007
EL1RETIREGRANT1|fault|ns=235069181324541|pid=79579|far=0x60003ff000|esr=0x92000007
EL1RETIREGRANT1|plan|ns=235069181325208|pid=79579|fault=0x60003ff000|base=0x60003ff000|len=0x1000|perms=0x3|generation=40
EL1RETIREGRANT1|fault|ns=235069181327125|pid=79579|far=0x60003ff000|esr=0x92000007
EL1RETIREGRANT1|fault|ns=235069181330000|pid=79579|far=0x6000400000|esr=0x93c98007
EL1RETIREGRANT1|fault|ns=235069181345541|pid=79579|far=0x6000400000|esr=0x93c98007
EL1RETIREGRANT1|fault|ns=235069181352041|pid=79579|far=0x6000401000|esr=0x92000007
EL1RETIREGRANT1|plan|ns=235069181352833|pid=79579|fault=0x6000401000|base=0x6000401000|len=0x4000|perms=0x3|generation=41
EL1RETIREGRANT1|fault|ns=235069181355333|pid=79579|far=0x6000401000|esr=0x92000007
EL1RETIREGRANT1|fault|ns=235069181358375|pid=79579|far=0x6000402000|esr=0x92000007
EL1RETIREGRANT1|plan|ns=235069181359125|pid=79579|fault=0x6000402000|base=0x6000402000|len=0x3000|perms=0x3|generation=42
EL1RETIREGRANT1|fault|ns=235069181361166|pid=79579|far=0x6000402000|esr=0x92000007
EL1RETIREGRANT1|fault|ns=235069181364625|pid=79579|far=0x6000403000|esr=0x92000007
EL1RETIREGRANT1|plan|ns=235069181365375|pid=79579|fault=0x6000403000|base=0x6000403000|len=0x2000|perms=0x3|generation=43
EL1RETIREGRANT1|fault|ns=235069181367416|pid=79579|far=0x6000403000|esr=0x92000007
EL1RETIREGRANT1|fault|ns=235069181370333|pid=79579|far=0x6000404000|esr=0x92000007
EL1RETIREGRANT1|plan|ns=235069181371041|pid=79579|fault=0x6000404000|base=0x6000404000|len=0x1000|perms=0x3|generation=44
EL1RETIREGRANT1|fault|ns=235069181373083|pid=79579|far=0x6000404000|esr=0x92000007
EL1RETIREGRANT1|fault|ns=235069181391625|pid=79579|far=0x6000405000|esr=0x92000047
EL1RETIREGRANT1|plan|ns=235069181392416|pid=79579|fault=0x6000405000|base=0x6000405000|len=0x1000|perms=0x3|generation=45
EL1RETIREGRANT1|stage2|ns=235069181397625|pid=79579|phase=0|ipa=0x9b401fc000|len=0x4000|host=0x11c3f8000|perms=0x7
EL1RETIREGRANT1|stage2|ns=235069182028625|pid=79579|phase=1|ipa=0x9b40008000|len=0x4000|host=0x0|perms=0x0
EL1RETIREGRANT1|stage2|ns=235069182036791|pid=79579|phase=1|ipa=0x9b4000c000|len=0x1f0000|host=0x0|perms=0x0
EL1RETIREGRANT1|fault|ns=235069182058375|pid=79579|far=0x600040502c|esr=0x92000005
EL1RETIREGRANT1|fault|ns=235069182062875|pid=79579|far=0x600040502c|esr=0x92000005
EL1RETIREGRANT1|fault|ns=235069182077041|pid=79579|far=0x6000002c00|esr=0x92000045
EL1RETIREGRANT1|fault|ns=235069182080166|pid=79579|far=0x6000002c00|esr=0x92000045
EL1RETIREGRANT1|stage2|ns=235069183274458|pid=79579|phase=1|ipa=0x200000|len=0xb0000|host=0x0|perms=0x0
EL1RETIREGRANT1|stage2|ns=235069183276125|pid=79579|phase=1|ipa=0x2b0000|len=0x4000|host=0x0|perms=0x0
EL1RETIREGRANT1|stage2|ns=235069183277541|pid=79579|phase=1|ipa=0x2cffff0000|len=0x4000|host=0x0|perms=0x0
EL1RETIREGRANT1|stage2|ns=235069183284000|pid=79579|phase=1|ipa=0x2d00020000|len=0x1c0000|host=0x0|perms=0x0
EL1RETIREGRANT1|stage2|ns=235069183285041|pid=79579|phase=1|ipa=0x2d001e4000|len=0x4000|host=0x0|perms=0x0
EL1RETIREGRANT1|stage2|ns=235069183289625|pid=79579|phase=1|ipa=0x2e00000000|len=0x4000|host=0x0|perms=0x0
EL1RETIREGRANT1|stage2|ns=235069183290625|pid=79579|phase=1|ipa=0x2e00010000|len=0x4000|host=0x0|perms=0x0
EL1RETIREGRANT1|stage2|ns=235069183291541|pid=79579|phase=1|ipa=0x2e00020000|len=0x4000|host=0x0|perms=0x0
EL1RETIREGRANT1|stage2|ns=235069183292375|pid=79579|phase=1|ipa=0x3000000000|len=0x4000|host=0x0|perms=0x0
EL1RETIREGRANT1|stage2|ns=235069183293500|pid=79579|phase=1|ipa=0x3000004000|len=0x4000|host=0x0|perms=0x0
EL1RETIREGRANT1|stage2|ns=235069183307791|pid=79579|phase=1|ipa=0x4000000000|len=0x8000000|host=0x0|perms=0x0
EL1RETIREGRANT1|stage2|ns=235069183311750|pid=79579|phase=1|ipa=0x9000000000|len=0x80000000|host=0x0|perms=0x0
EL1RETIREGRANT1|stage2|ns=235069183315250|pid=79579|phase=1|ipa=0x9800000000|len=0x80000000|host=0x0|perms=0x0
EL1RETIREGRANT1|stage2|ns=235069183317583|pid=79579|phase=1|ipa=0x9b40000000|len=0x8000|host=0x0|perms=0x0
EL1RETIREGRANT1|stage2|ns=235069183321625|pid=79579|phase=1|ipa=0x9b401fc000|len=0x4000|host=0x0|perms=0x0
EL1RETIREGRANT1|stage2|ns=235069183331291|pid=79579|phase=1|ipa=0xffff7f0000|len=0x800000|host=0x0|perms=0x0
EL1RETIREGRANT1|summary|faults=90|plans=45|maps=10|unmaps=24|target_exited=1|errors=0|drops=0
