
running 1 test
test vcpu_loop::exec::tests::invalid_inotify_worker_operations_cost ... resident_poll wrapped=true worker_ops=true sample=0 ns_per_pair=1069.9698181152344
resident_poll wrapped=true worker_ops=true sample=1 ns_per_pair=1071.5420989990234
resident_poll wrapped=true worker_ops=true sample=2 ns_per_pair=1066.6847229003906
resident_poll wrapped=true worker_ops=true sample=3 ns_per_pair=1070.0931549072266
resident_poll wrapped=true worker_ops=true sample=4 ns_per_pair=1071.2496337890625
resident_poll wrapped=true worker_ops=true sample=5 ns_per_pair=1071.93310546875
resident_poll wrapped=true worker_ops=true sample=6 ns_per_pair=1067.7267761230469
resident_poll wrapped=true worker_ops=true sample=7 ns_per_pair=1069.7943420410156
resident_poll wrapped=true worker_ops=true sample=8 ns_per_pair=1064.9642944335938
resident_poll wrapped=true worker_ops=true sample=9 ns_per_pair=1068.3116912841797
resident_poll wrapped=true worker_ops=true sample=10 ns_per_pair=1071.9693450927734
resident_poll wrapped=true worker_ops=true sample=11 ns_per_pair=1071.1809692382813
resident_poll wrapped=true worker_ops=true sample=12 ns_per_pair=1069.3880767822266
resident_poll wrapped=true worker_ops=true sample=13 ns_per_pair=1069.6697235107422
resident_poll wrapped=true worker_ops=true sample=14 ns_per_pair=1069.8585510253906
resident_poll wrapped=true worker_ops=true sample=15 ns_per_pair=1068.8756256103516
resident_poll wrapped=true worker_ops=true sample=16 ns_per_pair=1070.1065063476563
resident_poll wrapped=true worker_ops=true sample=17 ns_per_pair=1070.5038757324219
resident_poll wrapped=true worker_ops=true sample=18 ns_per_pair=1073.2975006103516
resident_poll wrapped=true worker_ops=true sample=19 ns_per_pair=1066.0584716796875
resident_poll wrapped=true worker_ops=true sample=20 ns_per_pair=1066.6363983154297
ok

test result: ok. 1 passed; 0 failed; 0 ignored; 0 measured; 599 filtered out; finished in 1.54s

