
running 1 test
test vcpu_loop::exec::tests::invalid_inotify_worker_operations_cost ... resident_poll wrapped=true worker_ops=true sample=0 ns_per_pair=1063.4542999267578
resident_poll wrapped=true worker_ops=true sample=1 ns_per_pair=1061.5793914794922
resident_poll wrapped=true worker_ops=true sample=2 ns_per_pair=1062.8306121826172
resident_poll wrapped=true worker_ops=true sample=3 ns_per_pair=1061.2449645996094
resident_poll wrapped=true worker_ops=true sample=4 ns_per_pair=1061.4242553710938
resident_poll wrapped=true worker_ops=true sample=5 ns_per_pair=1061.8419647216797
resident_poll wrapped=true worker_ops=true sample=6 ns_per_pair=1062.9024505615234
resident_poll wrapped=true worker_ops=true sample=7 ns_per_pair=1062.890365600586
resident_poll wrapped=true worker_ops=true sample=8 ns_per_pair=1061.978012084961
resident_poll wrapped=true worker_ops=true sample=9 ns_per_pair=1061.0574035644531
resident_poll wrapped=true worker_ops=true sample=10 ns_per_pair=1062.6392364501953
resident_poll wrapped=true worker_ops=true sample=11 ns_per_pair=1063.2095336914063
resident_poll wrapped=true worker_ops=true sample=12 ns_per_pair=1060.0992736816406
resident_poll wrapped=true worker_ops=true sample=13 ns_per_pair=1060.8660278320313
resident_poll wrapped=true worker_ops=true sample=14 ns_per_pair=1063.4085235595703
resident_poll wrapped=true worker_ops=true sample=15 ns_per_pair=1061.7669372558594
resident_poll wrapped=true worker_ops=true sample=16 ns_per_pair=1061.682373046875
resident_poll wrapped=true worker_ops=true sample=17 ns_per_pair=1063.8440399169922
resident_poll wrapped=true worker_ops=true sample=18 ns_per_pair=1062.0746612548828
resident_poll wrapped=true worker_ops=true sample=19 ns_per_pair=1064.1377716064453
resident_poll wrapped=true worker_ops=true sample=20 ns_per_pair=1065.9192352294922
ok

test result: ok. 1 passed; 0 failed; 0 ignored; 0 measured; 599 filtered out; finished in 1.53s

