
running 1 test
test vcpu_loop::exec::tests::invalid_inotify_quantum_wrapper_cost ... resident_poll wrapped=true worker_ops=false sample=0 ns_per_pair=1005.2903442382813
resident_poll wrapped=true worker_ops=false sample=1 ns_per_pair=1001.8208770751953
resident_poll wrapped=true worker_ops=false sample=2 ns_per_pair=1002.3606719970703
resident_poll wrapped=true worker_ops=false sample=3 ns_per_pair=1004.9877166748047
resident_poll wrapped=true worker_ops=false sample=4 ns_per_pair=1001.5048980712891
resident_poll wrapped=true worker_ops=false sample=5 ns_per_pair=1003.9564819335938
resident_poll wrapped=true worker_ops=false sample=6 ns_per_pair=994.8806762695313
resident_poll wrapped=true worker_ops=false sample=7 ns_per_pair=997.9216156005859
resident_poll wrapped=true worker_ops=false sample=8 ns_per_pair=1002.8044281005859
resident_poll wrapped=true worker_ops=false sample=9 ns_per_pair=1002.3199615478516
resident_poll wrapped=true worker_ops=false sample=10 ns_per_pair=1004.1186065673828
resident_poll wrapped=true worker_ops=false sample=11 ns_per_pair=999.6891021728516
resident_poll wrapped=true worker_ops=false sample=12 ns_per_pair=1003.8840026855469
resident_poll wrapped=true worker_ops=false sample=13 ns_per_pair=1001.6117095947266
resident_poll wrapped=true worker_ops=false sample=14 ns_per_pair=1003.9514007568359
resident_poll wrapped=true worker_ops=false sample=15 ns_per_pair=1003.2761840820313
resident_poll wrapped=true worker_ops=false sample=16 ns_per_pair=999.7698516845703
resident_poll wrapped=true worker_ops=false sample=17 ns_per_pair=1003.1115264892578
resident_poll wrapped=true worker_ops=false sample=18 ns_per_pair=1002.3689270019531
resident_poll wrapped=true worker_ops=false sample=19 ns_per_pair=1001.9423065185547
resident_poll wrapped=true worker_ops=false sample=20 ns_per_pair=1001.4330596923828
ok

test result: ok. 1 passed; 0 failed; 0 ignored; 0 measured; 599 filtered out; finished in 1.45s

