HVPATCH4CPU|summary|status=ok|target_exited=1|root_seen=1|timed_out=0|saw_service=1|errors=0
HVPATCH4CPU|service-begin-population|count=650758
HVPATCH4CPU|service-completion-population|count=650758
HVPATCH4CPU|root|guest_pid=1|guest_tid=1|asid=1|count=1
HVPATCH4CPU|cpu=all|samples=4796
HVPATCH4CPU|cpu=user|samples=359
HVPATCH4CPU|cpu=kernel|samples=4437
HVPATCH4CPU|linux-call|nr=24|count=1
HVPATCH4CPU|linux-call|nr=26|count=1
HVPATCH4CPU|linux-call|nr=29|count=1
HVPATCH4CPU|linux-call|nr=34|count=1
HVPATCH4CPU|linux-call|nr=43|count=1
HVPATCH4CPU|linux-call|nr=46|count=1
HVPATCH4CPU|linux-call|nr=49|count=1
HVPATCH4CPU|linux-call|nr=54|count=1
HVPATCH4CPU|linux-call|nr=59|count=1
HVPATCH4CPU|linux-call|nr=98|count=1
HVPATCH4CPU|linux-call|nr=107|count=1
HVPATCH4CPU|linux-call|nr=110|count=1
HVPATCH4CPU|linux-call|nr=113|count=1
HVPATCH4CPU|linux-call|nr=123|count=1
HVPATCH4CPU|linux-call|nr=160|count=1
HVPATCH4CPU|linux-call|nr=227|count=1
HVPATCH4CPU|linux-call|nr=53|count=2
HVPATCH4CPU|linux-call|nr=61|count=2
HVPATCH4CPU|linux-call|nr=133|count=2
HVPATCH4CPU|linux-call|nr=154|count=2
HVPATCH4CPU|linux-call|nr=17|count=3
HVPATCH4CPU|linux-call|nr=35|count=3
HVPATCH4CPU|linux-call|nr=174|count=3
HVPATCH4CPU|linux-call|nr=177|count=3
HVPATCH4CPU|linux-call|nr=103|count=4
HVPATCH4CPU|linux-call|nr=176|count=4
HVPATCH4CPU|linux-call|nr=25|count=5
HVPATCH4CPU|linux-call|nr=94|count=5
HVPATCH4CPU|linux-call|nr=96|count=6
HVPATCH4CPU|linux-call|nr=175|count=6
HVPATCH4CPU|linux-call|nr=220|count=6
HVPATCH4CPU|linux-call|nr=278|count=6
HVPATCH4CPU|linux-call|nr=293|count=6
HVPATCH4CPU|linux-call|nr=173|count=7
HVPATCH4CPU|linux-call|nr=129|count=8
HVPATCH4CPU|linux-call|nr=139|count=8
HVPATCH4CPU|linux-call|nr=261|count=8
HVPATCH4CPU|linux-call|nr=99|count=9
HVPATCH4CPU|linux-call|nr=221|count=9
HVPATCH4CPU|linux-call|nr=48|count=13
HVPATCH4CPU|linux-call|nr=79|count=16
HVPATCH4CPU|linux-call|nr=135|count=17
HVPATCH4CPU|linux-call|nr=214|count=18
HVPATCH4CPU|linux-call|nr=260|count=18
HVPATCH4CPU|linux-call|nr=63|count=19
HVPATCH4CPU|linux-call|nr=215|count=20
HVPATCH4CPU|linux-call|nr=226|count=25
HVPATCH4CPU|linux-call|nr=80|count=36
HVPATCH4CPU|linux-call|nr=57|count=44
HVPATCH4CPU|linux-call|nr=222|count=52
HVPATCH4CPU|linux-call|nr=56|count=56
HVPATCH4CPU|linux-call|nr=134|count=121
HVPATCH4CPU|linux-call|nr=28|count=162533
HVPATCH4CPU|linux-call|nr=62|count=162533
HVPATCH4CPU|linux-call|nr=27|count=162534
HVPATCH4CPU|linux-call|nr=64|count=162570
HVPATCH4CPU|linux-duration-ns|nr=177|value=999
HVPATCH4CPU|linux-duration-ns|nr=123|value=1042
HVPATCH4CPU|linux-duration-ns|nr=113|value=1375
HVPATCH4CPU|linux-duration-ns|nr=174|value=1666
HVPATCH4CPU|linux-duration-ns|nr=176|value=1835
HVPATCH4CPU|linux-duration-ns|nr=160|value=2333
HVPATCH4CPU|linux-duration-ns|nr=96|value=2459
HVPATCH4CPU|linux-duration-ns|nr=98|value=2625
HVPATCH4CPU|linux-duration-ns|nr=175|value=2833
HVPATCH4CPU|linux-duration-ns|nr=293|value=2875
HVPATCH4CPU|linux-duration-ns|nr=59|value=2959
HVPATCH4CPU|linux-duration-ns|nr=220|value=3541
HVPATCH4CPU|linux-duration-ns|nr=24|value=3666
HVPATCH4CPU|linux-duration-ns|nr=99|value=3833
HVPATCH4CPU|linux-duration-ns|nr=173|value=4501
HVPATCH4CPU|linux-duration-ns|nr=107|value=4750
HVPATCH4CPU|linux-duration-ns|nr=133|value=5082
HVPATCH4CPU|linux-duration-ns|nr=29|value=5250
HVPATCH4CPU|linux-duration-ns|nr=43|value=5416
HVPATCH4CPU|linux-duration-ns|nr=25|value=6625
HVPATCH4CPU|linux-duration-ns|nr=227|value=7084
HVPATCH4CPU|linux-duration-ns|nr=17|value=7790
HVPATCH4CPU|linux-duration-ns|nr=154|value=8041
HVPATCH4CPU|linux-duration-ns|nr=261|value=8251
HVPATCH4CPU|linux-duration-ns|nr=110|value=13834
HVPATCH4CPU|linux-duration-ns|nr=46|value=14250
HVPATCH4CPU|linux-duration-ns|nr=278|value=18416
HVPATCH4CPU|linux-duration-ns|nr=49|value=23625
HVPATCH4CPU|linux-duration-ns|nr=135|value=24876
HVPATCH4CPU|linux-duration-ns|nr=26|value=28667
HVPATCH4CPU|linux-duration-ns|nr=103|value=42708
HVPATCH4CPU|linux-duration-ns|nr=54|value=58042
HVPATCH4CPU|linux-duration-ns|nr=63|value=59252
HVPATCH4CPU|linux-duration-ns|nr=80|value=62002
HVPATCH4CPU|linux-duration-ns|nr=57|value=66375
HVPATCH4CPU|linux-duration-ns|nr=34|value=91625
HVPATCH4CPU|linux-duration-ns|nr=53|value=106792
HVPATCH4CPU|linux-duration-ns|nr=226|value=191502
HVPATCH4CPU|linux-duration-ns|nr=215|value=275628
HVPATCH4CPU|linux-duration-ns|nr=35|value=282708
HVPATCH4CPU|linux-duration-ns|nr=94|value=405127
HVPATCH4CPU|linux-duration-ns|nr=79|value=405416
HVPATCH4CPU|linux-duration-ns|nr=139|value=420291
HVPATCH4CPU|linux-duration-ns|nr=214|value=475334
HVPATCH4CPU|linux-duration-ns|nr=61|value=479875
HVPATCH4CPU|linux-duration-ns|nr=134|value=498380
HVPATCH4CPU|linux-duration-ns|nr=129|value=521792
HVPATCH4CPU|linux-duration-ns|nr=48|value=589917
HVPATCH4CPU|linux-duration-ns|nr=222|value=852750
HVPATCH4CPU|linux-duration-ns|nr=221|value=1156043
HVPATCH4CPU|linux-duration-ns|nr=260|value=1287959
HVPATCH4CPU|linux-duration-ns|nr=56|value=1480038
HVPATCH4CPU|linux-duration-ns|nr=62|value=769808360
HVPATCH4CPU|linux-duration-ns|nr=28|value=1542873973
HVPATCH4CPU|linux-duration-ns|nr=27|value=2502068240
HVPATCH4CPU|linux-duration-ns|nr=64|value=3374236333
HVPATCH4CPU|linux-max-duration-ns|nr=177|value=375
HVPATCH4CPU|linux-max-duration-ns|nr=96|value=500
HVPATCH4CPU|linux-max-duration-ns|nr=174|value=625
HVPATCH4CPU|linux-max-duration-ns|nr=176|value=625
HVPATCH4CPU|linux-max-duration-ns|nr=293|value=708
HVPATCH4CPU|linux-max-duration-ns|nr=175|value=750
HVPATCH4CPU|linux-max-duration-ns|nr=123|value=1042
HVPATCH4CPU|linux-max-duration-ns|nr=173|value=1167
HVPATCH4CPU|linux-max-duration-ns|nr=99|value=1250
HVPATCH4CPU|linux-max-duration-ns|nr=113|value=1375
HVPATCH4CPU|linux-max-duration-ns|nr=220|value=1375
HVPATCH4CPU|linux-max-duration-ns|nr=160|value=2333
HVPATCH4CPU|linux-max-duration-ns|nr=261|value=2334
HVPATCH4CPU|linux-max-duration-ns|nr=25|value=2583
HVPATCH4CPU|linux-max-duration-ns|nr=98|value=2625
HVPATCH4CPU|linux-max-duration-ns|nr=133|value=2791
HVPATCH4CPU|linux-max-duration-ns|nr=59|value=2959
HVPATCH4CPU|linux-max-duration-ns|nr=17|value=3291
HVPATCH4CPU|linux-max-duration-ns|nr=135|value=3292
HVPATCH4CPU|linux-max-duration-ns|nr=24|value=3666
HVPATCH4CPU|linux-max-duration-ns|nr=107|value=4750
HVPATCH4CPU|linux-max-duration-ns|nr=278|value=4917
HVPATCH4CPU|linux-max-duration-ns|nr=154|value=5083
HVPATCH4CPU|linux-max-duration-ns|nr=29|value=5250
HVPATCH4CPU|linux-max-duration-ns|nr=43|value=5416
HVPATCH4CPU|linux-max-duration-ns|nr=227|value=7084
HVPATCH4CPU|linux-max-duration-ns|nr=57|value=8750
HVPATCH4CPU|linux-max-duration-ns|nr=63|value=8833
HVPATCH4CPU|linux-max-duration-ns|nr=80|value=10500
HVPATCH4CPU|linux-max-duration-ns|nr=110|value=13834
HVPATCH4CPU|linux-max-duration-ns|nr=46|value=14250
HVPATCH4CPU|linux-max-duration-ns|nr=103|value=19166
HVPATCH4CPU|linux-max-duration-ns|nr=49|value=23625
HVPATCH4CPU|linux-max-duration-ns|nr=26|value=28667
HVPATCH4CPU|linux-max-duration-ns|nr=215|value=57709
HVPATCH4CPU|linux-max-duration-ns|nr=54|value=58042
HVPATCH4CPU|linux-max-duration-ns|nr=222|value=58500
HVPATCH4CPU|linux-max-duration-ns|nr=226|value=62042
HVPATCH4CPU|linux-max-duration-ns|nr=53|value=62167
HVPATCH4CPU|linux-max-duration-ns|nr=34|value=91625
HVPATCH4CPU|linux-max-duration-ns|nr=79|value=116292
HVPATCH4CPU|linux-max-duration-ns|nr=35|value=120083
HVPATCH4CPU|linux-max-duration-ns|nr=48|value=127125
HVPATCH4CPU|linux-max-duration-ns|nr=56|value=139833
HVPATCH4CPU|linux-max-duration-ns|nr=221|value=201875
HVPATCH4CPU|linux-max-duration-ns|nr=94|value=399292
HVPATCH4CPU|linux-max-duration-ns|nr=61|value=405125
HVPATCH4CPU|linux-max-duration-ns|nr=134|value=409334
HVPATCH4CPU|linux-max-duration-ns|nr=139|value=414916
HVPATCH4CPU|linux-max-duration-ns|nr=214|value=430291
HVPATCH4CPU|linux-max-duration-ns|nr=260|value=432459
HVPATCH4CPU|linux-max-duration-ns|nr=129|value=450792
HVPATCH4CPU|linux-max-duration-ns|nr=62|value=469916
HVPATCH4CPU|linux-max-duration-ns|nr=28|value=1244709
HVPATCH4CPU|linux-max-duration-ns|nr=64|value=1286792
HVPATCH4CPU|linux-max-duration-ns|nr=27|value=1377541
HVPATCH4CPU|section=linux-task-duration
HVPATCH4CPU|guest_pid=4|guest_tid=4|asid=5|nr=173|duration_ns=833
HVPATCH4CPU|guest_pid=5|guest_tid=5|asid=6|nr=261|duration_ns=833
HVPATCH4CPU|guest_pid=2|guest_tid=2|asid=2|nr=261|duration_ns=834
HVPATCH4CPU|guest_pid=4|guest_tid=4|asid=5|nr=261|duration_ns=834
HVPATCH4CPU|guest_pid=5|guest_tid=5|asid=7|nr=94|duration_ns=875
HVPATCH4CPU|guest_pid=5|guest_tid=5|asid=7|nr=261|duration_ns=875
HVPATCH4CPU|guest_pid=1|guest_tid=1|asid=1|nr=173|duration_ns=917
HVPATCH4CPU|guest_pid=4|guest_tid=4|asid=5|nr=94|duration_ns=959
HVPATCH4CPU|guest_pid=1|guest_tid=1|asid=1|nr=139|duration_ns=1000
HVPATCH4CPU|guest_pid=4|guest_tid=4|asid=5|nr=175|duration_ns=1000
HVPATCH4CPU|guest_pid=3|guest_tid=3|asid=4|nr=220|duration_ns=1041
HVPATCH4CPU|guest_pid=6|guest_tid=6|asid=8|nr=123|duration_ns=1042
HVPATCH4CPU|guest_pid=1|guest_tid=1|asid=1|nr=175|duration_ns=1166
HVPATCH4CPU|guest_pid=3|guest_tid=3|asid=3|nr=99|duration_ns=1250
HVPATCH4CPU|guest_pid=3|guest_tid=3|asid=4|nr=17|duration_ns=1333
HVPATCH4CPU|guest_pid=4|guest_tid=4|asid=5|nr=139|duration_ns=1334
HVPATCH4CPU|guest_pid=1|guest_tid=1|asid=1|nr=220|duration_ns=1375
HVPATCH4CPU|guest_pid=6|guest_tid=6|asid=8|nr=113|duration_ns=1375
HVPATCH4CPU|guest_pid=5|guest_tid=5|asid=5|nr=135|duration_ns=1584
HVPATCH4CPU|guest_pid=5|guest_tid=5|asid=6|nr=25|duration_ns=1791
HVPATCH4CPU|guest_pid=2|guest_tid=2|asid=2|nr=94|duration_ns=1959
HVPATCH4CPU|guest_pid=5|guest_tid=5|asid=7|nr=48|duration_ns=1959
HVPATCH4CPU|guest_pid=4|guest_tid=4|asid=4|nr=135|duration_ns=2000
HVPATCH4CPU|guest_pid=3|guest_tid=3|asid=4|nr=94|duration_ns=2042
HVPATCH4CPU|guest_pid=5|guest_tid=5|asid=6|nr=48|duration_ns=2167
HVPATCH4CPU|guest_pid=5|guest_tid=5|asid=6|nr=278|duration_ns=2167
HVPATCH4CPU|guest_pid=6|guest_tid=6|asid=8|nr=173|duration_ns=2209
HVPATCH4CPU|guest_pid=6|guest_tid=7|asid=8|nr=135|duration_ns=2250
HVPATCH4CPU|guest_pid=5|guest_tid=5|asid=7|nr=278|duration_ns=2292
HVPATCH4CPU|guest_pid=3|guest_tid=3|asid=4|nr=139|duration_ns=2333
HVPATCH4CPU|guest_pid=3|guest_tid=3|asid=4|nr=160|duration_ns=2333
HVPATCH4CPU|guest_pid=1|guest_tid=1|asid=1|nr=261|duration_ns=2334
HVPATCH4CPU|guest_pid=5|guest_tid=5|asid=6|nr=80|duration_ns=2417
HVPATCH4CPU|guest_pid=6|guest_tid=6|asid=8|nr=63|duration_ns=2417
HVPATCH4CPU|guest_pid=3|guest_tid=3|asid=4|nr=261|duration_ns=2541
HVPATCH4CPU|guest_pid=4|guest_tid=4|asid=5|nr=63|duration_ns=2542
HVPATCH4CPU|guest_pid=6|guest_tid=6|asid=8|nr=57|duration_ns=2584
HVPATCH4CPU|guest_pid=2|guest_tid=2|asid=2|nr=98|duration_ns=2625
HVPATCH4CPU|guest_pid=4|guest_tid=4|asid=5|nr=57|duration_ns=2625
HVPATCH4CPU|guest_pid=2|guest_tid=2|asid=2|nr=278|duration_ns=2791
HVPATCH4CPU|guest_pid=3|guest_tid=3|asid=4|nr=135|duration_ns=2792
HVPATCH4CPU|guest_pid=3|guest_tid=3|asid=4|nr=278|duration_ns=2916
HVPATCH4CPU|guest_pid=6|guest_tid=6|asid=8|nr=154|duration_ns=2958
HVPATCH4CPU|guest_pid=3|guest_tid=3|asid=4|nr=59|duration_ns=2959
HVPATCH4CPU|guest_pid=5|guest_tid=5|asid=6|nr=57|duration_ns=3042
HVPATCH4CPU|guest_pid=6|guest_tid=6|asid=8|nr=80|duration_ns=3042
HVPATCH4CPU|guest_pid=4|guest_tid=4|asid=5|nr=80|duration_ns=3084
HVPATCH4CPU|guest_pid=4|guest_tid=4|asid=5|nr=17|duration_ns=3166
HVPATCH4CPU|guest_pid=4|guest_tid=4|asid=5|nr=135|duration_ns=3167
HVPATCH4CPU|guest_pid=6|guest_tid=6|asid=8|nr=135|duration_ns=3168
HVPATCH4CPU|guest_pid=2|guest_tid=2|asid=2|nr=135|duration_ns=3290
HVPATCH4CPU|guest_pid=1|guest_tid=1|asid=1|nr=17|duration_ns=3291
HVPATCH4CPU|guest_pid=2|guest_tid=2|asid=1|nr=135|duration_ns=3292
HVPATCH4CPU|guest_pid=1|guest_tid=1|asid=1|nr=135|duration_ns=3333
HVPATCH4CPU|guest_pid=4|guest_tid=4|asid=5|nr=278|duration_ns=3333
HVPATCH4CPU|guest_pid=4|guest_tid=4|asid=4|nr=24|duration_ns=3666
HVPATCH4CPU|guest_pid=2|guest_tid=2|asid=2|nr=63|duration_ns=3709
HVPATCH4CPU|guest_pid=2|guest_tid=2|asid=2|nr=48|duration_ns=4167
HVPATCH4CPU|guest_pid=5|guest_tid=5|asid=7|nr=80|duration_ns=4210
HVPATCH4CPU|guest_pid=4|guest_tid=4|asid=5|nr=48|duration_ns=4416
HVPATCH4CPU|guest_pid=5|guest_tid=5|asid=6|nr=63|duration_ns=4417
HVPATCH4CPU|guest_pid=5|guest_tid=5|asid=6|nr=134|duration_ns=4458
HVPATCH4CPU|guest_pid=1|guest_tid=1|asid=1|nr=80|duration_ns=4625
HVPATCH4CPU|guest_pid=5|guest_tid=5|asid=7|nr=57|duration_ns=4666
HVPATCH4CPU|guest_pid=2|guest_tid=2|asid=2|nr=107|duration_ns=4750
HVPATCH4CPU|guest_pid=3|guest_tid=3|asid=4|nr=25|duration_ns=4834
HVPATCH4CPU|guest_pid=1|guest_tid=1|asid=1|nr=278|duration_ns=4917
HVPATCH4CPU|guest_pid=6|guest_tid=6|asid=8|nr=222|duration_ns=4917
HVPATCH4CPU|guest_pid=6|guest_tid=6|asid=8|nr=134|duration_ns=4959
HVPATCH4CPU|guest_pid=2|guest_tid=2|asid=2|nr=133|duration_ns=5082
HVPATCH4CPU|guest_pid=2|guest_tid=2|asid=2|nr=154|duration_ns=5083
HVPATCH4CPU|guest_pid=4|guest_tid=4|asid=5|nr=134|duration_ns=5083
HVPATCH4CPU|guest_pid=3|guest_tid=3|asid=3|nr=134|duration_ns=5084
HVPATCH4CPU|guest_pid=3|guest_tid=3|asid=4|nr=29|duration_ns=5250
HVPATCH4CPU|guest_pid=5|guest_tid=5|asid=7|nr=63|duration_ns=5293
HVPATCH4CPU|guest_pid=3|guest_tid=3|asid=4|nr=43|duration_ns=5416
HVPATCH4CPU|guest_pid=2|guest_tid=2|asid=2|nr=260|duration_ns=6208
HVPATCH4CPU|guest_pid=5|guest_tid=5|asid=7|nr=134|duration_ns=6835
HVPATCH4CPU|guest_pid=5|guest_tid=5|asid=6|nr=214|duration_ns=6916
HVPATCH4CPU|guest_pid=3|guest_tid=3|asid=4|nr=227|duration_ns=7084
HVPATCH4CPU|guest_pid=2|guest_tid=2|asid=2|nr=214|duration_ns=7583
HVPATCH4CPU|guest_pid=4|guest_tid=4|asid=5|nr=214|duration_ns=7959
HVPATCH4CPU|guest_pid=5|guest_tid=5|asid=7|nr=214|duration_ns=8167
HVPATCH4CPU|guest_pid=3|guest_tid=3|asid=4|nr=214|duration_ns=8709
HVPATCH4CPU|guest_pid=1|guest_tid=1|asid=1|nr=63|duration_ns=8833
HVPATCH4CPU|guest_pid=1|guest_tid=1|asid=1|nr=57|duration_ns=10083
HVPATCH4CPU|guest_pid=1|guest_tid=1|asid=1|nr=134|duration_ns=10999
HVPATCH4CPU|guest_pid=4|guest_tid=4|asid=5|nr=260|duration_ns=11291
HVPATCH4CPU|guest_pid=3|guest_tid=3|asid=4|nr=79|duration_ns=11667
HVPATCH4CPU|guest_pid=2|guest_tid=2|asid=2|nr=110|duration_ns=13834
HVPATCH4CPU|guest_pid=3|guest_tid=3|asid=4|nr=46|duration_ns=14250
HVPATCH4CPU|guest_pid=3|guest_tid=3|asid=4|nr=80|duration_ns=15374
HVPATCH4CPU|guest_pid=5|guest_tid=5|asid=6|nr=79|duration_ns=15958
HVPATCH4CPU|guest_pid=2|guest_tid=2|asid=2|nr=57|duration_ns=16166
HVPATCH4CPU|guest_pid=6|guest_tid=6|asid=8|nr=129|duration_ns=16834
HVPATCH4CPU|guest_pid=2|guest_tid=2|asid=2|nr=134|duration_ns=17418
HVPATCH4CPU|guest_pid=5|guest_tid=5|asid=7|nr=64|duration_ns=17791
HVPATCH4CPU|guest_pid=5|guest_tid=5|asid=6|nr=226|duration_ns=18458
HVPATCH4CPU|guest_pid=2|guest_tid=2|asid=2|nr=226|duration_ns=19542
HVPATCH4CPU|guest_pid=5|guest_tid=5|asid=7|nr=226|duration_ns=19709
HVPATCH4CPU|guest_pid=4|guest_tid=4|asid=5|nr=226|duration_ns=20250
HVPATCH4CPU|guest_pid=3|guest_tid=3|asid=4|nr=226|duration_ns=22084
HVPATCH4CPU|guest_pid=3|guest_tid=3|asid=4|nr=49|duration_ns=23625
HVPATCH4CPU|guest_pid=5|guest_tid=5|asid=6|nr=215|duration_ns=24417
HVPATCH4CPU|guest_pid=4|guest_tid=4|asid=5|nr=215|duration_ns=25959
HVPATCH4CPU|guest_pid=5|guest_tid=5|asid=7|nr=215|duration_ns=26166
HVPATCH4CPU|guest_pid=3|guest_tid=3|asid=4|nr=57|duration_ns=27209
HVPATCH4CPU|guest_pid=2|guest_tid=2|asid=2|nr=215|duration_ns=27625
HVPATCH4CPU|guest_pid=4|guest_tid=4|asid=4|nr=134|duration_ns=28086
HVPATCH4CPU|guest_pid=6|guest_tid=6|asid=8|nr=26|duration_ns=28667
HVPATCH4CPU|guest_pid=2|guest_tid=2|asid=2|nr=80|duration_ns=29250
HVPATCH4CPU|guest_pid=1|guest_tid=1|asid=1|nr=226|duration_ns=29417
HVPATCH4CPU|guest_pid=3|guest_tid=3|asid=4|nr=63|duration_ns=32041
HVPATCH4CPU|guest_pid=3|guest_tid=3|asid=4|nr=129|duration_ns=33083
HVPATCH4CPU|guest_pid=4|guest_tid=4|asid=5|nr=56|duration_ns=41458
HVPATCH4CPU|guest_pid=3|guest_tid=3|asid=4|nr=103|duration_ns=42708
HVPATCH4CPU|guest_pid=1|guest_tid=1|asid=1|nr=48|duration_ns=44125
HVPATCH4CPU|guest_pid=5|guest_tid=5|asid=6|nr=56|duration_ns=47165
HVPATCH4CPU|guest_pid=1|guest_tid=1|asid=1|nr=215|duration_ns=49293
HVPATCH4CPU|guest_pid=3|guest_tid=3|asid=4|nr=54|duration_ns=58042
HVPATCH4CPU|guest_pid=6|guest_tid=6|asid=8|nr=226|duration_ns=62042
HVPATCH4CPU|guest_pid=6|guest_tid=6|asid=8|nr=48|duration_ns=64917
HVPATCH4CPU|guest_pid=5|guest_tid=5|asid=7|nr=56|duration_ns=67293
HVPATCH4CPU|guest_pid=4|guest_tid=4|asid=5|nr=79|duration_ns=75040
HVPATCH4CPU|guest_pid=6|guest_tid=6|asid=8|nr=79|duration_ns=75542
HVPATCH4CPU|guest_pid=3|guest_tid=3|asid=4|nr=34|duration_ns=91625
HVPATCH4CPU|guest_pid=2|guest_tid=2|asid=1|nr=221|duration_ns=104250
HVPATCH4CPU|guest_pid=3|guest_tid=3|asid=4|nr=53|duration_ns=106792
HVPATCH4CPU|guest_pid=5|guest_tid=5|asid=6|nr=222|duration_ns=108584
HVPATCH4CPU|guest_pid=5|guest_tid=5|asid=7|nr=222|duration_ns=110332
HVPATCH4CPU|guest_pid=1|guest_tid=1|asid=1|nr=56|duration_ns=110583
HVPATCH4CPU|guest_pid=5|guest_tid=5|asid=5|nr=221|duration_ns=120875
HVPATCH4CPU|guest_pid=3|guest_tid=3|asid=4|nr=215|duration_ns=122168
HVPATCH4CPU|guest_pid=4|guest_tid=4|asid=5|nr=222|duration_ns=124459
HVPATCH4CPU|guest_pid=4|guest_tid=4|asid=4|nr=221|duration_ns=126709
HVPATCH4CPU|guest_pid=3|guest_tid=3|asid=4|nr=222|duration_ns=154125
HVPATCH4CPU|guest_pid=6|guest_tid=6|asid=8|nr=56|duration_ns=154959
HVPATCH4CPU|guest_pid=1|guest_tid=1|asid=1|nr=222|duration_ns=155584
HVPATCH4CPU|guest_pid=2|guest_tid=2|asid=2|nr=222|duration_ns=194749
HVPATCH4CPU|guest_pid=3|guest_tid=3|asid=3|nr=221|duration_ns=201875
HVPATCH4CPU|guest_pid=1|guest_tid=1|asid=1|nr=79|duration_ns=227209
HVPATCH4CPU|guest_pid=3|guest_tid=3|asid=4|nr=35|duration_ns=282708
HVPATCH4CPU|guest_pid=3|guest_tid=3|asid=4|nr=56|duration_ns=367999
HVPATCH4CPU|guest_pid=1|guest_tid=1|asid=1|nr=94|duration_ns=399292
HVPATCH4CPU|guest_pid=3|guest_tid=3|asid=4|nr=134|duration_ns=415458
HVPATCH4CPU|guest_pid=2|guest_tid=2|asid=2|nr=139|duration_ns=415624
HVPATCH4CPU|guest_pid=1|guest_tid=1|asid=1|nr=260|duration_ns=427626
HVPATCH4CPU|guest_pid=1|guest_tid=1|asid=1|nr=214|duration_ns=436000
HVPATCH4CPU|guest_pid=3|guest_tid=3|asid=4|nr=48|duration_ns=468166
HVPATCH4CPU|guest_pid=2|guest_tid=2|asid=2|nr=129|duration_ns=471875
HVPATCH4CPU|guest_pid=3|guest_tid=3|asid=4|nr=61|duration_ns=479875
HVPATCH4CPU|guest_pid=5|guest_tid=5|asid=6|nr=221|duration_ns=602334
HVPATCH4CPU|guest_pid=2|guest_tid=2|asid=2|nr=56|duration_ns=690581
HVPATCH4CPU|guest_pid=6|guest_tid=6|asid=8|nr=64|duration_ns=838084
HVPATCH4CPU|guest_pid=3|guest_tid=3|asid=4|nr=260|duration_ns=842834
HVPATCH4CPU|guest_pid=3|guest_tid=3|asid=4|nr=64|duration_ns=1550168
HVPATCH4CPU|guest_pid=6|guest_tid=7|asid=8|nr=62|duration_ns=769808360
HVPATCH4CPU|guest_pid=6|guest_tid=6|asid=8|nr=28|duration_ns=1542873973
HVPATCH4CPU|guest_pid=6|guest_tid=6|asid=8|nr=27|duration_ns=2502068240
HVPATCH4CPU|guest_pid=6|guest_tid=7|asid=8|nr=64|duration_ns=3371830290
HVPATCH4CPU|section=user-modules
HVPATCH4CPU|user-module=libdyld.dylib|samples=1
HVPATCH4CPU|user-module=0x19a37e77c|samples=1
HVPATCH4CPU|user-module=0x23230d390|samples=1
HVPATCH4CPU|user-module=0x23230d39c|samples=1
HVPATCH4CPU|user-module=0x23230d3cc|samples=1
HVPATCH4CPU|user-module=libsystem_c.dylib|samples=4
HVPATCH4CPU|user-module=libsystem_platform.dylib|samples=8
HVPATCH4CPU|user-module=libsystem_malloc.dylib|samples=22
HVPATCH4CPU|user-module=libsystem_kernel.dylib|samples=33
HVPATCH4CPU|user-module=Hypervisor|samples=34
HVPATCH4CPU|user-module=carrick|samples=253
HVPATCH4CPU|user-symbol=carrick`carrick_kernel::kernel::operations::identity::_$LT$impl$u20$carrick_kernel..kernel..core..Kernel$GT$::task_identity::head1f02d849e2e7a|samples=1
HVPATCH4CPU|user-symbol=carrick`carrick_kernel::kernel::core::KernelContext::from_parts::he68ab2dc2cb2682e|samples=1
HVPATCH4CPU|user-symbol=carrick`carrick_kernel::dispatch::resources::files_finished::h7820baef22885726|samples=1
HVPATCH4CPU|user-symbol=carrick`carrick_kernel::dispatch::resources::rlimits::h3b1f3f868ca14011|samples=1
HVPATCH4CPU|user-symbol=carrick`std::thread::local::LocalKey$LT$T$GT$::with::h5f56297d94f0f143|samples=1
HVPATCH4CPU|user-symbol=carrick`_$LT$carrick_kernel..kernel..objects..FileTableFunctionalLease$u20$as$u20$core..ops..drop..Drop$GT$::drop::h408cf743c9c5f138|samples=1
HVPATCH4CPU|user-symbol=carrick`carrick_thread::thread::ThreadRegistry::set_thread_state::h929e0cbf064b0f3b|samples=1
HVPATCH4CPU|user-symbol=carrick`carrick_vfs::vfs::dentry::DentryCache::bump_mutation::h15ba952d62cb6d5e|samples=1
HVPATCH4CPU|user-symbol=carrick`carrick_vfs::vfs::dentry::DentryCache::inode_changed::hd21f5b2cdcd0031a|samples=1
HVPATCH4CPU|user-symbol=carrick`hashbrown::raw::RawTable$LT$T$C$A$GT$::remove_entry::hb6c7d2768740b8cc|samples=1
HVPATCH4CPU|user-symbol=carrick`carrick_vfs::pathcodec::encode_bytes::h4b854fe26ca3f1ae|samples=1
HVPATCH4CPU|user-symbol=carrick`carrick_observability::probes::real::guest_mem_copy::hecf69271620da125|samples=1
HVPATCH4CPU|user-symbol=carrick`carrick_observability::probes::real::vcpu_trap::h26b17c97e2b09fc4|samples=1
HVPATCH4CPU|user-symbol=carrick`carrick_hal::threaded::InGuestFlag::enter_guest::h0239380971f0fff3|samples=1
HVPATCH4CPU|user-symbol=carrick`_$LT$carrick_hal..threaded..GenericVcpuRegistry$u20$as$u20$carrick_hal..threaded..VcpuRegistry$GT$::kernel_wake_debt_for::h0496a840f15d1a6f|samples=1
HVPATCH4CPU|user-symbol=carrick`carrick_signal_core::xsig::xsig_has_unblocked_for_self::ha0384c9d546e1e60|samples=1
HVPATCH4CPU|user-symbol=carrick`carrick_host::guest_cpu::begin_active::h05ac88fa9263a23b|samples=1
HVPATCH4CPU|user-symbol=carrick`carrick_host::clock::host_clock_uptime_ns::h831269c98b2b3199|samples=1
HVPATCH4CPU|user-symbol=carrick`carrick_kernel_arena::arena::KernelArena::init_global::h4d7b17d254d8316d|samples=1
HVPATCH4CPU|user-symbol=carrick`carrick_mem::page_table::PageTableManager::translate_with_invalid_leaf::h1b947f582caf0355|samples=1
HVPATCH4CPU|user-symbol=carrick`carrick_abi::syscall::lookup_aarch64::h32bd22b7de21043c|samples=1
HVPATCH4CPU|user-symbol=carrick`carrick_guest_mem::protections::MemoryProtections::range_no_access::h3fc15c510be93559|samples=1
HVPATCH4CPU|user-symbol=carrick`regex_automata::nfa::thompson::compiler::Utf8Compiler::compile_from::h020c6390a15d0bbc|samples=1
HVPATCH4CPU|user-symbol=carrick`regex_automata::nfa::thompson::builder::Builder::add::hc6929afdacfc9646|samples=1
HVPATCH4CPU|user-symbol=carrick`regex_automata::nfa::thompson::builder::Builder::build::h8e2e25851b634860|samples=1
HVPATCH4CPU|user-symbol=carrick`_RNvMNtNtNtNtCsaLOjE9VYtxK_3std3sys3pal4unix4timeNtB2_8Timespec3now|samples=1
HVPATCH4CPU|user-symbol=carrick`_RNvNtCsaLOjE9VYtxK_3std3env7__var_os|samples=1
HVPATCH4CPU|user-symbol=carrick`_RNvNtNtNtCsaLOjE9VYtxK_3std3sys3env4unix13env_read_lock|samples=1
HVPATCH4CPU|user-symbol=carrick`_RNvMNtCs8dnTdrJsiec_5alloc6stringNtB2_6String15from_utf8_lossy|samples=1
HVPATCH4CPU|user-symbol=carrick`_RNvXs4_NtCs8dnTdrJsiec_5alloc6stringNtB5_6StringNtNtCs6sq8b9ugfBC_4core5clone5Clone5clone|samples=1
HVPATCH4CPU|user-symbol=carrick`_RNvXsZ_NtCs8dnTdrJsiec_5alloc6stringNtB5_6StringNtNtCs6sq8b9ugfBC_4core3fmt5Write9write_str|samples=1
HVPATCH4CPU|user-symbol=carrick`_RNvMs3_NtNtCs6sq8b9ugfBC_4core3ffi5c_strNtB5_4CStr19from_bytes_with_nul|samples=1
HVPATCH4CPU|user-symbol=carrick`_RINvNvMs2_NtCs8dnTdrJsiec_5alloc7raw_vecINtB8_11RawVecInnerpE7reserve21do_reserve_and_handleNtNtBa_5alloc6GlobalEBa_|samples=1
HVPATCH4CPU|user-symbol=carrick`DYLD-STUB$$free|samples=1
HVPATCH4CPU|user-symbol=carrick`DYLD-STUB$$hv_vcpu_get_reg|samples=1
HVPATCH4CPU|user-symbol=carrick`DYLD-STUB$$memcpy|samples=1
HVPATCH4CPU|user-symbol=libdyld.dylib`_tlv_get_addr|samples=1
HVPATCH4CPU|user-symbol=libsystem_malloc.dylib`szone_malloc_should_clear|samples=1
HVPATCH4CPU|user-symbol=libsystem_malloc.dylib`set_tiny_meta_header_in_use|samples=1
HVPATCH4CPU|user-symbol=libsystem_malloc.dylib`nanov2_calloc_type|samples=1
HVPATCH4CPU|user-symbol=libsystem_malloc.dylib`nanov2_malloc_type_zero_on_alloc|samples=1
HVPATCH4CPU|user-symbol=libsystem_c.dylib`clock_gettime_nsec_np|samples=1
HVPATCH4CPU|user-symbol=libsystem_kernel.dylib`mach_timebase_info|samples=1
HVPATCH4CPU|user-symbol=0x19a37e77c|samples=1
HVPATCH4CPU|user-symbol=Hypervisor`OUTLINED_FUNCTION_1|samples=1
HVPATCH4CPU|user-symbol=Hypervisor`OUTLINED_FUNCTION_11|samples=1
HVPATCH4CPU|user-symbol=Hypervisor`Hv::Vcpu::handle_exception_exit()|samples=1
HVPATCH4CPU|user-symbol=Hypervisor`Hv::Vcpu::get_system_register(HvCore::Hypervisor::HvSystemRegister const&) const|samples=1
HVPATCH4CPU|user-symbol=Hypervisor`to_hv_system_register(hv_sys_reg_t)|samples=1
HVPATCH4CPU|user-symbol=Hypervisor`Hv::Vcpu::run()|samples=1
HVPATCH4CPU|user-symbol=Hypervisor`HvCore::Hypervisor::VcpuStateManager::get_vcpu_system_register(HvCore::Hypervisor::HvSystemRegister) const|samples=1
HVPATCH4CPU|user-symbol=Hypervisor`hv_vcpu_get_reg|samples=1
HVPATCH4CPU|user-symbol=Hypervisor`hv_vcpu_set_reg|samples=1
HVPATCH4CPU|user-symbol=0x23230d390|samples=1
HVPATCH4CPU|user-symbol=0x23230d39c|samples=1
HVPATCH4CPU|user-symbol=0x23230d3cc|samples=1
HVPATCH4CPU|user-symbol=carrick`carrick_runtime::vcpu_loop::ThreadRuntimeState$LT$E$GT$::redispatch_threaded_syscall_for_executor::h1028d79bc3d21167|samples=2
HVPATCH4CPU|user-symbol=carrick`_$LT$carrick_runtime..vcpu_loop..binding..ProductionHvpatchLoopJob$LT$E$GT$$u20$as$u20$carrick_runtime..vcpu_loop..binding..ProductionHvpatchLoopPoll$GT$::poll::hf8f887a5523e5a94|samples=2
HVPATCH4CPU|user-symbol=carrick`_$LT$carrick_runtime..vcpu_loop..executor..backend..HvpatchPersistentExecutor$u20$as$u20$carrick_runtime..vcpu_loop..executor..backend..PersistentExecutor$GT$::run_until_boundary::h0fbf4d7c94378d3a|samples=2
HVPATCH4CPU|user-symbol=carrick`carrick_kernel::dispatch::fs::dispatch_fs::h26c38d212f932884|samples=2
HVPATCH4CPU|user-symbol=carrick`carrick_kernel::dispatch::resources::with_captured_resources::h9220057e8a19838e|samples=2
HVPATCH4CPU|user-symbol=carrick`_$LT$carrick_aarch64..engine..Aarch64EngineCore$LT$V$GT$$u20$as$u20$carrick_hal..trap..SyscallTrap$GT$::next_syscall::hfe841b51e1760c50|samples=2
HVPATCH4CPU|user-symbol=carrick`alloc::collections::btree::navigate::_$LT$impl$u20$alloc..collections..btree..node..NodeRef$LT$BorrowType$C$K$C$V$C$alloc..collections..btree..node..marker..LeafOrInternal$GT$$GT$::find_leaf_edges_spanning_range::h8bec6894cc16432e|samples=2
HVPATCH4CPU|user-symbol=carrick`carrick_vmm_hvf::syscall_mailbox::MailboxBinding::decode_request::hb9fc86c09aa0eac0|samples=2
HVPATCH4CPU|user-symbol=carrick`carrick_vmm_hvf::trap::global_frame::global_frame_host_owner_matches_in::h4b485b3c8b650566|samples=2
HVPATCH4CPU|user-symbol=carrick`carrick_vmm_hvf::trap::memory_protection::AliasClassIndex::containing_candidates::he0142939873c171a|samples=2
HVPATCH4CPU|user-symbol=carrick`_$LT$core..iter..adapters..rev..Rev$LT$I$GT$$u20$as$u20$core..iter..traits..iterator..Iterator$GT$::try_fold::hef012908e047d53e|samples=2
HVPATCH4CPU|user-symbol=carrick`carrick_kernel::dispatch::_$LT$impl$u20$carrick_kernel..dispatch..dispatcher..SyscallDispatcher$GT$::pt_quiesce::h4a45e08840101166|samples=2
HVPATCH4CPU|user-symbol=carrick`carrick_kernel::inotify::InotifyRegistry::register::h4c055f1569829004|samples=2
HVPATCH4CPU|user-symbol=carrick`carrick_kernel::kernel::operations::signal::_$LT$impl$u20$carrick_kernel..kernel..core..Kernel$GT$::settle_task_ptrace_stop::h01b61f11993b1f3a|samples=2
HVPATCH4CPU|user-symbol=carrick`carrick_kernel::kernel::core::KernelContext::capture::he2ce6740c00fb30b|samples=2
HVPATCH4CPU|user-symbol=carrick`carrick_kernel::kernel::core::Kernel::context::hc723d25ef0f70b3e|samples=2
HVPATCH4CPU|user-symbol=carrick`carrick_kernel::dispatch::resources::files::h130ac7a1a499b4bf|samples=2
HVPATCH4CPU|user-symbol=carrick`core::ops::function::FnOnce::call_once::hdc1ff0f5369c46b0|samples=2
HVPATCH4CPU|user-symbol=carrick`carrick_vfs::vfs::dentry::DentryCache::lookup_path::hb2dc8f10e71829d8|samples=2
HVPATCH4CPU|user-symbol=carrick`carrick_observability::compat::CompatReporter::record::h75a8908e7d71b91b|samples=2
HVPATCH4CPU|user-symbol=carrick`_RNvNvNtCs8dnTdrJsiec_5alloc3fmt6format12format_inner|samples=2
HVPATCH4CPU|user-symbol=carrick`_RNvNtNtCs6sq8b9ugfBC_4core3str8converts9from_utf8|samples=2
HVPATCH4CPU|user-symbol=libsystem_malloc.dylib`nanov2_find_block_and_allocate|samples=2
HVPATCH4CPU|user-symbol=libsystem_platform.dylib`os_unfair_lock_unlock|samples=2
HVPATCH4CPU|user-symbol=libsystem_platform.dylib`os_unfair_lock_lock|samples=2
HVPATCH4CPU|user-symbol=Hypervisor`get_vcpus_mutex()|samples=2
HVPATCH4CPU|user-symbol=Hypervisor`OUTLINED_FUNCTION_7|samples=2
HVPATCH4CPU|user-symbol=Hypervisor`Hv::Vcpu::handle_exit()|samples=2
HVPATCH4CPU|user-symbol=Hypervisor`Hv::Vcpu::get_if_owning_thread(unsigned long long)|samples=2
HVPATCH4CPU|user-symbol=carrick`carrick_kernel::dispatch::execution::_$LT$impl$u20$carrick_kernel..dispatch..dispatcher..SyscallDispatcher$GT$::dispatch_threaded_captured::h93f72781f0b702bd|samples=3
HVPATCH4CPU|user-symbol=carrick`core::ptr::drop_in_place$LT$carrick_kernel..kernel..core..KernelContext$GT$::h4b2696d5383ba273|samples=3
HVPATCH4CPU|user-symbol=carrick`carrick_runtime::vcpu_loop::binding::ProductionHvpatchLoopJob$LT$E$GT$::service_outcome::h6bb6fb152cba9cd1|samples=3
HVPATCH4CPU|user-symbol=carrick`carrick_kernel::dispatch::fs::fd_helpers::_$LT$impl$u20$carrick_kernel..dispatch..dispatcher..FsView$GT$::open_file::h921eada4e7a538c7|samples=3
HVPATCH4CPU|user-symbol=carrick`carrick_kernel::inotify::InotifyState::enqueue::h93e42330a14020dc|samples=3
HVPATCH4CPU|user-symbol=carrick`core::hash::BuildHasher::hash_one::h1476d768913aedd5|samples=3
HVPATCH4CPU|user-symbol=carrick`carrick_vfs::vfs::dentry::DentryCache::lookup_path_slow::hab4ee4f0bafce833|samples=3
HVPATCH4CPU|user-symbol=carrick`carrick_observability::probes::real::hvpatch_syscall_service::h2753ef3f45b65c06|samples=3
HVPATCH4CPU|user-symbol=libsystem_malloc.dylib`_malloc_zone_malloc|samples=3
HVPATCH4CPU|user-symbol=libsystem_c.dylib`__findenv_locked|samples=3
HVPATCH4CPU|user-symbol=Hypervisor`OUTLINED_FUNCTION_2|samples=3
HVPATCH4CPU|user-symbol=Hypervisor`OUTLINED_FUNCTION_4|samples=3
HVPATCH4CPU|user-symbol=carrick`core::ptr::drop_in_place$LT$carrick_kernel..kernel..core..KernelContext$GT$::h4b2696d5383ba273|samples=4
HVPATCH4CPU|user-symbol=carrick`_$LT$arc_swap..strategy..hybrid..HybridStrategy$LT$Cfg$GT$$u20$as$u20$arc_swap..strategy..sealed..InnerStrategy$LT$T$GT$$GT$::load::_$u7b$$u7b$closure$u7d$$u7d$::h1ac1300125568947|samples=4
HVPATCH4CPU|user-symbol=carrick`carrick_kernel::kernel::objects::task::Task::settle_ptrace_stop::h57ac7e2a7f01127c|samples=4
HVPATCH4CPU|user-symbol=carrick`carrick_kernel::dispatch::request::SyscallCompletionToken::new::h5ec077921c1b89ea|samples=4
HVPATCH4CPU|user-symbol=carrick`core::hash::BuildHasher::hash_one::h32283c2178f3d8ba|samples=4
HVPATCH4CPU|user-symbol=libsystem_malloc.dylib`_free|samples=4
HVPATCH4CPU|user-symbol=libsystem_kernel.dylib`__lseek|samples=4
HVPATCH4CPU|user-symbol=libsystem_kernel.dylib`write|samples=4
HVPATCH4CPU|user-symbol=libsystem_platform.dylib`_platform_memmove|samples=4
HVPATCH4CPU|user-symbol=carrick`carrick_runtime::vcpu_loop::binding::HvpatchLoopJob$LT$E$GT$::poll_production::h7bb8bde20d1e4c1b|samples=5
HVPATCH4CPU|user-symbol=carrick`carrick_runtime::vcpu_loop::executor::run_executor_loop::hbf7b91e9709ca397|samples=5
HVPATCH4CPU|user-symbol=carrick`carrick_runtime::vcpu_loop::signal::deliver_signal_with_restart::ha5812c5aca839779|samples=5
HVPATCH4CPU|user-symbol=carrick`<deduplicated_symbol>|samples=5
HVPATCH4CPU|user-symbol=carrick`_RNvXs2_NtNtCs6sq8b9ugfBC_4core3str5lossyNtB5_10Utf8ChunksNtNtNtNtB9_4iter6traits8iterator8Iterator4next|samples=5
HVPATCH4CPU|user-symbol=Hypervisor`hv_trap|samples=5
HVPATCH4CPU|user-symbol=Hypervisor`hv_vcpu_get_sys_reg|samples=6
HVPATCH4CPU|user-symbol=carrick`carrick_kernel::kernel::core::KernelContext::retain_exact::hf5e7b2824e4b7dda|samples=7
HVPATCH4CPU|user-symbol=carrick`_$LT$core..hash..sip..Hasher$LT$S$GT$$u20$as$u20$core..hash..Hasher$GT$::write::he1256881c8d25ed8|samples=9
HVPATCH4CPU|user-symbol=libsystem_malloc.dylib`_nanov2_free|samples=9
HVPATCH4CPU|user-symbol=carrick`carrick_runtime::vcpu_loop::ThreadRuntimeState$LT$E$GT$::service_threaded_syscall::hdf2471447231c342|samples=13
HVPATCH4CPU|user-symbol=carrick`carrick_runtime::vcpu_loop::executor::pool::ReceiptLog::record::hf9aa73ab10a87bd9|samples=13
HVPATCH4CPU|user-symbol=carrick`carrick_observability::probes::real::hvpatch_syscall_service_begin::ha149d69c79ae90f3|samples=24
HVPATCH4CPU|user-symbol=libsystem_kernel.dylib`mach_absolute_time|samples=24
HVPATCH4CPU|section=kernel-functions
HVPATCH4CPU|kernel-function=0xfffffe0028e05bd0|samples=1
HVPATCH4CPU|kernel-function=0xfffffe0028e09ff8|samples=1
HVPATCH4CPU|kernel-function=com.apple.kec.pthread`ksyn_wqfind|samples=1
HVPATCH4CPU|kernel-function=com.apple.iokit.EndpointSecurity`es::ParkTokenVector<esk_message_t, 20ul, 2000ul>::allocateTokenRaw(unsigned long, unsigned long)|samples=1
HVPATCH4CPU|kernel-function=com.apple.iokit.EndpointSecurity`spar::hash_buff(void const*, unsigned long, unsigned long long)|samples=1
HVPATCH4CPU|kernel-function=com.apple.iokit.EndpointSecurity`DYLD-STUB$$lck_rw_unlock_shared|samples=1
HVPATCH4CPU|kernel-function=com.apple.iokit.EndpointSecurity`DYLD-STUB$$vnode_mount|samples=1
HVPATCH4CPU|kernel-function=com.apple.filesystems.apfs`apfs_key_compare|samples=1
HVPATCH4CPU|kernel-function=com.apple.filesystems.apfs`fs_map_file_offset_ext|samples=1
HVPATCH4CPU|kernel-function=kernel.release.t8132`0xfffffe004d958f94|samples=1
HVPATCH4CPU|kernel-function=kernel.release.t8132`0xfffffe004d959880|samples=1
HVPATCH4CPU|kernel-function=kernel.release.t8132`0xfffffe004d9de418|samples=1
HVPATCH4CPU|kernel-function=kernel.release.t8132`0xfffffe004da27fcc|samples=1
HVPATCH4CPU|kernel-function=kernel.release.t8132`0xfffffe004da580bc|samples=1
HVPATCH4CPU|kernel-function=kernel.release.t8132`0xfffffe004db2a3b4|samples=1
HVPATCH4CPU|kernel-function=kernel.release.t8132`0xfffffe004db36f84|samples=1
HVPATCH4CPU|kernel-function=kernel.release.t8132`0xfffffe004db5ae38|samples=1
HVPATCH4CPU|kernel-function=kernel.release.t8132`cluster_write_ext|samples=1
HVPATCH4CPU|kernel-function=kernel.release.t8132`0xfffffe004dbda81c|samples=1
HVPATCH4CPU|kernel-function=kernel.release.t8132`0xfffffe004dbec26c|samples=1
HVPATCH4CPU|kernel-function=kernel.release.t8132`0xfffffe004df3828c|samples=1
HVPATCH4CPU|kernel-function=kernel.release.t8132`0xfffffe004df38674|samples=1
HVPATCH4CPU|kernel-function=kernel.release.t8132`proc_pid|samples=1
HVPATCH4CPU|kernel-function=kernel.release.t8132`0xfffffe004dfb7db8|samples=1
HVPATCH4CPU|kernel-function=kernel.release.t8132`0xfffffe004dfc204c|samples=1
HVPATCH4CPU|kernel-function=kernel.release.t8132`0xfffffe004e2ca398|samples=1
HVPATCH4CPU|kernel-function=kernel.release.t8132`0xfffffe004e2d5a60|samples=1
HVPATCH4CPU|kernel-function=kernel.release.t8132`memcpy|samples=1
HVPATCH4CPU|kernel-function=com.apple.iokit.EndpointSecurity`spar::ActionMap<172ul> es::PolicyEngine::processMuteStage<spar::SharedPtrIsh<es::EndpointSecurityClient, (spar::SharedPtrVariant)0>>(es::RoleAnswer<spar::SharedPtrIsh<es::EndpointSecurityClient, (spar::SharedPtrVariant)0>> const&, spar::BitSet<172ul> const&|samples=2
HVPATCH4CPU|kernel-function=com.apple.iokit.EndpointSecurity`spar::ActionMap<172ul>::actionMask(spar::RuleAction) const|samples=2
HVPATCH4CPU|kernel-function=com.apple.filesystems.apfs`obj_get|samples=2
HVPATCH4CPU|kernel-function=kernel.release.t8132`0xfffffe004d957ce8|samples=2
HVPATCH4CPU|kernel-function=kernel.release.t8132`0xfffffe004d9599c0|samples=2
HVPATCH4CPU|kernel-function=kernel.release.t8132`0xfffffe004d9c15a8|samples=2
HVPATCH4CPU|kernel-function=kernel.release.t8132`IORWLockRead|samples=2
HVPATCH4CPU|kernel-function=kernel.release.t8132`0xfffffe004da38cfc|samples=2
HVPATCH4CPU|kernel-function=kernel.release.t8132`0xfffffe004dc23c9c|samples=2
HVPATCH4CPU|kernel-function=kernel.release.t8132`__bzero|samples=2
HVPATCH4CPU|kernel-function=kernel.release.t8132`0xfffffe004dc23298|samples=3
HVPATCH4CPU|kernel-function=kernel.release.t8132`0xfffffe004df38424|samples=3
HVPATCH4CPU|kernel-function=com.apple.kec.pthread`psynch_cvcontinue|samples=5
HVPATCH4CPU|kernel-function=kernel.release.t8132`0xfffffe004db3a550|samples=5
HVPATCH4CPU|kernel-function=kernel.release.t8132`0xfffffe004db5e3b0|samples=6
HVPATCH4CPU|kernel-function=kernel.release.t8132`0xfffffe004e0f48ec|samples=8
HVPATCH4CPU|kernel-function=kernel.release.t8132`copyin|samples=11
HVPATCH4CPU|kernel-function=kernel.release.t8132`0xfffffe004db34ccc|samples=18
HVPATCH4CPU|kernel-function=kernel.release.t8132`0xfffffe004db5fa64|samples=48
HVPATCH4CPU|kernel-function=kernel.release.t8132`0xfffffe004db90a6c|samples=1894
HVPATCH4CPU|kernel-function=kernel.release.t8132`0xfffffe004d95aca8|samples=2388
