HVPUSERCPU|image|host_pid=21618|text_base=0x10291c000|slide=0x291c000
HVPUSERCPU|slice|samples=8254
HVPUSERCPU|stacks


              0x1034377b0
              0x102dd0754
              0x102dc8094
              0x102dcd850
              0x102dc3010
              0x102dc40d0
              0x102dc1334
              0x102e3e098
              0x102df44e4
              0x102df2b84
              0x102e22470
              0x102ee10c0
              0x1039f7f28
              0x192b2cd00
              0x192b27cec
                3

              0x1034377b0
              0x102d97ca0
              0x102d9604c
              0x102dcd1d0
              0x102dc3010
              0x102dc40d0
              0x102dc1334
              0x102e3e098
              0x102df44e4
              0x102df2b84
              0x102e22470
              0x102ee10c0
              0x1039f7f28
              0x192b2cd00
              0x192b27cec
                3

              0x103617bb0
              0x102d0d368
              0x102eb51f0
              0x102d66154
              0x102d6670c
              0x102ebc804
              0x102d674f4
              0x102d980f0
              0x102d9604c
              0x102dcd1d0
              0x102dc3010
              0x102dc40d0
              0x102dc1334
              0x102e3e098
              0x102df44e4
              0x102df2b84
              0x102e22470
              0x102ee10c0
              0x1039f7f28
              0x192b2cd00
              0x192b27cec
                3

              0x1039fddb0
              0x103640c5c
              0x103641bb8
              0x102d0d4b8
              0x102eb51f0
              0x102d66154
              0x102d6670c
              0x102ebc804
              0x102d674f4
              0x102d980f0
              0x102d9604c
              0x102dcd1d0
              0x102dc3010
              0x102dc40d0
              0x102dc1334
              0x102e3e098
              0x102df44e4
              0x102df2b84
              0x102e22470
              0x102ee10c0
              0x1039f7f28
              0x192b2cd00
              0x192b27cec
                3

              0x1929b4fb4
              0x1039da6f8
              0x1039ef77c
              0x102fe5e24
              0x102efc054
              0x102dccd70
              0x102dc3010
              0x102dc40d0
              0x102dc1334
              0x102e3e098
              0x102df44e4
              0x102df2b84
              0x102e22470
              0x102ee10c0
              0x1039f7f28
              0x192b2cd00
              0x192b27cec
                3

              0x102de17c0
              0x102dc9b5c
              0x102dcd850
              0x102dc3010
              0x102dc40d0
              0x102dc1334
              0x102e3e098
              0x102df44e4
              0x102df2b84
              0x102e22470
              0x102ee10c0
              0x1039f7f28
              0x192b2cd00
              0x192b27cec
                3

              0x10304ddc8
              0x102fe6ce0
              0x102fab0ac
              0x102fe5e10
              0x102efc054
              0x102dccd70
              0x102dc3010
              0x102dc40d0
              0x102dc1334
              0x102e3e098
              0x102df44e4
              0x102df2b84
              0x102e22470
              0x102ee10c0
              0x1039f7f28
              0x192b2cd00
              0x192b27cec
                3

              0x102dcd7cc
              0x102dc3010
              0x102dc40d0
              0x102dc1334
              0x102e3e098
              0x102df44e4
              0x102df2b84
              0x102e22470
              0x102ee10c0
              0x1039f7f28
              0x192b2cd00
              0x192b27cec
                3

              0x1034f7adc
              0x1034e642c
              0x1034a932c
              0x102ebc80c
              0x102d674f4
              0x102d980f0
              0x102d9604c
              0x102dcd1d0
              0x102dc3010
              0x102dc40d0
              0x102dc1334
              0x102e3e098
              0x102df44e4
              0x102df2b84
              0x102e22470
              0x102ee10c0
              0x1039f7f28
              0x192b2cd00
              0x192b27cec
                3

              0x102de17f8
              0x102dd0d78
              0x102dcbf90
              0x102dc3010
              0x102dc40d0
              0x102dc1334
              0x102e3e098
              0x102df44e4
              0x102df2b84
              0x102e22470
              0x102ee10c0
              0x1039f7f28
              0x192b2cd00
              0x192b27cec
                3

              0x1039f52fc
              0x1039da6e8
              0x1039ef77c
              0x102fe5e24
              0x102efc054
              0x102dccd70
              0x102dc3010
              0x102dc40d0
              0x102dc1334
              0x102e3e098
              0x102df44e4
              0x102df2b84
              0x102e22470
              0x102ee10c0
              0x1039f7f28
              0x192b2cd00
              0x192b27cec
                3

              0x192aeb50c
              0x1037469c8
              0x1032d5630
              0x102df3bf0
              0x102df2b84
              0x102e22470
              0x102ee10c0
              0x1039f7f28
              0x192b2cd00
              0x192b27cec
                4

              0x102fe5e10
              0x102efc054
              0x102dccd70
              0x102dc3010
              0x102dc40d0
              0x102dc1334
              0x102e3e098
              0x102df44e4
              0x102df2b84
              0x102e22470
              0x102ee10c0
              0x1039f7f28
              0x192b2cd00
              0x192b27cec
                4

              0x1032b8f40
              0x102dd083c
              0x102dcbf90
              0x102dc3010
              0x102dc40d0
              0x102dc1334
              0x102e3e098
              0x102df44e4
              0x102df2b84
              0x102e22470
              0x102ee10c0
              0x1039f7f28
              0x192b2cd00
              0x192b27cec
                4

              0x102efc054
              0x102dccd70
              0x102dc3010
              0x102dc40d0
              0x102dc1334
              0x102e3e098
              0x102df44e4
              0x102df2b84
              0x102e22470
              0x102ee10c0
              0x1039f7f28
              0x192b2cd00
              0x192b27cec
                4

              0x1032b1668
              0x1031c415c
              0x102dc40a0
              0x102dc1334
              0x102e3e098
              0x102df44e4
              0x102df2b84
              0x102e22470
              0x102ee10c0
              0x1039f7f28
              0x192b2cd00
              0x192b27cec
                4

              0x192aeca70
              0x103a57b08
              0x1032d7f38
              0x102d64e04
              0x102d08c2c
              0x102d09f08
              0x102cf3ac0
              0x102eb60a8
              0x102d66154
              0x102d6670c
              0x102ebc804
              0x102d674f4
              0x102d980f0
              0x102d9604c
              0x102dcd1d0
              0x102dc3010
              0x102dc40d0
              0x102dc1334
              0x102e3e098
              0x102df44e4
              0x102df2b84
              0x102e22470
              0x102ee10c0
              0x1039f7f28
                4

              0x231541a80
              0x231542824
              0x2315c147c
              0x1030879b0
              0x10304dedc
              0x102fe5ee4
              0x102d95bf8
              0x102dcd1d0
              0x102dc3010
              0x102dc40d0
              0x102dc1334
              0x102e3e098
              0x102df44e4
              0x102df2b84
              0x102e22470
              0x102ee10c0
              0x1039f7f28
              0x192b2cd00
              0x192b27cec
                4

              0x102e3e098
              0x102df44e4
              0x102df2b84
              0x102e22470
              0x102ee10c0
              0x1039f7f28
              0x192b2cd00
              0x192b27cec
                4

              0x102fe55ac
              0x102d94a44
              0x102dc7fec
              0x102dcd850
              0x102dc3010
              0x102dc40d0
              0x102dc1334
              0x102e3e098
              0x102df44e4
              0x102df2b84
              0x102e22470
              0x102ee10c0
              0x1039f7f28
              0x192b2cd00
              0x192b27cec
                4

              0x1034306d0
              0x102d97d30
              0x102d9604c
              0x102dcd1d0
              0x102dc3010
              0x102dc40d0
              0x102dc1334
              0x102e3e098
              0x102df44e4
              0x102df2b84
              0x102e22470
              0x102ee10c0
              0x1039f7f28
              0x192b2cd00
              0x192b27cec
                4

              0x1033720e4
              0x102d0d5ec
              0x102eb51f0
              0x102d66154
              0x102d6670c
              0x102ebc804
              0x102d674f4
              0x102d980f0
              0x102d9604c
              0x102dcd1d0
              0x102dc3010
              0x102dc40d0
              0x102dc1334
              0x102e3e098
              0x102df44e4
              0x102df2b84
              0x102e22470
              0x102ee10c0
              0x1039f7f28
              0x192b2cd00
              0x192b27cec
                4

              0x1032b8ce4
              0x1031c0838
              0x1031bfe68
              0x102e71188
              0x102d94450
              0x102dc8068
              0x102dcd850
              0x102dc3010
              0x102dc40d0
              0x102dc1334
              0x102e3e098
              0x102df44e4
              0x102df2b84
              0x102e22470
              0x102ee10c0
              0x1039f7f28
              0x192b2cd00
              0x192b27cec
                4

              0x1035f7bf0
              0x1035f07e4
              0x1036358b4
              0x1031141dc
              0x10311241c
              0x102d0d4d8
              0x102eb51f0
              0x102d66154
              0x102d6670c
              0x102ebc804
              0x102d674f4
              0x102d980f0
              0x102d9604c
              0x102dcd1d0
              0x102dc3010
              0x102dc40d0
              0x102dc1334
              0x102e3e098
              0x102df44e4
              0x102df2b84
              0x102e22470
              0x102ee10c0
              0x1039f7f28
              0x192b2cd00
                4

              0x1929b4ff8
              0x1039da6f8
              0x1039ef77c
              0x102fe5e24
              0x102efc054
              0x102dccd70
              0x102dc3010
              0x102dc40d0
              0x102dc1334
              0x102e3e098
              0x102df44e4
              0x102df2b84
              0x102e22470
              0x102ee10c0
              0x1039f7f28
              0x192b2cd00
              0x192b27cec
                4

              0x10336e110
              0x102d0d1a4
              0x102eb50a4
              0x102d66154
              0x102d6670c
              0x102ebc804
              0x102d674f4
              0x102d980f0
              0x102d9604c
              0x102dcd1d0
              0x102dc3010
              0x102dc40d0
              0x102dc1334
              0x102e3e098
              0x102df44e4
              0x102df2b84
              0x102e22470
              0x102ee10c0
              0x1039f7f28
              0x192b2cd00
              0x192b27cec
                5

              0x102faa734
              0x102fe5e10
              0x102efc054
              0x102dccd70
              0x102dc3010
              0x102dc40d0
              0x102dc1334
              0x102e3e098
              0x102df44e4
              0x102df2b84
              0x102e22470
              0x102ee10c0
              0x1039f7f28
              0x192b2cd00
              0x192b27cec
                5

              0x2315c147c
              0x1030879b0
              0x102faa80c
              0x102fe5e10
              0x102efc054
              0x102dccd70
              0x102dc3010
              0x102dc40d0
              0x102dc1334
              0x102e3e098
              0x102df44e4
              0x102df2b84
              0x102e22470
              0x102ee10c0
              0x1039f7f28
              0x192b2cd00
              0x192b27cec
                5

              0x1031c4188
              0x102dc40a0
              0x102dc1334
              0x102e3e098
              0x102df44e4
              0x102df2b84
              0x102e22470
              0x102ee10c0
              0x1039f7f28
              0x192b2cd00
              0x192b27cec
                5

              0x1929b4fcc
              0x1039da6f8
              0x1039ef77c
              0x102fe5e24
              0x102efc054
              0x102dccd70
              0x102dc3010
              0x102dc40d0
              0x102dc1334
              0x102e3e098
              0x102df44e4
              0x102df2b84
              0x102e22470
              0x102ee10c0
              0x1039f7f28
              0x192b2cd00
              0x192b27cec
                5

              0x102dc40d0
              0x102dc1334
              0x102e3e098
              0x102df44e4
              0x102df2b84
              0x102e22470
              0x102ee10c0
              0x1039f7f28
              0x192b2cd00
              0x192b27cec
                5

              0x1035a6fec
              0x1035a7260
              0x10359dab4
              0x102dcad34
              0x102dc3010
              0x102dc40d0
              0x102dc1334
              0x102e3e098
              0x102df44e4
              0x102df2b84
              0x102e22470
              0x102ee10c0
              0x1039f7f28
              0x192b2cd00
              0x192b27cec
                5

              0x10336e1f4
              0x103117db8
              0x102cef1f0
              0x102cf3cb8
              0x102eb60a8
              0x102d66154
              0x102d6670c
              0x102ebc804
              0x102d674f4
              0x102d980f0
              0x102d9604c
              0x102dcd1d0
              0x102dc3010
              0x102dc40d0
              0x102dc1334
              0x102e3e098
              0x102df44e4
              0x102df2b84
              0x102e22470
              0x102ee10c0
              0x1039f7f28
              0x192b2cd00
              0x192b27cec
                5

              0x103104b04
              0x102d97cb4
              0x102d9604c
              0x102dcd1d0
              0x102dc3010
              0x102dc40d0
              0x102dc1334
              0x102e3e098
              0x102df44e4
              0x102df2b84
              0x102e22470
              0x102ee10c0
              0x1039f7f28
              0x192b2cd00
              0x192b27cec
                6

              0x192ae9618
              0x102cf16cc
              0x102eb5ee8
              0x102d66154
              0x102d6670c
              0x102ebc804
              0x102d674f4
              0x102d980f0
              0x102d9604c
              0x102dcd1d0
              0x102dc3010
              0x102dc40d0
              0x102dc1334
              0x102e3e098
              0x102df44e4
              0x102df2b84
              0x102e22470
              0x102ee10c0
              0x1039f7f28
              0x192b2cd00
              0x192b27cec
                6

              0x1032b1d4c
              0x103437c38
              0x1034428d0
              0x10310c34c
              0x102d95b18
              0x102dcd1d0
              0x102dc3010
              0x102dc40d0
              0x102dc1334
              0x102e3e098
              0x102df44e4
              0x102df2b84
              0x102e22470
              0x102ee10c0
              0x1039f7f28
              0x192b2cd00
              0x192b27cec
                6

              0x1032dca1c
              0x102d95f58
              0x102dcd1d0
              0x102dc3010
              0x102dc40d0
              0x102dc1334
              0x102e3e098
              0x102df44e4
              0x102df2b84
              0x102e22470
              0x102ee10c0
              0x1039f7f28
              0x192b2cd00
              0x192b27cec
                7

              0x102d95f5c
              0x102dcd1d0
              0x102dc3010
              0x102dc40d0
              0x102dc1334
              0x102e3e098
              0x102df44e4
              0x102df2b84
              0x102e22470
              0x102ee10c0
              0x1039f7f28
              0x192b2cd00
              0x192b27cec
                7

              0x103a08fa4
              0x103a0ee70
              0x103a08a14
              0x1035faa38
              0x1035f07e4
              0x1036358b4
              0x1031141dc
              0x10311241c
              0x102d0d4d8
              0x102eb51f0
              0x102d66154
              0x102d6670c
              0x102ebc804
              0x102d674f4
              0x102d980f0
              0x102d9604c
              0x102dcd1d0
              0x102dc3010
              0x102dc40d0
              0x102dc1334
              0x102e3e098
              0x102df44e4
              0x102df2b84
              0x102e22470
                7

              0x1929b4fd4
              0x1039da6f8
              0x1039ef77c
              0x102fe5e24
              0x102efc054
              0x102dccd70
              0x102dc3010
              0x102dc40d0
              0x102dc1334
              0x102e3e098
              0x102df44e4
              0x102df2b84
              0x102e22470
              0x102ee10c0
              0x1039f7f28
              0x192b2cd00
              0x192b27cec
                7

              0x102d95b7c
              0x102dcd1d0
              0x102dc3010
              0x102dc40d0
              0x102dc1334
              0x102e3e098
              0x102df44e4
              0x102df2b84
              0x102e22470
              0x102ee10c0
              0x1039f7f28
              0x192b2cd00
              0x192b27cec
                8

              0x103113e30
              0x102d0d10c
              0x102eb50a4
              0x102d66154
              0x102d6670c
              0x102ebc804
              0x102d674f4
              0x102d980f0
              0x102d9604c
              0x102dcd1d0
              0x102dc3010
              0x102dc40d0
              0x102dc1334
              0x102e3e098
              0x102df44e4
              0x102df2b84
              0x102e22470
              0x102ee10c0
              0x1039f7f28
              0x192b2cd00
              0x192b27cec
                9

              0x103437774
              0x102d95b74
              0x102dcd1d0
              0x102dc3010
              0x102dc40d0
              0x102dc1334
              0x102e3e098
              0x102df44e4
              0x102df2b84
              0x102e22470
              0x102ee10c0
              0x1039f7f28
              0x192b2cd00
              0x192b27cec
                9

              0x1031182b8
              0x103148cbc
              0x102ebb410
              0x102d666ac
              0x102ebc804
              0x102d674f4
              0x102d980f0
              0x102d9604c
              0x102dcd1d0
              0x102dc3010
              0x102dc40d0
              0x102dc1334
              0x102e3e098
              0x102df44e4
              0x102df2b84
              0x102e22470
              0x102ee10c0
              0x1039f7f28
              0x192b2cd00
              0x192b27cec
                9

              0x192ae80f8
              0x1929c3100
              0x1039dc1b4
              0x1039db8d0
              0x102efc05c
              0x102dccd70
              0x102dc3010
              0x102dc40d0
              0x102dc1334
              0x102e3e098
              0x102df44e4
              0x102df2b84
              0x102e22470
              0x102ee10c0
              0x1039f7f28
              0x192b2cd00
              0x192b27cec
                9

              0x102f517a4
              0x1030719a4
              0x102f6bdd8
              0x10307f534
              0x102f72bf8
              0x102f71948
              0x102ef8d44
              0x102cf395c
              0x102eb60a8
              0x102d66154
              0x102d6670c
              0x102ebc804
              0x102d674f4
              0x102d980f0
              0x102d9604c
              0x102dcd1d0
              0x102dc3010
              0x102dc40d0
              0x102dc1334
              0x102e3e098
              0x102df44e4
              0x102df2b84
              0x102e22470
              0x102ee10c0
               11

              0x10365c7c0
              0x102d95d60
              0x102dcd1d0
              0x102dc3010
              0x102dc40d0
              0x102dc1334
              0x102e3e098
              0x102df44e4
              0x102df2b84
              0x102e22470
              0x102ee10c0
              0x1039f7f28
              0x192b2cd00
              0x192b27cec
               12

              0x102df46ec
              0x102df2b84
              0x102e22470
              0x102ee10c0
              0x1039f7f28
              0x192b2cd00
              0x192b27cec
               12

              0x192ae80f8
              0x1929c3100
              0x1039dc1b4
              0x1039db8d0
              0x102efc040
              0x102dccd70
              0x102dc3010
              0x102dc40d0
              0x102dc1334
              0x102e3e098
              0x102df44e4
              0x102df2b84
              0x102e22470
              0x102ee10c0
              0x1039f7f28
              0x192b2cd00
              0x192b27cec
               12

              0x192ae80f8
              0x1929c3100
              0x1039dc1b4
              0x102efc02c
              0x102dccd70
              0x102dc3010
              0x102dc40d0
              0x102dc1334
              0x102e3e098
              0x102df44e4
              0x102df2b84
              0x102e22470
              0x102ee10c0
              0x1039f7f28
              0x192b2cd00
              0x192b27cec
               13

              0x192ae80f8
              0x1929c3100
              0x1039dc1b4
              0x1039db8d0
              0x1036a3ae0
              0x102efc038
              0x102dccd70
              0x102dc3010
              0x102dc40d0
              0x102dc1334
              0x102e3e098
              0x102df44e4
              0x102df2b84
              0x102e22470
              0x102ee10c0
              0x1039f7f28
              0x192b2cd00
              0x192b27cec
               15

              0x192aeb50c
              0x1037469c8
              0x1032d4f5c
              0x102df3bf0
              0x102df2b84
              0x102e22470
              0x102ee10c0
              0x1039f7f28
              0x192b2cd00
              0x192b27cec
               16

              0x231549930
              0x231545ae4
              0x103087d90
              0x102faa734
              0x102fe5e10
              0x102efc054
              0x102dccd70
              0x102dc3010
              0x102dc40d0
              0x102dc1334
              0x102e3e098
              0x102df44e4
              0x102df2b84
              0x102e22470
              0x102ee10c0
              0x1039f7f28
              0x192b2cd00
              0x192b27cec
               16

              0x1034da6d0
              0x1032bfde0
              0x102ebc570
              0x102d674f4
              0x102d980f0
              0x102d9604c
              0x102dcd1d0
              0x102dc3010
              0x102dc40d0
              0x102dc1334
              0x102e3e098
              0x102df44e4
              0x102df2b84
              0x102e22470
              0x102ee10c0
              0x1039f7f28
              0x192b2cd00
              0x192b27cec
               18

              0x192ae80f8
              0x1929c3100
              0x1036a76e0
              0x1032bd100
              0x102dccd64
              0x102dc3010
              0x102dc40d0
              0x102dc1334
              0x102e3e098
              0x102df44e4
              0x102df2b84
              0x102e22470
              0x102ee10c0
              0x1039f7f28
              0x192b2cd00
              0x192b27cec
               19

              0x102d95b2c
              0x102dcd1d0
              0x102dc3010
              0x102dc40d0
              0x102dc1334
              0x102e3e098
              0x102df44e4
              0x102df2b84
              0x102e22470
              0x102ee10c0
              0x1039f7f28
              0x192b2cd00
              0x192b27cec
               23

              0x102e1d9e8
              0x102df4ad4
              0x102df2b84
              0x102e22470
              0x102ee10c0
              0x1039f7f28
              0x192b2cd00
              0x192b27cec
               25

              0x192ae961c
              0x102cf16cc
              0x102eb5ee8
              0x102d66154
              0x102d6670c
              0x102ebc804
              0x102d674f4
              0x102d980f0
              0x102d9604c
              0x102dcd1d0
              0x102dc3010
              0x102dc40d0
              0x102dc1334
              0x102e3e098
              0x102df44e4
              0x102df2b84
              0x102e22470
              0x102ee10c0
              0x1039f7f28
              0x192b2cd00
              0x192b27cec
               37

              0x192aeb838
              0x102ceeff8
              0x102cf3cb8
              0x102eb60a8
              0x102d66154
              0x102d6670c
              0x102ebc804
              0x102d674f4
              0x102d980f0
              0x102d9604c
              0x102dcd1d0
              0x102dc3010
              0x102dc40d0
              0x102dc1334
              0x102e3e098
              0x102df44e4
              0x102df2b84
              0x102e22470
              0x102ee10c0
              0x1039f7f28
              0x192b2cd00
              0x192b27cec
              202

              0x231549934
              0x231545ae4
              0x103087d90
              0x102faa734
              0x102fe5e10
              0x102efc054
              0x102dccd70
              0x102dc3010
              0x102dc40d0
              0x102dc1334
              0x102e3e098
              0x102df44e4
              0x102df2b84
              0x102e22470
              0x102ee10c0
              0x1039f7f28
              0x192b2cd00
              0x192b27cec
             7066
HVPUSERCPU|slice|samples=17060
HVPUSERCPU|stacks


              0x1032df9c4
              0x1032dc96c
              0x102d94ac4
              0x102dc7fec
              0x102dcd850
              0x102dc3010
              0x102dc40d0
              0x102dc1334
              0x102e3e098
              0x102df44e4
              0x102df2b84
              0x102e22470
              0x102ee10c0
              0x1039f7f28
              0x192b2cd00
              0x192b27cec
                3

              0x1032ceac8
              0x102df4ae0
              0x102df2b84
              0x102e22470
              0x102ee10c0
              0x1039f7f28
              0x192b2cd00
              0x192b27cec
                3

              0x1034306d0
              0x102d97d30
              0x102d9604c
              0x102dcd1d0
              0x102dc3010
              0x102dc40d0
              0x102dc1334
              0x102e3e098
              0x102df44e4
              0x102df2b84
              0x102e22470
              0x102ee10c0
              0x1039f7f28
              0x192b2cd00
              0x192b27cec
                3

              0x10303f5d0
              0x10307b1f8
              0x102f6bd7c
              0x10307f534
              0x102f72bf8
              0x102f71948
              0x102ef8d44
              0x102ed5b8c
              0x102d0d310
              0x102eb51f0
              0x102d66154
              0x102d6670c
              0x102ebc804
              0x102d674f4
              0x102d980f0
              0x102d9604c
              0x102dcd1d0
              0x102dc3010
              0x102dc40d0
              0x102dc1334
              0x102e3e098
              0x102df44e4
              0x102df2b84
              0x102e22470
                3

              0x10360ebd4
              0x1035f2fe4
              0x102cef148
              0x102cf3cb8
              0x102eb60a8
              0x102d66154
              0x102d6670c
              0x102ebc804
              0x102d674f4
              0x102d980f0
              0x102d9604c
              0x102dcd1d0
              0x102dc3010
              0x102dc40d0
              0x102dc1334
              0x102e3e098
              0x102df44e4
              0x102df2b84
              0x102e22470
              0x102ee10c0
              0x1039f7f28
              0x192b2cd00
              0x192b27cec
                3

              0x231545ae4
              0x103087d90
              0x102faa734
              0x102fe5e10
              0x102efc054
              0x102dccd70
              0x102dc3010
              0x102dc40d0
              0x102dc1334
              0x102e3e098
              0x102df44e4
              0x102df2b84
              0x102e22470
              0x102ee10c0
              0x1039f7f28
              0x192b2cd00
              0x192b27cec
                3

              0x2315409e8
              0x1030879b0
              0x102fe6c60
              0x102fab0ac
              0x102fe5e10
              0x102efc054
              0x102dccd70
              0x102dc3010
              0x102dc40d0
              0x102dc1334
              0x102e3e098
              0x102df44e4
              0x102df2b84
              0x102e22470
              0x102ee10c0
              0x1039f7f28
              0x192b2cd00
              0x192b27cec
                3

              0x102de17f8
              0x102dd0d78
              0x102dc8094
              0x102dcd850
              0x102dc3010
              0x102dc40d0
              0x102dc1334
              0x102e3e098
              0x102df44e4
              0x102df2b84
              0x102e22470
              0x102ee10c0
              0x1039f7f28
              0x192b2cd00
              0x192b27cec
                3

              0x1039f52fc
              0x1039da6e8
              0x1039ef77c
              0x102fe5e24
              0x102efc054
              0x102dccd70
              0x102dc3010
              0x102dc40d0
              0x102dc1334
              0x102e3e098
              0x102df44e4
              0x102df2b84
              0x102e22470
              0x102ee10c0
              0x1039f7f28
              0x192b2cd00
              0x192b27cec
                3

              0x102fe5e10
              0x102efc054
              0x102dccd70
              0x102dc3010
              0x102dc40d0
              0x102dc1334
              0x102e3e098
              0x102df44e4
              0x102df2b84
              0x102e22470
              0x102ee10c0
              0x1039f7f28
              0x192b2cd00
              0x192b27cec
                4

              0x10336e110
              0x102d0d1a4
              0x102eb50a4
              0x102d66154
              0x102d6670c
              0x102ebc804
              0x102d674f4
              0x102d980f0
              0x102d9604c
              0x102dcd1d0
              0x102dc3010
              0x102dc40d0
              0x102dc1334
              0x102e3e098
              0x102df44e4
              0x102df2b84
              0x102e22470
              0x102ee10c0
              0x1039f7f28
              0x192b2cd00
              0x192b27cec
                4

              0x1032b7330
              0x103424ec0
              0x102dd082c
              0x102dcbf90
              0x102dc3010
              0x102dc40d0
              0x102dc1334
              0x102e3e098
              0x102df44e4
              0x102df2b84
              0x102e22470
              0x102ee10c0
              0x1039f7f28
              0x192b2cd00
              0x192b27cec
                4

              0x102dc1334
              0x102e3e098
              0x102df44e4
              0x102df2b84
              0x102e22470
              0x102ee10c0
              0x1039f7f28
              0x192b2cd00
              0x192b27cec
                4

              0x102f51738
              0x1030719a4
              0x102f6bdd8
              0x10307f534
              0x102f72bf8
              0x102f71948
              0x102ef8d44
              0x102cf395c
              0x102eb60a8
              0x102d66154
              0x102d6670c
              0x102ebc804
              0x102d674f4
              0x102d980f0
              0x102d9604c
              0x102dcd1d0
              0x102dc3010
              0x102dc40d0
              0x102dc1334
              0x102e3e098
              0x102df44e4
              0x102df2b84
              0x102e22470
              0x102ee10c0
                4

              0x10307c474
              0x102fe6ce0
              0x102fab0ac
              0x102fe5e10
              0x102efc054
              0x102dccd70
              0x102dc3010
              0x102dc40d0
              0x102dc1334
              0x102e3e098
              0x102df44e4
              0x102df2b84
              0x102e22470
              0x102ee10c0
              0x1039f7f28
              0x192b2cd00
              0x192b27cec
                4

              0x231541a80
              0x231542824
              0x2315c147c
              0x1030879b0
              0x10304dedc
              0x102fe5ee4
              0x102d95bf8
              0x102dcd1d0
              0x102dc3010
              0x102dc40d0
              0x102dc1334
              0x102e3e098
              0x102df44e4
              0x102df2b84
              0x102e22470
              0x102ee10c0
              0x1039f7f28
              0x192b2cd00
              0x192b27cec
                4

              0x1929b4f88
              0x1039da6f8
              0x1039ef77c
              0x102fe5e24
              0x102efc054
              0x102dccd70
              0x102dc3010
              0x102dc40d0
              0x102dc1334
              0x102e3e098
              0x102df44e4
              0x102df2b84
              0x102e22470
              0x102ee10c0
              0x1039f7f28
              0x192b2cd00
              0x192b27cec
                4

              0x102d6668c
              0x102ebc804
              0x102d674f4
              0x102d980f0
              0x102d9604c
              0x102dcd1d0
              0x102dc3010
              0x102dc40d0
              0x102dc1334
              0x102e3e098
              0x102df44e4
              0x102df2b84
              0x102e22470
              0x102ee10c0
              0x1039f7f28
              0x192b2cd00
              0x192b27cec
                4

              0x103087d90
              0x102faa734
              0x102fe5e10
              0x102efc054
              0x102dccd70
              0x102dc3010
              0x102dc40d0
              0x102dc1334
              0x102e3e098
              0x102df44e4
              0x102df2b84
              0x102e22470
              0x102ee10c0
              0x1039f7f28
              0x192b2cd00
              0x192b27cec
                4

              0x10307c4a8
              0x102fe6ce0
              0x102fab0ac
              0x102fe5e10
              0x102efc054
              0x102dccd70
              0x102dc3010
              0x102dc40d0
              0x102dc1334
              0x102e3e098
              0x102df44e4
              0x102df2b84
              0x102e22470
              0x102ee10c0
              0x1039f7f28
              0x192b2cd00
              0x192b27cec
                4

              0x1929b4fb4
              0x1039da6f8
              0x1039ef77c
              0x102fe5e24
              0x102efc054
              0x102dccd70
              0x102dc3010
              0x102dc40d0
              0x102dc1334
              0x102e3e098
              0x102df44e4
              0x102df2b84
              0x102e22470
              0x102ee10c0
              0x1039f7f28
              0x192b2cd00
              0x192b27cec
                4

              0x1031182b8
              0x103148cbc
              0x102ebb410
              0x102d666ac
              0x102ebc804
              0x102d674f4
              0x102d980f0
              0x102d9604c
              0x102dcd1d0
              0x102dc3010
              0x102dc40d0
              0x102dc1334
              0x102e3e098
              0x102df44e4
              0x102df2b84
              0x102e22470
              0x102ee10c0
              0x1039f7f28
              0x192b2cd00
              0x192b27cec
                4

              0x1032b21f4
              0x1032dca30
              0x102d95f58
              0x102dcd1d0
              0x102dc3010
              0x102dc40d0
              0x102dc1334
              0x102e3e098
              0x102df44e4
              0x102df2b84
              0x102e22470
              0x102ee10c0
              0x1039f7f28
              0x192b2cd00
              0x192b27cec
                4

              0x1030ff4f8
              0x1031b85d4
              0x102cf37dc
              0x102eb60a8
              0x102d66154
              0x102d6670c
              0x102ebc804
              0x102d674f4
              0x102d980f0
              0x102d9604c
              0x102dcd1d0
              0x102dc3010
              0x102dc40d0
              0x102dc1334
              0x102e3e098
              0x102df44e4
              0x102df2b84
              0x102e22470
              0x102ee10c0
              0x1039f7f28
              0x192b2cd00
              0x192b27cec
                4

              0x102dcbd08
              0x102dc3010
              0x102dc40d0
              0x102dc1334
              0x102e3e098
              0x102df44e4
              0x102df2b84
              0x102e22470
              0x102ee10c0
              0x1039f7f28
              0x192b2cd00
              0x192b27cec
                5

              0x1032b8f30
              0x102dd083c
              0x102dcbf90
              0x102dc3010
              0x102dc40d0
              0x102dc1334
              0x102e3e098
              0x102df44e4
              0x102df2b84
              0x102e22470
              0x102ee10c0
              0x1039f7f28
              0x192b2cd00
              0x192b27cec
                5

              0x102d95f5c
              0x102dcd1d0
              0x102dc3010
              0x102dc40d0
              0x102dc1334
              0x102e3e098
              0x102df44e4
              0x102df2b84
              0x102e22470
              0x102ee10c0
              0x1039f7f28
              0x192b2cd00
              0x192b27cec
                5

              0x1032b1668
              0x1031c384c
              0x102dc408c
              0x102dc1334
              0x102e3e098
              0x102df44e4
              0x102df2b84
              0x102e22470
              0x102ee10c0
              0x1039f7f28
              0x192b2cd00
              0x192b27cec
                5

              0x103a1578c
              0x103640f04
              0x103641d38
              0x102d0d4b8
              0x102eb51f0
              0x102d66154
              0x102d6670c
              0x102ebc804
              0x102d674f4
              0x102d980f0
              0x102d9604c
              0x102dcd1d0
              0x102dc3010
              0x102dc40d0
              0x102dc1334
              0x102e3e098
              0x102df44e4
              0x102df2b84
              0x102e22470
              0x102ee10c0
              0x1039f7f28
              0x192b2cd00
              0x192b27cec
                5

              0x102dcd7cc
              0x102dc3010
              0x102dc40d0
              0x102dc1334
              0x102e3e098
              0x102df44e4
              0x102df2b84
              0x102e22470
              0x102ee10c0
              0x1039f7f28
              0x192b2cd00
              0x192b27cec
                5

              0x1033720e4
              0x102d0d5ec
              0x102eb51f0
              0x102d66154
              0x102d6670c
              0x102ebc804
              0x102d674f4
              0x102d980f0
              0x102d9604c
              0x102dcd1d0
              0x102dc3010
              0x102dc40d0
              0x102dc1334
              0x102e3e098
              0x102df44e4
              0x102df2b84
              0x102e22470
              0x102ee10c0
              0x1039f7f28
              0x192b2cd00
              0x192b27cec
                5

              0x102df46ec
              0x102df2b84
              0x102e22470
              0x102ee10c0
              0x1039f7f28
              0x192b2cd00
              0x192b27cec
                5

              0x103113e30
              0x102d0d10c
              0x102eb50a4
              0x102d66154
              0x102d6670c
              0x102ebc804
              0x102d674f4
              0x102d980f0
              0x102d9604c
              0x102dcd1d0
              0x102dc3010
              0x102dc40d0
              0x102dc1334
              0x102e3e098
              0x102df44e4
              0x102df2b84
              0x102e22470
              0x102ee10c0
              0x1039f7f28
              0x192b2cd00
              0x192b27cec
                6

              0x10311055c
              0x102d95d60
              0x102dcd1d0
              0x102dc3010
              0x102dc40d0
              0x102dc1334
              0x102e3e098
              0x102df44e4
              0x102df2b84
              0x102e22470
              0x102ee10c0
              0x1039f7f28
              0x192b2cd00
              0x192b27cec
                6

              0x103a08fa4
              0x103a0ee70
              0x103a08a14
              0x1035faa38
              0x1035f07e4
              0x1036358b4
              0x1031141dc
              0x10311241c
              0x102d0d4d8
              0x102eb51f0
              0x102d66154
              0x102d6670c
              0x102ebc804
              0x102d674f4
              0x102d980f0
              0x102d9604c
              0x102dcd1d0
              0x102dc3010
              0x102dc40d0
              0x102dc1334
              0x102e3e098
              0x102df44e4
              0x102df2b84
              0x102e22470
                6

              0x102d95b7c
              0x102dcd1d0
              0x102dc3010
              0x102dc40d0
              0x102dc1334
              0x102e3e098
              0x102df44e4
              0x102df2b84
              0x102e22470
              0x102ee10c0
              0x1039f7f28
              0x192b2cd00
              0x192b27cec
                7

              0x1929b4fd4
              0x1039da6f8
              0x1039ef77c
              0x102fe5e24
              0x102efc054
              0x102dccd70
              0x102dc3010
              0x102dc40d0
              0x102dc1334
              0x102e3e098
              0x102df44e4
              0x102df2b84
              0x102e22470
              0x102ee10c0
              0x1039f7f28
              0x192b2cd00
              0x192b27cec
                7

              0x1032b8ce4
              0x1031c0838
              0x1031bfe68
              0x102e71188
              0x102d94450
              0x102dc8068
              0x102dcd850
              0x102dc3010
              0x102dc40d0
              0x102dc1334
              0x102e3e098
              0x102df44e4
              0x102df2b84
              0x102e22470
              0x102ee10c0
              0x1039f7f28
              0x192b2cd00
              0x192b27cec
                7

              0x192ae80f8
              0x1929c3100
              0x1039dc1b4
              0x102efc02c
              0x102dccd70
              0x102dc3010
              0x102dc40d0
              0x102dc1334
              0x102e3e098
              0x102df44e4
              0x102df2b84
              0x102e22470
              0x102ee10c0
              0x1039f7f28
              0x192b2cd00
              0x192b27cec
                7

              0x102dc3010
              0x102dc40d0
              0x102dc1334
              0x102e3e098
              0x102df44e4
              0x102df2b84
              0x102e22470
              0x102ee10c0
              0x1039f7f28
              0x192b2cd00
              0x192b27cec
                8

              0x192ae9618
              0x102cf16cc
              0x102eb5ee8
              0x102d66154
              0x102d6670c
              0x102ebc804
              0x102d674f4
              0x102d980f0
              0x102d9604c
              0x102dcd1d0
              0x102dc3010
              0x102dc40d0
              0x102dc1334
              0x102e3e098
              0x102df44e4
              0x102df2b84
              0x102e22470
              0x102ee10c0
              0x1039f7f28
              0x192b2cd00
              0x192b27cec
                8

              0x102f517a4
              0x1030719a4
              0x102f6bdd8
              0x10307f534
              0x102f72bf8
              0x102f71948
              0x102ef8d44
              0x102cf395c
              0x102eb60a8
              0x102d66154
              0x102d6670c
              0x102ebc804
              0x102d674f4
              0x102d980f0
              0x102d9604c
              0x102dcd1d0
              0x102dc3010
              0x102dc40d0
              0x102dc1334
              0x102e3e098
              0x102df44e4
              0x102df2b84
              0x102e22470
              0x102ee10c0
                8

              0x1034da6fc
              0x1032bfde0
              0x102ebc570
              0x102d674f4
              0x102d980f0
              0x102d9604c
              0x102dcd1d0
              0x102dc3010
              0x102dc40d0
              0x102dc1334
              0x102e3e098
              0x102df44e4
              0x102df2b84
              0x102e22470
              0x102ee10c0
              0x1039f7f28
              0x192b2cd00
              0x192b27cec
                8

              0x103104b04
              0x102d97cb4
              0x102d9604c
              0x102dcd1d0
              0x102dc3010
              0x102dc40d0
              0x102dc1334
              0x102e3e098
              0x102df44e4
              0x102df2b84
              0x102e22470
              0x102ee10c0
              0x1039f7f28
              0x192b2cd00
              0x192b27cec
                9

              0x1929b4fcc
              0x1039da6f8
              0x1039ef77c
              0x102fe5e24
              0x102efc054
              0x102dccd70
              0x102dc3010
              0x102dc40d0
              0x102dc1334
              0x102e3e098
              0x102df44e4
              0x102df2b84
              0x102e22470
              0x102ee10c0
              0x1039f7f28
              0x192b2cd00
              0x192b27cec
                9

              0x10336e1f4
              0x103117db8
              0x102cef1f0
              0x102cf3cb8
              0x102eb60a8
              0x102d66154
              0x102d6670c
              0x102ebc804
              0x102d674f4
              0x102d980f0
              0x102d9604c
              0x102dcd1d0
              0x102dc3010
              0x102dc40d0
              0x102dc1334
              0x102e3e098
              0x102df44e4
              0x102df2b84
              0x102e22470
              0x102ee10c0
              0x1039f7f28
              0x192b2cd00
              0x192b27cec
                9

              0x192ae80f8
              0x1929c3100
              0x1039dc1b4
              0x1039db8d0
              0x102efc05c
              0x102dccd70
              0x102dc3010
              0x102dc40d0
              0x102dc1334
              0x102e3e098
              0x102df44e4
              0x102df2b84
              0x102e22470
              0x102ee10c0
              0x1039f7f28
              0x192b2cd00
              0x192b27cec
                9

              0x192ae80f8
              0x1929c3100
              0x1039dc1b4
              0x1039db8d0
              0x1036a3ae0
              0x102efc038
              0x102dccd70
              0x102dc3010
              0x102dc40d0
              0x102dc1334
              0x102e3e098
              0x102df44e4
              0x102df2b84
              0x102e22470
              0x102ee10c0
              0x1039f7f28
              0x192b2cd00
              0x192b27cec
               10

              0x102dc40d0
              0x102dc1334
              0x102e3e098
              0x102df44e4
              0x102df2b84
              0x102e22470
              0x102ee10c0
              0x1039f7f28
              0x192b2cd00
              0x192b27cec
               12

              0x192ae80f8
              0x1929c3100
              0x1039dc1b4
              0x1039db8d0
              0x102efc040
              0x102dccd70
              0x102dc3010
              0x102dc40d0
              0x102dc1334
              0x102e3e098
              0x102df44e4
              0x102df2b84
              0x102e22470
              0x102ee10c0
              0x1039f7f28
              0x192b2cd00
              0x192b27cec
               13

              0x103437774
              0x102d95b74
              0x102dcd1d0
              0x102dc3010
              0x102dc40d0
              0x102dc1334
              0x102e3e098
              0x102df44e4
              0x102df2b84
              0x102e22470
              0x102ee10c0
              0x1039f7f28
              0x192b2cd00
              0x192b27cec
               14

              0x10365c7c0
              0x102d95d60
              0x102dcd1d0
              0x102dc3010
              0x102dc40d0
              0x102dc1334
              0x102e3e098
              0x102df44e4
              0x102df2b84
              0x102e22470
              0x102ee10c0
              0x1039f7f28
              0x192b2cd00
              0x192b27cec
               18

              0x1034da6d0
              0x1032bfde0
              0x102ebc570
              0x102d674f4
              0x102d980f0
              0x102d9604c
              0x102dcd1d0
              0x102dc3010
              0x102dc40d0
              0x102dc1334
              0x102e3e098
              0x102df44e4
              0x102df2b84
              0x102e22470
              0x102ee10c0
              0x1039f7f28
              0x192b2cd00
              0x192b27cec
               18

              0x231549930
              0x231545ae4
              0x103087d90
              0x102faa734
              0x102fe5e10
              0x102efc054
              0x102dccd70
              0x102dc3010
              0x102dc40d0
              0x102dc1334
              0x102e3e098
              0x102df44e4
              0x102df2b84
              0x102e22470
              0x102ee10c0
              0x1039f7f28
              0x192b2cd00
              0x192b27cec
               19

              0x192ae80f8
              0x1929c3100
              0x1036a76e0
              0x1032bd100
              0x102dccd64
              0x102dc3010
              0x102dc40d0
              0x102dc1334
              0x102e3e098
              0x102df44e4
              0x102df2b84
              0x102e22470
              0x102ee10c0
              0x1039f7f28
              0x192b2cd00
              0x192b27cec
               19

              0x102d95b2c
              0x102dcd1d0
              0x102dc3010
              0x102dc40d0
              0x102dc1334
              0x102e3e098
              0x102df44e4
              0x102df2b84
              0x102e22470
              0x102ee10c0
              0x1039f7f28
              0x192b2cd00
              0x192b27cec
               21

              0x102e1d9e8
              0x102df4ad4
              0x102df2b84
              0x102e22470
              0x102ee10c0
              0x1039f7f28
              0x192b2cd00
              0x192b27cec
               25

              0x192ae961c
              0x102cf16cc
              0x102eb5ee8
              0x102d66154
              0x102d6670c
              0x102ebc804
              0x102d674f4
              0x102d980f0
              0x102d9604c
              0x102dcd1d0
              0x102dc3010
              0x102dc40d0
              0x102dc1334
              0x102e3e098
              0x102df44e4
              0x102df2b84
              0x102e22470
              0x102ee10c0
              0x1039f7f28
              0x192b2cd00
              0x192b27cec
               36

              0x192aeb838
              0x102ceeff8
              0x102cf3cb8
              0x102eb60a8
              0x102d66154
              0x102d6670c
              0x102ebc804
              0x102d674f4
              0x102d980f0
              0x102d9604c
              0x102dcd1d0
              0x102dc3010
              0x102dc40d0
              0x102dc1334
              0x102e3e098
              0x102df44e4
              0x102df2b84
              0x102e22470
              0x102ee10c0
              0x1039f7f28
              0x192b2cd00
              0x192b27cec
              205

              0x231549934
              0x231545ae4
              0x103087d90
              0x102faa734
              0x102fe5e10
              0x102efc054
              0x102dccd70
              0x102dc3010
              0x102dc40d0
              0x102dc1334
              0x102e3e098
              0x102df44e4
              0x102df2b84
              0x102e22470
              0x102ee10c0
              0x1039f7f28
              0x192b2cd00
              0x192b27cec
             7155
