INOTIFYCENSUS1|services=1704277|errors=0|bound_reached=1
INOTIFYCENSUS1|nr=24|count=1
INOTIFYCENSUS1|nr=26|count=1
INOTIFYCENSUS1|nr=29|count=1
INOTIFYCENSUS1|nr=34|count=1
INOTIFYCENSUS1|nr=35|count=1
INOTIFYCENSUS1|nr=43|count=1
INOTIFYCENSUS1|nr=46|count=1
INOTIFYCENSUS1|nr=49|count=1
INOTIFYCENSUS1|nr=54|count=1
INOTIFYCENSUS1|nr=59|count=1
INOTIFYCENSUS1|nr=113|count=1
INOTIFYCENSUS1|nr=123|count=1
INOTIFYCENSUS1|nr=154|count=1
INOTIFYCENSUS1|nr=160|count=1
INOTIFYCENSUS1|nr=53|count=2
INOTIFYCENSUS1|nr=94|count=2
INOTIFYCENSUS1|nr=129|count=2
INOTIFYCENSUS1|nr=17|count=3
INOTIFYCENSUS1|nr=25|count=3
INOTIFYCENSUS1|nr=103|count=3
INOTIFYCENSUS1|nr=139|count=3
INOTIFYCENSUS1|nr=174|count=3
INOTIFYCENSUS1|nr=177|count=3
INOTIFYCENSUS1|nr=176|count=4
INOTIFYCENSUS1|nr=96|count=5
INOTIFYCENSUS1|nr=220|count=5
INOTIFYCENSUS1|nr=278|count=5
INOTIFYCENSUS1|nr=293|count=5
INOTIFYCENSUS1|nr=175|count=6
INOTIFYCENSUS1|nr=99|count=7
INOTIFYCENSUS1|nr=173|count=7
INOTIFYCENSUS1|nr=261|count=7
INOTIFYCENSUS1|nr=221|count=8
INOTIFYCENSUS1|nr=79|count=10
INOTIFYCENSUS1|nr=260|count=10
INOTIFYCENSUS1|nr=48|count=11
INOTIFYCENSUS1|nr=135|count=14
INOTIFYCENSUS1|nr=214|count=15
INOTIFYCENSUS1|nr=215|count=16
INOTIFYCENSUS1|nr=63|count=18
INOTIFYCENSUS1|nr=80|count=19
INOTIFYCENSUS1|nr=226|count=21
INOTIFYCENSUS1|nr=56|count=23
INOTIFYCENSUS1|nr=57|count=24
INOTIFYCENSUS1|nr=222|count=33
INOTIFYCENSUS1|nr=134|count=106
INOTIFYCENSUS1|nr=28|count=425980
INOTIFYCENSUS1|nr=62|count=425980
INOTIFYCENSUS1|nr=27|count=425981
INOTIFYCENSUS1|nr=64|count=426003
INOTIFYCENSUS1|host=__disable_threadsignal|count=1
INOTIFYCENSUS1|host=accept|count=1
INOTIFYCENSUS1|host=bind|count=1
INOTIFYCENSUS1|host=bsdthread_terminate|count=1
INOTIFYCENSUS1|host=csrctl|count=1
INOTIFYCENSUS1|host=fgetattrlist|count=1
INOTIFYCENSUS1|host=getattrlist|count=1
INOTIFYCENSUS1|host=getegid|count=1
INOTIFYCENSUS1|host=getuid|count=1
INOTIFYCENSUS1|host=issetugid|count=1
INOTIFYCENSUS1|host=kevent_id|count=1
INOTIFYCENSUS1|host=listen|count=1
INOTIFYCENSUS1|host=openat_nocancel|count=1
INOTIFYCENSUS1|host=persona|count=1
INOTIFYCENSUS1|host=psynch_cvbroad|count=1
INOTIFYCENSUS1|host=setgid|count=1
INOTIFYCENSUS1|host=setgroups|count=1
INOTIFYCENSUS1|host=setsockopt|count=1
INOTIFYCENSUS1|host=setuid|count=1
INOTIFYCENSUS1|host=shm_open|count=1
INOTIFYCENSUS1|host=socket|count=1
INOTIFYCENSUS1|host=socketpair|count=1
INOTIFYCENSUS1|host=ulock_wait|count=1
INOTIFYCENSUS1|host=workq_open|count=1
INOTIFYCENSUS1|host=dup|count=2
INOTIFYCENSUS1|host=fsetxattr|count=2
INOTIFYCENSUS1|host=getgroups|count=2
INOTIFYCENSUS1|host=rename|count=2
INOTIFYCENSUS1|host=setxattr|count=2
INOTIFYCENSUS1|host=umask|count=2
INOTIFYCENSUS1|host=workq_kernreturn|count=2
INOTIFYCENSUS1|host=__semwait_signal|count=3
INOTIFYCENSUS1|host=csops|count=3
INOTIFYCENSUS1|host=fremovexattr|count=3
INOTIFYCENSUS1|host=getrlimit|count=3
INOTIFYCENSUS1|host=kqueue|count=3
INOTIFYCENSUS1|host=open_nocancel|count=3
INOTIFYCENSUS1|host=__mac_syscall|count=4
INOTIFYCENSUS1|host=fchmod|count=4
INOTIFYCENSUS1|host=kevent_qos|count=4
INOTIFYCENSUS1|host=mkdir|count=5
INOTIFYCENSUS1|host=chmod|count=7
INOTIFYCENSUS1|host=listxattr|count=7
INOTIFYCENSUS1|host=pipe|count=7
INOTIFYCENSUS1|host=ioctl|count=8
INOTIFYCENSUS1|host=flock|count=10
INOTIFYCENSUS1|host=lstat64|count=11
INOTIFYCENSUS1|host=fchmodat|count=12
INOTIFYCENSUS1|host=flistxattr|count=12
INOTIFYCENSUS1|host=mkdirat|count=12
INOTIFYCENSUS1|host=psynch_cvclrprepost|count=12
INOTIFYCENSUS1|host=fcntl_nocancel|count=13
INOTIFYCENSUS1|host=pread|count=13
INOTIFYCENSUS1|host=readlinkat|count=13
INOTIFYCENSUS1|host=getdirentries64|count=16
INOTIFYCENSUS1|host=psynch_mutexdrop|count=16
INOTIFYCENSUS1|host=close_nocancel|count=17
INOTIFYCENSUS1|host=fgetxattr|count=17
INOTIFYCENSUS1|host=fstatfs64|count=17
INOTIFYCENSUS1|host=unlinkat|count=17
INOTIFYCENSUS1|host=getxattr|count=19
INOTIFYCENSUS1|host=getentropy|count=20
INOTIFYCENSUS1|host=psynch_mutexwait|count=20
INOTIFYCENSUS1|host=kevent|count=24
INOTIFYCENSUS1|host=pwrite|count=24
INOTIFYCENSUS1|host=poll|count=26
INOTIFYCENSUS1|host=sigaction|count=26
INOTIFYCENSUS1|host=ftruncate|count=28
INOTIFYCENSUS1|host=sysctl|count=28
INOTIFYCENSUS1|host=bsdthread_create|count=29
INOTIFYCENSUS1|host=thread_selfid|count=29
INOTIFYCENSUS1|host=geteuid|count=30
INOTIFYCENSUS1|host=mprotect|count=30
INOTIFYCENSUS1|host=unlink|count=30
INOTIFYCENSUS1|host=proc_info|count=33
INOTIFYCENSUS1|host=open|count=47
INOTIFYCENSUS1|host=access|count=57
INOTIFYCENSUS1|host=sigaltstack|count=59
INOTIFYCENSUS1|host=munmap|count=60
INOTIFYCENSUS1|host=gettimeofday|count=61
INOTIFYCENSUS1|host=thread_selfusage|count=75
INOTIFYCENSUS1|host=madvise|count=79
INOTIFYCENSUS1|host=stat64|count=81
INOTIFYCENSUS1|host=__pthread_sigmask|count=89
INOTIFYCENSUS1|host=close|count=121
INOTIFYCENSUS1|host=fcntl|count=135
INOTIFYCENSUS1|host=mmap|count=144
INOTIFYCENSUS1|host=read|count=158
INOTIFYCENSUS1|host=openat|count=299
INOTIFYCENSUS1|host=fstatat64|count=398
INOTIFYCENSUS1|host=psynch_cvsignal|count=404
INOTIFYCENSUS1|host=psynch_cvwait|count=462
INOTIFYCENSUS1|host=ulock_wait2|count=2909
INOTIFYCENSUS1|host=ulock_wake|count=2910
INOTIFYCENSUS1|host=lseek|count=425986
INOTIFYCENSUS1|host=write|count=426052
INOTIFYCENSUS1|host=fstat64|count=426093
