Attaching 7 probes...
INOTIFYLINUX1|ready|root=885
INOTIFYLINUX1|end=1


@bad_join: 0
@entries[27]: 3000000
@entries[28]: 3000000
@entries[62]: 3000000
@entries[64]: 3000034
@latency_ns[27]: 
[256, 512)            14 |                                                    |
[512, 1K)        2895939 |@@@@@@@@@@@@@@@@@@@@@@@@@@@@@@@@@@@@@@@@@@@@@@@@@@@@|
[1K, 2K)           97133 |@                                                   |
[2K, 4K)            5012 |                                                    |
[4K, 8K)            1472 |                                                    |
[8K, 16K)            329 |                                                    |
[16K, 32K)            88 |                                                    |
[32K, 64K)             6 |                                                    |
[64K, 128K)            1 |                                                    |
[128K, 256K)           1 |                                                    |
[256K, 512K)           3 |                                                    |
[512K, 1M)             2 |                                                    |

@latency_ns[28]: 
[256, 512)        800154 |@@@@@@@@@@@@@@@@@@@                                 |
[512, 1K)        2177871 |@@@@@@@@@@@@@@@@@@@@@@@@@@@@@@@@@@@@@@@@@@@@@@@@@@@@|
[1K, 2K)           13513 |                                                    |
[2K, 4K)            5648 |                                                    |
[4K, 8K)            2251 |                                                    |
[8K, 16K)            441 |                                                    |
[16K, 32K)            98 |                                                    |
[32K, 64K)            24 |                                                    |

@latency_ns[62]: 
[128, 256)        357051 |@@@@@@@                                             |
[256, 512)       2641035 |@@@@@@@@@@@@@@@@@@@@@@@@@@@@@@@@@@@@@@@@@@@@@@@@@@@@|
[512, 1K)            695 |                                                    |
[1K, 2K)             667 |                                                    |
[2K, 4K)             209 |                                                    |
[4K, 8K)             256 |                                                    |
[8K, 16K)             76 |                                                    |
[16K, 32K)            10 |                                                    |
[32K, 64K)             0 |                                                    |
[64K, 128K)            1 |                                                    |

@latency_ns[64]: 
[256, 512)        700698 |@@@@@@@@@@@@@@@                                     |
[512, 1K)        2282471 |@@@@@@@@@@@@@@@@@@@@@@@@@@@@@@@@@@@@@@@@@@@@@@@@@@@@|
[1K, 2K)           14879 |                                                    |
[2K, 4K)             977 |                                                    |
[4K, 8K)             735 |                                                    |
[8K, 16K)            209 |                                                    |
[16K, 32K)            55 |                                                    |
[32K, 64K)             6 |                                                    |
[64K, 128K)            2 |                                                    |
[128K, 256K)           2 |                                                    |


@open[62]: 0
@open[28]: 0
@open[64]: 0
@open[27]: 0
@returns[27]: 3000000
@returns[62]: 3000000
@returns[28]: 3000000
@returns[64]: 3000034


@wall_ns[62]: 820923370
@wall_ns[28]: 1821935521
@wall_ns[64]: 1823585726
@wall_ns[27]: 2023533875
