INOTIFYHOT1|begin_state|host_pid=17812|host_tid=314453|raw_pid=3|raw_tid=3|raw_asid=4|raw_nr=64|active=1|stored_pid=3|stored_tid=3|stored_asid=4|stored_nr=64
INOTIFYHOT1|begin_state|host_pid=17812|host_tid=314453|raw_pid=3|raw_tid=3|raw_asid=4|raw_nr=64|active=1|stored_pid=3|stored_tid=3|stored_asid=4|stored_nr=64
INOTIFYHOT1|begin_state|host_pid=17812|host_tid=314453|raw_pid=3|raw_tid=3|raw_asid=4|raw_nr=64|active=1|stored_pid=3|stored_tid=3|stored_asid=4|stored_nr=64
INOTIFYHOT1|begin_state|host_pid=17812|host_tid=314449|raw_pid=5|raw_tid=5|raw_asid=7|raw_nr=64|active=1|stored_pid=5|stored_tid=5|stored_asid=7|stored_nr=64
INOTIFYHOT1|begin_state|host_pid=17812|host_tid=314450|raw_pid=6|raw_tid=7|raw_asid=8|raw_nr=64|active=1|stored_pid=6|stored_tid=7|stored_asid=8|stored_nr=64
INOTIFYHOT1|begin_state|host_pid=17812|host_tid=314450|raw_pid=6|raw_tid=7|raw_asid=8|raw_nr=62|active=1|stored_pid=6|stored_tid=7|stored_asid=8|stored_nr=62
INOTIFYHOT1|begin_state|host_pid=17812|host_tid=314450|raw_pid=6|raw_tid=7|raw_asid=8|raw_nr=64|active=1|stored_pid=6|stored_tid=7|stored_asid=8|stored_nr=64
INOTIFYHOT1|begin_state|host_pid=17812|host_tid=314450|raw_pid=6|raw_tid=7|raw_asid=8|raw_nr=62|active=1|stored_pid=6|stored_tid=7|stored_asid=8|stored_nr=62
INOTIFYHOT1|begin_state|host_pid=17812|host_tid=314456|raw_pid=3|raw_tid=3|raw_asid=4|raw_nr=64|active=1|stored_pid=3|stored_tid=3|stored_asid=4|stored_nr=64
INOTIFYHOT1|begin_state|host_pid=17812|host_tid=314449|raw_pid=6|raw_tid=6|raw_asid=8|raw_nr=64|active=1|stored_pid=6|stored_tid=6|stored_asid=8|stored_nr=64
INOTIFYHOT1|begin_state|host_pid=17812|host_tid=314449|raw_pid=6|raw_tid=6|raw_asid=8|raw_nr=27|active=1|stored_pid=6|stored_tid=6|stored_asid=8|stored_nr=27
INOTIFYHOT1|begin_state|host_pid=17812|host_tid=314449|raw_pid=6|raw_tid=6|raw_asid=8|raw_nr=28|active=1|stored_pid=6|stored_tid=6|stored_asid=8|stored_nr=28
INOTIFYHOT1|begin_state|host_pid=17812|host_tid=314449|raw_pid=6|raw_tid=6|raw_asid=8|raw_nr=27|active=1|stored_pid=6|stored_tid=6|stored_asid=8|stored_nr=27
INOTIFYHOT1|begin_state|host_pid=17812|host_tid=314449|raw_pid=6|raw_tid=6|raw_asid=8|raw_nr=28|active=1|stored_pid=6|stored_tid=6|stored_asid=8|stored_nr=28
INOTIFYHOT1|begin_state|host_pid=17812|host_tid=314453|raw_pid=3|raw_tid=3|raw_asid=4|raw_nr=64|active=1|stored_pid=3|stored_tid=3|stored_asid=4|stored_nr=64
INOTIFYHOT1|begin_state|host_pid=17812|host_tid=314453|raw_pid=3|raw_tid=3|raw_asid=4|raw_nr=64|active=1|stored_pid=3|stored_tid=3|stored_asid=4|stored_nr=64
INOTIFYHOT1|bound_s=10|selected=912664|nested=0|mismatch=0|errors=0|complete=1
INOTIFYHOT1|nr=28|services=228165
INOTIFYHOT1|nr=62|services=228165
INOTIFYHOT1|nr=27|services=228166
INOTIFYHOT1|nr=64|services=228188
INOTIFYHOT1|begin_nr=24|count=1
INOTIFYHOT1|begin_nr=26|count=1
INOTIFYHOT1|begin_nr=29|count=1
INOTIFYHOT1|begin_nr=34|count=1
INOTIFYHOT1|begin_nr=35|count=1
INOTIFYHOT1|begin_nr=43|count=1
INOTIFYHOT1|begin_nr=46|count=1
INOTIFYHOT1|begin_nr=49|count=1
INOTIFYHOT1|begin_nr=54|count=1
INOTIFYHOT1|begin_nr=59|count=1
INOTIFYHOT1|begin_nr=98|count=1
INOTIFYHOT1|begin_nr=107|count=1
INOTIFYHOT1|begin_nr=110|count=1
INOTIFYHOT1|begin_nr=113|count=1
INOTIFYHOT1|begin_nr=123|count=1
INOTIFYHOT1|begin_nr=133|count=1
INOTIFYHOT1|begin_nr=160|count=1
INOTIFYHOT1|begin_nr=53|count=2
INOTIFYHOT1|begin_nr=94|count=2
INOTIFYHOT1|begin_nr=129|count=2
INOTIFYHOT1|begin_nr=154|count=2
INOTIFYHOT1|begin_nr=17|count=3
INOTIFYHOT1|begin_nr=25|count=3
INOTIFYHOT1|begin_nr=103|count=3
INOTIFYHOT1|begin_nr=139|count=3
INOTIFYHOT1|begin_nr=174|count=3
INOTIFYHOT1|begin_nr=177|count=3
INOTIFYHOT1|begin_nr=176|count=4
INOTIFYHOT1|begin_nr=96|count=6
INOTIFYHOT1|begin_nr=175|count=6
INOTIFYHOT1|begin_nr=220|count=6
INOTIFYHOT1|begin_nr=278|count=6
INOTIFYHOT1|begin_nr=293|count=6
INOTIFYHOT1|begin_nr=173|count=7
INOTIFYHOT1|begin_nr=261|count=8
INOTIFYHOT1|begin_nr=99|count=9
INOTIFYHOT1|begin_nr=221|count=9
INOTIFYHOT1|begin_nr=260|count=11
INOTIFYHOT1|begin_nr=48|count=12
INOTIFYHOT1|begin_nr=79|count=15
INOTIFYHOT1|begin_nr=135|count=17
INOTIFYHOT1|begin_nr=214|count=18
INOTIFYHOT1|begin_nr=63|count=19
INOTIFYHOT1|begin_nr=215|count=19
INOTIFYHOT1|begin_nr=226|count=25
INOTIFYHOT1|begin_nr=80|count=35
INOTIFYHOT1|begin_nr=57|count=40
INOTIFYHOT1|begin_nr=222|count=52
INOTIFYHOT1|begin_nr=56|count=53
INOTIFYHOT1|begin_nr=134|count=117
INOTIFYHOT1|begin_nr=28|count=228165
INOTIFYHOT1|begin_nr=62|count=228165
INOTIFYHOT1|begin_nr=27|count=228166
INOTIFYHOT1|begin_nr=64|count=228189
INOTIFYHOT1|nr=62|duration_ns=677730195
INOTIFYHOT1|nr=28|duration_ns=1086066459
INOTIFYHOT1|nr=27|duration_ns=1673094033
INOTIFYHOT1|nr=64|duration_ns=2198282428
