WRITEMETADATA1|calls=553136|errors=0|bound_reached=1


              0x18d2d343c
              0x1015e8e00
              0x10160d4fc
              0x101109f7c
              0x100cd69c0
              0x100e8e3a0
              0x100d3e0bc
              0x100d3e674
              0x100e9476c
              0x100d3f45c
              0x100d70058
              0x100d6dfb4
              0x100da5138
              0x100d9af78
              0x100d9c038
              0x100d9929c
              0x100e16000
              0x100dcc44c
              0x100dcaaec
              0x100dfa3d8
              0x100eb9028
              0x1019cfde8
              0x18d309d00
              0x18d304cec
                1

              0x18d2d343c
              0x1015e1508
              0x100e635d0
              0x100e99bb8
              0x100e97b54
              0x100e9dc94
              0x100b5b37c
              0x100b2daa0
              0x100b5a698
              0x1009adbc4
              0x100c347b8
              0x100befa34
              0x1019c6f40
              0x1009b9b94
              0x18cf33e80
                1

              0x18d2d343c
              0x1015eb614
              0x10160e4dc
              0x101109770
              0x100cd69c0
              0x100e8e3a0
              0x100d3e0bc
              0x100d3e674
              0x100e9476c
              0x100d3f45c
              0x100d70058
              0x100d6dfb4
              0x100da5138
              0x100d9af78
              0x100d9c038
              0x100d9929c
              0x100e16000
              0x100dcc44c
              0x100dcaaec
              0x100dfa3d8
              0x100eb9028
              0x1019cfde8
              0x18d309d00
              0x18d304cec
                1

              0x18d2d343c
              0x100ed4918
              0x100d71224
              0x100d70568
              0x100d6dfb4
              0x100da5138
              0x100d9af78
              0x100d9c038
              0x100d9929c
              0x100e16000
              0x100dcc44c
              0x100dcaaec
              0x100dfa3d8
              0x100eb9028
              0x1019cfde8
              0x18d309d00
              0x18d304cec
                1

              0x18d2d343c
              0x101607a18
              0x101607ad8
              0x100e9821c
              0x100e98a0c
              0x100e97b54
              0x100e9dc94
              0x100b5b37c
              0x100b2daa0
              0x100b5a698
              0x1009adbc4
              0x100c347b8
              0x100befa34
              0x1019c6f40
              0x1009b9b94
              0x18cf33e80
                1

              0x18d2d343c
              0x1019d4b2c
              0x1015b3e00
              0x100e2a4b0
              0x100e63d1c
              0x100e9a44c
              0x100e97b54
              0x100e9dc94
              0x100b5b37c
              0x100b2daa0
              0x100b5a698
              0x1009adbc4
              0x100c347b8
              0x100befa34
              0x1019c6f40
              0x1009b9b94
              0x18cf33e80
                1

              0x18d2d343c
              0x1019d4b2c
              0x1015b3e00
              0x100e2a4b0
              0x100e9d9c4
              0x100e9d4fc
              0x100e99e4c
              0x100e97b54
              0x100e9dc94
              0x100b5b37c
              0x100b2daa0
              0x100b5a698
              0x1009adbc4
              0x100c347b8
              0x100befa34
              0x1019c6f40
              0x1009b9b94
              0x18cf33e80
                1

              0x18d2d343c
              0x1019d4b2c
              0x1015b3e00
              0x1011d78e0
              0x10119ce54
              0x10119c744
              0x101685538
              0x10168530c
              0x10135e7f4
              0x100e94df4
              0x100e7dd88
              0x100e97d18
              0x100e9dd30
              0x100b5b37c
              0x100b2daa0
              0x100b5a698
              0x1009adbc4
              0x100c347b8
              0x100befa34
              0x1019c6f40
              0x1009b9b94
              0x18cf33e80
                1

              0x18d2d343c
              0x100e8ac3c
              0x100cedfd8
              0x100e8e560
              0x100d3e0bc
              0x100d3e674
              0x100e9476c
              0x100d3f45c
              0x100d70058
              0x100d6dfb4
              0x100da5138
              0x100d9af78
              0x100d9c038
              0x100d9929c
              0x100e16000
              0x100dcc44c
              0x100dcaaec
              0x100dfa3d8
              0x100eb9028
              0x1019cfde8
              0x18d309d00
              0x18d304cec
                1

              0x18d2d343c
              0x100cf5d48
              0x100e3ff28
              0x100d3e05c
              0x100d3e2b8
              0x100e96884
              0x100d3f06c
              0x100d6ffbc
              0x100d6dfb4
              0x100da5138
              0x100d9af78
              0x100d9c038
              0x100d9929c
              0x100e16000
              0x100dcc44c
              0x100dcaaec
              0x100dfa3d8
              0x100eb9028
              0x1019cfde8
              0x18d309d00
              0x18d304cec
                1

              0x18d2d343c
              0x1015a8b68
              0x1016109e8
              0x101128818
              0x101106cac
              0x100cd69c0
              0x100e8e3a0
              0x100d3e0bc
              0x100d3e674
              0x100e9476c
              0x100d3f45c
              0x100d70058
              0x100d6dfb4
              0x100da5138
              0x100d9af78
              0x100d9c038
              0x100d9929c
              0x100e16000
              0x100dcc44c
              0x100dcaaec
              0x100dfa3d8
              0x100eb9028
              0x1019cfde8
              0x18d309d00
                1

              0x18d2d343c
              0x100e5d668
              0x100e5ac74
              0x100e8ac3c
              0x100cedfd8
              0x100e8e560
              0x100d3e0bc
              0x100d3e674
              0x100e9476c
              0x100d3f45c
              0x100d70058
              0x100d6dfb4
              0x100da5138
              0x100d9af78
              0x100d9c038
              0x100d9929c
              0x100e16000
              0x100dcc44c
              0x100dcaaec
              0x100dfa3d8
              0x100eb9028
              0x1019cfde8
              0x18d309d00
              0x18d304cec
                1

              0x18d2d343c
              0x100e5d668
              0x100e5acdc
              0x100e8ac3c
              0x100cedfd8
              0x100e8e560
              0x100d3e0bc
              0x100d3e674
              0x100e9476c
              0x100d3f45c
              0x100d70058
              0x100d6dfb4
              0x100da5138
              0x100d9af78
              0x100d9c038
              0x100d9929c
              0x100e16000
              0x100dcc44c
              0x100dcaaec
              0x100dfa3d8
              0x100eb9028
              0x1019cfde8
              0x18d309d00
              0x18d304cec
                1

              0x18d2d343c
              0x1011e8470
              0x100e7daa8
              0x100e97d18
              0x100e9dd30
              0x100b5b37c
              0x100b2daa0
              0x100b5a698
              0x1009adbc4
              0x100c347b8
              0x100befa34
              0x1019c6f40
              0x1009b9b94
              0x18cf33e80
                1

              0x18d2d343c
              0x100e63a7c
              0x100e9a44c
              0x100e97b54
              0x100e9dc94
              0x100b5b37c
              0x100b2daa0
              0x100b5a698
              0x1009adbc4
              0x100c347b8
              0x100befa34
              0x1019c6f40
              0x1009b9b94
              0x18cf33e80
                1

              0x18d2d343c
              0x100e63a94
              0x100e9a44c
              0x100e97b54
              0x100e9dc94
              0x100b5b37c
              0x100b2daa0
              0x100b5a698
              0x1009adbc4
              0x100c347b8
              0x100befa34
              0x1019c6f40
              0x1009b9b94
              0x18cf33e80
                1

              0x18d2d343c
              0x1015b4f94
              0x1010e9b04
              0x100e96e70
              0x100e7da18
              0x100e97d18
              0x100e9dd30
              0x100b5b37c
              0x100b2daa0
              0x100b5a698
              0x1009adbc4
              0x100c347b8
              0x100befa34
              0x1019c6f40
              0x1009b9b94
              0x18cf33e80
                1

              0x18d2d343c
              0x1015b4f94
              0x1010e9b04
              0x100e9e3d0
              0x100e96178
              0x100d787d0
              0x100da0aec
              0x100da57b8
              0x100d9af78
              0x100d9c038
              0x100d9929c
              0x100e16000
              0x100dcc44c
              0x100dcaaec
              0x100dfa3d8
              0x100eb9028
              0x1019cfde8
              0x18d309d00
              0x18d304cec
                1

              0x18d2d343c
              0x1015e8d98
              0x10160d4fc
              0x101109f7c
              0x100cd69c0
              0x100e8e3a0
              0x100d3e0bc
              0x100d3e674
              0x100e9476c
              0x100d3f45c
              0x100d70058
              0x100d6dfb4
              0x100da5138
              0x100d9af78
              0x100d9c038
              0x100d9929c
              0x100e16000
              0x100dcc44c
              0x100dcaaec
              0x100dfa3d8
              0x100eb9028
              0x1019cfde8
              0x18d309d00
              0x18d304cec
                1

              0x18d2d343c
              0x10110a1ac
              0x100cd69c0
              0x100e8e3a0
              0x100d3e0bc
              0x100d3e674
              0x100e9476c
              0x100d3f45c
              0x100d70058
              0x100d6dfb4
              0x100da5138
              0x100d9af78
              0x100d9c038
              0x100d9929c
              0x100e16000
              0x100dcc44c
              0x100dcaaec
              0x100dfa3d8
              0x100eb9028
              0x1019cfde8
              0x18d309d00
              0x18d304cec
                1

              0x18d2d343c
              0x1015eb5ac
              0x10160e4dc
              0x101109770
              0x100cd69c0
              0x100e8e3a0
              0x100d3e0bc
              0x100d3e674
              0x100e9476c
              0x100d3f45c
              0x100d70058
              0x100d6dfb4
              0x100da5138
              0x100d9af78
              0x100d9c038
              0x100d9929c
              0x100e16000
              0x100dcc44c
              0x100dcaaec
              0x100dfa3d8
              0x100eb9028
              0x1019cfde8
              0x18d309d00
              0x18d304cec
                1

              0x18d2d343c
              0x1015edfb4
              0x1014294cc
              0x1010ddf08
              0x1010decd0
              0x100e9a114
              0x100e97b54
              0x100e9dc94
              0x100b5b37c
              0x100b2daa0
              0x100b5a698
              0x1009adbc4
              0x100c347b8
              0x100befa34
              0x1019c6f40
              0x1009b9b94
              0x18cf33e80
                1

              0x18d2d343c
              0x100f3f5bc
              0x100ed4918
              0x100d71224
              0x100d70568
              0x100d6dfb4
              0x100da5138
              0x100d9af78
              0x100d9c038
              0x100d9929c
              0x100e16000
              0x100dcc44c
              0x100dcaaec
              0x100dfa3d8
              0x100eb9028
              0x1019cfde8
              0x18d309d00
              0x18d304cec
                1

              0x18d2d343c
              0x100cd69c0
              0x100e8e3a0
              0x100d3e0bc
              0x100d3e674
              0x100e9476c
              0x100d3f45c
              0x100d70058
              0x100d6dfb4
              0x100da5138
              0x100d9af78
              0x100d9c038
              0x100d9929c
              0x100e16000
              0x100dcc44c
              0x100dcaaec
              0x100dfa3d8
              0x100eb9028
              0x1019cfde8
              0x18d309d00
              0x18d304cec
                1

              0x18d2d343c
              0x10110a1c0
              0x100cd69c0
              0x100e8e3a0
              0x100d3e0bc
              0x100d3e674
              0x100e9476c
              0x100d3f45c
              0x100d70058
              0x100d6dfb4
              0x100da5138
              0x100d9af78
              0x100d9c038
              0x100d9929c
              0x100e16000
              0x100dcc44c
              0x100dcaaec
              0x100dfa3d8
              0x100eb9028
              0x1019cfde8
              0x18d309d00
              0x18d304cec
                1

              0x18d2d343c
              0x1011e7ec4
              0x100e9e510
              0x100e96178
              0x100d787d0
              0x100da0aec
              0x100da57b8
              0x100d9af78
              0x100d9c038
              0x100d9929c
              0x100e16000
              0x100dcc44c
              0x100dcaaec
              0x100dfa3d8
              0x100eb9028
              0x1019cfde8
              0x18d309d00
              0x18d304cec
                1

              0x18d2d343c
              0x1011e81c8
              0x1010e9b7c
              0x100e96e70
              0x100e7da18
              0x100e97d18
              0x100e9dd30
              0x100b5b37c
              0x100b2daa0
              0x100b5a698
              0x1009adbc4
              0x100c347b8
              0x100befa34
              0x1019c6f40
              0x1009b9b94
              0x18cf33e80
                1

              0x18d2d343c
              0x1011e81c8
              0x1010e9b7c
              0x100e9e3d0
              0x100e96178
              0x100d787d0
              0x100da0aec
              0x100da57b8
              0x100d9af78
              0x100d9c038
              0x100d9929c
              0x100e16000
              0x100dcc44c
              0x100dcaaec
              0x100dfa3d8
              0x100eb9028
              0x1019cfde8
              0x18d309d00
              0x18d304cec
                1

              0x18d2d343c
              0x1015e8fd0
              0x10160d4fc
              0x101109f7c
              0x100cd69c0
              0x100e8e3a0
              0x100d3e0bc
              0x100d3e674
              0x100e9476c
              0x100d3f45c
              0x100d70058
              0x100d6dfb4
              0x100da5138
              0x100d9af78
              0x100d9c038
              0x100d9929c
              0x100e16000
              0x100dcc44c
              0x100dcaaec
              0x100dfa3d8
              0x100eb9028
              0x1019cfde8
              0x18d309d00
              0x18d304cec
                1

              0x18d2d343c
              0x100ce3fd4
              0x100e8ed5c
              0x100d3e0bc
              0x100d3e674
              0x100e9476c
              0x100d3f45c
              0x100d70058
              0x100d6dfb4
              0x100da5138
              0x100d9af78
              0x100d9c038
              0x100d9929c
              0x100e16000
              0x100dcc44c
              0x100dcaaec
              0x100dfa3d8
              0x100eb9028
              0x1019cfde8
              0x18d309d00
              0x18d304cec
                1

              0x18d2d343c
              0x100fcf4d8
              0x100e43234
              0x100e7cb30
              0x100e77234
              0x100e7e17c
              0x100e97d18
              0x100e9dd30
              0x100b5b37c
              0x100b2daa0
              0x100b5a698
              0x1009adbc4
              0x100c347b8
              0x100befa34
              0x1019c6f40
              0x1009b9b94
              0x18cf33e80
                1

              0x18d2d343c
              0x1009a5edc
              0x100c9e544
              0x10194aa48
              0x101967564
              0x101959698
              0x1019cfde8
              0x18d309d00
              0x18d304cec
                1

              0x18d2d343c
              0x100cc70e0
              0x100ccbc6c
              0x100e8e010
              0x100d3e0bc
              0x100d3e674
              0x100e9476c
              0x100d3f45c
              0x100d70058
              0x100d6dfb4
              0x100da5138
              0x100d9af78
              0x100d9c038
              0x100d9929c
              0x100e16000
              0x100dcc44c
              0x100dcaaec
              0x100dfa3d8
              0x100eb9028
              0x1019cfde8
              0x18d309d00
              0x18d304cec
                1

              0x18d2d343c
              0x100ce3fec
              0x100e8ed5c
              0x100d3e0bc
              0x100d3e674
              0x100e9476c
              0x100d3f45c
              0x100d70058
              0x100d6dfb4
              0x100da5138
              0x100d9af78
              0x100d9c038
              0x100d9929c
              0x100e16000
              0x100dcc44c
              0x100dcaaec
              0x100dfa3d8
              0x100eb9028
              0x1019cfde8
              0x18d309d00
              0x18d304cec
                1

              0x18d2d343c
              0x18cfcacec
              0x18d001068
              0x18cfca940
              0x18d1625a0
              0x18d14b624
              0x18d000c10
              0x18cfcf41c
              0x18d01de8c
              0x18d1625a0
              0x18d14b624
              0x18d01dbd8
              0x18d31b16c
              0x18d31ae4c
              0x18d31ae08
              0x19d8aee2c
              0x19d8b16e8
              0x19d8b0890
              0x18d197164
              0x1019c7c44
              0x1016806cc
              0x101681074
              0x101a44d20
              0x101a2a1d0
                1

              0x18d2d343c
              0x1016110f8
              0x100cd4ba0
              0x100e8e7a0
              0x100d3e0bc
              0x100d3e674
              0x100e9476c
              0x100d3f45c
              0x100d70058
              0x100d6dfb4
              0x100da5138
              0x100d9af78
              0x100d9c038
              0x100d9929c
              0x100e16000
              0x100dcc44c
              0x100dcaaec
              0x100dfa3d8
              0x100eb9028
              0x1019cfde8
              0x18d309d00
              0x18d304cec
                1

              0x18d2d343c
              0x10160d4fc
              0x101109f7c
              0x100cd69c0
              0x100e8e3a0
              0x100d3e0bc
              0x100d3e674
              0x100e9476c
              0x100d3f45c
              0x100d70058
              0x100d6dfb4
              0x100da5138
              0x100d9af78
              0x100d9c038
              0x100d9929c
              0x100e16000
              0x100dcc44c
              0x100dcaaec
              0x100dfa3d8
              0x100eb9028
              0x1019cfde8
              0x18d309d00
              0x18d304cec
                1

              0x18d2d343c
              0x100cf3374
              0x100e3ff28
              0x100d3e05c
              0x100d3e2b8
              0x100e96884
              0x100d3f06c
              0x100d6ffbc
              0x100d6dfb4
              0x100da5138
              0x100d9af78
              0x100d9c038
              0x100d9929c
              0x100e16000
              0x100dcc44c
              0x100dcaaec
              0x100dfa3d8
              0x100eb9028
              0x1019cfde8
              0x18d309d00
              0x18d304cec
                2

              0x18d2d343c
              0x1009a5edc
              0x100c9c5d8
              0x10194aa48
              0x101967564
              0x101959698
              0x1019cfde8
              0x18d309d00
              0x18d304cec
                2

              0x18d2d343c
              0x1019d4b2c
              0x1015b3e00
              0x1011d78e0
              0x10119ce54
              0x10119c744
              0x100d417a0
              0x101685538
              0x10168530c
              0x100d415f0
              0x100d3d27c
              0x100e9e74c
              0x100e96178
              0x100d787d0
              0x100da0aec
              0x100da57b8
              0x100d9af78
              0x100d9c038
              0x100d9929c
              0x100e16000
              0x100dcc44c
              0x100dcaaec
              0x100dfa3d8
              0x100eb9028
                4

              0x18d2d343c
              0x1011e8470
              0x100d41598
              0x100d3d27c
              0x100e9e74c
              0x100e96178
              0x100d787d0
              0x100da0aec
              0x100da57b8
              0x100d9af78
              0x100d9c038
              0x100d9929c
              0x100e16000
              0x100dcc44c
              0x100dcaaec
              0x100dfa3d8
              0x100eb9028
              0x1019cfde8
              0x18d309d00
              0x18d304cec
                4

              0x18d2d343c
              0x1011e801c
              0x100e9e6e4
              0x100e96178
              0x100d787d0
              0x100da0aec
              0x100da57b8
              0x100d9af78
              0x100d9c038
              0x100d9929c
              0x100e16000
              0x100dcc44c
              0x100dcaaec
              0x100dfa3d8
              0x100eb9028
              0x1019cfde8
              0x18d309d00
              0x18d304cec
                5

              0x18d2d343c
              0x1015b4f94
              0x1010e9b04
              0x100e9de54
              0x100e96178
              0x100d787d0
              0x100da0aec
              0x100da57b8
              0x100d9af78
              0x100d9c038
              0x100d9929c
              0x100e16000
              0x100dcc44c
              0x100dcaaec
              0x100dfa3d8
              0x100eb9028
              0x1019cfde8
              0x18d309d00
              0x18d304cec
                5

              0x18d2d343c
              0x1011e7ec4
              0x100e9dfa4
              0x100e96178
              0x100d787d0
              0x100da0aec
              0x100da57b8
              0x100d9af78
              0x100d9c038
              0x100d9929c
              0x100e16000
              0x100dcc44c
              0x100dcaaec
              0x100dfa3d8
              0x100eb9028
              0x1019cfde8
              0x18d309d00
              0x18d304cec
                5

              0x18d2d343c
              0x1011e81c8
              0x1010e9b7c
              0x100e9de54
              0x100e96178
              0x100d787d0
              0x100da0aec
              0x100da57b8
              0x100d9af78
              0x100d9c038
              0x100d9929c
              0x100e16000
              0x100dcc44c
              0x100dcaaec
              0x100dfa3d8
              0x100eb9028
              0x1019cfde8
              0x18d309d00
              0x18d304cec
                5

              0x18d2d343c
              0x100ed31d0
              0x100cf6450
              0x100e3ff28
              0x100d3e05c
              0x100d3e2b8
              0x100e96884
              0x100d3f06c
              0x100d6ffbc
              0x100d6dfb4
              0x100da5138
              0x100d9af78
              0x100d9c038
              0x100d9929c
              0x100e16000
              0x100dcc44c
              0x100dcaaec
              0x100dfa3d8
              0x100eb9028
              0x1019cfde8
              0x18d309d00
              0x18d304cec
               12

              0x18d2d343c
              0x100f3d1dc
              0x100ee2828
              0x100ed01d8
              0x100e48ac0
              0x100d6eb04
              0x100da5564
              0x100d9af78
              0x100d9c038
              0x100d9929c
              0x100e16000
              0x100dcc44c
              0x100dcaaec
              0x100dfa3d8
              0x100eb9028
              0x1019cfde8
              0x18d309d00
              0x18d304cec
               18

              0x18d2d343c
              0x100e8dc74
              0x100d3e0bc
              0x100d3e674
              0x100e9476c
              0x100d3f45c
              0x100d70058
              0x100d6dfb4
              0x100da5138
              0x100d9af78
              0x100d9c038
              0x100d9929c
              0x100e16000
              0x100dcc44c
              0x100dcaaec
              0x100dfa3d8
              0x100eb9028
              0x1019cfde8
              0x18d309d00
              0x18d304cec
               25

              0x18d2d343c
              0x100cf63d0
              0x100e3ff28
              0x100d3e05c
              0x100d3e2b8
              0x100e96884
              0x100d3f06c
              0x100d6ffbc
              0x100d6dfb4
              0x100da5138
              0x100d9af78
              0x100d9c038
              0x100d9929c
              0x100e16000
              0x100dcc44c
              0x100dcaaec
              0x100dfa3d8
              0x100eb9028
              0x1019cfde8
              0x18d309d00
              0x18d304cec
               30

              0x18d2d343c
              0x100cc7190
              0x100ccbc6c
              0x100e8e010
              0x100d3e0bc
              0x100d3e674
              0x100e9476c
              0x100d3f45c
              0x100d70058
              0x100d6dfb4
              0x100da5138
              0x100d9af78
              0x100d9c038
              0x100d9929c
              0x100e16000
              0x100dcc44c
              0x100dcaaec
              0x100dfa3d8
              0x100eb9028
              0x1019cfde8
              0x18d309d00
              0x18d304cec
           552982
