tst_tmpdir.c:308: TINFO: Using /tmp/LTP_inobpeJMw as tmpdir (overlayfs filesystem)
tst_test.c:2042: TINFO: LTP version: 20260529
tst_test.c:2045: TINFO: Tested kernel: 7.0.12-linuxkit #1 SMP PREEMPT Thu Aug 27 14:02:21 UTC 2026 aarch64
tst_kconfig.c:90: TINFO: Parsing kernel config '/proc/config.gz'
tst_test.c:1870: TINFO: Overall timeout per run is 0h 03m 00s
../../../../include/tst_fuzzy_sync.h:484: TINFO: Minimum sampling period ended
../../../../include/tst_fuzzy_sync.h:307: TINFO: loop = 1024, delay_bias = 0
../../../../include/tst_fuzzy_sync.h:295: TINFO: start_a - start_b: { avg =   -22ns, avg_dev =    18ns, dev_ratio = 0.79 }
../../../../include/tst_fuzzy_sync.h:295: TINFO: end_a - start_a  : { avg =   400ns, avg_dev =    38ns, dev_ratio = 0.10 }
../../../../include/tst_fuzzy_sync.h:295: TINFO: end_b - start_b  : { avg =   623ns, avg_dev =    35ns, dev_ratio = 0.06 }
../../../../include/tst_fuzzy_sync.h:295: TINFO: end_a - end_b    : { avg =  -245ns, avg_dev =    28ns, dev_ratio = 0.11 }
../../../../include/tst_fuzzy_sync.h:295: TINFO: spins            : { avg =   297  , avg_dev =    26  , dev_ratio = 0.09 }
../../../../include/tst_fuzzy_sync.h:494: TINFO: Reached deviation ratios < 0.10, introducing randomness
../../../../include/tst_fuzzy_sync.h:497: TINFO: Delay range is [-741, 478]
../../../../include/tst_fuzzy_sync.h:307: TINFO: loop = 1402, delay_bias = 0
../../../../include/tst_fuzzy_sync.h:295: TINFO: start_a - start_b: { avg =   -41ns, avg_dev =     3ns, dev_ratio = 0.09 }
../../../../include/tst_fuzzy_sync.h:295: TINFO: end_a - start_a  : { avg =   377ns, avg_dev =     9ns, dev_ratio = 0.02 }
../../../../include/tst_fuzzy_sync.h:295: TINFO: end_b - start_b  : { avg =   584ns, avg_dev =     3ns, dev_ratio = 0.01 }
../../../../include/tst_fuzzy_sync.h:295: TINFO: end_a - end_b    : { avg =  -248ns, avg_dev =     9ns, dev_ratio = 0.04 }
../../../../include/tst_fuzzy_sync.h:295: TINFO: spins            : { avg =   315  , avg_dev =     5  , dev_ratio = 0.02 }
../../../../include/tst_fuzzy_sync.h:654: TINFO: Exceeded execution loops, requesting exit
inotify09.c:90: TPASS: kernel survived inotify beating

Summary:
passed   1
failed   0
broken   0
skipped  0
warnings 0
real 6.05
user 0.01
sys 0.02
