
running 1 test
test el1_ipc_two_processes_blocking ... IPC pairs pipe n=1: zone=ZoneCounts { el1_parks: 257, el1_switches: 255, host_parks: 0, signal_claims: 0, control_claims: 0, cross_wakes: 255, sgis: 1, preemptions: 0, migrations: 0, timeouts: 0, idle_entries: 268, wfi_entries: 10, idle_exits: 5, misplaced: 0, steals: 3, service_exits: 4, service_placements: 6, ready_placements: 0, service_adoptions: 6, exit_adoptions: 0, host_handbacks: 0, host_queue_claims: 0, host_executor_parks: 0 } forwarded=[(57, 8), (59, 2), (64, 1), (73, 1), (93, 2), (94, 2), (96, 2), (132, 9), (134, 5), (135, 21), (178, 2), (215, 5), (220, 3), (226, 5), (260, 1)] exit 0 signal None stdout "ipc-processes kind=pipe pairs=1 rounds=128 completed=128\n" stderr ""
IPC pairs pipe n=1 served before=[0, 0] after=[511, 256]
WATCHDOG: timeout (60s) exceeded for CARRICK_RUN_ID=el1-ipc-lldb-20260929; reaping with scripts/sudo/kill.sh
WATCHDOG zone census:
zone slot 0: state=IdleWfi mm=0 installed=0 cpu+1=1 current=0 host_record=0 len=0 queue=[] resched=0 timer_cval=0
zone slot 1: state=IdleWfi mm=0 installed=0 cpu+1=2 current=0 host_record=0 len=0 queue=[] resched=0 timer_cval=0
zone slot 2: state=IdleWfi mm=0 installed=0 cpu+1=3 current=0 host_record=0 len=0 queue=[] resched=0 timer_cval=0
zone slot 3: state=IdleWfi mm=0 installed=0 cpu+1=4 current=0 host_record=0 len=0 queue=[] resched=0 timer_cval=0
zone counters: el1_wakes=2266 host_wakes=2 el1_parks=2274 host_parks=0 switches=2243 steals=39 service_exits=53 host_service_placements=27 host_ready_placements=2 resched_kicks=23 service_adoptions=27 exit_adoptions=30 host_handbacks=2 lost_adoptions=0 stale_services=0 held_refusals=0 host_queue_claims=0 host_executor_parks=0 host_queue_takes=0 foreign_adoptions=27
zone spaces: idle_ttbr=0x2d001f8000 el1_space_switches=1156 el1_space_refusals=2 el1_cow_invalidations=0
zone space 5: mm=5 gate=0x0
zone space 6: mm=6 gate=0x0
zone record 1: claim=Parked { seq: 158 } handback=None tid=5 serial=140 mm=5 gen=3 home=None last_slot=None wanted=false cancelled=false entries=1 deadline=None
zone record 2: claim=Parked { seq: 258 } handback=None tid=6 serial=179 mm=6 gen=3 home=None last_slot=None wanted=false cancelled=false entries=1 deadline=None
zone record 3: claim=Parked { seq: 243 } handback=None tid=9 serial=257 mm=5 gen=7 home=None last_slot=Some(SlotId(3)) wanted=false cancelled=false entries=0 deadline=None
zone record 9: claim=Parked { seq: 141 } handback=None tid=11 serial=275 mm=6 gen=7 home=None last_slot=Some(SlotId(3)) wanted=false cancelled=false entries=0 deadline=None


thread 'el1_ipc_two_processes_blocking' (34478261) panicked at crates/carrick-embed/tests/common/mod.rs:112:21:
container run failed: kernel aborted: kernel abort requested for run el1-ipc-lldb-20260929
note: run with `RUST_BACKTRACE=1` environment variable to display a backtrace
pass 1: killing 1 procs (run-id el1-ipc-lldb-20260929)
remaining carrick procs (run-id el1-ipc-lldb-20260929) = 0
