    Finished `release` profile [optimized] target(s) in 0.06s
build-embed-interceptor-probe: wrote /Volumes/CaseSensitive/carrick/.worktrees/wt-batch3/target/embed-fixtures/interceptor-probe-aarch64
    Finished `release` profile [optimized] target(s) in 0.06s
build-embed-zone-readers: wrote /Volumes/CaseSensitive/carrick/.worktrees/wt-batch3/target/embed-fixtures/zone-readers-aarch64
    Finished `release` profile [optimized] target(s) in 0.07s
build-embed-el1-sched: wrote /Volumes/CaseSensitive/carrick/.worktrees/wt-batch3/target/embed-fixtures/el1-sched-aarch64
   Compiling carrick-observability v0.1.0 (/Volumes/CaseSensitive/carrick/.worktrees/wt-batch3/crates/carrick-observability)
   Compiling carrick-hal v0.1.0 (/Volumes/CaseSensitive/carrick/.worktrees/wt-batch3/crates/carrick-hal)
   Compiling carrick-conformance-contract v0.1.0 (/Volumes/CaseSensitive/carrick/.worktrees/wt-batch3/crates/carrick-conformance-contract)
   Compiling carrick-host-bsd v0.1.0 (/Volumes/CaseSensitive/carrick/.worktrees/wt-batch3/crates/carrick-host-bsd)
   Compiling carrick-thread v0.1.0 (/Volumes/CaseSensitive/carrick/.worktrees/wt-batch3/crates/carrick-thread)
   Compiling carrick-aarch64 v0.1.0 (/Volumes/CaseSensitive/carrick/.worktrees/wt-batch3/crates/carrick-aarch64)
   Compiling carrick-vfs v0.1.0 (/Volumes/CaseSensitive/carrick/.worktrees/wt-batch3/crates/carrick-vfs)
   Compiling carrick-vmm-hvf v0.1.0 (/Volumes/CaseSensitive/carrick/.worktrees/wt-batch3/crates/carrick-vmm-hvf)
   Compiling carrick-kernel v0.1.0 (/Volumes/CaseSensitive/carrick/.worktrees/wt-batch3/crates/carrick-kernel)
   Compiling carrick-runtime v0.1.0 (/Volumes/CaseSensitive/carrick/.worktrees/wt-batch3/crates/carrick-runtime)
   Compiling carrick-engine v0.1.0 (/Volumes/CaseSensitive/carrick/.worktrees/wt-batch3/crates/carrick-engine)
   Compiling carrick-embed v0.1.0 (/Volumes/CaseSensitive/carrick/.worktrees/wt-batch3/crates/carrick-embed)
    Finished `release` profile [optimized + debuginfo] target(s) in 2m 29s
/Volumes/CaseSensitive/carrick/.worktrees/wt-batch3/target/release/deps/host_wait_policy-89c995ef2ef1c134.tmp.45744: replacing existing signature
test-signed: signed /Volumes/CaseSensitive/carrick/.worktrees/wt-batch3/target/release/deps/host_wait_policy-89c995ef2ef1c134
/Volumes/CaseSensitive/carrick/.worktrees/wt-batch3/target/release/deps/entitlement_negative-8a2919ea30e610c2.tmp.45744: replacing existing signature
test-signed: signed /Volumes/CaseSensitive/carrick/.worktrees/wt-batch3/target/release/deps/entitlement_negative-8a2919ea30e610c2
/Volumes/CaseSensitive/carrick/.worktrees/wt-batch3/target/release/deps/el1_gic-e8f715d7cded900f.tmp.45744: replacing existing signature
test-signed: signed /Volumes/CaseSensitive/carrick/.worktrees/wt-batch3/target/release/deps/el1_gic-e8f715d7cded900f
/Volumes/CaseSensitive/carrick/.worktrees/wt-batch3/target/release/deps/crash_parked_thread-23a9a15d87339447.tmp.45744: replacing existing signature
test-signed: signed /Volumes/CaseSensitive/carrick/.worktrees/wt-batch3/target/release/deps/crash_parked_thread-23a9a15d87339447
/Volumes/CaseSensitive/carrick/.worktrees/wt-batch3/target/release/deps/pt_pause_drain_pressure-86d1dbb7550a8638.tmp.45744: replacing existing signature
test-signed: signed /Volumes/CaseSensitive/carrick/.worktrees/wt-batch3/target/release/deps/pt_pause_drain_pressure-86d1dbb7550a8638
/Volumes/CaseSensitive/carrick/.worktrees/wt-batch3/target/release/deps/wedge_capture_ladder-7fe62cf1e3bf17c1.tmp.45744: replacing existing signature
test-signed: signed /Volumes/CaseSensitive/carrick/.worktrees/wt-batch3/target/release/deps/wedge_capture_ladder-7fe62cf1e3bf17c1
/Volumes/CaseSensitive/carrick/.worktrees/wt-batch3/target/release/deps/realtime_calibration-265f6ec987359a64.tmp.45744: replacing existing signature
test-signed: signed /Volumes/CaseSensitive/carrick/.worktrees/wt-batch3/target/release/deps/realtime_calibration-265f6ec987359a64
/Volumes/CaseSensitive/carrick/.worktrees/wt-batch3/target/release/deps/perf_regression-57ef2e049d52d52b.tmp.45744: replacing existing signature
test-signed: signed /Volumes/CaseSensitive/carrick/.worktrees/wt-batch3/target/release/deps/perf_regression-57ef2e049d52d52b
/Volumes/CaseSensitive/carrick/.worktrees/wt-batch3/target/release/deps/scheduler_race-7f80dc06a5164a0e.tmp.45744: replacing existing signature
test-signed: signed /Volumes/CaseSensitive/carrick/.worktrees/wt-batch3/target/release/deps/scheduler_race-7f80dc06a5164a0e
/Volumes/CaseSensitive/carrick/.worktrees/wt-batch3/target/release/deps/el1_transparent-4d52be664c477dad.tmp.45744: replacing existing signature
test-signed: signed /Volumes/CaseSensitive/carrick/.worktrees/wt-batch3/target/release/deps/el1_transparent-4d52be664c477dad
/Volumes/CaseSensitive/carrick/.worktrees/wt-batch3/target/release/deps/el1_kick_served_loop-ad4cd20f9a1337f8.tmp.45744: replacing existing signature
test-signed: signed /Volumes/CaseSensitive/carrick/.worktrees/wt-batch3/target/release/deps/el1_kick_served_loop-ad4cd20f9a1337f8
/Volumes/CaseSensitive/carrick/.worktrees/wt-batch3/target/release/deps/el1_inotify09_probe-33d1df78f3306345.tmp.45744: replacing existing signature
test-signed: signed /Volumes/CaseSensitive/carrick/.worktrees/wt-batch3/target/release/deps/el1_inotify09_probe-33d1df78f3306345
/Volumes/CaseSensitive/carrick/.worktrees/wt-batch3/target/release/deps/conformance_contracts-0817a71762aa7fc9.tmp.45744: replacing existing signature
test-signed: signed /Volumes/CaseSensitive/carrick/.worktrees/wt-batch3/target/release/deps/conformance_contracts-0817a71762aa7fc9
/Volumes/CaseSensitive/carrick/.worktrees/wt-batch3/target/release/deps/el1_files-f6d3f625ca046bac.tmp.45744: replacing existing signature
test-signed: signed /Volumes/CaseSensitive/carrick/.worktrees/wt-batch3/target/release/deps/el1_files-f6d3f625ca046bac
/Volumes/CaseSensitive/carrick/.worktrees/wt-batch3/target/release/deps/two_process_parallelism-2a774b64a010b91d.tmp.45744: replacing existing signature
test-signed: signed /Volumes/CaseSensitive/carrick/.worktrees/wt-batch3/target/release/deps/two_process_parallelism-2a774b64a010b91d
/Volumes/CaseSensitive/carrick/.worktrees/wt-batch3/target/release/deps/shared_buffer_futex-5f848c4621a0f5b3.tmp.45744: replacing existing signature
test-signed: signed /Volumes/CaseSensitive/carrick/.worktrees/wt-batch3/target/release/deps/shared_buffer_futex-5f848c4621a0f5b3
/Volumes/CaseSensitive/carrick/.worktrees/wt-batch3/target/release/deps/kernel_abort-d2ba8c93712a34ab.tmp.45744: replacing existing signature
test-signed: signed /Volumes/CaseSensitive/carrick/.worktrees/wt-batch3/target/release/deps/kernel_abort-d2ba8c93712a34ab
/Volumes/CaseSensitive/carrick/.worktrees/wt-batch3/target/release/deps/inotify_hotpath_contract-17704c29a19a29b6.tmp.45744: replacing existing signature
test-signed: signed /Volumes/CaseSensitive/carrick/.worktrees/wt-batch3/target/release/deps/inotify_hotpath_contract-17704c29a19a29b6
/Volumes/CaseSensitive/carrick/.worktrees/wt-batch3/target/release/deps/scheduler_preemption-d5bb7b0eb577abc1.tmp.45744: replacing existing signature
test-signed: signed /Volumes/CaseSensitive/carrick/.worktrees/wt-batch3/target/release/deps/scheduler_preemption-d5bb7b0eb577abc1
/Volumes/CaseSensitive/carrick/.worktrees/wt-batch3/target/release/deps/fault_budget_guest-ef6eedb67cf069df.tmp.45744: replacing existing signature
test-signed: signed /Volumes/CaseSensitive/carrick/.worktrees/wt-batch3/target/release/deps/fault_budget_guest-ef6eedb67cf069df
/Volumes/CaseSensitive/carrick/.worktrees/wt-batch3/target/release/deps/discard_fork_threads-c254a6f9169afa84.tmp.45744: replacing existing signature
test-signed: signed /Volumes/CaseSensitive/carrick/.worktrees/wt-batch3/target/release/deps/discard_fork_threads-c254a6f9169afa84
/Volumes/CaseSensitive/carrick/.worktrees/wt-batch3/target/release/deps/write_seek_contract-b9fcb573d7c1c608.tmp.45744: replacing existing signature
test-signed: signed /Volumes/CaseSensitive/carrick/.worktrees/wt-batch3/target/release/deps/write_seek_contract-b9fcb573d7c1c608
/Volumes/CaseSensitive/carrick/.worktrees/wt-batch3/target/release/deps/el1_sched-b2206a957bd60d90.tmp.45744: replacing existing signature
test-signed: signed /Volumes/CaseSensitive/carrick/.worktrees/wt-batch3/target/release/deps/el1_sched-b2206a957bd60d90
/Volumes/CaseSensitive/carrick/.worktrees/wt-batch3/target/release/deps/guest_smoke-e366e9dc00c96a5a.tmp.45744: replacing existing signature
test-signed: signed /Volumes/CaseSensitive/carrick/.worktrees/wt-batch3/target/release/deps/guest_smoke-e366e9dc00c96a5a
/Volumes/CaseSensitive/carrick/.worktrees/wt-batch3/target/release/deps/el1_vcpu_lifetime-85082de304802e27.tmp.45744: replacing existing signature
test-signed: signed /Volumes/CaseSensitive/carrick/.worktrees/wt-batch3/target/release/deps/el1_vcpu_lifetime-85082de304802e27
/Volumes/CaseSensitive/carrick/.worktrees/wt-batch3/target/release/deps/el1_inotify-77dee75ff8c36015.tmp.45744: replacing existing signature
test-signed: signed /Volumes/CaseSensitive/carrick/.worktrees/wt-batch3/target/release/deps/el1_inotify-77dee75ff8c36015
/Volumes/CaseSensitive/carrick/.worktrees/wt-batch3/target/release/deps/carrick_embed-727c0a20a4bafaa8.tmp.45744: replacing existing signature
test-signed: signed /Volumes/CaseSensitive/carrick/.worktrees/wt-batch3/target/release/deps/carrick_embed-727c0a20a4bafaa8
test-signed: resolved exact filter el1_sched_delayed_notification_survives_parent_reap -> el1_sched_delayed_notification_survives_parent_reap
test-signed: running /Volumes/CaseSensitive/carrick/.worktrees/wt-batch3/target/release/deps/el1_sched-b2206a957bd60d90 el1_sched_delayed_notification_survives_parent_reap --exact --nocapture

running 1 test
test el1_sched_delayed_notification_survives_parent_reap ... {"contract_id":"kernel.wait.child-exit-notification-lifecycle","layer":"embed-structural","implementation_revision":"sha256:818932ff09408c466534d4602b18f680d950b918f3990e37e1c1d24be2ab7520","fixture_identity":"unit:child_exit_notification_snapshot_cannot_wake_a_reaped_parent","scale":1,"semantic_assertions":[{"name":"captured_reaped_released_without_stale_wake","passed":true,"detail":null}],"work":{"values":{"kernel_dispatches":44,"kernel_redispatches":45,"continuation_enrollments":0,"continuation_parks":0,"wake_publications":0,"continuation_resumes":0,"guest_memory_read_bytes":0,"guest_memory_write_bytes":0,"guest_memory_copy_bytes":192,"guest_memory_zero_bytes":0,"backing_materialized_bytes":0,"vfs_backend_operations":0,"directory_entries_visited":0,"host_backend_calls":0,"host_write_position_queries":0,"page_table_edits":0,"page_table_invalidations":0,"page_table_image_allocations":2,"host_mapping_allocations":2,"fork_projection_rows_visited":49,"inotify_queue_visits":0,"backing_allocations":0,"task_admissions":2,"vcpu_admissions":0,"vcpu_releases":0,"vcpu_migrations":0,"futex_queue_visits":0,"futex_waiters_woken":0,"hvf_syscall_exits":0,"portal_requests":0,"portal_completions":0,"portal_fallbacks":0,"portal_stale_rejects":0,"host_heap_allocations":0,"native_activation_leaf_checks":0,"native_data_activations":0,"native_code_words":0,"native_code_invalidation_pages":0,"mm_snapshot_collections":0,"foreign_owner_pins":0,"alias_rows_visited":0,"task_mapping_rows_visited":0,"frame_extents_visited":0,"allocator_bins_checked":0,"allocator_blocks_inspected":0,"allocator_splits_performed":0,"allocator_merges_performed":0,"allocator_capacity_bytes":0,"child_exit_notification_thread_visits":2,"child_exit_notification_wake_attempts":2,"child_exit_notification_wake_deliveries":1},"dropped_events":0,"unknown_metrics":[]},"timing":null,"completeness":{"status":"complete"}}
el1 delayed notification ordering=["captured", "reaped", "released"] markers=1
ok

test result: ok. 1 passed; 0 failed; 0 ignored; 0 measured; 39 filtered out; finished in 0.11s

/Volumes/CaseSensitive/carrick/.worktrees/wt-batch3/target/release/deps/entitlement_negative-8a2919ea30e610c2.noent.45744: replacing existing signature
test-signed: negative control on /Volumes/CaseSensitive/carrick/.worktrees/wt-batch3/target/release/deps/entitlement_negative-8a2919ea30e610c2.noent.45744

running 1 test
test unsigned_executable_maps_hv_denied_to_entitlement ... ok

test result: ok. 1 passed; 0 failed; 0 ignored; 0 measured; 0 filtered out; finished in 0.06s

remaining carrick procs (run-id el1-notification-delivery-9ba825eac) = 0
remaining carrick procs (run-id el1-notification-delivery-9ba825eac-cli) = 0
test-signed: receipt target/test-results/carrick-embed-signed-artifacts.jsonl
test-signed: OK (carrick-embed: 1 invoked signed executable(s) passed, 27 signed, negative control passed)
