2026-09-22T04:24:56.449913Z  WARN carrick::commands: carrick trace: not root; re-executing under sudo
TRACECHILD1|euid=501|egid=20|groups=12,20,33,61,79,80,81,98,100,204,250,395,398,399,400,701

real	0m0.330s
user	0m0.102s
sys	0m0.136s

real	0m0.207s
user	0m0.068s
sys	0m0.137s

real	0m0.201s
user	0m0.061s
sys	0m0.135s

real	0m0.202s
user	0m0.062s
sys	0m0.133s

real	0m0.206s
user	0m0.064s
sys	0m0.139s

real	0m0.206s
user	0m0.065s
sys	0m0.140s

real	0m0.204s
user	0m0.064s
sys	0m0.136s

real	0m0.203s
user	0m0.065s
sys	0m0.136s

real	0m0.204s
user	0m0.063s
sys	0m0.139s

real	0m0.203s
user	0m0.063s
sys	0m0.133s

real	0m0.204s
user	0m0.061s
sys	0m0.137s

real	0m0.207s
user	0m0.063s
sys	0m0.137s

real	0m0.208s
user	0m0.068s
sys	0m0.138s

real	0m0.205s
user	0m0.067s
sys	0m0.133s

real	0m0.214s
user	0m0.069s
sys	0m0.140s

real	0m0.227s
user	0m0.071s
sys	0m0.149s

real	0m0.220s
user	0m0.074s
sys	0m0.142s

real	0m0.213s
user	0m0.069s
sys	0m0.140s

real	0m0.217s
user	0m0.067s
sys	0m0.147s

real	0m0.219s
user	0m0.067s
sys	0m0.145s
HVPatch carrier low-rate CPU: samples=491, user_stacks=309, stack_count_closure=491, bundled_program_sha256=4411c42ae3bd1cca3b188ea86471817e82db0a7b372ba7f5f030e0a33bea77a2, image_text_base=0x104cb8000, raw_bytes=168726
