{
  "population": 491,
  "first_resolved_frame": [
    [
      "applevisor::vcpu::Vcpu::run::h9ac3ac5faebfe78c",
      137
    ],
    [
      "<deduplicated_symbol>",
      25
    ],
    [
      "carrick_vmm_hvf::trap::frame_inventory::_$LT$impl$u20$carrick_vmm_hvf..trap..HvfVmState$GT$::cow_inventory_split_shape::hd9a9067c41322b77",
      18
    ],
    [
      "core::ops::function::impls::_$LT$impl$u20$core..ops..function..FnMut$LT$A$GT$$u20$for$u20$$RF$mut$u20$F$GT$::call_mut::ha7907cd50cbc1e7e",
      18
    ],
    [
      "_$LT$alloc..collections..btree..map..Values$LT$K$C$V$GT$$u20$as$u20$core..iter..traits..double_ended..DoubleEndedIterator$GT$::next_back::h322b7560fb456e1f",
      13
    ],
    [
      "parking_lot::condvar::Condvar::wait_until_internal::heb307538a997ec5d",
      10
    ],
    [
      "parking_lot::raw_mutex::RawMutex::lock_slow::hedf000c10f0767ce",
      8
    ],
    [
      "carrick_vmm_hvf::trap::cow_engine::_$LT$impl$u20$carrick_vmm_hvf..trap..HvfVmState$GT$::ensure_frame_cow_write::hbbb597848a1be06a",
      7
    ],
    [
      "alloc::raw_vec::RawVecInner$LT$A$GT$::finish_grow::h10bad9f4e2248d1b",
      7
    ],
    [
      "_$LT$T$u20$as$u20$carrick_hal..threaded..VcpuKickDyn$GT$::kick::h4aafac49c15f9fa7",
      7
    ],
    [
      "carrick_kernel::dispatch::mem::madvise::_$LT$impl$u20$carrick_kernel..dispatch..dispatcher..MemView$GT$::madvise::hd6c8e80522e51e4c",
      7
    ],
    [
      "carrick_vmm_hvf::trap::frame_inventory::CowArmedRanges::disarm::hf95819e1221a6119",
      6
    ],
    [
      "carrick_kernel::dispatch::mm_quiesce::drain_exact_mm::haa8c567220183811",
      6
    ],
    [
      "alloc::collections::btree::navigate::_$LT$impl$u20$alloc..collections..btree..node..NodeRef$LT$BorrowType$C$K$C$V$C$alloc..collections..btree..node..marker..LeafOrInternal$GT$$GT$::find_leaf_edges_spanning_range::hd195491f3adad07a",
      5
    ],
    [
      "applevisor::vcpu::Vcpu::get_sys_reg::h3efe6a3aabef6ac0",
      5
    ],
    [
      "_$LT$core..iter..adapters..chain..Chain$LT$A$C$B$GT$$u20$as$u20$core..iter..traits..double_ended..DoubleEndedIterator$GT$::try_rfold::h12661e3aae7e420a",
      5
    ],
    [
      "std::sys::backtrace::__rust_begin_short_backtrace::h33c69b3ac1ec1b39",
      5
    ],
    [
      "carrick_kernel::kernel::frame_inventory::FrameInventoryAuthority::reserve::hc413cd7ea42e9314",
      4
    ]
  ]
}
