sample_phase=watch_empty_batch sample=0 scale=128 ticks=3352 frequency=24000000 queued_events=128
sample_phase=watch_empty_batch sample=1 scale=128 ticks=3335 frequency=24000000 queued_events=128
sample_phase=watch_empty_batch sample=2 scale=128 ticks=4992 frequency=24000000 queued_events=128
sample_phase=watch_empty_batch sample=3 scale=128 ticks=3016 frequency=24000000 queued_events=128
sample_phase=watch_empty_batch sample=4 scale=128 ticks=3427 frequency=24000000 queued_events=128
sample_phase=watch_empty_batch sample=5 scale=128 ticks=3156 frequency=24000000 queued_events=128
sample_phase=watch_empty_batch sample=6 scale=128 ticks=4300 frequency=24000000 queued_events=128
sample_phase=watch_empty_batch sample=7 scale=128 ticks=3899 frequency=24000000 queued_events=128
sample_phase=watch_empty_batch sample=8 scale=128 ticks=3763 frequency=24000000 queued_events=128
sample_phase=watch_empty_batch sample=9 scale=128 ticks=3274 frequency=24000000 queued_events=128
sample_phase=watch_empty_batch sample=10 scale=128 ticks=3843 frequency=24000000 queued_events=128
sample_phase=watch_empty_batch sample=11 scale=128 ticks=3476 frequency=24000000 queued_events=128
sample_phase=watch_empty_batch sample=12 scale=128 ticks=3595 frequency=24000000 queued_events=128
sample_phase=watch_empty_batch sample=13 scale=128 ticks=3597 frequency=24000000 queued_events=128
sample_phase=watch_empty_batch sample=14 scale=128 ticks=3188 frequency=24000000 queued_events=128
sample_phase=watch_empty_batch sample=15 scale=128 ticks=3312 frequency=24000000 queued_events=128
sample_phase=watch_empty_batch sample=16 scale=128 ticks=3278 frequency=24000000 queued_events=128
sample_phase=watch_empty_batch sample=17 scale=128 ticks=3268 frequency=24000000 queued_events=128
sample_phase=watch_empty_batch sample=18 scale=128 ticks=3960 frequency=24000000 queued_events=128
sample_phase=watch_empty_batch sample=19 scale=128 ticks=3769 frequency=24000000 queued_events=128
sample_phase=watch_empty_batch sample=20 scale=128 ticks=3824 frequency=24000000 queued_events=128
phase=watch_empty_batch scale=128 samples=21 p50_ns_per_iter=1131 complete=1
sample_phase=watch_growing sample=0 scale=8192 ticks=209480 frequency=24000000 queued_events=8192
sample_phase=watch_growing sample=1 scale=8192 ticks=184965 frequency=24000000 queued_events=8192
sample_phase=watch_growing sample=2 scale=8192 ticks=178685 frequency=24000000 queued_events=8192
sample_phase=watch_growing sample=3 scale=8192 ticks=177146 frequency=24000000 queued_events=8192
sample_phase=watch_growing sample=4 scale=8192 ticks=181128 frequency=24000000 queued_events=8192
sample_phase=watch_growing sample=5 scale=8192 ticks=171885 frequency=24000000 queued_events=8192
sample_phase=watch_growing sample=6 scale=8192 ticks=166048 frequency=24000000 queued_events=8192
sample_phase=watch_growing sample=7 scale=8192 ticks=178331 frequency=24000000 queued_events=8192
sample_phase=watch_growing sample=8 scale=8192 ticks=165107 frequency=24000000 queued_events=8192
sample_phase=watch_growing sample=9 scale=8192 ticks=165955 frequency=24000000 queued_events=8192
sample_phase=watch_growing sample=10 scale=8192 ticks=168485 frequency=24000000 queued_events=8192
sample_phase=watch_growing sample=11 scale=8192 ticks=172136 frequency=24000000 queued_events=8192
sample_phase=watch_growing sample=12 scale=8192 ticks=166428 frequency=24000000 queued_events=8192
sample_phase=watch_growing sample=13 scale=8192 ticks=166436 frequency=24000000 queued_events=8192
sample_phase=watch_growing sample=14 scale=8192 ticks=164605 frequency=24000000 queued_events=8192
sample_phase=watch_growing sample=15 scale=8192 ticks=166315 frequency=24000000 queued_events=8192
sample_phase=watch_growing sample=16 scale=8192 ticks=165151 frequency=24000000 queued_events=8192
sample_phase=watch_growing sample=17 scale=8192 ticks=165735 frequency=24000000 queued_events=8192
sample_phase=watch_growing sample=18 scale=8192 ticks=166256 frequency=24000000 queued_events=8192
sample_phase=watch_growing sample=19 scale=8192 ticks=169869 frequency=24000000 queued_events=8192
sample_phase=watch_growing sample=20 scale=8192 ticks=167064 frequency=24000000 queued_events=8192
phase=watch_growing scale=8192 samples=21 p50_ns_per_iter=849 complete=1
sample_phase=watch_overflow sample=0 scale=65536 ticks=1437788 frequency=24000000 queued_events=16385
sample_phase=watch_overflow sample=1 scale=65536 ticks=1453802 frequency=24000000 queued_events=16385
sample_phase=watch_overflow sample=2 scale=65536 ticks=1448322 frequency=24000000 queued_events=16385
sample_phase=watch_overflow sample=3 scale=65536 ticks=1413719 frequency=24000000 queued_events=16385
sample_phase=watch_overflow sample=4 scale=65536 ticks=1412340 frequency=24000000 queued_events=16385
sample_phase=watch_overflow sample=5 scale=65536 ticks=1441272 frequency=24000000 queued_events=16385
sample_phase=watch_overflow sample=6 scale=65536 ticks=1400245 frequency=24000000 queued_events=16385
sample_phase=watch_overflow sample=7 scale=65536 ticks=1418407 frequency=24000000 queued_events=16385
sample_phase=watch_overflow sample=8 scale=65536 ticks=1430197 frequency=24000000 queued_events=16385
sample_phase=watch_overflow sample=9 scale=65536 ticks=1447139 frequency=24000000 queued_events=16385
sample_phase=watch_overflow sample=10 scale=65536 ticks=1438811 frequency=24000000 queued_events=16385
sample_phase=watch_overflow sample=11 scale=65536 ticks=1414557 frequency=24000000 queued_events=16385
sample_phase=watch_overflow sample=12 scale=65536 ticks=1408889 frequency=24000000 queued_events=16385
sample_phase=watch_overflow sample=13 scale=65536 ticks=1419568 frequency=24000000 queued_events=16385
sample_phase=watch_overflow sample=14 scale=65536 ticks=1436681 frequency=24000000 queued_events=16385
sample_phase=watch_overflow sample=15 scale=65536 ticks=1412146 frequency=24000000 queued_events=16385
sample_phase=watch_overflow sample=16 scale=65536 ticks=1399723 frequency=24000000 queued_events=16385
sample_phase=watch_overflow sample=17 scale=65536 ticks=1431085 frequency=24000000 queued_events=16385
sample_phase=watch_overflow sample=18 scale=65536 ticks=1440697 frequency=24000000 queued_events=16385
sample_phase=watch_overflow sample=19 scale=65536 ticks=1425210 frequency=24000000 queued_events=16385
sample_phase=watch_overflow sample=20 scale=65536 ticks=1437788 frequency=24000000 queued_events=16385
phase=watch_overflow scale=65536 samples=21 p50_ns_per_iter=909 complete=1
probe_complete=1
