sample_phase=watch_empty_batch sample=0 scale=128 ticks=11138 frequency=24000000 queued_events=128
sample_phase=watch_empty_batch sample=1 scale=128 ticks=11285 frequency=24000000 queued_events=128
sample_phase=watch_empty_batch sample=2 scale=128 ticks=10745 frequency=24000000 queued_events=128
sample_phase=watch_empty_batch sample=3 scale=128 ticks=10736 frequency=24000000 queued_events=128
sample_phase=watch_empty_batch sample=4 scale=128 ticks=10749 frequency=24000000 queued_events=128
sample_phase=watch_empty_batch sample=5 scale=128 ticks=10926 frequency=24000000 queued_events=128
sample_phase=watch_empty_batch sample=6 scale=128 ticks=10847 frequency=24000000 queued_events=128
sample_phase=watch_empty_batch sample=7 scale=128 ticks=10668 frequency=24000000 queued_events=128
sample_phase=watch_empty_batch sample=8 scale=128 ticks=10890 frequency=24000000 queued_events=128
sample_phase=watch_empty_batch sample=9 scale=128 ticks=10799 frequency=24000000 queued_events=128
sample_phase=watch_empty_batch sample=10 scale=128 ticks=10786 frequency=24000000 queued_events=128
sample_phase=watch_empty_batch sample=11 scale=128 ticks=10737 frequency=24000000 queued_events=128
sample_phase=watch_empty_batch sample=12 scale=128 ticks=10965 frequency=24000000 queued_events=128
sample_phase=watch_empty_batch sample=13 scale=128 ticks=10893 frequency=24000000 queued_events=128
sample_phase=watch_empty_batch sample=14 scale=128 ticks=10912 frequency=24000000 queued_events=128
sample_phase=watch_empty_batch sample=15 scale=128 ticks=11096 frequency=24000000 queued_events=128
sample_phase=watch_empty_batch sample=16 scale=128 ticks=11111 frequency=24000000 queued_events=128
sample_phase=watch_empty_batch sample=17 scale=128 ticks=10650 frequency=24000000 queued_events=128
sample_phase=watch_empty_batch sample=18 scale=128 ticks=10947 frequency=24000000 queued_events=128
sample_phase=watch_empty_batch sample=19 scale=128 ticks=10798 frequency=24000000 queued_events=128
sample_phase=watch_empty_batch sample=20 scale=128 ticks=10258 frequency=24000000 queued_events=128
phase=watch_empty_batch scale=128 samples=21 p50_ns_per_iter=3530 complete=1
sample_phase=watch_growing sample=0 scale=8192 ticks=690642 frequency=24000000 queued_events=8192
sample_phase=watch_growing sample=1 scale=8192 ticks=686263 frequency=24000000 queued_events=8192
sample_phase=watch_growing sample=2 scale=8192 ticks=658042 frequency=24000000 queued_events=8192
sample_phase=watch_growing sample=3 scale=8192 ticks=680209 frequency=24000000 queued_events=8192
sample_phase=watch_growing sample=4 scale=8192 ticks=665841 frequency=24000000 queued_events=8192
sample_phase=watch_growing sample=5 scale=8192 ticks=688217 frequency=24000000 queued_events=8192
sample_phase=watch_growing sample=6 scale=8192 ticks=698945 frequency=24000000 queued_events=8192
sample_phase=watch_growing sample=7 scale=8192 ticks=691399 frequency=24000000 queued_events=8192
sample_phase=watch_growing sample=8 scale=8192 ticks=699010 frequency=24000000 queued_events=8192
sample_phase=watch_growing sample=9 scale=8192 ticks=674530 frequency=24000000 queued_events=8192
sample_phase=watch_growing sample=10 scale=8192 ticks=699966 frequency=24000000 queued_events=8192
sample_phase=watch_growing sample=11 scale=8192 ticks=664199 frequency=24000000 queued_events=8192
sample_phase=watch_growing sample=12 scale=8192 ticks=681574 frequency=24000000 queued_events=8192
sample_phase=watch_growing sample=13 scale=8192 ticks=678946 frequency=24000000 queued_events=8192
sample_phase=watch_growing sample=14 scale=8192 ticks=666133 frequency=24000000 queued_events=8192
sample_phase=watch_growing sample=15 scale=8192 ticks=678985 frequency=24000000 queued_events=8192
sample_phase=watch_growing sample=16 scale=8192 ticks=693399 frequency=24000000 queued_events=8192
sample_phase=watch_growing sample=17 scale=8192 ticks=701805 frequency=24000000 queued_events=8192
sample_phase=watch_growing sample=18 scale=8192 ticks=700906 frequency=24000000 queued_events=8192
sample_phase=watch_growing sample=19 scale=8192 ticks=687830 frequency=24000000 queued_events=8192
sample_phase=watch_growing sample=20 scale=8192 ticks=693565 frequency=24000000 queued_events=8192
phase=watch_growing scale=8192 samples=21 p50_ns_per_iter=3498 complete=1
sample_phase=watch_overflow sample=0 scale=65536 ticks=5510782 frequency=24000000 queued_events=16385
sample_phase=watch_overflow sample=1 scale=65536 ticks=5507021 frequency=24000000 queued_events=16385
sample_phase=watch_overflow sample=2 scale=65536 ticks=5453669 frequency=24000000 queued_events=16385
sample_phase=watch_overflow sample=3 scale=65536 ticks=5454777 frequency=24000000 queued_events=16385
sample_phase=watch_overflow sample=4 scale=65536 ticks=5540398 frequency=24000000 queued_events=16385
sample_phase=watch_overflow sample=5 scale=65536 ticks=5559081 frequency=24000000 queued_events=16385
sample_phase=watch_overflow sample=6 scale=65536 ticks=5495878 frequency=24000000 queued_events=16385
sample_phase=watch_overflow sample=7 scale=65536 ticks=5430343 frequency=24000000 queued_events=16385
sample_phase=watch_overflow sample=8 scale=65536 ticks=5560841 frequency=24000000 queued_events=16385
sample_phase=watch_overflow sample=9 scale=65536 ticks=5456133 frequency=24000000 queued_events=16385
sample_phase=watch_overflow sample=10 scale=65536 ticks=5501646 frequency=24000000 queued_events=16385
sample_phase=watch_overflow sample=11 scale=65536 ticks=5574267 frequency=24000000 queued_events=16385
sample_phase=watch_overflow sample=12 scale=65536 ticks=5430846 frequency=24000000 queued_events=16385
sample_phase=watch_overflow sample=13 scale=65536 ticks=5463100 frequency=24000000 queued_events=16385
sample_phase=watch_overflow sample=14 scale=65536 ticks=5476323 frequency=24000000 queued_events=16385
sample_phase=watch_overflow sample=15 scale=65536 ticks=5559712 frequency=24000000 queued_events=16385
sample_phase=watch_overflow sample=16 scale=65536 ticks=5569813 frequency=24000000 queued_events=16385
sample_phase=watch_overflow sample=17 scale=65536 ticks=5402004 frequency=24000000 queued_events=16385
sample_phase=watch_overflow sample=18 scale=65536 ticks=5469324 frequency=24000000 queued_events=16385
sample_phase=watch_overflow sample=19 scale=65536 ticks=5424615 frequency=24000000 queued_events=16385
sample_phase=watch_overflow sample=20 scale=65536 ticks=5524136 frequency=24000000 queued_events=16385
phase=watch_overflow scale=65536 samples=21 p50_ns_per_iter=3494 complete=1
probe_complete=1
