sample_phase=watch_empty_batch sample=0 scale=128 ticks=3793 frequency=24000000 queued_events=128
sample_phase=watch_empty_batch sample=1 scale=128 ticks=3952 frequency=24000000 queued_events=128
sample_phase=watch_empty_batch sample=2 scale=128 ticks=3654 frequency=24000000 queued_events=128
sample_phase=watch_empty_batch sample=3 scale=128 ticks=3176 frequency=24000000 queued_events=128
sample_phase=watch_empty_batch sample=4 scale=128 ticks=3152 frequency=24000000 queued_events=128
sample_phase=watch_empty_batch sample=5 scale=128 ticks=3200 frequency=24000000 queued_events=128
sample_phase=watch_empty_batch sample=6 scale=128 ticks=4259 frequency=24000000 queued_events=128
sample_phase=watch_empty_batch sample=7 scale=128 ticks=3505 frequency=24000000 queued_events=128
sample_phase=watch_empty_batch sample=8 scale=128 ticks=3495 frequency=24000000 queued_events=128
sample_phase=watch_empty_batch sample=9 scale=128 ticks=3868 frequency=24000000 queued_events=128
sample_phase=watch_empty_batch sample=10 scale=128 ticks=3157 frequency=24000000 queued_events=128
sample_phase=watch_empty_batch sample=11 scale=128 ticks=3511 frequency=24000000 queued_events=128
sample_phase=watch_empty_batch sample=12 scale=128 ticks=3942 frequency=24000000 queued_events=128
sample_phase=watch_empty_batch sample=13 scale=128 ticks=3587 frequency=24000000 queued_events=128
sample_phase=watch_empty_batch sample=14 scale=128 ticks=3710 frequency=24000000 queued_events=128
sample_phase=watch_empty_batch sample=15 scale=128 ticks=3624 frequency=24000000 queued_events=128
sample_phase=watch_empty_batch sample=16 scale=128 ticks=3287 frequency=24000000 queued_events=128
sample_phase=watch_empty_batch sample=17 scale=128 ticks=3403 frequency=24000000 queued_events=128
sample_phase=watch_empty_batch sample=18 scale=128 ticks=3195 frequency=24000000 queued_events=128
sample_phase=watch_empty_batch sample=19 scale=128 ticks=3151 frequency=24000000 queued_events=128
sample_phase=watch_empty_batch sample=20 scale=128 ticks=3127 frequency=24000000 queued_events=128
phase=watch_empty_batch scale=128 samples=21 p50_ns_per_iter=1140 complete=1
sample_phase=watch_growing sample=0 scale=8192 ticks=192358 frequency=24000000 queued_events=8192
sample_phase=watch_growing sample=1 scale=8192 ticks=179616 frequency=24000000 queued_events=8192
sample_phase=watch_growing sample=2 scale=8192 ticks=175698 frequency=24000000 queued_events=8192
sample_phase=watch_growing sample=3 scale=8192 ticks=164361 frequency=24000000 queued_events=8192
sample_phase=watch_growing sample=4 scale=8192 ticks=167084 frequency=24000000 queued_events=8192
sample_phase=watch_growing sample=5 scale=8192 ticks=166922 frequency=24000000 queued_events=8192
sample_phase=watch_growing sample=6 scale=8192 ticks=166068 frequency=24000000 queued_events=8192
sample_phase=watch_growing sample=7 scale=8192 ticks=167809 frequency=24000000 queued_events=8192
sample_phase=watch_growing sample=8 scale=8192 ticks=169665 frequency=24000000 queued_events=8192
sample_phase=watch_growing sample=9 scale=8192 ticks=170696 frequency=24000000 queued_events=8192
sample_phase=watch_growing sample=10 scale=8192 ticks=178030 frequency=24000000 queued_events=8192
sample_phase=watch_growing sample=11 scale=8192 ticks=168956 frequency=24000000 queued_events=8192
sample_phase=watch_growing sample=12 scale=8192 ticks=167619 frequency=24000000 queued_events=8192
sample_phase=watch_growing sample=13 scale=8192 ticks=171826 frequency=24000000 queued_events=8192
sample_phase=watch_growing sample=14 scale=8192 ticks=173860 frequency=24000000 queued_events=8192
sample_phase=watch_growing sample=15 scale=8192 ticks=165059 frequency=24000000 queued_events=8192
sample_phase=watch_growing sample=16 scale=8192 ticks=165685 frequency=24000000 queued_events=8192
sample_phase=watch_growing sample=17 scale=8192 ticks=166558 frequency=24000000 queued_events=8192
sample_phase=watch_growing sample=18 scale=8192 ticks=170677 frequency=24000000 queued_events=8192
sample_phase=watch_growing sample=19 scale=8192 ticks=168768 frequency=24000000 queued_events=8192
sample_phase=watch_growing sample=20 scale=8192 ticks=165815 frequency=24000000 queued_events=8192
phase=watch_growing scale=8192 samples=21 p50_ns_per_iter=858 complete=1
sample_phase=watch_overflow sample=0 scale=65536 ticks=1430469 frequency=24000000 queued_events=16385
sample_phase=watch_overflow sample=1 scale=65536 ticks=1434522 frequency=24000000 queued_events=16385
sample_phase=watch_overflow sample=2 scale=65536 ticks=1444491 frequency=24000000 queued_events=16385
sample_phase=watch_overflow sample=3 scale=65536 ticks=1439105 frequency=24000000 queued_events=16385
sample_phase=watch_overflow sample=4 scale=65536 ticks=1409708 frequency=24000000 queued_events=16385
sample_phase=watch_overflow sample=5 scale=65536 ticks=1405678 frequency=24000000 queued_events=16385
sample_phase=watch_overflow sample=6 scale=65536 ticks=1407059 frequency=24000000 queued_events=16385
sample_phase=watch_overflow sample=7 scale=65536 ticks=1441426 frequency=24000000 queued_events=16385
sample_phase=watch_overflow sample=8 scale=65536 ticks=1407357 frequency=24000000 queued_events=16385
sample_phase=watch_overflow sample=9 scale=65536 ticks=1445196 frequency=24000000 queued_events=16385
sample_phase=watch_overflow sample=10 scale=65536 ticks=1402147 frequency=24000000 queued_events=16385
sample_phase=watch_overflow sample=11 scale=65536 ticks=1435581 frequency=24000000 queued_events=16385
sample_phase=watch_overflow sample=12 scale=65536 ticks=1448311 frequency=24000000 queued_events=16385
sample_phase=watch_overflow sample=13 scale=65536 ticks=1420735 frequency=24000000 queued_events=16385
sample_phase=watch_overflow sample=14 scale=65536 ticks=1393919 frequency=24000000 queued_events=16385
sample_phase=watch_overflow sample=15 scale=65536 ticks=1420318 frequency=24000000 queued_events=16385
sample_phase=watch_overflow sample=16 scale=65536 ticks=1438162 frequency=24000000 queued_events=16385
sample_phase=watch_overflow sample=17 scale=65536 ticks=1440702 frequency=24000000 queued_events=16385
sample_phase=watch_overflow sample=18 scale=65536 ticks=1419441 frequency=24000000 queued_events=16385
sample_phase=watch_overflow sample=19 scale=65536 ticks=1426429 frequency=24000000 queued_events=16385
sample_phase=watch_overflow sample=20 scale=65536 ticks=1433054 frequency=24000000 queued_events=16385
phase=watch_overflow scale=65536 samples=21 p50_ns_per_iter=909 complete=1
probe_complete=1
