tst_tmpdir.c:308: TINFO: Using /tmp/LTP_inowbwdqx as tmpdir (overlayfs filesystem)
tst_test.c:2042: TINFO: LTP version: 20260529
tst_test.c:2045: TINFO: Tested kernel: 7.0.12-linuxkit #1 SMP PREEMPT Thu Aug 27 14:02:21 UTC 2026 aarch64
tst_kconfig.c:90: TINFO: Parsing kernel config '/proc/config.gz'
tst_test.c:1870: TINFO: Overall timeout per run is 0h 03m 00s
../../../../include/tst_fuzzy_sync.h:484: TINFO: Minimum sampling period ended
../../../../include/tst_fuzzy_sync.h:307: TINFO: loop = 1024, delay_bias = 0
../../../../include/tst_fuzzy_sync.h:295: TINFO: start_a - start_b: { avg =   -28ns, avg_dev =    16ns, dev_ratio = 0.58 }
../../../../include/tst_fuzzy_sync.h:295: TINFO: end_a - start_a  : { avg =  2150ns, avg_dev =  1386ns, dev_ratio = 0.64 }
../../../../include/tst_fuzzy_sync.h:295: TINFO: end_b - start_b  : { avg =   676ns, avg_dev =    56ns, dev_ratio = 0.08 }
../../../../include/tst_fuzzy_sync.h:295: TINFO: end_a - end_b    : { avg =  1446ns, avg_dev =  1390ns, dev_ratio = 0.96 }
../../../../include/tst_fuzzy_sync.h:295: TINFO: spins            : { avg =  1996  , avg_dev =  1469  , dev_ratio = 0.74 }
../../../../include/tst_fuzzy_sync.h:494: TINFO: Reached deviation ratios < 0.10, introducing randomness
../../../../include/tst_fuzzy_sync.h:497: TINFO: Delay range is [-725, 447]
../../../../include/tst_fuzzy_sync.h:307: TINFO: loop = 1401, delay_bias = 0
../../../../include/tst_fuzzy_sync.h:295: TINFO: start_a - start_b: { avg =   -41ns, avg_dev =     4ns, dev_ratio = 0.09 }
../../../../include/tst_fuzzy_sync.h:295: TINFO: end_a - start_a  : { avg =   380ns, avg_dev =    21ns, dev_ratio = 0.06 }
../../../../include/tst_fuzzy_sync.h:295: TINFO: end_b - start_b  : { avg =   618ns, avg_dev =     9ns, dev_ratio = 0.01 }
../../../../include/tst_fuzzy_sync.h:295: TINFO: end_a - end_b    : { avg =  -278ns, avg_dev =    27ns, dev_ratio = 0.10 }
../../../../include/tst_fuzzy_sync.h:295: TINFO: spins            : { avg =   326  , avg_dev =    19  , dev_ratio = 0.06 }
../../../../include/tst_fuzzy_sync.h:654: TINFO: Exceeded execution loops, requesting exit
inotify09.c:90: TPASS: kernel survived inotify beating

Summary:
passed   1
failed   0
broken   0
skipped  0
warnings 0
