sample_phase=watch_empty_batch sample=0 scale=128 ticks=3230 frequency=24000000 queued_events=128
sample_phase=watch_empty_batch sample=1 scale=128 ticks=10727 frequency=24000000 queued_events=128
sample_phase=watch_empty_batch sample=2 scale=128 ticks=3875 frequency=24000000 queued_events=128
sample_phase=watch_empty_batch sample=3 scale=128 ticks=4182 frequency=24000000 queued_events=128
sample_phase=watch_empty_batch sample=4 scale=128 ticks=3264 frequency=24000000 queued_events=128
sample_phase=watch_empty_batch sample=5 scale=128 ticks=3431 frequency=24000000 queued_events=128
sample_phase=watch_empty_batch sample=6 scale=128 ticks=3719 frequency=24000000 queued_events=128
sample_phase=watch_empty_batch sample=7 scale=128 ticks=3035 frequency=24000000 queued_events=128
sample_phase=watch_empty_batch sample=8 scale=128 ticks=4491 frequency=24000000 queued_events=128
sample_phase=watch_empty_batch sample=9 scale=128 ticks=3228 frequency=24000000 queued_events=128
sample_phase=watch_empty_batch sample=10 scale=128 ticks=3631 frequency=24000000 queued_events=128
sample_phase=watch_empty_batch sample=11 scale=128 ticks=5645 frequency=24000000 queued_events=128
sample_phase=watch_empty_batch sample=12 scale=128 ticks=4100 frequency=24000000 queued_events=128
sample_phase=watch_empty_batch sample=13 scale=128 ticks=3589 frequency=24000000 queued_events=128
sample_phase=watch_empty_batch sample=14 scale=128 ticks=3914 frequency=24000000 queued_events=128
sample_phase=watch_empty_batch sample=15 scale=128 ticks=3465 frequency=24000000 queued_events=128
sample_phase=watch_empty_batch sample=16 scale=128 ticks=3418 frequency=24000000 queued_events=128
sample_phase=watch_empty_batch sample=17 scale=128 ticks=3445 frequency=24000000 queued_events=128
sample_phase=watch_empty_batch sample=18 scale=128 ticks=3621 frequency=24000000 queued_events=128
sample_phase=watch_empty_batch sample=19 scale=128 ticks=3243 frequency=24000000 queued_events=128
sample_phase=watch_empty_batch sample=20 scale=128 ticks=3165 frequency=24000000 queued_events=128
phase=watch_empty_batch scale=128 samples=21 p50_ns_per_iter=1168 complete=1
sample_phase=watch_growing sample=0 scale=8192 ticks=183270 frequency=24000000 queued_events=8192
sample_phase=watch_growing sample=1 scale=8192 ticks=188462 frequency=24000000 queued_events=8192
sample_phase=watch_growing sample=2 scale=8192 ticks=176332 frequency=24000000 queued_events=8192
sample_phase=watch_growing sample=3 scale=8192 ticks=180337 frequency=24000000 queued_events=8192
sample_phase=watch_growing sample=4 scale=8192 ticks=170501 frequency=24000000 queued_events=8192
sample_phase=watch_growing sample=5 scale=8192 ticks=173628 frequency=24000000 queued_events=8192
sample_phase=watch_growing sample=6 scale=8192 ticks=183289 frequency=24000000 queued_events=8192
sample_phase=watch_growing sample=7 scale=8192 ticks=178249 frequency=24000000 queued_events=8192
sample_phase=watch_growing sample=8 scale=8192 ticks=180134 frequency=24000000 queued_events=8192
sample_phase=watch_growing sample=9 scale=8192 ticks=170493 frequency=24000000 queued_events=8192
sample_phase=watch_growing sample=10 scale=8192 ticks=175837 frequency=24000000 queued_events=8192
sample_phase=watch_growing sample=11 scale=8192 ticks=174566 frequency=24000000 queued_events=8192
sample_phase=watch_growing sample=12 scale=8192 ticks=171753 frequency=24000000 queued_events=8192
sample_phase=watch_growing sample=13 scale=8192 ticks=168973 frequency=24000000 queued_events=8192
sample_phase=watch_growing sample=14 scale=8192 ticks=172122 frequency=24000000 queued_events=8192
sample_phase=watch_growing sample=15 scale=8192 ticks=180667 frequency=24000000 queued_events=8192
sample_phase=watch_growing sample=16 scale=8192 ticks=166608 frequency=24000000 queued_events=8192
sample_phase=watch_growing sample=17 scale=8192 ticks=171608 frequency=24000000 queued_events=8192
sample_phase=watch_growing sample=18 scale=8192 ticks=169098 frequency=24000000 queued_events=8192
sample_phase=watch_growing sample=19 scale=8192 ticks=169889 frequency=24000000 queued_events=8192
sample_phase=watch_growing sample=20 scale=8192 ticks=173918 frequency=24000000 queued_events=8192
phase=watch_growing scale=8192 samples=21 p50_ns_per_iter=884 complete=1
sample_phase=watch_overflow sample=0 scale=65536 ticks=1456907 frequency=24000000 queued_events=16385
sample_phase=watch_overflow sample=1 scale=65536 ticks=1441749 frequency=24000000 queued_events=16385
sample_phase=watch_overflow sample=2 scale=65536 ticks=1452582 frequency=24000000 queued_events=16385
sample_phase=watch_overflow sample=3 scale=65536 ticks=1428013 frequency=24000000 queued_events=16385
sample_phase=watch_overflow sample=4 scale=65536 ticks=1410109 frequency=24000000 queued_events=16385
sample_phase=watch_overflow sample=5 scale=65536 ticks=1409922 frequency=24000000 queued_events=16385
sample_phase=watch_overflow sample=6 scale=65536 ticks=1411469 frequency=24000000 queued_events=16385
sample_phase=watch_overflow sample=7 scale=65536 ticks=1420791 frequency=24000000 queued_events=16385
sample_phase=watch_overflow sample=8 scale=65536 ticks=1429075 frequency=24000000 queued_events=16385
sample_phase=watch_overflow sample=9 scale=65536 ticks=1413974 frequency=24000000 queued_events=16385
sample_phase=watch_overflow sample=10 scale=65536 ticks=1383860 frequency=24000000 queued_events=16385
sample_phase=watch_overflow sample=11 scale=65536 ticks=1440988 frequency=24000000 queued_events=16385
sample_phase=watch_overflow sample=12 scale=65536 ticks=1401915 frequency=24000000 queued_events=16385
sample_phase=watch_overflow sample=13 scale=65536 ticks=1417659 frequency=24000000 queued_events=16385
sample_phase=watch_overflow sample=14 scale=65536 ticks=1425833 frequency=24000000 queued_events=16385
sample_phase=watch_overflow sample=15 scale=65536 ticks=1395993 frequency=24000000 queued_events=16385
sample_phase=watch_overflow sample=16 scale=65536 ticks=1422152 frequency=24000000 queued_events=16385
sample_phase=watch_overflow sample=17 scale=65536 ticks=1421727 frequency=24000000 queued_events=16385
sample_phase=watch_overflow sample=18 scale=65536 ticks=1398491 frequency=24000000 queued_events=16385
sample_phase=watch_overflow sample=19 scale=65536 ticks=1414131 frequency=24000000 queued_events=16385
sample_phase=watch_overflow sample=20 scale=65536 ticks=1401080 frequency=24000000 queued_events=16385
phase=watch_overflow scale=65536 samples=21 p50_ns_per_iter=901 complete=1
probe_complete=1
