sample_phase=watch_empty_batch sample=0 scale=128 ticks=10485 frequency=24000000 queued_events=128
sample_phase=watch_empty_batch sample=1 scale=128 ticks=10399 frequency=24000000 queued_events=128
sample_phase=watch_empty_batch sample=2 scale=128 ticks=10470 frequency=24000000 queued_events=128
sample_phase=watch_empty_batch sample=3 scale=128 ticks=10550 frequency=24000000 queued_events=128
sample_phase=watch_empty_batch sample=4 scale=128 ticks=10585 frequency=24000000 queued_events=128
sample_phase=watch_empty_batch sample=5 scale=128 ticks=10397 frequency=24000000 queued_events=128
sample_phase=watch_empty_batch sample=6 scale=128 ticks=10511 frequency=24000000 queued_events=128
sample_phase=watch_empty_batch sample=7 scale=128 ticks=10556 frequency=24000000 queued_events=128
sample_phase=watch_empty_batch sample=8 scale=128 ticks=10432 frequency=24000000 queued_events=128
sample_phase=watch_empty_batch sample=9 scale=128 ticks=10523 frequency=24000000 queued_events=128
sample_phase=watch_empty_batch sample=10 scale=128 ticks=10669 frequency=24000000 queued_events=128
sample_phase=watch_empty_batch sample=11 scale=128 ticks=10706 frequency=24000000 queued_events=128
sample_phase=watch_empty_batch sample=12 scale=128 ticks=10682 frequency=24000000 queued_events=128
sample_phase=watch_empty_batch sample=13 scale=128 ticks=10463 frequency=24000000 queued_events=128
sample_phase=watch_empty_batch sample=14 scale=128 ticks=10650 frequency=24000000 queued_events=128
sample_phase=watch_empty_batch sample=15 scale=128 ticks=10656 frequency=24000000 queued_events=128
sample_phase=watch_empty_batch sample=16 scale=128 ticks=10619 frequency=24000000 queued_events=128
sample_phase=watch_empty_batch sample=17 scale=128 ticks=10639 frequency=24000000 queued_events=128
sample_phase=watch_empty_batch sample=18 scale=128 ticks=10773 frequency=24000000 queued_events=128
sample_phase=watch_empty_batch sample=19 scale=128 ticks=10545 frequency=24000000 queued_events=128
sample_phase=watch_empty_batch sample=20 scale=128 ticks=10697 frequency=24000000 queued_events=128
phase=watch_empty_batch scale=128 samples=21 p50_ns_per_iter=3436 complete=1
sample_phase=watch_growing sample=0 scale=8192 ticks=666990 frequency=24000000 queued_events=8192
sample_phase=watch_growing sample=1 scale=8192 ticks=675873 frequency=24000000 queued_events=8192
sample_phase=watch_growing sample=2 scale=8192 ticks=676528 frequency=24000000 queued_events=8192
sample_phase=watch_growing sample=3 scale=8192 ticks=665226 frequency=24000000 queued_events=8192
sample_phase=watch_growing sample=4 scale=8192 ticks=682010 frequency=24000000 queued_events=8192
sample_phase=watch_growing sample=5 scale=8192 ticks=664104 frequency=24000000 queued_events=8192
sample_phase=watch_growing sample=6 scale=8192 ticks=679631 frequency=24000000 queued_events=8192
sample_phase=watch_growing sample=7 scale=8192 ticks=659980 frequency=24000000 queued_events=8192
sample_phase=watch_growing sample=8 scale=8192 ticks=677386 frequency=24000000 queued_events=8192
sample_phase=watch_growing sample=9 scale=8192 ticks=665044 frequency=24000000 queued_events=8192
sample_phase=watch_growing sample=10 scale=8192 ticks=680879 frequency=24000000 queued_events=8192
sample_phase=watch_growing sample=11 scale=8192 ticks=659821 frequency=24000000 queued_events=8192
sample_phase=watch_growing sample=12 scale=8192 ticks=660118 frequency=24000000 queued_events=8192
sample_phase=watch_growing sample=13 scale=8192 ticks=662214 frequency=24000000 queued_events=8192
sample_phase=watch_growing sample=14 scale=8192 ticks=659448 frequency=24000000 queued_events=8192
sample_phase=watch_growing sample=15 scale=8192 ticks=688870 frequency=24000000 queued_events=8192
sample_phase=watch_growing sample=16 scale=8192 ticks=679397 frequency=24000000 queued_events=8192
sample_phase=watch_growing sample=17 scale=8192 ticks=687452 frequency=24000000 queued_events=8192
sample_phase=watch_growing sample=18 scale=8192 ticks=659973 frequency=24000000 queued_events=8192
sample_phase=watch_growing sample=19 scale=8192 ticks=672903 frequency=24000000 queued_events=8192
sample_phase=watch_growing sample=20 scale=8192 ticks=687872 frequency=24000000 queued_events=8192
phase=watch_growing scale=8192 samples=21 p50_ns_per_iter=3422 complete=1
sample_phase=watch_overflow sample=0 scale=65536 ticks=5517123 frequency=24000000 queued_events=16385
sample_phase=watch_overflow sample=1 scale=65536 ticks=5381167 frequency=24000000 queued_events=16385
sample_phase=watch_overflow sample=2 scale=65536 ticks=5378520 frequency=24000000 queued_events=16385
sample_phase=watch_overflow sample=3 scale=65536 ticks=5418446 frequency=24000000 queued_events=16385
sample_phase=watch_overflow sample=4 scale=65536 ticks=5464209 frequency=24000000 queued_events=16385
sample_phase=watch_overflow sample=5 scale=65536 ticks=5450884 frequency=24000000 queued_events=16385
sample_phase=watch_overflow sample=6 scale=65536 ticks=5428000 frequency=24000000 queued_events=16385
sample_phase=watch_overflow sample=7 scale=65536 ticks=5439009 frequency=24000000 queued_events=16385
sample_phase=watch_overflow sample=8 scale=65536 ticks=5426409 frequency=24000000 queued_events=16385
sample_phase=watch_overflow sample=9 scale=65536 ticks=5439802 frequency=24000000 queued_events=16385
sample_phase=watch_overflow sample=10 scale=65536 ticks=5383701 frequency=24000000 queued_events=16385
sample_phase=watch_overflow sample=11 scale=65536 ticks=5438918 frequency=24000000 queued_events=16385
sample_phase=watch_overflow sample=12 scale=65536 ticks=5486131 frequency=24000000 queued_events=16385
sample_phase=watch_overflow sample=13 scale=65536 ticks=5469395 frequency=24000000 queued_events=16385
sample_phase=watch_overflow sample=14 scale=65536 ticks=5419331 frequency=24000000 queued_events=16385
sample_phase=watch_overflow sample=15 scale=65536 ticks=5432172 frequency=24000000 queued_events=16385
sample_phase=watch_overflow sample=16 scale=65536 ticks=5425511 frequency=24000000 queued_events=16385
sample_phase=watch_overflow sample=17 scale=65536 ticks=5524201 frequency=24000000 queued_events=16385
sample_phase=watch_overflow sample=18 scale=65536 ticks=5538755 frequency=24000000 queued_events=16385
sample_phase=watch_overflow sample=19 scale=65536 ticks=5411856 frequency=24000000 queued_events=16385
sample_phase=watch_overflow sample=20 scale=65536 ticks=5405368 frequency=24000000 queued_events=16385
phase=watch_overflow scale=65536 samples=21 p50_ns_per_iter=3453 complete=1
probe_complete=1
