sample_phase=watch_empty_batch sample=0 scale=128 ticks=13481 frequency=24000000 queued_events=128
sample_phase=watch_empty_batch sample=1 scale=128 ticks=13955 frequency=24000000 queued_events=128
sample_phase=watch_empty_batch sample=2 scale=128 ticks=13294 frequency=24000000 queued_events=128
sample_phase=watch_empty_batch sample=3 scale=128 ticks=13033 frequency=24000000 queued_events=128
sample_phase=watch_empty_batch sample=4 scale=128 ticks=13368 frequency=24000000 queued_events=128
sample_phase=watch_empty_batch sample=5 scale=128 ticks=12960 frequency=24000000 queued_events=128
sample_phase=watch_empty_batch sample=6 scale=128 ticks=12139 frequency=24000000 queued_events=128
sample_phase=watch_empty_batch sample=7 scale=128 ticks=12202 frequency=24000000 queued_events=128
sample_phase=watch_empty_batch sample=8 scale=128 ticks=12216 frequency=24000000 queued_events=128
sample_phase=watch_empty_batch sample=9 scale=128 ticks=12190 frequency=24000000 queued_events=128
sample_phase=watch_empty_batch sample=10 scale=128 ticks=12172 frequency=24000000 queued_events=128
sample_phase=watch_empty_batch sample=11 scale=128 ticks=12198 frequency=24000000 queued_events=128
sample_phase=watch_empty_batch sample=12 scale=128 ticks=11866 frequency=24000000 queued_events=128
sample_phase=watch_empty_batch sample=13 scale=128 ticks=11589 frequency=24000000 queued_events=128
sample_phase=watch_empty_batch sample=14 scale=128 ticks=11833 frequency=24000000 queued_events=128
sample_phase=watch_empty_batch sample=15 scale=128 ticks=11862 frequency=24000000 queued_events=128
sample_phase=watch_empty_batch sample=16 scale=128 ticks=11802 frequency=24000000 queued_events=128
sample_phase=watch_empty_batch sample=17 scale=128 ticks=11873 frequency=24000000 queued_events=128
sample_phase=watch_empty_batch sample=18 scale=128 ticks=11896 frequency=24000000 queued_events=128
sample_phase=watch_empty_batch sample=19 scale=128 ticks=11838 frequency=24000000 queued_events=128
sample_phase=watch_empty_batch sample=20 scale=128 ticks=11886 frequency=24000000 queued_events=128
phase=watch_empty_batch scale=128 samples=21 p50_ns_per_iter=3962 complete=1
sample_phase=watch_growing sample=0 scale=8192 ticks=690342 frequency=24000000 queued_events=8192
sample_phase=watch_growing sample=1 scale=8192 ticks=649550 frequency=24000000 queued_events=8192
sample_phase=watch_growing sample=2 scale=8192 ticks=635112 frequency=24000000 queued_events=8192
sample_phase=watch_growing sample=3 scale=8192 ticks=641095 frequency=24000000 queued_events=8192
sample_phase=watch_growing sample=4 scale=8192 ticks=651222 frequency=24000000 queued_events=8192
sample_phase=watch_growing sample=5 scale=8192 ticks=638946 frequency=24000000 queued_events=8192
sample_phase=watch_growing sample=6 scale=8192 ticks=646577 frequency=24000000 queued_events=8192
sample_phase=watch_growing sample=7 scale=8192 ticks=668947 frequency=24000000 queued_events=8192
sample_phase=watch_growing sample=8 scale=8192 ticks=642885 frequency=24000000 queued_events=8192
sample_phase=watch_growing sample=9 scale=8192 ticks=659796 frequency=24000000 queued_events=8192
sample_phase=watch_growing sample=10 scale=8192 ticks=644695 frequency=24000000 queued_events=8192
sample_phase=watch_growing sample=11 scale=8192 ticks=645342 frequency=24000000 queued_events=8192
sample_phase=watch_growing sample=12 scale=8192 ticks=682757 frequency=24000000 queued_events=8192
sample_phase=watch_growing sample=13 scale=8192 ticks=674665 frequency=24000000 queued_events=8192
sample_phase=watch_growing sample=14 scale=8192 ticks=644135 frequency=24000000 queued_events=8192
sample_phase=watch_growing sample=15 scale=8192 ticks=649805 frequency=24000000 queued_events=8192
sample_phase=watch_growing sample=16 scale=8192 ticks=647966 frequency=24000000 queued_events=8192
sample_phase=watch_growing sample=17 scale=8192 ticks=650238 frequency=24000000 queued_events=8192
sample_phase=watch_growing sample=18 scale=8192 ticks=645680 frequency=24000000 queued_events=8192
sample_phase=watch_growing sample=19 scale=8192 ticks=659490 frequency=24000000 queued_events=8192
sample_phase=watch_growing sample=20 scale=8192 ticks=660003 frequency=24000000 queued_events=8192
phase=watch_growing scale=8192 samples=21 p50_ns_per_iter=3303 complete=1
sample_phase=watch_overflow sample=0 scale=65536 ticks=5374330 frequency=24000000 queued_events=16385
sample_phase=watch_overflow sample=1 scale=65536 ticks=5320195 frequency=24000000 queued_events=16385
sample_phase=watch_overflow sample=2 scale=65536 ticks=5290651 frequency=24000000 queued_events=16385
sample_phase=watch_overflow sample=3 scale=65536 ticks=5450010 frequency=24000000 queued_events=16385
sample_phase=watch_overflow sample=4 scale=65536 ticks=5320308 frequency=24000000 queued_events=16385
sample_phase=watch_overflow sample=5 scale=65536 ticks=5298458 frequency=24000000 queued_events=16385
sample_phase=watch_overflow sample=6 scale=65536 ticks=5434995 frequency=24000000 queued_events=16385
sample_phase=watch_overflow sample=7 scale=65536 ticks=5403818 frequency=24000000 queued_events=16385
sample_phase=watch_overflow sample=8 scale=65536 ticks=5361423 frequency=24000000 queued_events=16385
sample_phase=watch_overflow sample=9 scale=65536 ticks=5365499 frequency=24000000 queued_events=16385
sample_phase=watch_overflow sample=10 scale=65536 ticks=5349063 frequency=24000000 queued_events=16385
sample_phase=watch_overflow sample=11 scale=65536 ticks=5441689 frequency=24000000 queued_events=16385
sample_phase=watch_overflow sample=12 scale=65536 ticks=5478269 frequency=24000000 queued_events=16385
sample_phase=watch_overflow sample=13 scale=65536 ticks=5357211 frequency=24000000 queued_events=16385
sample_phase=watch_overflow sample=14 scale=65536 ticks=5496842 frequency=24000000 queued_events=16385
sample_phase=watch_overflow sample=15 scale=65536 ticks=5354776 frequency=24000000 queued_events=16385
sample_phase=watch_overflow sample=16 scale=65536 ticks=5378895 frequency=24000000 queued_events=16385
sample_phase=watch_overflow sample=17 scale=65536 ticks=5451298 frequency=24000000 queued_events=16385
sample_phase=watch_overflow sample=18 scale=65536 ticks=5385967 frequency=24000000 queued_events=16385
sample_phase=watch_overflow sample=19 scale=65536 ticks=5375138 frequency=24000000 queued_events=16385
sample_phase=watch_overflow sample=20 scale=65536 ticks=5361373 frequency=24000000 queued_events=16385
phase=watch_overflow scale=65536 samples=21 p50_ns_per_iter=3416 complete=1
probe_complete=1
