tst_tmpdir.c:308: TINFO: Using /tmp/LTP_inoQZd3EQ as tmpdir (overlayfs filesystem)
tst_test.c:2042: TINFO: LTP version: 20260529
tst_test.c:2045: TINFO: Tested kernel: 6.12.0-carrick #1 SMP PREEMPT_DYNAMIC aarch64
tst_kconfig.c:90: TINFO: Parsing kernel config '/proc/config.gz'
tst_test.c:1870: TINFO: Overall timeout per run is 0h 03m 00s
../../../../include/tst_fuzzy_sync.h:484: TINFO: Minimum sampling period ended
../../../../include/tst_fuzzy_sync.h:307: TINFO: loop = 1024, delay_bias = 0
../../../../include/tst_fuzzy_sync.h:295: TINFO: start_a - start_b: { avg =   -38ns, avg_dev =    14ns, dev_ratio = 0.37 }
../../../../include/tst_fuzzy_sync.h:295: TINFO: end_a - start_a  : { avg =  2128ns, avg_dev =    43ns, dev_ratio = 0.02 }
../../../../include/tst_fuzzy_sync.h:295: TINFO: end_b - start_b  : { avg =  2855ns, avg_dev =    26ns, dev_ratio = 0.01 }
../../../../include/tst_fuzzy_sync.h:295: TINFO: end_a - end_b    : { avg =  -765ns, avg_dev =    28ns, dev_ratio = 0.04 }
../../../../include/tst_fuzzy_sync.h:295: TINFO: spins            : { avg =  1010  , avg_dev =    37  , dev_ratio = 0.04 }
../../../../include/tst_fuzzy_sync.h:494: TINFO: Reached deviation ratios < 0.10, introducing randomness
../../../../include/tst_fuzzy_sync.h:497: TINFO: Delay range is [-3823, 2921]
../../../../include/tst_fuzzy_sync.h:307: TINFO: loop = 1043, delay_bias = 0
../../../../include/tst_fuzzy_sync.h:295: TINFO: start_a - start_b: { avg =   -41ns, avg_dev =     3ns, dev_ratio = 0.07 }
../../../../include/tst_fuzzy_sync.h:295: TINFO: end_a - start_a  : { avg =  2477ns, avg_dev =    71ns, dev_ratio = 0.03 }
../../../../include/tst_fuzzy_sync.h:295: TINFO: end_b - start_b  : { avg =  3242ns, avg_dev =    36ns, dev_ratio = 0.01 }
../../../../include/tst_fuzzy_sync.h:295: TINFO: end_a - end_b    : { avg =  -806ns, avg_dev =    72ns, dev_ratio = 0.09 }
../../../../include/tst_fuzzy_sync.h:295: TINFO: spins            : { avg =   951  , avg_dev =    48  , dev_ratio = 0.05 }
../../../../include/tst_fuzzy_sync.h:654: TINFO: Exceeded execution loops, requesting exit
inotify09.c:90: TPASS: kernel survived inotify beating

Summary:
passed   1
failed   0
broken   0
skipped  0
warnings 0
