    Finished `test` profile [unoptimized + debuginfo] target(s) in 0.18s
  Executable unittests src/lib.rs (target/debug/deps/carrick_embed-ed6ff21e4c6cfc13)
  Executable tests/conformance_contracts.rs (target/debug/deps/conformance_contracts-13db8b36b7965e61)
  Executable tests/discard_fork_threads.rs (target/debug/deps/discard_fork_threads-29755947e166e66d)
  Executable tests/el1_files.rs (target/debug/deps/el1_files-b33ac866a915741f)
  Executable tests/el1_gic.rs (target/debug/deps/el1_gic-c7f494871a35fc2b)
  Executable tests/el1_inotify.rs (target/debug/deps/el1_inotify-2dce5b00e48a21aa)
  Executable tests/el1_inotify09_probe.rs (target/debug/deps/el1_inotify09_probe-287d172b9e5acbb1)
  Executable tests/el1_kick_served_loop.rs (target/debug/deps/el1_kick_served_loop-25360c0061767ea9)
  Executable tests/el1_sched.rs (target/debug/deps/el1_sched-96c9546955befcb8)
  Executable tests/el1_transparent.rs (target/debug/deps/el1_transparent-2b04639a83246a9a)
  Executable tests/el1_vcpu_lifetime.rs (target/debug/deps/el1_vcpu_lifetime-bebeaa4b6bc88bdd)
  Executable tests/entitlement_negative.rs (target/debug/deps/entitlement_negative-fa2caa67f282c232)
  Executable tests/fault_budget_guest.rs (target/debug/deps/fault_budget_guest-d02045344a7d58ce)
  Executable tests/guest_smoke.rs (target/debug/deps/guest_smoke-8873256a9c949c3e)
  Executable tests/host_wait_policy.rs (target/debug/deps/host_wait_policy-3b7de876d6b0751a)
  Executable tests/inotify_hotpath_contract.rs (target/debug/deps/inotify_hotpath_contract-76d5bb8087799318)
  Executable tests/kernel_abort.rs (target/debug/deps/kernel_abort-4c40f60a768ac7b9)
  Executable tests/perf_regression.rs (target/debug/deps/perf_regression-d17122ae45ef0b24)
  Executable tests/pt_pause_drain_pressure.rs (target/debug/deps/pt_pause_drain_pressure-8afe5d20301c4454)
  Executable tests/realtime_calibration.rs (target/debug/deps/realtime_calibration-3685a286758303a8)
  Executable tests/scheduler_preemption.rs (target/debug/deps/scheduler_preemption-9c16649976481b26)
  Executable tests/scheduler_race.rs (target/debug/deps/scheduler_race-4cbe263aec8fb6ba)
  Executable tests/shared_buffer_futex.rs (target/debug/deps/shared_buffer_futex-38cce8aa1320d93a)
  Executable tests/two_process_parallelism.rs (target/debug/deps/two_process_parallelism-212c1d51afdcbe5a)
  Executable tests/wedge_capture_ladder.rs (target/debug/deps/wedge_capture_ladder-9df0835aeadfedb2)
  Executable tests/write_seek_contract.rs (target/debug/deps/write_seek_contract-c2f9ccb117fc7bf0)
