    Checking carrick-fatal v0.1.0 (/Volumes/CaseSensitive/carrick/crates/carrick-fatal)
    Checking carrick-abi v0.1.0 (/Volumes/CaseSensitive/carrick/crates/carrick-abi)
    Checking carrick-kernel-arena v0.1.0 (/Volumes/CaseSensitive/carrick/crates/carrick-kernel-arena)
    Checking carrick-portable v0.1.0 (/Volumes/CaseSensitive/carrick/crates/carrick-portable)
   Compiling carrick-host-bsd v0.1.0 (/Volumes/CaseSensitive/carrick/crates/carrick-host-bsd)
   Compiling carrick-vmm-hvf v0.1.0 (/Volumes/CaseSensitive/carrick/crates/carrick-vmm-hvf)
   Compiling carrick-kernel v0.1.0 (/Volumes/CaseSensitive/carrick/crates/carrick-kernel)
    Checking carrick-test-support v0.1.0 (/Volumes/CaseSensitive/carrick/crates/carrick-test-support)
    Checking carrick-guest-mem v0.1.0 (/Volumes/CaseSensitive/carrick/crates/carrick-guest-mem)
    Checking carrick-host v0.1.0 (/Volumes/CaseSensitive/carrick/crates/carrick-host)
    Checking carrick-signal-core v0.1.0 (/Volumes/CaseSensitive/carrick/crates/carrick-signal-core)
    Checking carrick-timer-core v0.1.0 (/Volumes/CaseSensitive/carrick/crates/carrick-timer-core)
    Checking carrick-mem v0.1.0 (/Volumes/CaseSensitive/carrick/crates/carrick-mem)
    Checking carrick-observability v0.1.0 (/Volumes/CaseSensitive/carrick/crates/carrick-observability)
    Checking carrick-spec v0.1.0 (/Volumes/CaseSensitive/carrick/crates/carrick-spec)
    Checking carrick-image v0.1.0 (/Volumes/CaseSensitive/carrick/crates/carrick-image)
    Checking carrick-hal v0.1.0 (/Volumes/CaseSensitive/carrick/crates/carrick-hal)
    Checking carrick-conformance-contract v0.1.0 (/Volumes/CaseSensitive/carrick/crates/carrick-conformance-contract)
    Checking carrick-thread v0.1.0 (/Volumes/CaseSensitive/carrick/crates/carrick-thread)
    Checking carrick-aarch64 v0.1.0 (/Volumes/CaseSensitive/carrick/crates/carrick-aarch64)
    Checking carrick-vfs v0.1.0 (/Volumes/CaseSensitive/carrick/crates/carrick-vfs)
    Checking carrick-kernel-example v0.1.0 (/Volumes/CaseSensitive/carrick/crates/carrick-kernel-example)
    Checking carrick-runtime v0.1.0 (/Volumes/CaseSensitive/carrick/crates/carrick-runtime)
    Checking native-syscall-slice v0.1.0 (/Volumes/CaseSensitive/carrick/experiments/native-syscall-slice)
    Finished `dev` profile [unoptimized + debuginfo] target(s) in 26.88s
