    Finished `test` profile [unoptimized + debuginfo] target(s) in 0.11s
     Running unittests src/lib.rs (target/debug/deps/carrick_el1-5dacaf448aea3bd0)

running 50 tests
test alloc::tests::test_bump_allocator ... ok
test fault::tests::test_dispatch_fault_increments_counter_and_forwards ... ok
test file::tests::test_lseek_model ... ok
test file::tests::test_fixup_fault_interception ... ok
test file::tests::test_extension_gap_pages_tracked_in_zero_filled_mask ... ok
test file::tests::test_read_and_pread64_model ... ok
test file::tests::test_write_and_pwrite64_model ... ok
test inotify::tests::a_short_read_of_a_non_inotify_fd_forwards ... ok
test file::tests::test_write_extension_zeroes_hole ... ok
test lock::tests::test_spinlock_mutual_exclusion ... ok
test inotify::tests::a_large_read_returns_every_whole_record_that_fits ... ok
test file::tests::test_efault_forward_semantics ... ok
test inotify::tests::a_spilled_instance_forwards_reads_to_the_host ... ok
test inotify::tests::an_unwritable_buffer_forwards_without_consuming_records ... ok
test sched::tests::a_futex_handoff_switches_threads_in_guest_and_preserves_state ... ok
test sched::tests::a_kick_taken_at_el0_forwards ... ok
test sched::tests::a_futex_wait_switches_the_vcpu_to_another_process_in_guest ... ok
test sched::tests::a_park_before_a_host_runnable_thread_leaves_for_the_host ... ok
test sched::tests::a_raised_gate_sends_the_thread_to_its_executor ... ok
test sched::tests::a_slice_ending_before_a_host_runnable_thread_leaves_for_the_host ... ok
test sched::tests::a_switch_without_fpsimd_save_is_detected ... ok
test sched::tests::a_timed_wait_ends_in_guest_with_etimedout ... ok
test sched::tests::a_wait_on_a_changed_word_returns_eagain_without_parking ... ok
test sched::tests::a_wait_with_nothing_runnable_idles_until_host_work ... ok
test sched::tests::a_wake_hands_a_thread_to_the_idle_vcpu_it_belongs_to ... ok
test sched::tests::an_idle_vcpu_parks_in_wfi_after_its_spin ... ok
test sched::tests::a_vcpu_in_wfi_holds_no_address_space ... ok
test sched::tests::an_owed_cow_invalidation_runs_before_the_install ... ok
test sched::tests::the_idle_entry_runs_a_queued_thread_or_leaves_for_the_host ... ok
test sched::tests::the_virtual_timer_preempts_a_compute_loop ... ok
test sched::tests::threads_of_another_process_are_not_woken ... ok
test sched::tests::an_idle_vcpu_steals_a_queued_thread ... ok
test sched::tests::timed_waits_this_vcpu_cannot_keep_forward ... ok
test sched::tests::queued_threads_do_not_send_other_syscalls_to_the_host ... ok
test tests::test_dispatch_entry_routes_fault_with_high_bits_and_arbitrary_x8 ... ok
test tests::test_dispatch_entry_routes_irq ... ok
test sched::tests::unserved_futex_operations_forward ... ok
test tests::test_dispatch_entry_routes_syscall ... ok
test tests::test_dispatch_forwards_all_and_counts ... ok
test sched::tests::the_idle_entry_runs_no_thread_itself ... ok
test tests::test_dispatch_syscall_with_regions_entry_pending_work ... ok
test tests::test_dispatch_syscall_with_regions_served ... ok
test tests::test_concurrent_dispatch_increments ... ok
test tests::test_inotify_add_watch_write_rm_watch_read_served ... ok
test tests::test_in_guest_read_queues_in_access_and_owes_an_observed_waiter_a_wake ... ok
test tests::test_inotify_cache_miss_forwards ... ok
test tests::test_dispatch_syscall_with_regions_exit_pending_work ... ok
test tests::test_stale_handle_interleaving_forwards ... ok
test tests::test_thread_sleep_survives_task_generation_bump ... ok
test tests::test_two_open_files_share_one_inode_with_independent_offsets ... ok

test result: ok. 50 passed; 0 failed; 0 ignored; 0 measured; 0 filtered out; finished in 0.00s

     Running unittests src/lib.rs (target/debug/deps/carrick_el1_abi-4e2a4b7ae8790423)

running 20 tests
test tests::an_image_built_against_another_layout_is_refused ... ok
test tests::el1_task_id_zero_extends_and_never_matches_none ... ok
test tests::test_action_discriminants ... ok
test tests::test_current_task_layout ... ok
test tests::test_counters_snapshot_and_initialization ... ok
test tests::test_current_task_operations ... ok
test tests::test_delegated_file_cache_va ... ok
test tests::test_delegated_file_layout ... ok
test tests::test_counters_layout ... ok
test tests::an_enqueue_owes_a_wake_only_on_the_readable_edge_of_an_observed_instance ... ok
test tests::test_delegated_file_locking ... ok
test tests::test_delegated_inotify_layout ... ok
test tests::test_fd_map_operations ... ok
test tests::test_fd_map_slot_layout ... ok
test tests::test_image_header_layout ... ok
test tests::test_inotify_name_cache ... ok
test tests::test_region_layout ... ok
test tests::test_pending_host_work_helpers ... ok
test tests::test_delegated_inotify_operations ... ok
test tests::test_trap_frame_layout ... ok

test result: ok. 20 passed; 0 failed; 0 ignored; 0 measured; 0 filtered out; finished in 0.00s

     Running unittests src/lib.rs (target/debug/deps/carrick_mem-72bd1abeb42bfba0)

running 174 tests
test arch_sysregs::tests::cpacr_fpen_no_trap_literal ... ok
test arch_sysregs::tests::mair_is_normal_wb_cacheable ... ok
test arch_sysregs::tests::sctlr_shared_base_literal ... ok
test arch_sysregs::tests::tcr_bootstrap_literal ... ok
test elf::tests::et_dyn_plan_rebases_to_default_pie_base ... ok
test elf::tests::et_exec_plan_uses_zero_load_bias ... ok
test elf::tests::plan_elf_load_bytes_for_rejects_machine_mismatch ... ok
test elf::tests::load_plan_rejects_non_aarch64_machine ... ok
test elf::tests::ro_page_spans_cover_readonly_segments_pagewise ... ok
test elf::tests::ro_page_spans_drop_pages_shared_with_a_writable_segment ... ok
test elf::tests::ro_page_spans_exec_wins_on_a_page_shared_by_rx_and_r_segments ... ok
test elf::tests::ro_page_spans_ignore_unreadable_and_empty_segments ... ok
test elf::tests::with_load_bias_reshifts_a_dyn_plan ... ok
test elf::tests::plan_elf_load_bytes_for_accepts_x86_64 ... ok
test memory::alias_ipa_tests::alloc_is_monotonic_block_aligned_never_reused ... ok
test memory::arena_size_tests::arena_size_defaults_and_clamps ... ok
test memory::el1_clock::tests::el0_stub_computes_timespec_without_touching_other_registers ... ok
test memory::el1_clock::tests::completion_restores_all_registers_and_original_frame ... ok
test memory::el1_clock::tests::fresh_identity_page_keeps_clock_admission_disabled ... ok
test memory::el1_clock::tests::builders_install_read_execute_stub_only_with_fast_paths ... ok
test memory::el1_clock::tests::forged_marker_without_active_transaction_cannot_complete ... ok
test memory::el1_clock::tests::kick_before_admission_forces_original_host_syscall ... ok
test memory::el1_clock::tests::kick_during_active_clock_forces_host_boundary_on_completion ... ok
test memory::el1_clock::tests::stub_mapping_collision_is_rejected ... ok
test memory::el1_hook_kick::fault_hook_forward_restores_complete_architectural_context ... ok
test memory::el1_hook_kick::gic_irq_hook_idle_action_leaves_through_the_idle_exit ... ok
test memory::el1_hook_kick::gic_kick_taken_at_el0_leaves_through_the_kick_exit ... ok
test memory::el1_clock::tests::faults_and_wrong_markers_retry_original_syscall_without_counting ... ok
test memory::el1_hook_kick::idle_action_leaves_through_the_idle_exit ... ok
test memory::el1_clock::tests::ineligible_calls_preserve_arguments_and_frame ... ok
test memory::el1_hook_kick::non_data_abort_sync_exception_bypasses_fault_hook_to_host ... ok
test memory::el1_hook_kick::served_path_restores_el0_state_exactly ... ok
test memory::el1_hook_kick::the_idle_entry_runs_a_switched_in_thread_or_leaves_idle ... ok
test memory::el1_hook_kick::masked_mode_vector_page_never_unmasks_irqs ... ok
test memory::el1_shim_tests::counted_fstat_success_writes_identity_counter_and_returns_i64_ebadf ... ok
test memory::el1_shim_tests::current_el_sync_slots_fail_loud_via_hvc3 ... ok
test memory::el1_hook_kick::gic_mode_vector_page_routes_el0_interrupts_to_el1 ... ok
test memory::el1_shim_tests::el1_data_abort_vector_routing_and_hook_installation ... ok
test memory::el1_shim_tests::el1_vector_hook_behavior_and_hatch ... ok
test memory::el1_shim_tests::fd_ceiling_shim_gettid_erets_before_fstat_handler ... ok
test memory::el1_shim_tests::fstat_ceiling_guard_acquires_gate_and_preserves_fallback_arguments ... ok
test memory::el1_shim_tests::legacy_vectors_have_no_dispatcher ... ok
test memory::el1_shim_tests::linux_initial_stack_can_set_execfn_distinct_from_argv0 ... ok
test memory::el1_shim_tests::lower_el_irq_slot_forwards_via_hvc4 ... ok
test memory::el1_shim_tests::mailbox_shim_routes_raw_clock_gettime_only_when_fast_paths_are_enabled ... ok
test memory::el1_shim_tests::shim_dispatcher_fits_in_its_vector_slot ... ok
test memory::el1_shim_tests::shim_dispatches_identity_and_gettid ... ok
test memory::el1_shim_tests::with_el1_vectors_shim_installs_dispatcher_region ... ok
test memory::el1_shim_tests::fstat_ceiling_guard_is_emitted_only_for_opt_in_legacy_and_mailbox_vectors ... ok
test memory::el1_shim_tests::with_identity_page_installs_kernel_hole_region ... ok
test memory::kernel_only_range_tests::gic_window_is_below_the_trampoline_and_above_the_vdso ... ok
test memory::kernel_only_range_tests::kernel_hole_and_el1_region_are_kernel_only_and_guest_ranges_are_not ... ok
test memory::loader_tests::core_file_mappings_preserve_nonzero_page_offset_and_exact_path ... ok
test memory::loader_tests::el1_vector_va_predicate_brackets_carrick_kernel_space ... ok
test memory::loader_tests::fill_random_bytes_produces_nonzero_entropy ... ok
test memory::loader_tests::hvf_merged_load_regions_are_page_aligned ... ok
test memory::loader_tests::linux_auxv_can_omit_sysinfo_ehdr_for_vdso_debug_control ... ok
test memory::loader_tests::linux_auxv_can_withhold_backend_unsafe_hwcap_features ... ok
test memory::loader_tests::linux_runtime_regions_include_fixed_user_sigreturn_trampoline ... ok
test memory::el1_hook_kick::kick_absorbed_anywhere_in_served_hook_surfaces ... ok
test memory::loader_tests::load_elf_bytes_with_reader_at_pie_base_rebases_dyn_main ... ok
test memory::loader_tests::load_elf_bytes_without_runtime_regions_omits_hvf_boot_windows ... ok
test memory::loader_tests::load_elf_bytes_with_reader_for_applies_machine_to_interpreter ... ok
test memory::loader_tests::merges_segments_that_overlap_after_hvf_page_rounding ... ok
test memory::loader_tests::page_aligned_load_regions_preserve_segment_permissions ... ok
test memory::el1_hook_kick::gic_kick_absorbed_anywhere_in_served_hook_surfaces ... ok
test memory::loader_tests::rejects_load_segment_end_overflow_before_region_merge ... ok
test memory::el1_hook_kick::gic_el0_irq_hook_returns_exactly_and_loses_no_kick ... ok
test memory::loader_tests::with_vdso_bytes_at_relocates_regions_and_auxv ... ok
test memory::stage1_tests::carrier_maintenance_root_maps_only_kernel_hole ... ok
test memory::stage1_tests::canonical_maintenance_image_contains_scoped_asid_and_load_barrier_routines ... ok
test memory::stage1_tests::fd_ceiling_control_builder_installs_disabled_kernel_control_page ... ok
test memory::stage1_tests::el1_maintenance_bytes_emit_tlbi_then_hvc1 ... ok
test memory::stage1_tests::needs_stage1_translation_only_for_shared_aperture ... ok
test memory::stage1_tests::runtime_regions_include_shared_aperture ... ok
test memory::syscall_mailbox_tests::disabled_portal_routes_eligible_syscall_to_existing_hvc ... ok
test memory::syscall_mailbox_tests::mailbox_arena_builder_installs_private_zeroed_rw_nx_region ... ok
test memory::syscall_mailbox_tests::mailbox_arena_tiles_the_remaining_kernel_hole ... ok
test memory::syscall_mailbox_tests::mailbox_continuation_preserves_scratch_and_validates_response ... ok
test memory::syscall_mailbox_tests::mailbox_vector_publishes_complete_syscall_frame_before_hvc2 ... ok
test memory::syscall_mailbox_tests::mailbox_vector_retains_identity_fast_paths_when_enabled ... ok
test memory::tests::address_space_clone_shares_payload_until_first_write ... ok
test memory::tests::address_space_metadata_accepts_ro_span_in_readable_writable_merged_region ... ok
test memory::tests::address_space_metadata_reconstructs_transport_neutral_view ... ok
test memory::tests::address_space_metadata_rejects_empty_or_inverted_regions ... ok
test memory::tests::address_space_metadata_rejects_empty_or_overflowing_ro_span ... ok
test memory::tests::address_space_metadata_rejects_overlapping_regions ... ok
test memory::tests::address_space_metadata_rejects_ro_span_outside_readable_regions ... ok
test memory::tests::address_space_metadata_rejects_stack_pointer_outside_writable_region ... ok
test memory::tests::address_space_metadata_rejects_unaligned_ro_span ... ok
test memory::tests::address_space_metadata_sorts_regions_canonically ... ok
test memory::tests::initial_stack_keeps_a_compact_tail_and_full_zero_extent ... ok
test memory::tests::initial_stack_preserves_arguments_across_payload_page_boundaries ... ok
test page_geometry::tests::classifies_non_executable_mixed_permissions_as_guarded ... ok
test page_geometry::tests::classifies_uniform_16k_page_as_fast_path ... ok
test page_geometry::tests::linux4k_policy_allows_composed_private_data_pages ... ok
test page_geometry::tests::linux4k_policy_allows_guarded_data_permissions ... ok
test page_geometry::tests::linux4k_policy_rejects_composed_shared_file_pages_with_diagnostic ... ok
test page_geometry::tests::linux4k_policy_rejects_mixed_executable_pages_with_diagnostic ... ok
test page_geometry::tests::linux4k_policy_rejects_unsupported_geometry_with_diagnostic ... ok
test page_geometry::tests::rejects_executable_mixed_page_without_instruction_instrumentation ... ok
test pml4::tests::aligned_bulk_map_uses_2m_leaf ... ok
test pml4::tests::exhausting_table_capacity_errors ... ok
test pml4::tests::editing_large_leaf_splits_to_4k_and_restores ... ok
test pml4::tests::granule_matches_aarch64_shape ... ok
test pml4::tests::indices_decompose_va ... ok
test pml4::tests::identity_map_encodes_and_walks_round_trip ... ok
test pml4::tests::intermediates_get_us_when_any_user_mapping_passes_through ... ok
test pml4::tests::into_bytes_preserves_edits ... ok
test pml4::tests::map_aliased_allocates_missing_high_va_tables ... ok
test pml4::tests::map_aliased_exec_flag_gates_leaf_nx ... ok
test pml4::tests::map_aliased_repoints_a_page_inside_a_2m_block_leaf ... ok
test pml4::tests::misaligned_spec_rejected ... ok
test pml4::tests::map_aliased_large_2m_alias_uses_block_leaves_not_per_2m_tables ... ok
test pml4::tests::non_canonical_va_rejected ... ok
test pml4::tests::non_identity_map_translates ... ok
test pml4::tests::nx_bit_is_bit_63 ... ok
test pml4::tests::phys_mask_is_bits_51_12 ... ok
test pml4::tests::private_overlay_protection_preserves_gpa_and_identity_restore_repoints ... ok
test pml4::tests::set_ops_on_unmapped_subtree_error ... ok
test pml4::tests::set_prot_none_clears_p_and_set_rw_restores ... ok
test pml4::tests::set_readonly_clears_rw_and_preserves_present_mapping ... ok
test pml4::tests::set_rw_exec_toggles_nx ... ok
test pml4::tests::set_rw_on_never_mapped_leaf_errors ... ok
test pml4::tests::supervisor_map_keeps_us_clear_at_every_level ... ok
test pml4::tests::unmap_alias_reclaims_empty_high_va_tables_for_reuse ... ok
test pml4::tests::unmap_alias_reclaims_prot_none_large_alias_tables ... ok
test shared_aperture::tests::bump_allocates_aligned_within_window ... ok
test shared_aperture::tests::free_then_realloc_reuses_space ... ok
test shared_aperture::tests::free_unknown_address_returns_none ... ok
test shared_aperture::tests::grow_inside_the_rounded_reservation_claims_nothing ... ok
test shared_aperture::tests::grow_past_the_reservation_claims_and_reports_the_new_granules ... ok
test pml4::tests::whole_large_leaf_edits_preserve_2m_entries ... ok
test shared_aperture::tests::grow_refuses_to_overrun_a_live_neighbour ... ok
test shared_aperture::tests::grow_reclaims_a_freed_neighbour ... ok
test shared_aperture::tests::grow_rejects_an_unknown_address ... ok
test shared_aperture::tests::grow_rejects_a_shrink ... ok
test shared_aperture::tests::guest_carve_middle_preserves_prefix_suffix_and_reuses_only_middle ... ok
test shared_aperture::tests::invalid_shrink_preserves_live_and_free_accounting ... ok
test shared_aperture::tests::lookup_returns_backing_for_live_alloc ... ok
test shared_aperture::tests::partial_granule_guest_carve_never_reuses_live_suffix_bytes ... ok
test shared_aperture::tests::partial_granule_source_carve_splits_exactly_but_quarantines_storage ... ok
test shared_aperture::tests::private_reservation_blocks_reuse_until_exact_release ... ok
test shared_aperture::tests::rejects_allocation_past_window_end ... ok
test shared_aperture::tests::shared_file_fragments_adjust_offsets_and_close_once_after_last_owner ... ok
test shared_aperture::tests::shrink_releases_whole_granule_tail_and_coalesces_on_free ... ok
test shared_aperture::tests::shrink_preserves_shared_file_fd_and_offset_metadata ... ok
test shared_aperture::tests::source_carve_middle_preserves_both_translations_and_reuses_only_middle ... ok
test shared_aperture::tests::source_carve_prefix_preserves_suffix_translation_and_reuses_only_prefix ... ok
test shared_aperture::tests::source_carve_suffix_preserves_prefix_and_trailing_padding_accounting ... ok
test vdso::tests::realtime_calibration_is_shared_by_existing_and_new_address_spaces ... ok
test vdso::rosetta_vdso_size_test::vdso_image_fits_in_one_page_and_has_dynsym ... ok
test vdso::tests::vdso_elf_parses_and_exports_clock_gettime ... ok
test pml4::tests::full_mmap_arena_sized_region_fits_with_large_leaves ... ok
test vdso::tests::vdso_exports_all_canonical_symbols ... ok
test memory::el1_shim_tests::boot_builders_preserve_linux_auxv_image ... ok
test vdso::tests::vdso_getrandom_blob_is_embedded ... ok
test vdso::tests::vdso_image_can_omit_fastpath_exports_for_rosetta_debugging ... ok
test vdso::tests::vdso_image_can_omit_getrandom_export_for_rosetta_debugging ... ok
test memory::el1_shim_tests::el1_region_presence_and_stage1_permissions ... ok
test vdso::tests::vvar_realtime_word_carries_the_guest_offset ... ok
test vdso::tests::vdso_image_can_route_clock_exports_to_syscalls_for_rosetta_debugging ... ok
test vdso::tests::vdso_rt_sigreturn_is_the_canonical_trampoline_sequence ... ok
test vdso::tests::x8664_vdso_elf_parses_and_exports_clock_symbols ... ok
test vdso_getrandom_chacha::tests::distinct_counters_distinct_blocks ... ok
test vdso_getrandom_chacha::tests::forked_child_does_not_reuse_parent_keystream ... ok
test vdso_getrandom_chacha::tests::reseeds_only_on_generation_change ... ok
test vdso_getrandom_chacha::tests::rfc8439_block_function ... ok
test vdso_getrandom_chacha::tests::successive_calls_never_repeat ... ok
test memory::stage1_tests::stage1_identity_tables_layout ... ok
test pml4::tests::unmap_alias_range_tears_down_all_pages_of_a_split_2m_block ... ok
test memory::stage1_tests::page_tables_reserve_spare_pool_within_kernel_block ... ok
test memory::stage1_tests::hvpatch_stage1_tables_scope_every_representative_leaf_to_its_asid ... ok
test memory::loader_tests::load_elf_records_ro_spans_and_stage1_tables_bake_them_readonly ... ok

test result: ok. 174 passed; 0 failed; 0 ignored; 0 measured; 0 filtered out; finished in 0.03s

