    Finished `test` profile [unoptimized + debuginfo] target(s) in 0.08s
     Running unittests src/lib.rs (target/debug/deps/carrick_conformance_contract-a87a7a364c0059ca)

running 26 tests
test personality_boundary::tests::test_negative_macro_rules_definition_containing_literal_rejected ... ok
test personality_boundary::tests::test_negative_macro_invocation_containing_literal_rejected ... ok
test personality_boundary::tests::test_negative_cfg_not_test_rejected ... ok
test personality_boundary::tests::test_negative_cfg_any_test_and_prod_feature_rejected ... ok
test personality_boundary::tests::test_negative_cfg_feature_containing_test_word_rejected ... ok
test personality_boundary::tests::test_negative_macro_rules_definition_containing_symbol_rejected ... ok
test personality_boundary::tests::test_metadata_from_another_workspace_rejected ... ok
test personality_boundary::tests::test_negative_no_scanned_source_files_rejected ... ok
test personality_boundary::tests::test_negative_unannotated_mod_tests_filename_rejected ... ok
test personality_boundary::tests::test_negative_missing_allowlisted_crate_rejected ... ok
test personality_boundary::tests::test_negative_direct_dependency_rejected ... ok
test personality_boundary::tests::test_negative_custom_lib_path_rejected ... ok
test personality_boundary::tests::test_positive_annotated_mod_arbitrary_name_allowed ... ok
test personality_boundary::tests::test_positive_cfg_all_test_and_foo_allowed ... ok
test personality_boundary::tests::test_negative_missing_target_cannot_fall_back_to_other_source ... ok
test personality_boundary::tests::test_negative_missing_transitive_node_rejected ... ok
test personality_boundary::tests::test_positive_prose_comments_allowed ... ok
test personality_boundary::tests::test_positive_test_only_oracle_assertions_allowed ... ok
test personality_boundary::tests::test_negative_renamed_alias_dependency_rejected ... ok
test personality_boundary::tests::test_positive_typed_caller_values_allowed ... ok
test personality_boundary::tests::test_negative_optional_transitive_dependency_rejected ... ok
test personality_boundary::tests::test_negative_unresolved_registry_dependency_rejected ... ok
test personality_boundary::tests::test_inherited_test_module_and_production_filename ... ok
test personality_boundary::tests::test_negative_target_conditioned_build_dependency_rejected ... ok
test personality_boundary::tests::test_positive_fixture_substrate_passes ... ok
test personality_boundary::tests::test_positive_dev_only_dependency_allowed ... ok

test result: ok. 26 passed; 0 failed; 0 ignored; 0 measured; 0 filtered out; finished in 0.00s

     Running unittests src/bin/check-contracts.rs (target/debug/deps/check_contracts-a07a3282bcf7acb8)

running 0 tests

test result: ok. 0 passed; 0 failed; 0 ignored; 0 measured; 0 filtered out; finished in 0.00s

     Running unittests src/bin/check-personality-boundary.rs (target/debug/deps/check_personality_boundary-6b2c2853d0118524)

running 0 tests

test result: ok. 0 passed; 0 failed; 0 ignored; 0 measured; 0 filtered out; finished in 0.00s

     Running unittests src/bin/generate-inventory.rs (target/debug/deps/generate_inventory-173da34c40a0ff15)

running 0 tests

test result: ok. 0 passed; 0 failed; 0 ignored; 0 measured; 0 filtered out; finished in 0.00s

     Running tests/claims.rs (target/debug/deps/claims-39cd1f3f25b5944f)

running 6 tests
test claim_id_rejects_invalid_format ... ok
test claim_id_accepts_valid_format ... ok
test violation_demonstrated_requires_known_bad_revision ... ok
test claim_serialization_round_trip ... ok
test registry_loads_claims_successfully ... ok
test live_registry_loads_all_claims ... ok

test result: ok. 6 passed; 0 failed; 0 ignored; 0 measured; 0 filtered out; finished in 0.02s

     Running tests/evaluate.rs (target/debug/deps/evaluate-cdcde7c226e6ac3b)

running 14 tests
test instrumented_observation_cannot_supply_timing_evidence ... ok
test exact_budget_success_and_failure ... ok
test uninstrumented_timing_observation_cannot_claim_structural_completeness ... ok
test native_syscall_contract_rejects_unbound_execution_evidence ... ok
test fixture_mismatch_fails_closed ... ok
test dropped_events_fail_closed ... ok
test affine_failure_reports_smallest_scale_point ... ok
test structural_budget_applies_only_to_named_layer ... ok
test native_syscall_contract_requires_measured_zero_counters ... ok
test semantic_mismatch_fails_closed ... ok
test timing_ratio_failure_fails_closed ... ok
test missing_metric_fails_closed ... ok
test upper_bound_budget_failure ... ok
test unresolved_signed_binding_is_not_execution_coverage ... ok

test result: ok. 14 passed; 0 failed; 0 ignored; 0 measured; 0 filtered out; finished in 0.05s

     Running tests/inventory.rs (target/debug/deps/inventory-6c57045156b074b2)

running 2 tests
test inventory_covers_entire_aarch64_table ... ok
test inventory_serializes_to_valid_json ... ok

test result: ok. 2 passed; 0 failed; 0 ignored; 0 measured; 0 filtered out; finished in 0.02s

     Running tests/registry.rs (target/debug/deps/registry-abda6f8ad5bc62c0)

running 10 tests
test contract_ids_reject_empty_or_non_lowercase_segments ... ok
test fields_from_another_budget_kind_are_rejected_as_toml ... ok
test unknown_binding_layers_are_rejected_as_toml ... ok
test unknown_work_metrics_are_rejected_as_toml ... ok
test affine_budgets_require_three_scale_points ... ok
test non_toml_contract_entries_are_rejected ... ok
test duplicate_contract_ids_are_rejected ... ok
test missing_budget_rationale_is_rejected ... ok
test surfaces_must_reference_registered_contracts ... ok
test futex_contract_has_structural_and_runtime_authority ... ok

test result: ok. 10 passed; 0 failed; 0 ignored; 0 measured; 0 filtered out; finished in 0.02s

     Running tests/write_seek_bindings.rs (target/debug/deps/write_seek_bindings-70ca487a96bca399)

running 1 test
test write_seek_has_real_signed_and_docker_bindings ... ok

test result: ok. 1 passed; 0 failed; 0 ignored; 0 measured; 0 filtered out; finished in 0.02s

   Doc-tests carrick_conformance_contract

running 0 tests

test result: ok. 0 passed; 0 failed; 0 ignored; 0 measured; 0 filtered out; finished in 0.00s

