EL1MMALLOC1|start|target=53908|ns=229514073304250
EL1MMALLOC1|life|ts=229514106274958|phase=0|lpid=1|lppid=0|ltid=1|asid=1
EL1MMALLOC1|entry|ts=229514106486291|lpid=1|ltid=1|nr=222|a0=0x0|a1=0x4000|a2=0x3|a3=0x20022
EL1MMALLOC1|vmm-return|ts=229514106512291|lpid=1|ltid=1|nr=222|ret=412316860416
EL1MMALLOC1|entry|ts=229514106518125|lpid=1|ltid=1|nr=226|a0=0x6000000000|a1=0x1000|a2=0x0|a3=0x6000001fff
EL1MMALLOC1|vmm-return|ts=229514106538125|lpid=1|ltid=1|nr=226|ret=0
EL1MMALLOC1|entry|ts=229514106591250|lpid=1|ltid=1|nr=214|a0=0x0|a1=0x2adb30|a2=0x0|a3=0x1000
EL1MMALLOC1|vmm-return|ts=229514106592750|lpid=1|ltid=1|nr=214|ret=274877906944
EL1MMALLOC1|entry|ts=229514106597166|lpid=1|ltid=1|nr=214|a0=0x4000002000|a1=0x2adb30|a2=0xffffffc000000000|a3=0x1000
EL1MMALLOC1|vmm-return|ts=229514106614291|lpid=1|ltid=1|nr=214|ret=274877915136
EL1MMALLOC1|entry|ts=229514106618958|lpid=1|ltid=1|nr=222|a0=0x4000000000|a1=0x1000|a2=0x0|a3=0x32
EL1MMALLOC1|vmm-return|ts=229514106635125|lpid=1|ltid=1|nr=222|ret=274877906944
EL1MMALLOC1|entry|ts=229514106644916|lpid=1|ltid=1|nr=222|a0=0x0|a1=0x1000|a2=0x3|a3=0x22
EL1MMALLOC1|vmm-return|ts=229514106651166|lpid=1|ltid=1|nr=222|ret=412316876800
EL1MMALLOC1|entry|ts=229514107275500|lpid=1|ltid=1|nr=222|a0=0x0|a1=0x100000|a2=0x3|a3=0x22
EL1MMALLOC1|vmm-return|ts=229514107280541|lpid=1|ltid=1|nr=222|ret=412316880896
EL1MMALLOC1|life|ts=229514107919500|phase=1|lpid=2|lppid=1|ltid=2|asid=2
EL1MMALLOC1|entry|ts=229514109487333|lpid=2|ltid=2|nr=215|a0=0x6000005000|a1=0x100000|a2=0x0|a3=0x1
EL1MMALLOC1|path|ts=229514109490458|lpid=2|ltid=2|nr=215|phase=guest-memory-unmap-range
EL1MMALLOC1|path|ts=229514109493000|lpid=2|ltid=2|nr=215|phase=page-table-unmap-aliased
EL1MMALLOC1|path|ts=229514109494750|lpid=2|ltid=2|nr=215|phase=page-table-apply
EL1MMALLOC1|path|ts=229514109520000|lpid=2|ltid=2|nr=215|phase=stage1-maintenance
EL1MMALLOC1|path|ts=229514109524291|lpid=2|ltid=2|nr=215|phase=backend-on-unmap
EL1MMALLOC1|vmm-return|ts=229514109660708|lpid=2|ltid=2|nr=215|ret=0
EL1MMALLOC1|entry|ts=229514109688041|lpid=2|ltid=2|nr=222|a0=0x0|a1=0x1000|a2=0x3|a3=0x22
EL1MMALLOC1|vmm-return|ts=229514109696291|lpid=2|ltid=2|nr=222|ret=412316880896
EL1MMALLOC1|entry|ts=229514110236000|lpid=1|ltid=1|nr=215|a0=0x6000005000|a1=0x100000|a2=0x0|a3=0x1
EL1MMALLOC1|path|ts=229514110238458|lpid=1|ltid=1|nr=215|phase=guest-memory-unmap-range
EL1MMALLOC1|path|ts=229514110240958|lpid=1|ltid=1|nr=215|phase=page-table-unmap-aliased
EL1MMALLOC1|path|ts=229514110242583|lpid=1|ltid=1|nr=215|phase=page-table-apply
EL1MMALLOC1|path|ts=229514110254166|lpid=1|ltid=1|nr=215|phase=stage1-maintenance
EL1MMALLOC1|path|ts=229514110258541|lpid=1|ltid=1|nr=215|phase=backend-on-unmap
EL1MMALLOC1|life|ts=229514110279750|phase=5|lpid=2|lppid=1|ltid=2|asid=2
EL1MMALLOC1|vmm-return|ts=229514110299666|lpid=1|ltid=1|nr=215|ret=0
EL1MMALLOC1|entry|ts=229514110332416|lpid=1|ltid=1|nr=222|a0=0x0|a1=0x1000|a2=0x3|a3=0x22
EL1MMALLOC1|vmm-return|ts=229514110338333|lpid=1|ltid=1|nr=222|ret=412316880896
EL1MMALLOC1|entry|ts=229514110791666|lpid=1|ltid=1|nr=215|a0=0x6000005000|a1=0x1000|a2=0x0|a3=0x1
EL1MMALLOC1|path|ts=229514110792833|lpid=1|ltid=1|nr=215|phase=guest-memory-unmap-range
EL1MMALLOC1|path|ts=229514110794541|lpid=1|ltid=1|nr=215|phase=page-table-unmap-aliased
EL1MMALLOC1|path|ts=229514110795875|lpid=1|ltid=1|nr=215|phase=page-table-apply
EL1MMALLOC1|path|ts=229514110797333|lpid=1|ltid=1|nr=215|phase=backend-on-unmap
EL1MMALLOC1|vmm-return|ts=229514110816041|lpid=1|ltid=1|nr=215|ret=0
EL1MMALLOC1|entry|ts=229514110826041|lpid=1|ltid=1|nr=215|a0=0x6000000000|a1=0x4000|a2=0x0|a3=0x1
EL1MMALLOC1|path|ts=229514110827000|lpid=1|ltid=1|nr=215|phase=guest-memory-unmap-range
EL1MMALLOC1|path|ts=229514110828541|lpid=1|ltid=1|nr=215|phase=page-table-unmap-aliased
EL1MMALLOC1|path|ts=229514110829791|lpid=1|ltid=1|nr=215|phase=page-table-apply
EL1MMALLOC1|path|ts=229514110831208|lpid=1|ltid=1|nr=215|phase=backend-on-unmap
EL1MMALLOC1|vmm-return|ts=229514110843000|lpid=1|ltid=1|nr=215|ret=0
EL1MMALLOC1|life|ts=229514110967958|phase=5|lpid=1|lppid=0|ltid=1|asid=1
EL1MMALLOC1|life|ts=229514195747458|phase=0|lpid=3|lppid=0|ltid=3|asid=3
EL1MMALLOC1|entry|ts=229514195950791|lpid=3|ltid=3|nr=222|a0=0x0|a1=0x4000|a2=0x3|a3=0x20022
EL1MMALLOC1|vmm-return|ts=229514195966583|lpid=3|ltid=3|nr=222|ret=412316860416
EL1MMALLOC1|entry|ts=229514195973375|lpid=3|ltid=3|nr=226|a0=0x6000000000|a1=0x1000|a2=0x0|a3=0x6000001fff
EL1MMALLOC1|vmm-return|ts=229514195991083|lpid=3|ltid=3|nr=226|ret=0
EL1MMALLOC1|entry|ts=229514196057625|lpid=3|ltid=3|nr=214|a0=0x0|a1=0x2adb30|a2=0x0|a3=0x1000
EL1MMALLOC1|vmm-return|ts=229514196059583|lpid=3|ltid=3|nr=214|ret=274877906944
EL1MMALLOC1|entry|ts=229514196065625|lpid=3|ltid=3|nr=214|a0=0x4000002000|a1=0x2adb30|a2=0xffffffc000000000|a3=0x1000
EL1MMALLOC1|vmm-return|ts=229514196092541|lpid=3|ltid=3|nr=214|ret=274877915136
EL1MMALLOC1|entry|ts=229514196099333|lpid=3|ltid=3|nr=222|a0=0x4000000000|a1=0x1000|a2=0x0|a3=0x32
EL1MMALLOC1|vmm-return|ts=229514196116916|lpid=3|ltid=3|nr=222|ret=274877906944
EL1MMALLOC1|entry|ts=229514196129000|lpid=3|ltid=3|nr=222|a0=0x0|a1=0x1000|a2=0x3|a3=0x22
EL1MMALLOC1|vmm-return|ts=229514196136791|lpid=3|ltid=3|nr=222|ret=412316876800
EL1MMALLOC1|entry|ts=229514197005833|lpid=3|ltid=3|nr=222|a0=0x0|a1=0x400000|a2=0x3|a3=0x22
EL1MMALLOC1|vmm-return|ts=229514197013166|lpid=3|ltid=3|nr=222|ret=412316880896
EL1MMALLOC1|life|ts=229514197739125|phase=1|lpid=4|lppid=3|ltid=4|asid=4
EL1MMALLOC1|entry|ts=229514202711333|lpid=4|ltid=4|nr=215|a0=0x6000005000|a1=0x400000|a2=0x0|a3=0x1
EL1MMALLOC1|path|ts=229514202714375|lpid=4|ltid=4|nr=215|phase=guest-memory-unmap-range
EL1MMALLOC1|path|ts=229514202717500|lpid=4|ltid=4|nr=215|phase=page-table-unmap-aliased
EL1MMALLOC1|path|ts=229514202719500|lpid=4|ltid=4|nr=215|phase=page-table-apply
EL1MMALLOC1|path|ts=229514202851916|lpid=4|ltid=4|nr=215|phase=stage1-maintenance
EL1MMALLOC1|path|ts=229514202856791|lpid=4|ltid=4|nr=215|phase=backend-on-unmap
EL1MMALLOC1|vmm-return|ts=229514203068583|lpid=4|ltid=4|nr=215|ret=0
EL1MMALLOC1|entry|ts=229514203099708|lpid=4|ltid=4|nr=222|a0=0x0|a1=0x1000|a2=0x3|a3=0x22
EL1MMALLOC1|vmm-return|ts=229514203108791|lpid=4|ltid=4|nr=222|ret=412316880896
EL1MMALLOC1|entry|ts=229514203810208|lpid=3|ltid=3|nr=215|a0=0x6000005000|a1=0x400000|a2=0x0|a3=0x1
EL1MMALLOC1|path|ts=229514203812083|lpid=3|ltid=3|nr=215|phase=guest-memory-unmap-range
EL1MMALLOC1|path|ts=229514203814625|lpid=3|ltid=3|nr=215|phase=page-table-unmap-aliased
EL1MMALLOC1|path|ts=229514203816583|lpid=3|ltid=3|nr=215|phase=page-table-apply
EL1MMALLOC1|path|ts=229514203841916|lpid=3|ltid=3|nr=215|phase=page-table-split-block
EL1MMALLOC1|path|ts=229514203844041|lpid=3|ltid=3|nr=215|phase=page-table-alloc-table
EL1MMALLOC1|path|ts=229514203862291|lpid=3|ltid=3|nr=215|phase=stage1-maintenance
EL1MMALLOC1|path|ts=229514203867000|lpid=3|ltid=3|nr=215|phase=backend-on-unmap
EL1MMALLOC1|life|ts=229514203990250|phase=5|lpid=4|lppid=3|ltid=4|asid=4
EL1MMALLOC1|vmm-return|ts=229514204229583|lpid=3|ltid=3|nr=215|ret=0
EL1MMALLOC1|entry|ts=229514204272166|lpid=3|ltid=3|nr=222|a0=0x0|a1=0x1000|a2=0x3|a3=0x22
EL1MMALLOC1|vmm-return|ts=229514204279625|lpid=3|ltid=3|nr=222|ret=412316880896
EL1MMALLOC1|entry|ts=229514204896041|lpid=3|ltid=3|nr=215|a0=0x6000005000|a1=0x1000|a2=0x0|a3=0x1
EL1MMALLOC1|path|ts=229514204897416|lpid=3|ltid=3|nr=215|phase=guest-memory-unmap-range
EL1MMALLOC1|path|ts=229514204899708|lpid=3|ltid=3|nr=215|phase=page-table-unmap-aliased
EL1MMALLOC1|path|ts=229514204901583|lpid=3|ltid=3|nr=215|phase=page-table-apply
EL1MMALLOC1|path|ts=229514204903583|lpid=3|ltid=3|nr=215|phase=backend-on-unmap
EL1MMALLOC1|vmm-return|ts=229514204927250|lpid=3|ltid=3|nr=215|ret=0
EL1MMALLOC1|entry|ts=229514204941500|lpid=3|ltid=3|nr=215|a0=0x6000000000|a1=0x4000|a2=0x0|a3=0x1
EL1MMALLOC1|path|ts=229514204942750|lpid=3|ltid=3|nr=215|phase=guest-memory-unmap-range
EL1MMALLOC1|path|ts=229514204944875|lpid=3|ltid=3|nr=215|phase=page-table-unmap-aliased
EL1MMALLOC1|path|ts=229514204946625|lpid=3|ltid=3|nr=215|phase=page-table-apply
EL1MMALLOC1|path|ts=229514204948625|lpid=3|ltid=3|nr=215|phase=backend-on-unmap
EL1MMALLOC1|vmm-return|ts=229514204965583|lpid=3|ltid=3|nr=215|ret=0
EL1MMALLOC1|life|ts=229514205199083|phase=5|lpid=3|lppid=0|ltid=1|asid=3
EL1MMALLOC1|life|ts=229514301459041|phase=0|lpid=5|lppid=0|ltid=5|asid=5
EL1MMALLOC1|entry|ts=229514301723708|lpid=5|ltid=5|nr=222|a0=0x0|a1=0x4000|a2=0x3|a3=0x20022
EL1MMALLOC1|vmm-return|ts=229514301742291|lpid=5|ltid=5|nr=222|ret=412316860416
EL1MMALLOC1|entry|ts=229514301751208|lpid=5|ltid=5|nr=226|a0=0x6000000000|a1=0x1000|a2=0x0|a3=0x6000001fff
EL1MMALLOC1|vmm-return|ts=229514301773041|lpid=5|ltid=5|nr=226|ret=0
EL1MMALLOC1|entry|ts=229514301864500|lpid=5|ltid=5|nr=214|a0=0x0|a1=0x2adb30|a2=0x0|a3=0x1000
EL1MMALLOC1|vmm-return|ts=229514301866916|lpid=5|ltid=5|nr=214|ret=274877906944
EL1MMALLOC1|entry|ts=229514301874708|lpid=5|ltid=5|nr=214|a0=0x4000002000|a1=0x2adb30|a2=0xffffffc000000000|a3=0x1000
EL1MMALLOC1|vmm-return|ts=229514301909000|lpid=5|ltid=5|nr=214|ret=274877915136
EL1MMALLOC1|entry|ts=229514301918041|lpid=5|ltid=5|nr=222|a0=0x4000000000|a1=0x1000|a2=0x0|a3=0x32
EL1MMALLOC1|vmm-return|ts=229514301938250|lpid=5|ltid=5|nr=222|ret=274877906944
EL1MMALLOC1|entry|ts=229514301953750|lpid=5|ltid=5|nr=222|a0=0x0|a1=0x1000|a2=0x3|a3=0x22
EL1MMALLOC1|vmm-return|ts=229514301963583|lpid=5|ltid=5|nr=222|ret=412316876800
EL1MMALLOC1|entry|ts=229514303106000|lpid=5|ltid=5|nr=222|a0=0x0|a1=0x1000000|a2=0x3|a3=0x22
EL1MMALLOC1|vmm-return|ts=229514303115125|lpid=5|ltid=5|nr=222|ret=412316880896
EL1MMALLOC1|life|ts=229514304168250|phase=1|lpid=6|lppid=5|ltid=6|asid=6
EL1MMALLOC1|entry|ts=229514323262541|lpid=6|ltid=6|nr=215|a0=0x6000005000|a1=0x1000000|a2=0x0|a3=0x1
EL1MMALLOC1|path|ts=229514323268083|lpid=6|ltid=6|nr=215|phase=guest-memory-unmap-range
EL1MMALLOC1|path|ts=229514323272250|lpid=6|ltid=6|nr=215|phase=page-table-unmap-aliased
EL1MMALLOC1|path|ts=229514323274666|lpid=6|ltid=6|nr=215|phase=page-table-apply
EL1MMALLOC1|vmm-return|ts=229514323696416|lpid=6|ltid=6|nr=215|ret=-12
EL1MMALLOC1|entry|ts=229514323784833|lpid=6|ltid=6|nr=222|a0=0x0|a1=0x1000|a2=0x3|a3=0x22
EL1MMALLOC1|vmm-return|ts=229514323801750|lpid=6|ltid=6|nr=222|ret=-12
EL1MMALLOC1|entry|ts=229514367952375|lpid=5|ltid=5|nr=215|a0=0x6000005000|a1=0x1000000|a2=0x0|a3=0x1
EL1MMALLOC1|path|ts=229514367957500|lpid=5|ltid=5|nr=215|phase=guest-memory-unmap-range
EL1MMALLOC1|path|ts=229514367961166|lpid=5|ltid=5|nr=215|phase=page-table-unmap-aliased
EL1MMALLOC1|path|ts=229514367963083|lpid=5|ltid=5|nr=215|phase=page-table-apply
EL1MMALLOC1|path|ts=229514368041458|lpid=5|ltid=5|nr=215|phase=stage1-maintenance
EL1MMALLOC1|path|ts=229514368048125|lpid=5|ltid=5|nr=215|phase=backend-on-unmap
EL1MMALLOC1|vmm-return|ts=229514369082041|lpid=5|ltid=5|nr=215|ret=0
EL1MMALLOC1|life|ts=229514369160500|phase=5|lpid=6|lppid=5|ltid=6|asid=6
EL1MMALLOC1|entry|ts=229514369185541|lpid=5|ltid=5|nr=222|a0=0x0|a1=0x1000|a2=0x3|a3=0x22
EL1MMALLOC1|vmm-return|ts=229514369202625|lpid=5|ltid=5|nr=222|ret=412316880896
EL1MMALLOC1|entry|ts=229514369725041|lpid=5|ltid=5|nr=215|a0=0x6000005000|a1=0x1000|a2=0x0|a3=0x1
EL1MMALLOC1|path|ts=229514369726500|lpid=5|ltid=5|nr=215|phase=guest-memory-unmap-range
EL1MMALLOC1|path|ts=229514369728250|lpid=5|ltid=5|nr=215|phase=page-table-unmap-aliased
EL1MMALLOC1|path|ts=229514369729583|lpid=5|ltid=5|nr=215|phase=page-table-apply
EL1MMALLOC1|path|ts=229514369731208|lpid=5|ltid=5|nr=215|phase=backend-on-unmap
EL1MMALLOC1|vmm-return|ts=229514369753416|lpid=5|ltid=5|nr=215|ret=0
EL1MMALLOC1|entry|ts=229514369765375|lpid=5|ltid=5|nr=215|a0=0x6000000000|a1=0x4000|a2=0x0|a3=0x1
EL1MMALLOC1|path|ts=229514369766500|lpid=5|ltid=5|nr=215|phase=guest-memory-unmap-range
EL1MMALLOC1|path|ts=229514369768083|lpid=5|ltid=5|nr=215|phase=page-table-unmap-aliased
EL1MMALLOC1|path|ts=229514369769375|lpid=5|ltid=5|nr=215|phase=page-table-apply
EL1MMALLOC1|path|ts=229514369773375|lpid=5|ltid=5|nr=215|phase=backend-on-unmap
EL1MMALLOC1|vmm-return|ts=229514369787166|lpid=5|ltid=5|nr=215|ret=0
EL1MMALLOC1|life|ts=229514370010916|phase=5|lpid=5|lppid=0|ltid=1|asid=5
EL1MMALLOC1|summary|selected=39|completions=39|usdt_returns=0|errors=0
