EL1MMALLOC1|start|target=53650|ns=229441417785125
EL1MMALLOC1|life|ts=229441450056166|phase=0|lpid=1|lppid=0|ltid=1|asid=1
EL1MMALLOC1|entry|ts=229441450242291|lpid=1|ltid=1|nr=222|a0=0x0|a1=0x4000|a2=0x3|a3=0x20022
EL1MMALLOC1|vmm-return|ts=229441450266250|lpid=1|ltid=1|nr=222|ret=412316860416
EL1MMALLOC1|entry|ts=229441450271791|lpid=1|ltid=1|nr=226|a0=0x6000000000|a1=0x1000|a2=0x0|a3=0x6000001fff
EL1MMALLOC1|vmm-return|ts=229441450287833|lpid=1|ltid=1|nr=226|ret=0
EL1MMALLOC1|entry|ts=229441450346916|lpid=1|ltid=1|nr=214|a0=0x0|a1=0x2adb30|a2=0x0|a3=0x1000
EL1MMALLOC1|vmm-return|ts=229441450348750|lpid=1|ltid=1|nr=214|ret=274877906944
EL1MMALLOC1|entry|ts=229441450354416|lpid=1|ltid=1|nr=214|a0=0x4000002000|a1=0x2adb30|a2=0xffffffc000000000|a3=0x1000
EL1MMALLOC1|vmm-return|ts=229441450368541|lpid=1|ltid=1|nr=214|ret=274877915136
EL1MMALLOC1|entry|ts=229441450373750|lpid=1|ltid=1|nr=222|a0=0x4000000000|a1=0x1000|a2=0x0|a3=0x32
EL1MMALLOC1|vmm-return|ts=229441450390083|lpid=1|ltid=1|nr=222|ret=274877906944
EL1MMALLOC1|entry|ts=229441450400625|lpid=1|ltid=1|nr=222|a0=0x0|a1=0x1000|a2=0x3|a3=0x22
EL1MMALLOC1|vmm-return|ts=229441450405416|lpid=1|ltid=1|nr=222|ret=412316876800
EL1MMALLOC1|entry|ts=229441451031291|lpid=1|ltid=1|nr=222|a0=0x0|a1=0x100000|a2=0x3|a3=0x22
EL1MMALLOC1|vmm-return|ts=229441451035041|lpid=1|ltid=1|nr=222|ret=412316880896
EL1MMALLOC1|life|ts=229441451548666|phase=1|lpid=2|lppid=1|ltid=2|asid=2
EL1MMALLOC1|entry|ts=229441453087250|lpid=2|ltid=2|nr=215|a0=0x6000005000|a1=0x100000|a2=0x0|a3=0x1
EL1MMALLOC1|path|ts=229441453090375|lpid=2|ltid=2|nr=215|phase=guest-memory-unmap-range
EL1MMALLOC1|path|ts=229441453093208|lpid=2|ltid=2|nr=215|phase=page-table-unmap-aliased
EL1MMALLOC1|path|ts=229441453119125|lpid=2|ltid=2|nr=215|phase=stage1-maintenance
EL1MMALLOC1|path|ts=229441453123541|lpid=2|ltid=2|nr=215|phase=backend-on-unmap
EL1MMALLOC1|vmm-return|ts=229441453328208|lpid=2|ltid=2|nr=215|ret=0
EL1MMALLOC1|entry|ts=229441453356375|lpid=2|ltid=2|nr=222|a0=0x0|a1=0x1000|a2=0x3|a3=0x22
EL1MMALLOC1|vmm-return|ts=229441453361875|lpid=2|ltid=2|nr=222|ret=412316880896
EL1MMALLOC1|entry|ts=229441453884500|lpid=1|ltid=1|nr=215|a0=0x6000005000|a1=0x100000|a2=0x0|a3=0x1
EL1MMALLOC1|path|ts=229441453886083|lpid=1|ltid=1|nr=215|phase=guest-memory-unmap-range
EL1MMALLOC1|path|ts=229441453888375|lpid=1|ltid=1|nr=215|phase=page-table-unmap-aliased
EL1MMALLOC1|path|ts=229441453899958|lpid=1|ltid=1|nr=215|phase=stage1-maintenance
EL1MMALLOC1|path|ts=229441453903750|lpid=1|ltid=1|nr=215|phase=backend-on-unmap
EL1MMALLOC1|vmm-return|ts=229441453969958|lpid=1|ltid=1|nr=215|ret=0
EL1MMALLOC1|life|ts=229441453982541|phase=5|lpid=2|lppid=1|ltid=2|asid=2
EL1MMALLOC1|entry|ts=229441454003583|lpid=1|ltid=1|nr=222|a0=0x0|a1=0x1000|a2=0x3|a3=0x22
EL1MMALLOC1|vmm-return|ts=229441454007916|lpid=1|ltid=1|nr=222|ret=412316880896
EL1MMALLOC1|entry|ts=229441454457166|lpid=1|ltid=1|nr=215|a0=0x6000005000|a1=0x1000|a2=0x0|a3=0x1
EL1MMALLOC1|path|ts=229441454458166|lpid=1|ltid=1|nr=215|phase=guest-memory-unmap-range
EL1MMALLOC1|path|ts=229441454459833|lpid=1|ltid=1|nr=215|phase=page-table-unmap-aliased
EL1MMALLOC1|path|ts=229441454461291|lpid=1|ltid=1|nr=215|phase=backend-on-unmap
EL1MMALLOC1|vmm-return|ts=229441454477958|lpid=1|ltid=1|nr=215|ret=0
EL1MMALLOC1|entry|ts=229441454487958|lpid=1|ltid=1|nr=215|a0=0x6000000000|a1=0x4000|a2=0x0|a3=0x1
EL1MMALLOC1|path|ts=229441454488875|lpid=1|ltid=1|nr=215|phase=guest-memory-unmap-range
EL1MMALLOC1|path|ts=229441454490458|lpid=1|ltid=1|nr=215|phase=page-table-unmap-aliased
EL1MMALLOC1|path|ts=229441454492000|lpid=1|ltid=1|nr=215|phase=backend-on-unmap
EL1MMALLOC1|vmm-return|ts=229441454503916|lpid=1|ltid=1|nr=215|ret=0
EL1MMALLOC1|life|ts=229441454643375|phase=5|lpid=1|lppid=0|ltid=1|asid=1
EL1MMALLOC1|life|ts=229441540178083|phase=0|lpid=3|lppid=0|ltid=3|asid=3
EL1MMALLOC1|entry|ts=229441540392833|lpid=3|ltid=3|nr=222|a0=0x0|a1=0x4000|a2=0x3|a3=0x20022
EL1MMALLOC1|vmm-return|ts=229441540406833|lpid=3|ltid=3|nr=222|ret=412316860416
EL1MMALLOC1|entry|ts=229441540413750|lpid=3|ltid=3|nr=226|a0=0x6000000000|a1=0x1000|a2=0x0|a3=0x6000001fff
EL1MMALLOC1|vmm-return|ts=229441540425166|lpid=3|ltid=3|nr=226|ret=0
EL1MMALLOC1|entry|ts=229441540496458|lpid=3|ltid=3|nr=214|a0=0x0|a1=0x2adb30|a2=0x0|a3=0x1000
EL1MMALLOC1|vmm-return|ts=229441540498291|lpid=3|ltid=3|nr=214|ret=274877906944
EL1MMALLOC1|entry|ts=229441540504458|lpid=3|ltid=3|nr=214|a0=0x4000002000|a1=0x2adb30|a2=0xffffffc000000000|a3=0x1000
EL1MMALLOC1|vmm-return|ts=229441540525083|lpid=3|ltid=3|nr=214|ret=274877915136
EL1MMALLOC1|entry|ts=229441540531875|lpid=3|ltid=3|nr=222|a0=0x4000000000|a1=0x1000|a2=0x0|a3=0x32
EL1MMALLOC1|vmm-return|ts=229441540547833|lpid=3|ltid=3|nr=222|ret=274877906944
EL1MMALLOC1|entry|ts=229441540558875|lpid=3|ltid=3|nr=222|a0=0x0|a1=0x1000|a2=0x3|a3=0x22
EL1MMALLOC1|vmm-return|ts=229441540564583|lpid=3|ltid=3|nr=222|ret=412316876800
EL1MMALLOC1|entry|ts=229441541428166|lpid=3|ltid=3|nr=222|a0=0x0|a1=0x400000|a2=0x3|a3=0x22
EL1MMALLOC1|vmm-return|ts=229441541432875|lpid=3|ltid=3|nr=222|ret=412316880896
EL1MMALLOC1|life|ts=229441542132541|phase=1|lpid=4|lppid=3|ltid=4|asid=4
EL1MMALLOC1|entry|ts=229441546746125|lpid=4|ltid=4|nr=215|a0=0x6000005000|a1=0x400000|a2=0x0|a3=0x1
EL1MMALLOC1|path|ts=229441546748750|lpid=4|ltid=4|nr=215|phase=guest-memory-unmap-range
EL1MMALLOC1|path|ts=229441546752000|lpid=4|ltid=4|nr=215|phase=page-table-unmap-aliased
EL1MMALLOC1|path|ts=229441546878000|lpid=4|ltid=4|nr=215|phase=stage1-maintenance
EL1MMALLOC1|path|ts=229441546885833|lpid=4|ltid=4|nr=215|phase=backend-on-unmap
EL1MMALLOC1|vmm-return|ts=229441547098666|lpid=4|ltid=4|nr=215|ret=0
EL1MMALLOC1|entry|ts=229441547129708|lpid=4|ltid=4|nr=222|a0=0x0|a1=0x1000|a2=0x3|a3=0x22
EL1MMALLOC1|vmm-return|ts=229441547136166|lpid=4|ltid=4|nr=222|ret=412316880896
EL1MMALLOC1|entry|ts=229441547834541|lpid=3|ltid=3|nr=215|a0=0x6000005000|a1=0x400000|a2=0x0|a3=0x1
EL1MMALLOC1|path|ts=229441547836291|lpid=3|ltid=3|nr=215|phase=guest-memory-unmap-range
EL1MMALLOC1|path|ts=229441547838833|lpid=3|ltid=3|nr=215|phase=page-table-unmap-aliased
EL1MMALLOC1|path|ts=229441547879541|lpid=3|ltid=3|nr=215|phase=stage1-maintenance
EL1MMALLOC1|path|ts=229441547885541|lpid=3|ltid=3|nr=215|phase=backend-on-unmap
EL1MMALLOC1|life|ts=229441548044250|phase=5|lpid=4|lppid=3|ltid=4|asid=4
EL1MMALLOC1|vmm-return|ts=229441548354375|lpid=3|ltid=3|nr=215|ret=0
EL1MMALLOC1|entry|ts=229441548394291|lpid=3|ltid=3|nr=222|a0=0x0|a1=0x1000|a2=0x3|a3=0x22
EL1MMALLOC1|vmm-return|ts=229441548399583|lpid=3|ltid=3|nr=222|ret=412316880896
EL1MMALLOC1|entry|ts=229441549012500|lpid=3|ltid=3|nr=215|a0=0x6000005000|a1=0x1000|a2=0x0|a3=0x1
EL1MMALLOC1|path|ts=229441549013958|lpid=3|ltid=3|nr=215|phase=guest-memory-unmap-range
EL1MMALLOC1|path|ts=229441549016250|lpid=3|ltid=3|nr=215|phase=page-table-unmap-aliased
EL1MMALLOC1|path|ts=229441549018333|lpid=3|ltid=3|nr=215|phase=backend-on-unmap
EL1MMALLOC1|vmm-return|ts=229441549042875|lpid=3|ltid=3|nr=215|ret=0
EL1MMALLOC1|entry|ts=229441549056583|lpid=3|ltid=3|nr=215|a0=0x6000000000|a1=0x4000|a2=0x0|a3=0x1
EL1MMALLOC1|path|ts=229441549057791|lpid=3|ltid=3|nr=215|phase=guest-memory-unmap-range
EL1MMALLOC1|path|ts=229441549059958|lpid=3|ltid=3|nr=215|phase=page-table-unmap-aliased
EL1MMALLOC1|path|ts=229441549061875|lpid=3|ltid=3|nr=215|phase=backend-on-unmap
EL1MMALLOC1|vmm-return|ts=229441549078583|lpid=3|ltid=3|nr=215|ret=0
EL1MMALLOC1|life|ts=229441549309041|phase=5|lpid=3|lppid=0|ltid=1|asid=3
EL1MMALLOC1|life|ts=229441645918916|phase=0|lpid=5|lppid=0|ltid=5|asid=5
EL1MMALLOC1|entry|ts=229441646154333|lpid=5|ltid=5|nr=222|a0=0x0|a1=0x4000|a2=0x3|a3=0x20022
EL1MMALLOC1|vmm-return|ts=229441646166291|lpid=5|ltid=5|nr=222|ret=412316860416
EL1MMALLOC1|entry|ts=229441646175291|lpid=5|ltid=5|nr=226|a0=0x6000000000|a1=0x1000|a2=0x0|a3=0x6000001fff
EL1MMALLOC1|vmm-return|ts=229441646188000|lpid=5|ltid=5|nr=226|ret=0
EL1MMALLOC1|entry|ts=229441646274166|lpid=5|ltid=5|nr=214|a0=0x0|a1=0x2adb30|a2=0x0|a3=0x1000
EL1MMALLOC1|vmm-return|ts=229441646276500|lpid=5|ltid=5|nr=214|ret=274877906944
EL1MMALLOC1|entry|ts=229441646284500|lpid=5|ltid=5|nr=214|a0=0x4000002000|a1=0x2adb30|a2=0xffffffc000000000|a3=0x1000
EL1MMALLOC1|vmm-return|ts=229441646311250|lpid=5|ltid=5|nr=214|ret=274877915136
EL1MMALLOC1|entry|ts=229441646320250|lpid=5|ltid=5|nr=222|a0=0x4000000000|a1=0x1000|a2=0x0|a3=0x32
EL1MMALLOC1|vmm-return|ts=229441646342916|lpid=5|ltid=5|nr=222|ret=274877906944
EL1MMALLOC1|entry|ts=229441646359125|lpid=5|ltid=5|nr=222|a0=0x0|a1=0x1000|a2=0x3|a3=0x22
EL1MMALLOC1|vmm-return|ts=229441646365291|lpid=5|ltid=5|nr=222|ret=412316876800
EL1MMALLOC1|entry|ts=229441647488416|lpid=5|ltid=5|nr=222|a0=0x0|a1=0x1000000|a2=0x3|a3=0x22
EL1MMALLOC1|vmm-return|ts=229441647494083|lpid=5|ltid=5|nr=222|ret=412316880896
EL1MMALLOC1|life|ts=229441648464833|phase=1|lpid=6|lppid=5|ltid=6|asid=6
EL1MMALLOC1|entry|ts=229441667597708|lpid=6|ltid=6|nr=215|a0=0x6000005000|a1=0x1000000|a2=0x0|a3=0x1
EL1MMALLOC1|path|ts=229441667602583|lpid=6|ltid=6|nr=215|phase=guest-memory-unmap-range
EL1MMALLOC1|path|ts=229441667606541|lpid=6|ltid=6|nr=215|phase=page-table-unmap-aliased
EL1MMALLOC1|vmm-return|ts=229441667982750|lpid=6|ltid=6|nr=215|ret=-12
EL1MMALLOC1|entry|ts=229441668053833|lpid=6|ltid=6|nr=222|a0=0x0|a1=0x1000|a2=0x3|a3=0x22
EL1MMALLOC1|vmm-return|ts=229441668068625|lpid=6|ltid=6|nr=222|ret=-12
EL1MMALLOC1|entry|ts=229441717253666|lpid=5|ltid=5|nr=215|a0=0x6000005000|a1=0x1000000|a2=0x0|a3=0x1
EL1MMALLOC1|path|ts=229441717258166|lpid=5|ltid=5|nr=215|phase=guest-memory-unmap-range
EL1MMALLOC1|path|ts=229441717261708|lpid=5|ltid=5|nr=215|phase=page-table-unmap-aliased
EL1MMALLOC1|path|ts=229441717343625|lpid=5|ltid=5|nr=215|phase=stage1-maintenance
EL1MMALLOC1|path|ts=229441717351166|lpid=5|ltid=5|nr=215|phase=backend-on-unmap
EL1MMALLOC1|vmm-return|ts=229441718933916|lpid=5|ltid=5|nr=215|ret=0
EL1MMALLOC1|life|ts=229441719075541|phase=5|lpid=6|lppid=5|ltid=6|asid=6
EL1MMALLOC1|entry|ts=229441719097750|lpid=5|ltid=5|nr=222|a0=0x0|a1=0x1000|a2=0x3|a3=0x22
EL1MMALLOC1|vmm-return|ts=229441719108750|lpid=5|ltid=5|nr=222|ret=412316880896
EL1MMALLOC1|entry|ts=229441719634500|lpid=5|ltid=5|nr=215|a0=0x6000005000|a1=0x1000|a2=0x0|a3=0x1
EL1MMALLOC1|path|ts=229441719636000|lpid=5|ltid=5|nr=215|phase=guest-memory-unmap-range
EL1MMALLOC1|path|ts=229441719637833|lpid=5|ltid=5|nr=215|phase=page-table-unmap-aliased
EL1MMALLOC1|path|ts=229441719639500|lpid=5|ltid=5|nr=215|phase=backend-on-unmap
EL1MMALLOC1|vmm-return|ts=229441719659666|lpid=5|ltid=5|nr=215|ret=0
EL1MMALLOC1|entry|ts=229441719671750|lpid=5|ltid=5|nr=215|a0=0x6000000000|a1=0x4000|a2=0x0|a3=0x1
EL1MMALLOC1|path|ts=229441719672666|lpid=5|ltid=5|nr=215|phase=guest-memory-unmap-range
EL1MMALLOC1|path|ts=229441719674333|lpid=5|ltid=5|nr=215|phase=page-table-unmap-aliased
EL1MMALLOC1|path|ts=229441719675791|lpid=5|ltid=5|nr=215|phase=backend-on-unmap
EL1MMALLOC1|vmm-return|ts=229441719688708|lpid=5|ltid=5|nr=215|ret=0
EL1MMALLOC1|life|ts=229441719921583|phase=5|lpid=5|lppid=0|ltid=1|asid=5
EL1MMALLOC1|summary|selected=39|completions=39|usdt_returns=0|errors=0
