EL1MMALLOC1|start|target=53368|ns=229368070325416
EL1MMALLOC1|life|ts=229368103148250|phase=0|lpid=1|lppid=0|ltid=1|asid=1
EL1MMALLOC1|entry|ts=229368103352625|lpid=1|ltid=1|nr=222|a0=0x0|a1=0x4000|a2=0x3|a3=0x20022
EL1MMALLOC1|vmm-return|ts=229368103375416|lpid=1|ltid=1|nr=222|ret=412316860416
EL1MMALLOC1|entry|ts=229368103381208|lpid=1|ltid=1|nr=226|a0=0x6000000000|a1=0x1000|a2=0x0|a3=0x6000001fff
EL1MMALLOC1|vmm-return|ts=229368103398000|lpid=1|ltid=1|nr=226|ret=0
EL1MMALLOC1|entry|ts=229368103454166|lpid=1|ltid=1|nr=214|a0=0x0|a1=0x2adb30|a2=0x0|a3=0x1000
EL1MMALLOC1|vmm-return|ts=229368103455750|lpid=1|ltid=1|nr=214|ret=274877906944
EL1MMALLOC1|entry|ts=229368103460333|lpid=1|ltid=1|nr=214|a0=0x4000002000|a1=0x2adb30|a2=0xffffffc000000000|a3=0x1000
EL1MMALLOC1|vmm-return|ts=229368103471708|lpid=1|ltid=1|nr=214|ret=274877915136
EL1MMALLOC1|entry|ts=229368103476291|lpid=1|ltid=1|nr=222|a0=0x4000000000|a1=0x1000|a2=0x0|a3=0x32
EL1MMALLOC1|vmm-return|ts=229368103491041|lpid=1|ltid=1|nr=222|ret=274877906944
EL1MMALLOC1|entry|ts=229368103500500|lpid=1|ltid=1|nr=222|a0=0x0|a1=0x1000|a2=0x3|a3=0x22
EL1MMALLOC1|vmm-return|ts=229368103505166|lpid=1|ltid=1|nr=222|ret=412316876800
EL1MMALLOC1|entry|ts=229368104134458|lpid=1|ltid=1|nr=222|a0=0x0|a1=0x100000|a2=0x3|a3=0x22
EL1MMALLOC1|vmm-return|ts=229368104138041|lpid=1|ltid=1|nr=222|ret=412316880896
EL1MMALLOC1|life|ts=229368104682291|phase=1|lpid=2|lppid=1|ltid=2|asid=2
EL1MMALLOC1|entry|ts=229368106286916|lpid=2|ltid=2|nr=215|a0=0x6000005000|a1=0x100000|a2=0x0|a3=0x1
EL1MMALLOC1|vmm-return|ts=229368106365833|lpid=2|ltid=2|nr=215|ret=0
EL1MMALLOC1|entry|ts=229368106398750|lpid=2|ltid=2|nr=222|a0=0x0|a1=0x1000|a2=0x3|a3=0x22
EL1MMALLOC1|vmm-return|ts=229368106405250|lpid=2|ltid=2|nr=222|ret=412316880896
EL1MMALLOC1|entry|ts=229368106934208|lpid=1|ltid=1|nr=215|a0=0x6000005000|a1=0x100000|a2=0x0|a3=0x1
EL1MMALLOC1|vmm-return|ts=229368107207750|lpid=1|ltid=1|nr=215|ret=0
EL1MMALLOC1|life|ts=229368107219625|phase=5|lpid=2|lppid=1|ltid=2|asid=2
EL1MMALLOC1|entry|ts=229368107239000|lpid=1|ltid=1|nr=222|a0=0x0|a1=0x1000|a2=0x3|a3=0x22
EL1MMALLOC1|vmm-return|ts=229368107242958|lpid=1|ltid=1|nr=222|ret=412316880896
EL1MMALLOC1|entry|ts=229368107677375|lpid=1|ltid=1|nr=215|a0=0x6000005000|a1=0x1000|a2=0x0|a3=0x1
EL1MMALLOC1|vmm-return|ts=229368107698166|lpid=1|ltid=1|nr=215|ret=0
EL1MMALLOC1|entry|ts=229368107708166|lpid=1|ltid=1|nr=215|a0=0x6000000000|a1=0x4000|a2=0x0|a3=0x1
EL1MMALLOC1|vmm-return|ts=229368107721000|lpid=1|ltid=1|nr=215|ret=0
EL1MMALLOC1|life|ts=229368107873208|phase=5|lpid=1|lppid=0|ltid=1|asid=1
EL1MMALLOC1|life|ts=229368192144625|phase=0|lpid=3|lppid=0|ltid=3|asid=3
EL1MMALLOC1|entry|ts=229368192373958|lpid=3|ltid=3|nr=222|a0=0x0|a1=0x4000|a2=0x3|a3=0x20022
EL1MMALLOC1|vmm-return|ts=229368192388791|lpid=3|ltid=3|nr=222|ret=412316860416
EL1MMALLOC1|entry|ts=229368192395916|lpid=3|ltid=3|nr=226|a0=0x6000000000|a1=0x1000|a2=0x0|a3=0x6000001fff
EL1MMALLOC1|vmm-return|ts=229368192408750|lpid=3|ltid=3|nr=226|ret=0
EL1MMALLOC1|entry|ts=229368192478666|lpid=3|ltid=3|nr=214|a0=0x0|a1=0x2adb30|a2=0x0|a3=0x1000
EL1MMALLOC1|vmm-return|ts=229368192480708|lpid=3|ltid=3|nr=214|ret=274877906944
EL1MMALLOC1|entry|ts=229368192487041|lpid=3|ltid=3|nr=214|a0=0x4000002000|a1=0x2adb30|a2=0xffffffc000000000|a3=0x1000
EL1MMALLOC1|vmm-return|ts=229368192507541|lpid=3|ltid=3|nr=214|ret=274877915136
EL1MMALLOC1|entry|ts=229368192514375|lpid=3|ltid=3|nr=222|a0=0x4000000000|a1=0x1000|a2=0x0|a3=0x32
EL1MMALLOC1|vmm-return|ts=229368192528166|lpid=3|ltid=3|nr=222|ret=274877906944
EL1MMALLOC1|entry|ts=229368192539333|lpid=3|ltid=3|nr=222|a0=0x0|a1=0x1000|a2=0x3|a3=0x22
EL1MMALLOC1|vmm-return|ts=229368192545500|lpid=3|ltid=3|nr=222|ret=412316876800
EL1MMALLOC1|entry|ts=229368193414958|lpid=3|ltid=3|nr=222|a0=0x0|a1=0x400000|a2=0x3|a3=0x22
EL1MMALLOC1|vmm-return|ts=229368193420291|lpid=3|ltid=3|nr=222|ret=412316880896
EL1MMALLOC1|life|ts=229368194169583|phase=1|lpid=4|lppid=3|ltid=4|asid=4
EL1MMALLOC1|entry|ts=229368198965750|lpid=4|ltid=4|nr=215|a0=0x6000005000|a1=0x400000|a2=0x0|a3=0x1
EL1MMALLOC1|vmm-return|ts=229368199066208|lpid=4|ltid=4|nr=215|ret=-12
EL1MMALLOC1|entry|ts=229368199107791|lpid=4|ltid=4|nr=222|a0=0x0|a1=0x1000|a2=0x3|a3=0x22
EL1MMALLOC1|vmm-return|ts=229368199114083|lpid=4|ltid=4|nr=222|ret=-12
EL1MMALLOC1|entry|ts=229368214530125|lpid=3|ltid=3|nr=215|a0=0x6000005000|a1=0x400000|a2=0x0|a3=0x1
EL1MMALLOC1|vmm-return|ts=229368214921000|lpid=3|ltid=3|nr=215|ret=0
EL1MMALLOC1|life|ts=229368214966250|phase=5|lpid=4|lppid=3|ltid=4|asid=4
EL1MMALLOC1|entry|ts=229368214997333|lpid=3|ltid=3|nr=222|a0=0x0|a1=0x1000|a2=0x3|a3=0x22
EL1MMALLOC1|vmm-return|ts=229368215006291|lpid=3|ltid=3|nr=222|ret=412316880896
EL1MMALLOC1|entry|ts=229368215581916|lpid=3|ltid=3|nr=215|a0=0x6000005000|a1=0x1000|a2=0x0|a3=0x1
EL1MMALLOC1|vmm-return|ts=229368215611333|lpid=3|ltid=3|nr=215|ret=0
EL1MMALLOC1|entry|ts=229368215625708|lpid=3|ltid=3|nr=215|a0=0x6000000000|a1=0x4000|a2=0x0|a3=0x1
EL1MMALLOC1|vmm-return|ts=229368215641875|lpid=3|ltid=3|nr=215|ret=0
EL1MMALLOC1|life|ts=229368215866000|phase=5|lpid=3|lppid=0|ltid=1|asid=3
EL1MMALLOC1|summary|selected=26|completions=26|usdt_returns=0|errors=0
