
running 1 test
test vcpu_loop::exec::tests::invalid_inotify_quantum_wrapper_cost ... resident_poll wrapped=true sample=0 ns_per_pair=1000.5416870117188
resident_poll wrapped=true sample=1 ns_per_pair=995.5902099609375
resident_poll wrapped=true sample=2 ns_per_pair=1000.0127105712891
resident_poll wrapped=true sample=3 ns_per_pair=998.6445007324219
resident_poll wrapped=true sample=4 ns_per_pair=1001.5048980712891
resident_poll wrapped=true sample=5 ns_per_pair=997.0270843505859
resident_poll wrapped=true sample=6 ns_per_pair=1001.9251403808594
resident_poll wrapped=true sample=7 ns_per_pair=999.35595703125
resident_poll wrapped=true sample=8 ns_per_pair=999.4500427246094
resident_poll wrapped=true sample=9 ns_per_pair=998.0971069335938
resident_poll wrapped=true sample=10 ns_per_pair=1000.1373291015625
resident_poll wrapped=true sample=11 ns_per_pair=999.1467742919922
resident_poll wrapped=true sample=12 ns_per_pair=999.69482421875
resident_poll wrapped=true sample=13 ns_per_pair=1000.7673950195313
resident_poll wrapped=true sample=14 ns_per_pair=996.6685028076172
resident_poll wrapped=true sample=15 ns_per_pair=994.5596160888672
resident_poll wrapped=true sample=16 ns_per_pair=998.2204437255859
resident_poll wrapped=true sample=17 ns_per_pair=1000.1735687255859
resident_poll wrapped=true sample=18 ns_per_pair=1001.6403198242188
resident_poll wrapped=true sample=19 ns_per_pair=999.2542266845703
resident_poll wrapped=true sample=20 ns_per_pair=999.4532318115234
ok

test result: ok. 1 passed; 0 failed; 0 ignored; 0 measured; 598 filtered out; finished in 1.44s

