
running 1 test
test vcpu_loop::exec::tests::invalid_inotify_quantum_wrapper_cost ... resident_poll wrapped=true sample=0 ns_per_pair=1003.0619201660156
resident_poll wrapped=true sample=1 ns_per_pair=1002.4070739746094
resident_poll wrapped=true sample=2 ns_per_pair=1002.1445007324219
resident_poll wrapped=true sample=3 ns_per_pair=1004.7410278320313
resident_poll wrapped=true sample=4 ns_per_pair=1003.6932678222656
resident_poll wrapped=true sample=5 ns_per_pair=1004.6799926757813
resident_poll wrapped=true sample=6 ns_per_pair=1004.1414794921875
resident_poll wrapped=true sample=7 ns_per_pair=1002.1292419433594
resident_poll wrapped=true sample=8 ns_per_pair=1000.9085235595703
resident_poll wrapped=true sample=9 ns_per_pair=1002.3791046142578
resident_poll wrapped=true sample=10 ns_per_pair=1005.8104248046875
resident_poll wrapped=true sample=11 ns_per_pair=1006.3374786376953
resident_poll wrapped=true sample=12 ns_per_pair=1002.4725646972656
resident_poll wrapped=true sample=13 ns_per_pair=1002.5183410644531
resident_poll wrapped=true sample=14 ns_per_pair=1002.8076171875
resident_poll wrapped=true sample=15 ns_per_pair=1003.332763671875
resident_poll wrapped=true sample=16 ns_per_pair=1004.2393951416016
resident_poll wrapped=true sample=17 ns_per_pair=1008.8653564453125
resident_poll wrapped=true sample=18 ns_per_pair=1002.4121704101563
resident_poll wrapped=true sample=19 ns_per_pair=1002.1374969482422
resident_poll wrapped=true sample=20 ns_per_pair=1004.119873046875
ok

test result: ok. 1 passed; 0 failed; 0 ignored; 0 measured; 598 filtered out; finished in 1.45s

