
running 1 test
test vcpu_loop::exec::tests::invalid_inotify_service_completion_cost ... service_completion signals=true sample=0 ns_per_pair=607.6087951660156
service_completion signals=false sample=0 ns_per_pair=540.5902862548828
service_completion signals=false sample=1 ns_per_pair=541.3634033203125
service_completion signals=true sample=1 ns_per_pair=598.1273651123047
service_completion signals=true sample=2 ns_per_pair=602.4061737060547
service_completion signals=false sample=2 ns_per_pair=537.6135559082031
service_completion signals=false sample=3 ns_per_pair=537.3821258544922
service_completion signals=true sample=3 ns_per_pair=621.1725921630859
service_completion signals=true sample=4 ns_per_pair=598.0625152587891
service_completion signals=false sample=4 ns_per_pair=533.9768676757813
service_completion signals=false sample=5 ns_per_pair=534.3850402832031
service_completion signals=true sample=5 ns_per_pair=598.0669708251953
service_completion signals=true sample=6 ns_per_pair=599.8541412353516
service_completion signals=false sample=6 ns_per_pair=539.1998291015625
service_completion signals=false sample=7 ns_per_pair=541.2553100585938
service_completion signals=true sample=7 ns_per_pair=607.5318603515625
service_completion signals=true sample=8 ns_per_pair=607.3137969970703
service_completion signals=false sample=8 ns_per_pair=543.6725616455078
service_completion signals=false sample=9 ns_per_pair=539.9424285888672
service_completion signals=true sample=9 ns_per_pair=605.6734771728516
service_completion signals=true sample=10 ns_per_pair=607.9877166748047
service_completion signals=false sample=10 ns_per_pair=540.7269744873047
service_completion signals=false sample=11 ns_per_pair=541.3494110107422
service_completion signals=true sample=11 ns_per_pair=606.2768249511719
service_completion signals=true sample=12 ns_per_pair=603.7502288818359
service_completion signals=false sample=12 ns_per_pair=541.839599609375
service_completion signals=false sample=13 ns_per_pair=540.3455047607422
service_completion signals=true sample=13 ns_per_pair=606.9450378417969
service_completion signals=true sample=14 ns_per_pair=601.1072845458984
service_completion signals=false sample=14 ns_per_pair=539.215087890625
service_completion signals=false sample=15 ns_per_pair=541.5185394287109
service_completion signals=true sample=15 ns_per_pair=614.1859741210938
service_completion signals=true sample=16 ns_per_pair=614.5610809326172
service_completion signals=false sample=16 ns_per_pair=543.2542266845703
service_completion signals=false sample=17 ns_per_pair=541.8618469238281
service_completion signals=true sample=17 ns_per_pair=603.1672058105469
service_completion signals=true sample=18 ns_per_pair=606.2602996826172
service_completion signals=false sample=18 ns_per_pair=541.0658416748047
service_completion signals=false sample=19 ns_per_pair=540.0867462158203
service_completion signals=true sample=19 ns_per_pair=607.2362365722656
service_completion signals=true sample=20 ns_per_pair=606.1712951660156
service_completion signals=false sample=20 ns_per_pair=544.8722839355469
ok

test result: ok. 1 passed; 0 failed; 0 ignored; 0 measured; 596 filtered out; finished in 1.65s

