    Finished `release` profile [optimized] target(s) in 0.06s
build-embed-interceptor-probe: wrote /Volumes/CaseSensitive/carrick/.worktrees/wt-batch3/target/embed-fixtures/interceptor-probe-aarch64
    Finished `release` profile [optimized] target(s) in 0.05s
build-embed-zone-readers: wrote /Volumes/CaseSensitive/carrick/.worktrees/wt-batch3/target/embed-fixtures/zone-readers-aarch64
    Finished `release` profile [optimized] target(s) in 0.06s
build-embed-el1-sched: wrote /Volumes/CaseSensitive/carrick/.worktrees/wt-batch3/target/embed-fixtures/el1-sched-aarch64
   Compiling carrick-kernel v0.1.0 (/Volumes/CaseSensitive/carrick/.worktrees/wt-batch3/crates/carrick-kernel)
   Compiling carrick-runtime v0.1.0 (/Volumes/CaseSensitive/carrick/.worktrees/wt-batch3/crates/carrick-runtime)
   Compiling carrick-engine v0.1.0 (/Volumes/CaseSensitive/carrick/.worktrees/wt-batch3/crates/carrick-engine)
   Compiling carrick-embed v0.1.0 (/Volumes/CaseSensitive/carrick/.worktrees/wt-batch3/crates/carrick-embed)
    Finished `release` profile [optimized + debuginfo] target(s) in 2m 14s
/Volumes/CaseSensitive/carrick/.worktrees/wt-batch3/target/release/deps/host_wait_policy-f53fc18f775ffe51.tmp.68914: replacing existing signature
test-signed: signed /Volumes/CaseSensitive/carrick/.worktrees/wt-batch3/target/release/deps/host_wait_policy-f53fc18f775ffe51
/Volumes/CaseSensitive/carrick/.worktrees/wt-batch3/target/release/deps/inotify_hotpath_contract-b6e66637595bd8ed.tmp.68914: replacing existing signature
test-signed: signed /Volumes/CaseSensitive/carrick/.worktrees/wt-batch3/target/release/deps/inotify_hotpath_contract-b6e66637595bd8ed
/Volumes/CaseSensitive/carrick/.worktrees/wt-batch3/target/release/deps/crash_parked_thread-ac4b8d7e5234f849.tmp.68914: replacing existing signature
test-signed: signed /Volumes/CaseSensitive/carrick/.worktrees/wt-batch3/target/release/deps/crash_parked_thread-ac4b8d7e5234f849
/Volumes/CaseSensitive/carrick/.worktrees/wt-batch3/target/release/deps/el1_inotify09_probe-e2247aca698e3431.tmp.68914: replacing existing signature
test-signed: signed /Volumes/CaseSensitive/carrick/.worktrees/wt-batch3/target/release/deps/el1_inotify09_probe-e2247aca698e3431
/Volumes/CaseSensitive/carrick/.worktrees/wt-batch3/target/release/deps/realtime_calibration-17c355e0310708c2.tmp.68914: replacing existing signature
test-signed: signed /Volumes/CaseSensitive/carrick/.worktrees/wt-batch3/target/release/deps/realtime_calibration-17c355e0310708c2
/Volumes/CaseSensitive/carrick/.worktrees/wt-batch3/target/release/deps/scheduler_preemption-a848ab6a40a27c3a.tmp.68914: replacing existing signature
test-signed: signed /Volumes/CaseSensitive/carrick/.worktrees/wt-batch3/target/release/deps/scheduler_preemption-a848ab6a40a27c3a
/Volumes/CaseSensitive/carrick/.worktrees/wt-batch3/target/release/deps/el1_files-1e6a92366579cf6c.tmp.68914: replacing existing signature
test-signed: signed /Volumes/CaseSensitive/carrick/.worktrees/wt-batch3/target/release/deps/el1_files-1e6a92366579cf6c
/Volumes/CaseSensitive/carrick/.worktrees/wt-batch3/target/release/deps/el1_sched-5c0e433fa1c09ea5.tmp.68914: replacing existing signature
test-signed: signed /Volumes/CaseSensitive/carrick/.worktrees/wt-batch3/target/release/deps/el1_sched-5c0e433fa1c09ea5
/Volumes/CaseSensitive/carrick/.worktrees/wt-batch3/target/release/deps/el1_inotify-bce76854a0c94a41.tmp.68914: replacing existing signature
test-signed: signed /Volumes/CaseSensitive/carrick/.worktrees/wt-batch3/target/release/deps/el1_inotify-bce76854a0c94a41
/Volumes/CaseSensitive/carrick/.worktrees/wt-batch3/target/release/deps/write_seek_contract-655aefdea1874a90.tmp.68914: replacing existing signature
test-signed: signed /Volumes/CaseSensitive/carrick/.worktrees/wt-batch3/target/release/deps/write_seek_contract-655aefdea1874a90
/Volumes/CaseSensitive/carrick/.worktrees/wt-batch3/target/release/deps/conformance_contracts-7718e7bd813cbef7.tmp.68914: replacing existing signature
test-signed: signed /Volumes/CaseSensitive/carrick/.worktrees/wt-batch3/target/release/deps/conformance_contracts-7718e7bd813cbef7
/Volumes/CaseSensitive/carrick/.worktrees/wt-batch3/target/release/deps/el1_kick_served_loop-515d037f012f44fb.tmp.68914: replacing existing signature
test-signed: signed /Volumes/CaseSensitive/carrick/.worktrees/wt-batch3/target/release/deps/el1_kick_served_loop-515d037f012f44fb
/Volumes/CaseSensitive/carrick/.worktrees/wt-batch3/target/release/deps/perf_regression-28b7174fbae1d3a3.tmp.68914: replacing existing signature
test-signed: signed /Volumes/CaseSensitive/carrick/.worktrees/wt-batch3/target/release/deps/perf_regression-28b7174fbae1d3a3
/Volumes/CaseSensitive/carrick/.worktrees/wt-batch3/target/release/deps/two_process_parallelism-4f3c6fc63376028d.tmp.68914: replacing existing signature
test-signed: signed /Volumes/CaseSensitive/carrick/.worktrees/wt-batch3/target/release/deps/two_process_parallelism-4f3c6fc63376028d
/Volumes/CaseSensitive/carrick/.worktrees/wt-batch3/target/release/deps/discard_fork_threads-ede4836bafd3d408.tmp.68914: replacing existing signature
test-signed: signed /Volumes/CaseSensitive/carrick/.worktrees/wt-batch3/target/release/deps/discard_fork_threads-ede4836bafd3d408
/Volumes/CaseSensitive/carrick/.worktrees/wt-batch3/target/release/deps/fault_budget_guest-d7108058cd078309.tmp.68914: replacing existing signature
test-signed: signed /Volumes/CaseSensitive/carrick/.worktrees/wt-batch3/target/release/deps/fault_budget_guest-d7108058cd078309
/Volumes/CaseSensitive/carrick/.worktrees/wt-batch3/target/release/deps/shared_buffer_futex-692fbc5fdd19b57b.tmp.68914: replacing existing signature
test-signed: signed /Volumes/CaseSensitive/carrick/.worktrees/wt-batch3/target/release/deps/shared_buffer_futex-692fbc5fdd19b57b
/Volumes/CaseSensitive/carrick/.worktrees/wt-batch3/target/release/deps/guest_smoke-42224af0716988ce.tmp.68914: replacing existing signature
test-signed: signed /Volumes/CaseSensitive/carrick/.worktrees/wt-batch3/target/release/deps/guest_smoke-42224af0716988ce
/Volumes/CaseSensitive/carrick/.worktrees/wt-batch3/target/release/deps/el1_vcpu_lifetime-2567fb3a3dc40a15.tmp.68914: replacing existing signature
test-signed: signed /Volumes/CaseSensitive/carrick/.worktrees/wt-batch3/target/release/deps/el1_vcpu_lifetime-2567fb3a3dc40a15
/Volumes/CaseSensitive/carrick/.worktrees/wt-batch3/target/release/deps/pt_pause_drain_pressure-8c901bf0cbbb2367.tmp.68914: replacing existing signature
test-signed: signed /Volumes/CaseSensitive/carrick/.worktrees/wt-batch3/target/release/deps/pt_pause_drain_pressure-8c901bf0cbbb2367
/Volumes/CaseSensitive/carrick/.worktrees/wt-batch3/target/release/deps/el1_gic-16f015d9c1504abe.tmp.68914: replacing existing signature
test-signed: signed /Volumes/CaseSensitive/carrick/.worktrees/wt-batch3/target/release/deps/el1_gic-16f015d9c1504abe
/Volumes/CaseSensitive/carrick/.worktrees/wt-batch3/target/release/deps/el1_transparent-9f1543913016aba2.tmp.68914: replacing existing signature
test-signed: signed /Volumes/CaseSensitive/carrick/.worktrees/wt-batch3/target/release/deps/el1_transparent-9f1543913016aba2
/Volumes/CaseSensitive/carrick/.worktrees/wt-batch3/target/release/deps/entitlement_negative-2ea3128a996608c8.tmp.68914: replacing existing signature
test-signed: signed /Volumes/CaseSensitive/carrick/.worktrees/wt-batch3/target/release/deps/entitlement_negative-2ea3128a996608c8
/Volumes/CaseSensitive/carrick/.worktrees/wt-batch3/target/release/deps/scheduler_race-6158a0c72347df12.tmp.68914: replacing existing signature
test-signed: signed /Volumes/CaseSensitive/carrick/.worktrees/wt-batch3/target/release/deps/scheduler_race-6158a0c72347df12
/Volumes/CaseSensitive/carrick/.worktrees/wt-batch3/target/release/deps/wedge_capture_ladder-901bc0106cd0e8dd.tmp.68914: replacing existing signature
test-signed: signed /Volumes/CaseSensitive/carrick/.worktrees/wt-batch3/target/release/deps/wedge_capture_ladder-901bc0106cd0e8dd
/Volumes/CaseSensitive/carrick/.worktrees/wt-batch3/target/release/deps/kernel_abort-d1ac0df7510c64fb.tmp.68914: replacing existing signature
test-signed: signed /Volumes/CaseSensitive/carrick/.worktrees/wt-batch3/target/release/deps/kernel_abort-d1ac0df7510c64fb
/Volumes/CaseSensitive/carrick/.worktrees/wt-batch3/target/release/deps/carrick_embed-46b7704b908cc13f.tmp.68914: replacing existing signature
test-signed: signed /Volumes/CaseSensitive/carrick/.worktrees/wt-batch3/target/release/deps/carrick_embed-46b7704b908cc13f
test-signed: resolved exact filter el1_sched_deferred_handback_capture_observes_guest_records -> el1_sched_deferred_handback_capture_observes_guest_records
test-signed: running /Volumes/CaseSensitive/carrick/.worktrees/wt-batch3/target/release/deps/el1_sched-5c0e433fa1c09ea5 el1_sched_deferred_handback_capture_observes_guest_records --exact --nocapture

running 1 test
test el1_sched_deferred_handback_capture_observes_guest_records ... deferred handback real guest captures: []

thread 'el1_sched_deferred_handback_capture_observes_guest_records' (34197245) panicked at crates/carrick-embed/tests/el1_sched.rs:2245:5:
guest workload did not exercise the deferred capture boundary
note: run with `RUST_BACKTRACE=1` environment variable to display a backtrace
FAILED

failures:

failures:
    el1_sched_deferred_handback_capture_observes_guest_records

test result: FAILED. 0 passed; 1 failed; 0 ignored; 0 measured; 40 filtered out; finished in 0.11s

test-signed: FAIL /Volumes/CaseSensitive/carrick/.worktrees/wt-batch3/target/release/deps/el1_sched-5c0e433fa1c09ea5
/Volumes/CaseSensitive/carrick/.worktrees/wt-batch3/target/release/deps/entitlement_negative-2ea3128a996608c8.noent.68914: replacing existing signature
test-signed: negative control on /Volumes/CaseSensitive/carrick/.worktrees/wt-batch3/target/release/deps/entitlement_negative-2ea3128a996608c8.noent.68914

running 1 test
test unsigned_executable_maps_hv_denied_to_entitlement ... ok

test result: ok. 1 passed; 0 failed; 0 ignored; 0 measured; 0 filtered out; finished in 0.06s

test-signed: FAILED (carrick-embed)
remaining carrick procs (run-id el1-deferred-capture-497096b2f) = 0
remaining carrick procs (run-id el1-deferred-capture-497096b2f-cli) = 0
