{"schema":1,"phase":"seek","sample":1,"iterations":16384,"calls_per_iteration":1,"elapsed_ns":3077291}
{"schema":1,"phase":"seek","sample":2,"iterations":16384,"calls_per_iteration":1,"elapsed_ns":2448208}
{"schema":1,"phase":"seek","sample":3,"iterations":16384,"calls_per_iteration":1,"elapsed_ns":2278250}
{"schema":1,"phase":"seek","sample":4,"iterations":16384,"calls_per_iteration":1,"elapsed_ns":2265125}
{"schema":1,"phase":"seek","sample":5,"iterations":16384,"calls_per_iteration":1,"elapsed_ns":2278292}
{"schema":1,"phase":"seek","sample":6,"iterations":16384,"calls_per_iteration":1,"elapsed_ns":2291667}
{"schema":1,"phase":"seek","sample":7,"iterations":16384,"calls_per_iteration":1,"elapsed_ns":2256916}
{"schema":1,"phase":"seek","sample":8,"iterations":16384,"calls_per_iteration":1,"elapsed_ns":2292583}
{"schema":1,"phase":"seek","sample":9,"iterations":16384,"calls_per_iteration":1,"elapsed_ns":2186166}
{"schema":1,"phase":"pwrite64","sample":1,"iterations":16384,"calls_per_iteration":1,"elapsed_ns":5560417}
{"schema":1,"phase":"pwrite64","sample":2,"iterations":16384,"calls_per_iteration":1,"elapsed_ns":5569917}
{"schema":1,"phase":"pwrite64","sample":3,"iterations":16384,"calls_per_iteration":1,"elapsed_ns":5557458}
{"schema":1,"phase":"pwrite64","sample":4,"iterations":16384,"calls_per_iteration":1,"elapsed_ns":5557083}
{"schema":1,"phase":"pwrite64","sample":5,"iterations":16384,"calls_per_iteration":1,"elapsed_ns":5572417}
{"schema":1,"phase":"pwrite64","sample":6,"iterations":16384,"calls_per_iteration":1,"elapsed_ns":5557625}
{"schema":1,"phase":"pwrite64","sample":7,"iterations":16384,"calls_per_iteration":1,"elapsed_ns":5551416}
{"schema":1,"phase":"pwrite64","sample":8,"iterations":16384,"calls_per_iteration":1,"elapsed_ns":5553792}
{"schema":1,"phase":"pwrite64","sample":9,"iterations":16384,"calls_per_iteration":1,"elapsed_ns":5549584}
{"schema":1,"phase":"write64_seek","sample":1,"iterations":16384,"calls_per_iteration":2,"elapsed_ns":7792458}
{"schema":1,"phase":"write64_seek","sample":2,"iterations":16384,"calls_per_iteration":2,"elapsed_ns":7818916}
{"schema":1,"phase":"write64_seek","sample":3,"iterations":16384,"calls_per_iteration":2,"elapsed_ns":7801209}
{"schema":1,"phase":"write64_seek","sample":4,"iterations":16384,"calls_per_iteration":2,"elapsed_ns":7827084}
{"schema":1,"phase":"write64_seek","sample":5,"iterations":16384,"calls_per_iteration":2,"elapsed_ns":7787750}
{"schema":1,"phase":"write64_seek","sample":6,"iterations":16384,"calls_per_iteration":2,"elapsed_ns":7798917}
{"schema":1,"phase":"write64_seek","sample":7,"iterations":16384,"calls_per_iteration":2,"elapsed_ns":7787334}
{"schema":1,"phase":"write64_seek","sample":8,"iterations":16384,"calls_per_iteration":2,"elapsed_ns":7799667}
{"schema":1,"phase":"write64_seek","sample":9,"iterations":16384,"calls_per_iteration":2,"elapsed_ns":7791667}
{"schema":1,"phase":"fstat","sample":1,"iterations":16384,"calls_per_iteration":1,"elapsed_ns":2948333}
{"schema":1,"phase":"fstat","sample":2,"iterations":16384,"calls_per_iteration":1,"elapsed_ns":2842583}
{"schema":1,"phase":"fstat","sample":3,"iterations":16384,"calls_per_iteration":1,"elapsed_ns":2786750}
{"schema":1,"phase":"fstat","sample":4,"iterations":16384,"calls_per_iteration":1,"elapsed_ns":2790875}
{"schema":1,"phase":"fstat","sample":5,"iterations":16384,"calls_per_iteration":1,"elapsed_ns":2826792}
{"schema":1,"phase":"fstat","sample":6,"iterations":16384,"calls_per_iteration":1,"elapsed_ns":2796375}
{"schema":1,"phase":"fstat","sample":7,"iterations":16384,"calls_per_iteration":1,"elapsed_ns":2797541}
{"schema":1,"phase":"fstat","sample":8,"iterations":16384,"calls_per_iteration":1,"elapsed_ns":2786958}
{"schema":1,"phase":"fstat","sample":9,"iterations":16384,"calls_per_iteration":1,"elapsed_ns":2787084}
{"schema":1,"verified":true,"bytes":64,"offset":0,"removed":true}
