{"schema":1,"phase":"seek","sample":1,"iterations":16384,"calls_per_iteration":1,"elapsed_ns":2371833}
{"schema":1,"phase":"seek","sample":2,"iterations":16384,"calls_per_iteration":1,"elapsed_ns":2294708}
{"schema":1,"phase":"seek","sample":3,"iterations":16384,"calls_per_iteration":1,"elapsed_ns":2317375}
{"schema":1,"phase":"seek","sample":4,"iterations":16384,"calls_per_iteration":1,"elapsed_ns":2256625}
{"schema":1,"phase":"seek","sample":5,"iterations":16384,"calls_per_iteration":1,"elapsed_ns":2252083}
{"schema":1,"phase":"seek","sample":6,"iterations":16384,"calls_per_iteration":1,"elapsed_ns":2259875}
{"schema":1,"phase":"seek","sample":7,"iterations":16384,"calls_per_iteration":1,"elapsed_ns":2229541}
{"schema":1,"phase":"seek","sample":8,"iterations":16384,"calls_per_iteration":1,"elapsed_ns":2120833}
{"schema":1,"phase":"seek","sample":9,"iterations":16384,"calls_per_iteration":1,"elapsed_ns":2071084}
{"schema":1,"phase":"pwrite64","sample":1,"iterations":16384,"calls_per_iteration":1,"elapsed_ns":5333334}
{"schema":1,"phase":"pwrite64","sample":2,"iterations":16384,"calls_per_iteration":1,"elapsed_ns":5394792}
{"schema":1,"phase":"pwrite64","sample":3,"iterations":16384,"calls_per_iteration":1,"elapsed_ns":5390834}
{"schema":1,"phase":"pwrite64","sample":4,"iterations":16384,"calls_per_iteration":1,"elapsed_ns":5388375}
{"schema":1,"phase":"pwrite64","sample":5,"iterations":16384,"calls_per_iteration":1,"elapsed_ns":5414333}
{"schema":1,"phase":"pwrite64","sample":6,"iterations":16384,"calls_per_iteration":1,"elapsed_ns":5420750}
{"schema":1,"phase":"pwrite64","sample":7,"iterations":16384,"calls_per_iteration":1,"elapsed_ns":5404958}
{"schema":1,"phase":"pwrite64","sample":8,"iterations":16384,"calls_per_iteration":1,"elapsed_ns":5413917}
{"schema":1,"phase":"pwrite64","sample":9,"iterations":16384,"calls_per_iteration":1,"elapsed_ns":5415958}
{"schema":1,"phase":"write64_seek","sample":1,"iterations":16384,"calls_per_iteration":2,"elapsed_ns":7477750}
{"schema":1,"phase":"write64_seek","sample":2,"iterations":16384,"calls_per_iteration":2,"elapsed_ns":7490208}
{"schema":1,"phase":"write64_seek","sample":3,"iterations":16384,"calls_per_iteration":2,"elapsed_ns":7499750}
{"schema":1,"phase":"write64_seek","sample":4,"iterations":16384,"calls_per_iteration":2,"elapsed_ns":7295959}
{"schema":1,"phase":"write64_seek","sample":5,"iterations":16384,"calls_per_iteration":2,"elapsed_ns":7157042}
{"schema":1,"phase":"write64_seek","sample":6,"iterations":16384,"calls_per_iteration":2,"elapsed_ns":7152500}
{"schema":1,"phase":"write64_seek","sample":7,"iterations":16384,"calls_per_iteration":2,"elapsed_ns":7249042}
{"schema":1,"phase":"write64_seek","sample":8,"iterations":16384,"calls_per_iteration":2,"elapsed_ns":7329333}
{"schema":1,"phase":"write64_seek","sample":9,"iterations":16384,"calls_per_iteration":2,"elapsed_ns":7296542}
{"schema":1,"phase":"fstat","sample":1,"iterations":16384,"calls_per_iteration":1,"elapsed_ns":2625625}
{"schema":1,"phase":"fstat","sample":2,"iterations":16384,"calls_per_iteration":1,"elapsed_ns":2637208}
{"schema":1,"phase":"fstat","sample":3,"iterations":16384,"calls_per_iteration":1,"elapsed_ns":2614167}
{"schema":1,"phase":"fstat","sample":4,"iterations":16384,"calls_per_iteration":1,"elapsed_ns":2611959}
{"schema":1,"phase":"fstat","sample":5,"iterations":16384,"calls_per_iteration":1,"elapsed_ns":2883041}
{"schema":1,"phase":"fstat","sample":6,"iterations":16384,"calls_per_iteration":1,"elapsed_ns":2605375}
{"schema":1,"phase":"fstat","sample":7,"iterations":16384,"calls_per_iteration":1,"elapsed_ns":2601542}
{"schema":1,"phase":"fstat","sample":8,"iterations":16384,"calls_per_iteration":1,"elapsed_ns":2608292}
{"schema":1,"phase":"fstat","sample":9,"iterations":16384,"calls_per_iteration":1,"elapsed_ns":2620584}
{"schema":1,"verified":true,"bytes":64,"offset":0,"removed":true}
