{"schema":1,"phase":"seek","sample":1,"iterations":16384,"calls_per_iteration":1,"elapsed_ns":3390000}
{"schema":1,"phase":"seek","sample":2,"iterations":16384,"calls_per_iteration":1,"elapsed_ns":3391000}
{"schema":1,"phase":"seek","sample":3,"iterations":16384,"calls_per_iteration":1,"elapsed_ns":3381000}
{"schema":1,"phase":"seek","sample":4,"iterations":16384,"calls_per_iteration":1,"elapsed_ns":3400000}
{"schema":1,"phase":"seek","sample":5,"iterations":16384,"calls_per_iteration":1,"elapsed_ns":3407000}
{"schema":1,"phase":"seek","sample":6,"iterations":16384,"calls_per_iteration":1,"elapsed_ns":3415000}
{"schema":1,"phase":"seek","sample":7,"iterations":16384,"calls_per_iteration":1,"elapsed_ns":3311000}
{"schema":1,"phase":"seek","sample":8,"iterations":16384,"calls_per_iteration":1,"elapsed_ns":3336000}
{"schema":1,"phase":"seek","sample":9,"iterations":16384,"calls_per_iteration":1,"elapsed_ns":3385000}
{"schema":1,"phase":"pwrite64","sample":1,"iterations":16384,"calls_per_iteration":1,"elapsed_ns":16174000}
{"schema":1,"phase":"pwrite64","sample":2,"iterations":16384,"calls_per_iteration":1,"elapsed_ns":15909000}
{"schema":1,"phase":"pwrite64","sample":3,"iterations":16384,"calls_per_iteration":1,"elapsed_ns":16093000}
{"schema":1,"phase":"pwrite64","sample":4,"iterations":16384,"calls_per_iteration":1,"elapsed_ns":16051000}
{"schema":1,"phase":"pwrite64","sample":5,"iterations":16384,"calls_per_iteration":1,"elapsed_ns":16116000}
{"schema":1,"phase":"pwrite64","sample":6,"iterations":16384,"calls_per_iteration":1,"elapsed_ns":16079000}
{"schema":1,"phase":"pwrite64","sample":7,"iterations":16384,"calls_per_iteration":1,"elapsed_ns":16047000}
{"schema":1,"phase":"pwrite64","sample":8,"iterations":16384,"calls_per_iteration":1,"elapsed_ns":16043000}
{"schema":1,"phase":"pwrite64","sample":9,"iterations":16384,"calls_per_iteration":1,"elapsed_ns":16098000}
{"schema":1,"phase":"write64_seek","sample":1,"iterations":16384,"calls_per_iteration":2,"elapsed_ns":20436000}
{"schema":1,"phase":"write64_seek","sample":2,"iterations":16384,"calls_per_iteration":2,"elapsed_ns":20257000}
{"schema":1,"phase":"write64_seek","sample":3,"iterations":16384,"calls_per_iteration":2,"elapsed_ns":20316000}
{"schema":1,"phase":"write64_seek","sample":4,"iterations":16384,"calls_per_iteration":2,"elapsed_ns":20378000}
{"schema":1,"phase":"write64_seek","sample":5,"iterations":16384,"calls_per_iteration":2,"elapsed_ns":20162000}
{"schema":1,"phase":"write64_seek","sample":6,"iterations":16384,"calls_per_iteration":2,"elapsed_ns":20510000}
{"schema":1,"phase":"write64_seek","sample":7,"iterations":16384,"calls_per_iteration":2,"elapsed_ns":20320000}
{"schema":1,"phase":"write64_seek","sample":8,"iterations":16384,"calls_per_iteration":2,"elapsed_ns":20566000}
{"schema":1,"phase":"write64_seek","sample":9,"iterations":16384,"calls_per_iteration":2,"elapsed_ns":20440000}
{"schema":1,"phase":"fstat","sample":1,"iterations":16384,"calls_per_iteration":1,"elapsed_ns":3952000}
{"schema":1,"phase":"fstat","sample":2,"iterations":16384,"calls_per_iteration":1,"elapsed_ns":3965000}
{"schema":1,"phase":"fstat","sample":3,"iterations":16384,"calls_per_iteration":1,"elapsed_ns":3952000}
{"schema":1,"phase":"fstat","sample":4,"iterations":16384,"calls_per_iteration":1,"elapsed_ns":3977000}
{"schema":1,"phase":"fstat","sample":5,"iterations":16384,"calls_per_iteration":1,"elapsed_ns":3944000}
{"schema":1,"phase":"fstat","sample":6,"iterations":16384,"calls_per_iteration":1,"elapsed_ns":3915000}
{"schema":1,"phase":"fstat","sample":7,"iterations":16384,"calls_per_iteration":1,"elapsed_ns":3833000}
{"schema":1,"phase":"fstat","sample":8,"iterations":16384,"calls_per_iteration":1,"elapsed_ns":3874000}
{"schema":1,"phase":"fstat","sample":9,"iterations":16384,"calls_per_iteration":1,"elapsed_ns":3816000}
{"schema":1,"verified":true,"bytes":64,"offset":0,"removed":true}
