{"schema":1,"phase":"seek","sample":1,"iterations":16384,"calls_per_iteration":1,"elapsed_ns":2988292}
{"schema":1,"phase":"seek","sample":2,"iterations":16384,"calls_per_iteration":1,"elapsed_ns":2389792}
{"schema":1,"phase":"seek","sample":3,"iterations":16384,"calls_per_iteration":1,"elapsed_ns":2276833}
{"schema":1,"phase":"seek","sample":4,"iterations":16384,"calls_per_iteration":1,"elapsed_ns":2466208}
{"schema":1,"phase":"seek","sample":5,"iterations":16384,"calls_per_iteration":1,"elapsed_ns":2292125}
{"schema":1,"phase":"seek","sample":6,"iterations":16384,"calls_per_iteration":1,"elapsed_ns":2291750}
{"schema":1,"phase":"seek","sample":7,"iterations":16384,"calls_per_iteration":1,"elapsed_ns":2351459}
{"schema":1,"phase":"seek","sample":8,"iterations":16384,"calls_per_iteration":1,"elapsed_ns":2298416}
{"schema":1,"phase":"seek","sample":9,"iterations":16384,"calls_per_iteration":1,"elapsed_ns":2278125}
{"schema":1,"phase":"pwrite64","sample":1,"iterations":16384,"calls_per_iteration":1,"elapsed_ns":219316751}
{"schema":1,"phase":"pwrite64","sample":2,"iterations":16384,"calls_per_iteration":1,"elapsed_ns":206201333}
{"schema":1,"phase":"pwrite64","sample":3,"iterations":16384,"calls_per_iteration":1,"elapsed_ns":210366625}
{"schema":1,"phase":"pwrite64","sample":4,"iterations":16384,"calls_per_iteration":1,"elapsed_ns":207956125}
{"schema":1,"phase":"pwrite64","sample":5,"iterations":16384,"calls_per_iteration":1,"elapsed_ns":206734458}
{"schema":1,"phase":"pwrite64","sample":6,"iterations":16384,"calls_per_iteration":1,"elapsed_ns":205132583}
{"schema":1,"phase":"pwrite64","sample":7,"iterations":16384,"calls_per_iteration":1,"elapsed_ns":205375625}
{"schema":1,"phase":"pwrite64","sample":8,"iterations":16384,"calls_per_iteration":1,"elapsed_ns":206250750}
{"schema":1,"phase":"pwrite64","sample":9,"iterations":16384,"calls_per_iteration":1,"elapsed_ns":205598792}
{"schema":1,"phase":"write64_seek","sample":1,"iterations":16384,"calls_per_iteration":2,"elapsed_ns":208352292}
{"schema":1,"phase":"write64_seek","sample":2,"iterations":16384,"calls_per_iteration":2,"elapsed_ns":208424416}
{"schema":1,"phase":"write64_seek","sample":3,"iterations":16384,"calls_per_iteration":2,"elapsed_ns":208954208}
{"schema":1,"phase":"write64_seek","sample":4,"iterations":16384,"calls_per_iteration":2,"elapsed_ns":212067959}
{"schema":1,"phase":"write64_seek","sample":5,"iterations":16384,"calls_per_iteration":2,"elapsed_ns":213057875}
{"schema":1,"phase":"write64_seek","sample":6,"iterations":16384,"calls_per_iteration":2,"elapsed_ns":216198542}
{"schema":1,"phase":"write64_seek","sample":7,"iterations":16384,"calls_per_iteration":2,"elapsed_ns":214424042}
{"schema":1,"phase":"write64_seek","sample":8,"iterations":16384,"calls_per_iteration":2,"elapsed_ns":215250417}
{"schema":1,"phase":"write64_seek","sample":9,"iterations":16384,"calls_per_iteration":2,"elapsed_ns":214865208}
{"schema":1,"phase":"fstat","sample":1,"iterations":16384,"calls_per_iteration":1,"elapsed_ns":2600709}
{"schema":1,"phase":"fstat","sample":2,"iterations":16384,"calls_per_iteration":1,"elapsed_ns":2634916}
{"schema":1,"phase":"fstat","sample":3,"iterations":16384,"calls_per_iteration":1,"elapsed_ns":2648209}
{"schema":1,"phase":"fstat","sample":4,"iterations":16384,"calls_per_iteration":1,"elapsed_ns":2655667}
{"schema":1,"phase":"fstat","sample":5,"iterations":16384,"calls_per_iteration":1,"elapsed_ns":2658125}
{"schema":1,"phase":"fstat","sample":6,"iterations":16384,"calls_per_iteration":1,"elapsed_ns":2659667}
{"schema":1,"phase":"fstat","sample":7,"iterations":16384,"calls_per_iteration":1,"elapsed_ns":2661708}
{"schema":1,"phase":"fstat","sample":8,"iterations":16384,"calls_per_iteration":1,"elapsed_ns":2658792}
{"schema":1,"phase":"fstat","sample":9,"iterations":16384,"calls_per_iteration":1,"elapsed_ns":2661583}
{"schema":1,"verified":true,"bytes":64,"offset":0,"removed":true}
