{"schema":1,"phase":"seek","sample":1,"iterations":16384,"calls_per_iteration":1,"elapsed_ns":3432000}
{"schema":1,"phase":"seek","sample":2,"iterations":16384,"calls_per_iteration":1,"elapsed_ns":3269000}
{"schema":1,"phase":"seek","sample":3,"iterations":16384,"calls_per_iteration":1,"elapsed_ns":3244000}
{"schema":1,"phase":"seek","sample":4,"iterations":16384,"calls_per_iteration":1,"elapsed_ns":3315000}
{"schema":1,"phase":"seek","sample":5,"iterations":16384,"calls_per_iteration":1,"elapsed_ns":3343000}
{"schema":1,"phase":"seek","sample":6,"iterations":16384,"calls_per_iteration":1,"elapsed_ns":3352000}
{"schema":1,"phase":"seek","sample":7,"iterations":16384,"calls_per_iteration":1,"elapsed_ns":3368000}
{"schema":1,"phase":"seek","sample":8,"iterations":16384,"calls_per_iteration":1,"elapsed_ns":3353000}
{"schema":1,"phase":"seek","sample":9,"iterations":16384,"calls_per_iteration":1,"elapsed_ns":3351000}
{"schema":1,"phase":"pwrite64","sample":1,"iterations":16384,"calls_per_iteration":1,"elapsed_ns":15997000}
{"schema":1,"phase":"pwrite64","sample":2,"iterations":16384,"calls_per_iteration":1,"elapsed_ns":15848000}
{"schema":1,"phase":"pwrite64","sample":3,"iterations":16384,"calls_per_iteration":1,"elapsed_ns":15841000}
{"schema":1,"phase":"pwrite64","sample":4,"iterations":16384,"calls_per_iteration":1,"elapsed_ns":15868000}
{"schema":1,"phase":"pwrite64","sample":5,"iterations":16384,"calls_per_iteration":1,"elapsed_ns":15771000}
{"schema":1,"phase":"pwrite64","sample":6,"iterations":16384,"calls_per_iteration":1,"elapsed_ns":15893000}
{"schema":1,"phase":"pwrite64","sample":7,"iterations":16384,"calls_per_iteration":1,"elapsed_ns":15888000}
{"schema":1,"phase":"pwrite64","sample":8,"iterations":16384,"calls_per_iteration":1,"elapsed_ns":15982000}
{"schema":1,"phase":"pwrite64","sample":9,"iterations":16384,"calls_per_iteration":1,"elapsed_ns":15960000}
{"schema":1,"phase":"write64_seek","sample":1,"iterations":16384,"calls_per_iteration":2,"elapsed_ns":19959000}
{"schema":1,"phase":"write64_seek","sample":2,"iterations":16384,"calls_per_iteration":2,"elapsed_ns":19965000}
{"schema":1,"phase":"write64_seek","sample":3,"iterations":16384,"calls_per_iteration":2,"elapsed_ns":20028000}
{"schema":1,"phase":"write64_seek","sample":4,"iterations":16384,"calls_per_iteration":2,"elapsed_ns":19898000}
{"schema":1,"phase":"write64_seek","sample":5,"iterations":16384,"calls_per_iteration":2,"elapsed_ns":19924000}
{"schema":1,"phase":"write64_seek","sample":6,"iterations":16384,"calls_per_iteration":2,"elapsed_ns":19919000}
{"schema":1,"phase":"write64_seek","sample":7,"iterations":16384,"calls_per_iteration":2,"elapsed_ns":19937000}
{"schema":1,"phase":"write64_seek","sample":8,"iterations":16384,"calls_per_iteration":2,"elapsed_ns":19766000}
{"schema":1,"phase":"write64_seek","sample":9,"iterations":16384,"calls_per_iteration":2,"elapsed_ns":20382000}
{"schema":1,"phase":"fstat","sample":1,"iterations":16384,"calls_per_iteration":1,"elapsed_ns":3960000}
{"schema":1,"phase":"fstat","sample":2,"iterations":16384,"calls_per_iteration":1,"elapsed_ns":3957000}
{"schema":1,"phase":"fstat","sample":3,"iterations":16384,"calls_per_iteration":1,"elapsed_ns":3971000}
{"schema":1,"phase":"fstat","sample":4,"iterations":16384,"calls_per_iteration":1,"elapsed_ns":3960000}
{"schema":1,"phase":"fstat","sample":5,"iterations":16384,"calls_per_iteration":1,"elapsed_ns":3991000}
{"schema":1,"phase":"fstat","sample":6,"iterations":16384,"calls_per_iteration":1,"elapsed_ns":3990000}
{"schema":1,"phase":"fstat","sample":7,"iterations":16384,"calls_per_iteration":1,"elapsed_ns":3915000}
{"schema":1,"phase":"fstat","sample":8,"iterations":16384,"calls_per_iteration":1,"elapsed_ns":3925000}
{"schema":1,"phase":"fstat","sample":9,"iterations":16384,"calls_per_iteration":1,"elapsed_ns":3930000}
{"schema":1,"verified":true,"bytes":64,"offset":0,"removed":true}
