matrix-0-0-1-reuse1 0 26250.0
matrix-0-0-8-reuse1 0 2671.875
matrix-0-0-32-reuse1 0 1127.59375
matrix-0-0-128-reuse1 0 896.484375
matrix-0-1-1-reuse1 0 12458.0
matrix-0-1-8-reuse1 0 2901.0
matrix-0-1-32-reuse1 0 1743.5
matrix-0-1-128-reuse1 0 1480.46875
matrix-0-2-1-reuse1 0 16416.0
matrix-0-2-8-reuse1 0 3031.25
matrix-0-2-32-reuse1 0 1700.53125
matrix-0-2-128-reuse1 0 1345.375
matrix-0-3-1-reuse1 0 12209.0
matrix-0-3-8-reuse1 0 1520.875
matrix-0-3-32-reuse1 0 376.3125
matrix-0-3-128-reuse1 0 96.03125
matrix-0-4-1-reuse1 0 12292.0
matrix-0-4-8-reuse1 0 1531.25
matrix-0-4-32-reuse1 0 367.1875
matrix-0-4-128-reuse1 0 98.3046875
