paired-0-0-65536-reuse0 0 832.6746673583984
paired-0-0-65536-reuse1 0 838.9180450439453
paired-0-1-65536-reuse1 0 1380.0036163330078
paired-0-1-65536-reuse0 0 16587.46974182129
paired-0-2-128-reuse0 0 8624.0234375
paired-0-2-128-reuse1 0 1393.5546875
paired-0-2-65536-reuse1 0 1294.210433959961
paired-0-2-65536-reuse0 0 8788.649887084961
paired-0-3-65536-reuse0 0 2.8839111328125
paired-0-3-65536-reuse1 0 2.8406829833984375
paired-0-4-65536-reuse1 0 3.128692626953125
paired-0-4-65536-reuse0 0 3.13568115234375
paired-1-0-65536-reuse1 0 837.1741027832031
paired-1-0-65536-reuse0 0 840.7230377197266
paired-1-1-65536-reuse0 0 16157.892852783203
paired-1-1-65536-reuse1 0 1435.6778411865234
paired-1-2-128-reuse1 0 1449.21875
paired-1-2-128-reuse0 0 8743.8125
paired-1-2-65536-reuse0 0 8691.66438293457
paired-1-2-65536-reuse1 0 1281.92138671875
paired-1-3-65536-reuse1 0 2.8584747314453125
paired-1-3-65536-reuse0 0 2.8502044677734375
paired-1-4-65536-reuse0 0 3.156036376953125
paired-1-4-65536-reuse1 0 3.1337738037109375
paired-2-0-65536-reuse0 0 838.6033477783203
paired-2-0-65536-reuse1 0 838.8989715576172
paired-2-1-65536-reuse1 0 1451.3187408447266
paired-2-1-65536-reuse0 0 16213.049560546875
paired-2-2-128-reuse0 0 8804.359375
paired-2-2-128-reuse1 0 1411.1328125
paired-2-2-65536-reuse1 0 1278.5180358886719
paired-2-2-65536-reuse0 0 8662.941619873047
paired-2-3-65536-reuse0 0 2.86102294921875
paired-2-3-65536-reuse1 0 2.849578857421875
paired-2-4-65536-reuse1 0 3.136962890625
paired-2-4-65536-reuse0 0 3.13568115234375
