sample_phase=watch_invalid_pair sample=0 scale=65536 ticks=5334398 frequency=24000000 queued_events=0
sample_phase=watch_invalid_pair sample=1 scale=65536 ticks=5328999 frequency=24000000 queued_events=0
sample_phase=watch_invalid_pair sample=2 scale=65536 ticks=5413081 frequency=24000000 queued_events=0
sample_phase=watch_invalid_pair sample=3 scale=65536 ticks=5335926 frequency=24000000 queued_events=0
sample_phase=watch_invalid_pair sample=4 scale=65536 ticks=5457634 frequency=24000000 queued_events=0
sample_phase=watch_invalid_pair sample=5 scale=65536 ticks=5366505 frequency=24000000 queued_events=0
sample_phase=watch_invalid_pair sample=6 scale=65536 ticks=5296819 frequency=24000000 queued_events=0
sample_phase=watch_invalid_pair sample=7 scale=65536 ticks=5422444 frequency=24000000 queued_events=0
sample_phase=watch_invalid_pair sample=8 scale=65536 ticks=5424294 frequency=24000000 queued_events=0
sample_phase=watch_invalid_pair sample=9 scale=65536 ticks=5698882 frequency=24000000 queued_events=0
sample_phase=watch_invalid_pair sample=10 scale=65536 ticks=5418826 frequency=24000000 queued_events=0
sample_phase=watch_invalid_pair sample=11 scale=65536 ticks=5335745 frequency=24000000 queued_events=0
sample_phase=watch_invalid_pair sample=12 scale=65536 ticks=5406228 frequency=24000000 queued_events=0
sample_phase=watch_invalid_pair sample=13 scale=65536 ticks=5334936 frequency=24000000 queued_events=0
sample_phase=watch_invalid_pair sample=14 scale=65536 ticks=5298372 frequency=24000000 queued_events=0
sample_phase=watch_invalid_pair sample=15 scale=65536 ticks=5387855 frequency=24000000 queued_events=0
sample_phase=watch_invalid_pair sample=16 scale=65536 ticks=5350402 frequency=24000000 queued_events=0
sample_phase=watch_invalid_pair sample=17 scale=65536 ticks=5463357 frequency=24000000 queued_events=0
sample_phase=watch_invalid_pair sample=18 scale=65536 ticks=5387063 frequency=24000000 queued_events=0
sample_phase=watch_invalid_pair sample=19 scale=65536 ticks=5400615 frequency=24000000 queued_events=0
sample_phase=watch_invalid_pair sample=20 scale=65536 ticks=5416254 frequency=24000000 queued_events=0
phase=watch_invalid_pair scale=65536 samples=21 p50_ns_per_iter=3425 complete=1
sample_phase=watch_unchanged_pair sample=0 scale=65536 ticks=6089032 frequency=24000000 queued_events=0
sample_phase=watch_unchanged_pair sample=1 scale=65536 ticks=6103902 frequency=24000000 queued_events=0
sample_phase=watch_unchanged_pair sample=2 scale=65536 ticks=6090312 frequency=24000000 queued_events=0
sample_phase=watch_unchanged_pair sample=3 scale=65536 ticks=6131875 frequency=24000000 queued_events=0
sample_phase=watch_unchanged_pair sample=4 scale=65536 ticks=6191443 frequency=24000000 queued_events=0
sample_phase=watch_unchanged_pair sample=5 scale=65536 ticks=6178953 frequency=24000000 queued_events=0
sample_phase=watch_unchanged_pair sample=6 scale=65536 ticks=6035940 frequency=24000000 queued_events=0
sample_phase=watch_unchanged_pair sample=7 scale=65536 ticks=6129386 frequency=24000000 queued_events=0
sample_phase=watch_unchanged_pair sample=8 scale=65536 ticks=6165469 frequency=24000000 queued_events=0
sample_phase=watch_unchanged_pair sample=9 scale=65536 ticks=6205149 frequency=24000000 queued_events=0
sample_phase=watch_unchanged_pair sample=10 scale=65536 ticks=6121285 frequency=24000000 queued_events=0
sample_phase=watch_unchanged_pair sample=11 scale=65536 ticks=6078445 frequency=24000000 queued_events=0
sample_phase=watch_unchanged_pair sample=12 scale=65536 ticks=6122684 frequency=24000000 queued_events=0
sample_phase=watch_unchanged_pair sample=13 scale=65536 ticks=6093976 frequency=24000000 queued_events=0
sample_phase=watch_unchanged_pair sample=14 scale=65536 ticks=6053409 frequency=24000000 queued_events=0
sample_phase=watch_unchanged_pair sample=15 scale=65536 ticks=6062038 frequency=24000000 queued_events=0
sample_phase=watch_unchanged_pair sample=16 scale=65536 ticks=6057498 frequency=24000000 queued_events=0
sample_phase=watch_unchanged_pair sample=17 scale=65536 ticks=6194312 frequency=24000000 queued_events=0
sample_phase=watch_unchanged_pair sample=18 scale=65536 ticks=6192884 frequency=24000000 queued_events=0
sample_phase=watch_unchanged_pair sample=19 scale=65536 ticks=6053206 frequency=24000000 queued_events=0
sample_phase=watch_unchanged_pair sample=20 scale=65536 ticks=6076712 frequency=24000000 queued_events=0
phase=watch_unchanged_pair scale=65536 samples=21 p50_ns_per_iter=3880 complete=1
probe_complete=1
sample_phase=watch_empty_batch sample=0 scale=128 ticks=11256 frequency=24000000 queued_events=128
sample_phase=watch_empty_batch sample=1 scale=128 ticks=10975 frequency=24000000 queued_events=128
sample_phase=watch_empty_batch sample=2 scale=128 ticks=11091 frequency=24000000 queued_events=128
sample_phase=watch_empty_batch sample=3 scale=128 ticks=11117 frequency=24000000 queued_events=128
sample_phase=watch_empty_batch sample=4 scale=128 ticks=11070 frequency=24000000 queued_events=128
sample_phase=watch_empty_batch sample=5 scale=128 ticks=11064 frequency=24000000 queued_events=128
sample_phase=watch_empty_batch sample=6 scale=128 ticks=10959 frequency=24000000 queued_events=128
sample_phase=watch_empty_batch sample=7 scale=128 ticks=10928 frequency=24000000 queued_events=128
sample_phase=watch_empty_batch sample=8 scale=128 ticks=10908 frequency=24000000 queued_events=128
sample_phase=watch_empty_batch sample=9 scale=128 ticks=11152 frequency=24000000 queued_events=128
sample_phase=watch_empty_batch sample=10 scale=128 ticks=11144 frequency=24000000 queued_events=128
sample_phase=watch_empty_batch sample=11 scale=128 ticks=11054 frequency=24000000 queued_events=128
sample_phase=watch_empty_batch sample=12 scale=128 ticks=11359 frequency=24000000 queued_events=128
sample_phase=watch_empty_batch sample=13 scale=128 ticks=11318 frequency=24000000 queued_events=128
sample_phase=watch_empty_batch sample=14 scale=128 ticks=11264 frequency=24000000 queued_events=128
sample_phase=watch_empty_batch sample=15 scale=128 ticks=11197 frequency=24000000 queued_events=128
sample_phase=watch_empty_batch sample=16 scale=128 ticks=10963 frequency=24000000 queued_events=128
sample_phase=watch_empty_batch sample=17 scale=128 ticks=11054 frequency=24000000 queued_events=128
sample_phase=watch_empty_batch sample=18 scale=128 ticks=11172 frequency=24000000 queued_events=128
sample_phase=watch_empty_batch sample=19 scale=128 ticks=10999 frequency=24000000 queued_events=128
sample_phase=watch_empty_batch sample=20 scale=128 ticks=28033 frequency=24000000 queued_events=128
phase=watch_empty_batch scale=128 samples=21 p50_ns_per_iter=3610 complete=1
sample_phase=watch_growing sample=0 scale=8192 ticks=724888 frequency=24000000 queued_events=8192
sample_phase=watch_growing sample=1 scale=8192 ticks=727415 frequency=24000000 queued_events=8192
sample_phase=watch_growing sample=2 scale=8192 ticks=721353 frequency=24000000 queued_events=8192
sample_phase=watch_growing sample=3 scale=8192 ticks=727887 frequency=24000000 queued_events=8192
sample_phase=watch_growing sample=4 scale=8192 ticks=746210 frequency=24000000 queued_events=8192
sample_phase=watch_growing sample=5 scale=8192 ticks=715108 frequency=24000000 queued_events=8192
sample_phase=watch_growing sample=6 scale=8192 ticks=732685 frequency=24000000 queued_events=8192
sample_phase=watch_growing sample=7 scale=8192 ticks=723547 frequency=24000000 queued_events=8192
sample_phase=watch_growing sample=8 scale=8192 ticks=724165 frequency=24000000 queued_events=8192
sample_phase=watch_growing sample=9 scale=8192 ticks=735189 frequency=24000000 queued_events=8192
sample_phase=watch_growing sample=10 scale=8192 ticks=734396 frequency=24000000 queued_events=8192
sample_phase=watch_growing sample=11 scale=8192 ticks=717661 frequency=24000000 queued_events=8192
sample_phase=watch_growing sample=12 scale=8192 ticks=724114 frequency=24000000 queued_events=8192
sample_phase=watch_growing sample=13 scale=8192 ticks=735913 frequency=24000000 queued_events=8192
sample_phase=watch_growing sample=14 scale=8192 ticks=720045 frequency=24000000 queued_events=8192
sample_phase=watch_growing sample=15 scale=8192 ticks=738966 frequency=24000000 queued_events=8192
sample_phase=watch_growing sample=16 scale=8192 ticks=731701 frequency=24000000 queued_events=8192
sample_phase=watch_growing sample=17 scale=8192 ticks=720567 frequency=24000000 queued_events=8192
sample_phase=watch_growing sample=18 scale=8192 ticks=738248 frequency=24000000 queued_events=8192
sample_phase=watch_growing sample=19 scale=8192 ticks=750611 frequency=24000000 queued_events=8192
sample_phase=watch_growing sample=20 scale=8192 ticks=778295 frequency=24000000 queued_events=8192
phase=watch_growing scale=8192 samples=21 p50_ns_per_iter=3702 complete=1
sample_phase=watch_overflow sample=0 scale=65536 ticks=6304637 frequency=24000000 queued_events=16385
sample_phase=watch_overflow sample=1 scale=65536 ticks=6011530 frequency=24000000 queued_events=16385
sample_phase=watch_overflow sample=2 scale=65536 ticks=5889251 frequency=24000000 queued_events=16385
sample_phase=watch_overflow sample=3 scale=65536 ticks=6021931 frequency=24000000 queued_events=16385
sample_phase=watch_overflow sample=4 scale=65536 ticks=6156343 frequency=24000000 queued_events=16385
sample_phase=watch_overflow sample=5 scale=65536 ticks=6247722 frequency=24000000 queued_events=16385
sample_phase=watch_overflow sample=6 scale=65536 ticks=5926697 frequency=24000000 queued_events=16385
sample_phase=watch_overflow sample=7 scale=65536 ticks=5951838 frequency=24000000 queued_events=16385
sample_phase=watch_overflow sample=8 scale=65536 ticks=5927397 frequency=24000000 queued_events=16385
sample_phase=watch_overflow sample=9 scale=65536 ticks=5950962 frequency=24000000 queued_events=16385
sample_phase=watch_overflow sample=10 scale=65536 ticks=5879431 frequency=24000000 queued_events=16385
sample_phase=watch_overflow sample=11 scale=65536 ticks=6076608 frequency=24000000 queued_events=16385
sample_phase=watch_overflow sample=12 scale=65536 ticks=5919227 frequency=24000000 queued_events=16385
sample_phase=watch_overflow sample=13 scale=65536 ticks=5907797 frequency=24000000 queued_events=16385
sample_phase=watch_overflow sample=14 scale=65536 ticks=5920988 frequency=24000000 queued_events=16385
sample_phase=watch_overflow sample=15 scale=65536 ticks=5909442 frequency=24000000 queued_events=16385
sample_phase=watch_overflow sample=16 scale=65536 ticks=5917130 frequency=24000000 queued_events=16385
sample_phase=watch_overflow sample=17 scale=65536 ticks=6028229 frequency=24000000 queued_events=16385
sample_phase=watch_overflow sample=18 scale=65536 ticks=5887218 frequency=24000000 queued_events=16385
sample_phase=watch_overflow sample=19 scale=65536 ticks=5992824 frequency=24000000 queued_events=16385
sample_phase=watch_overflow sample=20 scale=65536 ticks=5943207 frequency=24000000 queued_events=16385
phase=watch_overflow scale=65536 samples=21 p50_ns_per_iter=3778 complete=1
probe_complete=1
