sample_phase=watch_invalid_pair sample=0 scale=65536 ticks=5418959 frequency=24000000 queued_events=0
sample_phase=watch_invalid_pair sample=1 scale=65536 ticks=5469241 frequency=24000000 queued_events=0
sample_phase=watch_invalid_pair sample=2 scale=65536 ticks=5413095 frequency=24000000 queued_events=0
sample_phase=watch_invalid_pair sample=3 scale=65536 ticks=5529715 frequency=24000000 queued_events=0
sample_phase=watch_invalid_pair sample=4 scale=65536 ticks=5361206 frequency=24000000 queued_events=0
sample_phase=watch_invalid_pair sample=5 scale=65536 ticks=5444626 frequency=24000000 queued_events=0
sample_phase=watch_invalid_pair sample=6 scale=65536 ticks=5432323 frequency=24000000 queued_events=0
sample_phase=watch_invalid_pair sample=7 scale=65536 ticks=5412101 frequency=24000000 queued_events=0
sample_phase=watch_invalid_pair sample=8 scale=65536 ticks=5397512 frequency=24000000 queued_events=0
sample_phase=watch_invalid_pair sample=9 scale=65536 ticks=5574310 frequency=24000000 queued_events=0
sample_phase=watch_invalid_pair sample=10 scale=65536 ticks=5390191 frequency=24000000 queued_events=0
sample_phase=watch_invalid_pair sample=11 scale=65536 ticks=5439145 frequency=24000000 queued_events=0
sample_phase=watch_invalid_pair sample=12 scale=65536 ticks=5572840 frequency=24000000 queued_events=0
sample_phase=watch_invalid_pair sample=13 scale=65536 ticks=5464367 frequency=24000000 queued_events=0
sample_phase=watch_invalid_pair sample=14 scale=65536 ticks=5433947 frequency=24000000 queued_events=0
sample_phase=watch_invalid_pair sample=15 scale=65536 ticks=5379202 frequency=24000000 queued_events=0
sample_phase=watch_invalid_pair sample=16 scale=65536 ticks=5390977 frequency=24000000 queued_events=0
sample_phase=watch_invalid_pair sample=17 scale=65536 ticks=5554483 frequency=24000000 queued_events=0
sample_phase=watch_invalid_pair sample=18 scale=65536 ticks=5415772 frequency=24000000 queued_events=0
sample_phase=watch_invalid_pair sample=19 scale=65536 ticks=5385095 frequency=24000000 queued_events=0
sample_phase=watch_invalid_pair sample=20 scale=65536 ticks=5467057 frequency=24000000 queued_events=0
phase=watch_invalid_pair scale=65536 samples=21 p50_ns_per_iter=3453 complete=1
sample_phase=watch_unchanged_pair sample=0 scale=65536 ticks=6057757 frequency=24000000 queued_events=0
sample_phase=watch_unchanged_pair sample=1 scale=65536 ticks=6163108 frequency=24000000 queued_events=0
sample_phase=watch_unchanged_pair sample=2 scale=65536 ticks=6055882 frequency=24000000 queued_events=0
sample_phase=watch_unchanged_pair sample=3 scale=65536 ticks=6049574 frequency=24000000 queued_events=0
sample_phase=watch_unchanged_pair sample=4 scale=65536 ticks=6117198 frequency=24000000 queued_events=0
sample_phase=watch_unchanged_pair sample=5 scale=65536 ticks=6122251 frequency=24000000 queued_events=0
sample_phase=watch_unchanged_pair sample=6 scale=65536 ticks=6096251 frequency=24000000 queued_events=0
sample_phase=watch_unchanged_pair sample=7 scale=65536 ticks=6123704 frequency=24000000 queued_events=0
sample_phase=watch_unchanged_pair sample=8 scale=65536 ticks=6056752 frequency=24000000 queued_events=0
sample_phase=watch_unchanged_pair sample=9 scale=65536 ticks=6160640 frequency=24000000 queued_events=0
sample_phase=watch_unchanged_pair sample=10 scale=65536 ticks=6055606 frequency=24000000 queued_events=0
sample_phase=watch_unchanged_pair sample=11 scale=65536 ticks=6071704 frequency=24000000 queued_events=0
sample_phase=watch_unchanged_pair sample=12 scale=65536 ticks=6104158 frequency=24000000 queued_events=0
sample_phase=watch_unchanged_pair sample=13 scale=65536 ticks=6280788 frequency=24000000 queued_events=0
sample_phase=watch_unchanged_pair sample=14 scale=65536 ticks=6031041 frequency=24000000 queued_events=0
sample_phase=watch_unchanged_pair sample=15 scale=65536 ticks=6055806 frequency=24000000 queued_events=0
sample_phase=watch_unchanged_pair sample=16 scale=65536 ticks=6074645 frequency=24000000 queued_events=0
sample_phase=watch_unchanged_pair sample=17 scale=65536 ticks=6176995 frequency=24000000 queued_events=0
sample_phase=watch_unchanged_pair sample=18 scale=65536 ticks=6121107 frequency=24000000 queued_events=0
sample_phase=watch_unchanged_pair sample=19 scale=65536 ticks=6128600 frequency=24000000 queued_events=0
sample_phase=watch_unchanged_pair sample=20 scale=65536 ticks=6061779 frequency=24000000 queued_events=0
phase=watch_unchanged_pair scale=65536 samples=21 p50_ns_per_iter=3875 complete=1
probe_complete=1
sample_phase=watch_empty_batch sample=0 scale=128 ticks=11136 frequency=24000000 queued_events=128
sample_phase=watch_empty_batch sample=1 scale=128 ticks=11233 frequency=24000000 queued_events=128
sample_phase=watch_empty_batch sample=2 scale=128 ticks=10903 frequency=24000000 queued_events=128
sample_phase=watch_empty_batch sample=3 scale=128 ticks=11090 frequency=24000000 queued_events=128
sample_phase=watch_empty_batch sample=4 scale=128 ticks=11098 frequency=24000000 queued_events=128
sample_phase=watch_empty_batch sample=5 scale=128 ticks=10889 frequency=24000000 queued_events=128
sample_phase=watch_empty_batch sample=6 scale=128 ticks=10965 frequency=24000000 queued_events=128
sample_phase=watch_empty_batch sample=7 scale=128 ticks=10844 frequency=24000000 queued_events=128
sample_phase=watch_empty_batch sample=8 scale=128 ticks=10829 frequency=24000000 queued_events=128
sample_phase=watch_empty_batch sample=9 scale=128 ticks=10957 frequency=24000000 queued_events=128
sample_phase=watch_empty_batch sample=10 scale=128 ticks=11012 frequency=24000000 queued_events=128
sample_phase=watch_empty_batch sample=11 scale=128 ticks=10973 frequency=24000000 queued_events=128
sample_phase=watch_empty_batch sample=12 scale=128 ticks=10939 frequency=24000000 queued_events=128
sample_phase=watch_empty_batch sample=13 scale=128 ticks=11127 frequency=24000000 queued_events=128
sample_phase=watch_empty_batch sample=14 scale=128 ticks=10942 frequency=24000000 queued_events=128
sample_phase=watch_empty_batch sample=15 scale=128 ticks=10850 frequency=24000000 queued_events=128
sample_phase=watch_empty_batch sample=16 scale=128 ticks=10928 frequency=24000000 queued_events=128
sample_phase=watch_empty_batch sample=17 scale=128 ticks=10651 frequency=24000000 queued_events=128
sample_phase=watch_empty_batch sample=18 scale=128 ticks=10965 frequency=24000000 queued_events=128
sample_phase=watch_empty_batch sample=19 scale=128 ticks=10610 frequency=24000000 queued_events=128
sample_phase=watch_empty_batch sample=20 scale=128 ticks=10915 frequency=24000000 queued_events=128
phase=watch_empty_batch scale=128 samples=21 p50_ns_per_iter=3561 complete=1
sample_phase=watch_growing sample=0 scale=8192 ticks=728695 frequency=24000000 queued_events=8192
sample_phase=watch_growing sample=1 scale=8192 ticks=737004 frequency=24000000 queued_events=8192
sample_phase=watch_growing sample=2 scale=8192 ticks=713072 frequency=24000000 queued_events=8192
sample_phase=watch_growing sample=3 scale=8192 ticks=732417 frequency=24000000 queued_events=8192
sample_phase=watch_growing sample=4 scale=8192 ticks=748618 frequency=24000000 queued_events=8192
sample_phase=watch_growing sample=5 scale=8192 ticks=738211 frequency=24000000 queued_events=8192
sample_phase=watch_growing sample=6 scale=8192 ticks=721484 frequency=24000000 queued_events=8192
sample_phase=watch_growing sample=7 scale=8192 ticks=741424 frequency=24000000 queued_events=8192
sample_phase=watch_growing sample=8 scale=8192 ticks=738148 frequency=24000000 queued_events=8192
sample_phase=watch_growing sample=9 scale=8192 ticks=718360 frequency=24000000 queued_events=8192
sample_phase=watch_growing sample=10 scale=8192 ticks=729975 frequency=24000000 queued_events=8192
sample_phase=watch_growing sample=11 scale=8192 ticks=721247 frequency=24000000 queued_events=8192
sample_phase=watch_growing sample=12 scale=8192 ticks=735841 frequency=24000000 queued_events=8192
sample_phase=watch_growing sample=13 scale=8192 ticks=731694 frequency=24000000 queued_events=8192
sample_phase=watch_growing sample=14 scale=8192 ticks=747892 frequency=24000000 queued_events=8192
sample_phase=watch_growing sample=15 scale=8192 ticks=722494 frequency=24000000 queued_events=8192
sample_phase=watch_growing sample=16 scale=8192 ticks=732778 frequency=24000000 queued_events=8192
sample_phase=watch_growing sample=17 scale=8192 ticks=737513 frequency=24000000 queued_events=8192
sample_phase=watch_growing sample=18 scale=8192 ticks=726523 frequency=24000000 queued_events=8192
sample_phase=watch_growing sample=19 scale=8192 ticks=722095 frequency=24000000 queued_events=8192
sample_phase=watch_growing sample=20 scale=8192 ticks=744544 frequency=24000000 queued_events=8192
phase=watch_growing scale=8192 samples=21 p50_ns_per_iter=3725 complete=1
sample_phase=watch_overflow sample=0 scale=65536 ticks=5989694 frequency=24000000 queued_events=16385
sample_phase=watch_overflow sample=1 scale=65536 ticks=5858306 frequency=24000000 queued_events=16385
sample_phase=watch_overflow sample=2 scale=65536 ticks=5888575 frequency=24000000 queued_events=16385
sample_phase=watch_overflow sample=3 scale=65536 ticks=5840693 frequency=24000000 queued_events=16385
sample_phase=watch_overflow sample=4 scale=65536 ticks=5976466 frequency=24000000 queued_events=16385
sample_phase=watch_overflow sample=5 scale=65536 ticks=5922184 frequency=24000000 queued_events=16385
sample_phase=watch_overflow sample=6 scale=65536 ticks=5914767 frequency=24000000 queued_events=16385
sample_phase=watch_overflow sample=7 scale=65536 ticks=6016484 frequency=24000000 queued_events=16385
sample_phase=watch_overflow sample=8 scale=65536 ticks=5818977 frequency=24000000 queued_events=16385
sample_phase=watch_overflow sample=9 scale=65536 ticks=5842368 frequency=24000000 queued_events=16385
sample_phase=watch_overflow sample=10 scale=65536 ticks=5985176 frequency=24000000 queued_events=16385
sample_phase=watch_overflow sample=11 scale=65536 ticks=5841267 frequency=24000000 queued_events=16385
sample_phase=watch_overflow sample=12 scale=65536 ticks=6030118 frequency=24000000 queued_events=16385
sample_phase=watch_overflow sample=13 scale=65536 ticks=6320822 frequency=24000000 queued_events=16385
sample_phase=watch_overflow sample=14 scale=65536 ticks=6137121 frequency=24000000 queued_events=16385
sample_phase=watch_overflow sample=15 scale=65536 ticks=5952002 frequency=24000000 queued_events=16385
sample_phase=watch_overflow sample=16 scale=65536 ticks=5900773 frequency=24000000 queued_events=16385
sample_phase=watch_overflow sample=17 scale=65536 ticks=5960805 frequency=24000000 queued_events=16385
sample_phase=watch_overflow sample=18 scale=65536 ticks=6001985 frequency=24000000 queued_events=16385
sample_phase=watch_overflow sample=19 scale=65536 ticks=5894621 frequency=24000000 queued_events=16385
sample_phase=watch_overflow sample=20 scale=65536 ticks=5853866 frequency=24000000 queued_events=16385
phase=watch_overflow scale=65536 samples=21 p50_ns_per_iter=3765 complete=1
probe_complete=1
