sample_phase=watch_invalid_pair sample=0 scale=65536 ticks=477833 frequency=24000000 queued_events=0
sample_phase=watch_invalid_pair sample=1 scale=65536 ticks=414888 frequency=24000000 queued_events=0
sample_phase=watch_invalid_pair sample=2 scale=65536 ticks=402541 frequency=24000000 queued_events=0
sample_phase=watch_invalid_pair sample=3 scale=65536 ticks=402239 frequency=24000000 queued_events=0
sample_phase=watch_invalid_pair sample=4 scale=65536 ticks=399751 frequency=24000000 queued_events=0
sample_phase=watch_invalid_pair sample=5 scale=65536 ticks=402097 frequency=24000000 queued_events=0
sample_phase=watch_invalid_pair sample=6 scale=65536 ticks=406759 frequency=24000000 queued_events=0
sample_phase=watch_invalid_pair sample=7 scale=65536 ticks=413393 frequency=24000000 queued_events=0
sample_phase=watch_invalid_pair sample=8 scale=65536 ticks=400707 frequency=24000000 queued_events=0
sample_phase=watch_invalid_pair sample=9 scale=65536 ticks=401359 frequency=24000000 queued_events=0
sample_phase=watch_invalid_pair sample=10 scale=65536 ticks=403116 frequency=24000000 queued_events=0
sample_phase=watch_invalid_pair sample=11 scale=65536 ticks=400321 frequency=24000000 queued_events=0
sample_phase=watch_invalid_pair sample=12 scale=65536 ticks=400335 frequency=24000000 queued_events=0
sample_phase=watch_invalid_pair sample=13 scale=65536 ticks=400067 frequency=24000000 queued_events=0
sample_phase=watch_invalid_pair sample=14 scale=65536 ticks=404389 frequency=24000000 queued_events=0
sample_phase=watch_invalid_pair sample=15 scale=65536 ticks=400987 frequency=24000000 queued_events=0
sample_phase=watch_invalid_pair sample=16 scale=65536 ticks=401557 frequency=24000000 queued_events=0
sample_phase=watch_invalid_pair sample=17 scale=65536 ticks=402931 frequency=24000000 queued_events=0
sample_phase=watch_invalid_pair sample=18 scale=65536 ticks=401280 frequency=24000000 queued_events=0
sample_phase=watch_invalid_pair sample=19 scale=65536 ticks=402000 frequency=24000000 queued_events=0
sample_phase=watch_invalid_pair sample=20 scale=65536 ticks=403238 frequency=24000000 queued_events=0
phase=watch_invalid_pair scale=65536 samples=21 p50_ns_per_iter=255 complete=1
sample_phase=watch_unchanged_pair sample=0 scale=65536 ticks=877973 frequency=24000000 queued_events=0
sample_phase=watch_unchanged_pair sample=1 scale=65536 ticks=874625 frequency=24000000 queued_events=0
sample_phase=watch_unchanged_pair sample=2 scale=65536 ticks=882168 frequency=24000000 queued_events=0
sample_phase=watch_unchanged_pair sample=3 scale=65536 ticks=880835 frequency=24000000 queued_events=0
sample_phase=watch_unchanged_pair sample=4 scale=65536 ticks=875522 frequency=24000000 queued_events=0
sample_phase=watch_unchanged_pair sample=5 scale=65536 ticks=867608 frequency=24000000 queued_events=0
sample_phase=watch_unchanged_pair sample=6 scale=65536 ticks=880093 frequency=24000000 queued_events=0
sample_phase=watch_unchanged_pair sample=7 scale=65536 ticks=880028 frequency=24000000 queued_events=0
sample_phase=watch_unchanged_pair sample=8 scale=65536 ticks=874577 frequency=24000000 queued_events=0
sample_phase=watch_unchanged_pair sample=9 scale=65536 ticks=880329 frequency=24000000 queued_events=0
sample_phase=watch_unchanged_pair sample=10 scale=65536 ticks=879455 frequency=24000000 queued_events=0
sample_phase=watch_unchanged_pair sample=11 scale=65536 ticks=872905 frequency=24000000 queued_events=0
sample_phase=watch_unchanged_pair sample=12 scale=65536 ticks=882590 frequency=24000000 queued_events=0
sample_phase=watch_unchanged_pair sample=13 scale=65536 ticks=886229 frequency=24000000 queued_events=0
sample_phase=watch_unchanged_pair sample=14 scale=65536 ticks=872884 frequency=24000000 queued_events=0
sample_phase=watch_unchanged_pair sample=15 scale=65536 ticks=872008 frequency=24000000 queued_events=0
sample_phase=watch_unchanged_pair sample=16 scale=65536 ticks=863533 frequency=24000000 queued_events=0
sample_phase=watch_unchanged_pair sample=17 scale=65536 ticks=876073 frequency=24000000 queued_events=0
sample_phase=watch_unchanged_pair sample=18 scale=65536 ticks=883545 frequency=24000000 queued_events=0
sample_phase=watch_unchanged_pair sample=19 scale=65536 ticks=884305 frequency=24000000 queued_events=0
sample_phase=watch_unchanged_pair sample=20 scale=65536 ticks=886787 frequency=24000000 queued_events=0
phase=watch_unchanged_pair scale=65536 samples=21 p50_ns_per_iter=559 complete=1
probe_complete=1
sample_phase=watch_empty_batch sample=0 scale=128 ticks=4518 frequency=24000000 queued_events=128
sample_phase=watch_empty_batch sample=1 scale=128 ticks=4927 frequency=24000000 queued_events=128
sample_phase=watch_empty_batch sample=2 scale=128 ticks=3846 frequency=24000000 queued_events=128
sample_phase=watch_empty_batch sample=3 scale=128 ticks=3359 frequency=24000000 queued_events=128
sample_phase=watch_empty_batch sample=4 scale=128 ticks=5254 frequency=24000000 queued_events=128
sample_phase=watch_empty_batch sample=5 scale=128 ticks=3518 frequency=24000000 queued_events=128
sample_phase=watch_empty_batch sample=6 scale=128 ticks=2924 frequency=24000000 queued_events=128
sample_phase=watch_empty_batch sample=7 scale=128 ticks=3355 frequency=24000000 queued_events=128
sample_phase=watch_empty_batch sample=8 scale=128 ticks=3397 frequency=24000000 queued_events=128
sample_phase=watch_empty_batch sample=9 scale=128 ticks=3483 frequency=24000000 queued_events=128
sample_phase=watch_empty_batch sample=10 scale=128 ticks=4052 frequency=24000000 queued_events=128
sample_phase=watch_empty_batch sample=11 scale=128 ticks=3286 frequency=24000000 queued_events=128
sample_phase=watch_empty_batch sample=12 scale=128 ticks=3753 frequency=24000000 queued_events=128
sample_phase=watch_empty_batch sample=13 scale=128 ticks=3307 frequency=24000000 queued_events=128
sample_phase=watch_empty_batch sample=14 scale=128 ticks=3640 frequency=24000000 queued_events=128
sample_phase=watch_empty_batch sample=15 scale=128 ticks=3518 frequency=24000000 queued_events=128
sample_phase=watch_empty_batch sample=16 scale=128 ticks=3516 frequency=24000000 queued_events=128
sample_phase=watch_empty_batch sample=17 scale=128 ticks=4116 frequency=24000000 queued_events=128
sample_phase=watch_empty_batch sample=18 scale=128 ticks=3638 frequency=24000000 queued_events=128
sample_phase=watch_empty_batch sample=19 scale=128 ticks=3713 frequency=24000000 queued_events=128
sample_phase=watch_empty_batch sample=20 scale=128 ticks=3715 frequency=24000000 queued_events=128
phase=watch_empty_batch scale=128 samples=21 p50_ns_per_iter=1184 complete=1
sample_phase=watch_growing sample=0 scale=8192 ticks=268898 frequency=24000000 queued_events=8192
sample_phase=watch_growing sample=1 scale=8192 ticks=199766 frequency=24000000 queued_events=8192
sample_phase=watch_growing sample=2 scale=8192 ticks=191686 frequency=24000000 queued_events=8192
sample_phase=watch_growing sample=3 scale=8192 ticks=184209 frequency=24000000 queued_events=8192
sample_phase=watch_growing sample=4 scale=8192 ticks=181216 frequency=24000000 queued_events=8192
sample_phase=watch_growing sample=5 scale=8192 ticks=191346 frequency=24000000 queued_events=8192
sample_phase=watch_growing sample=6 scale=8192 ticks=179560 frequency=24000000 queued_events=8192
sample_phase=watch_growing sample=7 scale=8192 ticks=168040 frequency=24000000 queued_events=8192
sample_phase=watch_growing sample=8 scale=8192 ticks=168918 frequency=24000000 queued_events=8192
sample_phase=watch_growing sample=9 scale=8192 ticks=168859 frequency=24000000 queued_events=8192
sample_phase=watch_growing sample=10 scale=8192 ticks=168210 frequency=24000000 queued_events=8192
sample_phase=watch_growing sample=11 scale=8192 ticks=164701 frequency=24000000 queued_events=8192
sample_phase=watch_growing sample=12 scale=8192 ticks=165521 frequency=24000000 queued_events=8192
sample_phase=watch_growing sample=13 scale=8192 ticks=169878 frequency=24000000 queued_events=8192
sample_phase=watch_growing sample=14 scale=8192 ticks=168355 frequency=24000000 queued_events=8192
sample_phase=watch_growing sample=15 scale=8192 ticks=173433 frequency=24000000 queued_events=8192
sample_phase=watch_growing sample=16 scale=8192 ticks=169977 frequency=24000000 queued_events=8192
sample_phase=watch_growing sample=17 scale=8192 ticks=169908 frequency=24000000 queued_events=8192
sample_phase=watch_growing sample=18 scale=8192 ticks=166619 frequency=24000000 queued_events=8192
sample_phase=watch_growing sample=19 scale=8192 ticks=164874 frequency=24000000 queued_events=8192
sample_phase=watch_growing sample=20 scale=8192 ticks=168572 frequency=24000000 queued_events=8192
phase=watch_growing scale=8192 samples=21 p50_ns_per_iter=864 complete=1
sample_phase=watch_overflow sample=0 scale=65536 ticks=1420494 frequency=24000000 queued_events=16385
sample_phase=watch_overflow sample=1 scale=65536 ticks=1442417 frequency=24000000 queued_events=16385
sample_phase=watch_overflow sample=2 scale=65536 ticks=1438310 frequency=24000000 queued_events=16385
sample_phase=watch_overflow sample=3 scale=65536 ticks=1436942 frequency=24000000 queued_events=16385
sample_phase=watch_overflow sample=4 scale=65536 ticks=1421152 frequency=24000000 queued_events=16385
sample_phase=watch_overflow sample=5 scale=65536 ticks=1474852 frequency=24000000 queued_events=16385
sample_phase=watch_overflow sample=6 scale=65536 ticks=1458169 frequency=24000000 queued_events=16385
sample_phase=watch_overflow sample=7 scale=65536 ticks=1460669 frequency=24000000 queued_events=16385
sample_phase=watch_overflow sample=8 scale=65536 ticks=1394509 frequency=24000000 queued_events=16385
sample_phase=watch_overflow sample=9 scale=65536 ticks=1438701 frequency=24000000 queued_events=16385
sample_phase=watch_overflow sample=10 scale=65536 ticks=1450005 frequency=24000000 queued_events=16385
sample_phase=watch_overflow sample=11 scale=65536 ticks=1445103 frequency=24000000 queued_events=16385
sample_phase=watch_overflow sample=12 scale=65536 ticks=1441796 frequency=24000000 queued_events=16385
sample_phase=watch_overflow sample=13 scale=65536 ticks=1409414 frequency=24000000 queued_events=16385
sample_phase=watch_overflow sample=14 scale=65536 ticks=1577981 frequency=24000000 queued_events=16385
sample_phase=watch_overflow sample=15 scale=65536 ticks=1653307 frequency=24000000 queued_events=16385
sample_phase=watch_overflow sample=16 scale=65536 ticks=1618978 frequency=24000000 queued_events=16385
sample_phase=watch_overflow sample=17 scale=65536 ticks=1645781 frequency=24000000 queued_events=16385
sample_phase=watch_overflow sample=18 scale=65536 ticks=1589010 frequency=24000000 queued_events=16385
sample_phase=watch_overflow sample=19 scale=65536 ticks=1483434 frequency=24000000 queued_events=16385
sample_phase=watch_overflow sample=20 scale=65536 ticks=1457268 frequency=24000000 queued_events=16385
phase=watch_overflow scale=65536 samples=21 p50_ns_per_iter=921 complete=1
probe_complete=1
