sample_phase=watch_invalid_pair sample=0 scale=65536 ticks=5271307 frequency=24000000 queued_events=0
sample_phase=watch_invalid_pair sample=1 scale=65536 ticks=5254528 frequency=24000000 queued_events=0
sample_phase=watch_invalid_pair sample=2 scale=65536 ticks=5246780 frequency=24000000 queued_events=0
sample_phase=watch_invalid_pair sample=3 scale=65536 ticks=5195585 frequency=24000000 queued_events=0
sample_phase=watch_invalid_pair sample=4 scale=65536 ticks=5228331 frequency=24000000 queued_events=0
sample_phase=watch_invalid_pair sample=5 scale=65536 ticks=5249860 frequency=24000000 queued_events=0
sample_phase=watch_invalid_pair sample=6 scale=65536 ticks=5283583 frequency=24000000 queued_events=0
sample_phase=watch_invalid_pair sample=7 scale=65536 ticks=5313203 frequency=24000000 queued_events=0
sample_phase=watch_invalid_pair sample=8 scale=65536 ticks=5199411 frequency=24000000 queued_events=0
sample_phase=watch_invalid_pair sample=9 scale=65536 ticks=5251538 frequency=24000000 queued_events=0
sample_phase=watch_invalid_pair sample=10 scale=65536 ticks=5206153 frequency=24000000 queued_events=0
sample_phase=watch_invalid_pair sample=11 scale=65536 ticks=5236854 frequency=24000000 queued_events=0
sample_phase=watch_invalid_pair sample=12 scale=65536 ticks=5274635 frequency=24000000 queued_events=0
sample_phase=watch_invalid_pair sample=13 scale=65536 ticks=5189069 frequency=24000000 queued_events=0
sample_phase=watch_invalid_pair sample=14 scale=65536 ticks=5290193 frequency=24000000 queued_events=0
sample_phase=watch_invalid_pair sample=15 scale=65536 ticks=5254864 frequency=24000000 queued_events=0
sample_phase=watch_invalid_pair sample=16 scale=65536 ticks=5240206 frequency=24000000 queued_events=0
sample_phase=watch_invalid_pair sample=17 scale=65536 ticks=5247564 frequency=24000000 queued_events=0
sample_phase=watch_invalid_pair sample=18 scale=65536 ticks=5256771 frequency=24000000 queued_events=0
sample_phase=watch_invalid_pair sample=19 scale=65536 ticks=5282149 frequency=24000000 queued_events=0
sample_phase=watch_invalid_pair sample=20 scale=65536 ticks=5289242 frequency=24000000 queued_events=0
phase=watch_invalid_pair scale=65536 samples=21 p50_ns_per_iter=3338 complete=1
sample_phase=watch_unchanged_pair sample=0 scale=65536 ticks=5994993 frequency=24000000 queued_events=0
sample_phase=watch_unchanged_pair sample=1 scale=65536 ticks=6037180 frequency=24000000 queued_events=0
sample_phase=watch_unchanged_pair sample=2 scale=65536 ticks=5911289 frequency=24000000 queued_events=0
sample_phase=watch_unchanged_pair sample=3 scale=65536 ticks=6037765 frequency=24000000 queued_events=0
sample_phase=watch_unchanged_pair sample=4 scale=65536 ticks=5987334 frequency=24000000 queued_events=0
sample_phase=watch_unchanged_pair sample=5 scale=65536 ticks=6027777 frequency=24000000 queued_events=0
sample_phase=watch_unchanged_pair sample=6 scale=65536 ticks=6157922 frequency=24000000 queued_events=0
sample_phase=watch_unchanged_pair sample=7 scale=65536 ticks=6027045 frequency=24000000 queued_events=0
sample_phase=watch_unchanged_pair sample=8 scale=65536 ticks=5978974 frequency=24000000 queued_events=0
sample_phase=watch_unchanged_pair sample=9 scale=65536 ticks=5957228 frequency=24000000 queued_events=0
sample_phase=watch_unchanged_pair sample=10 scale=65536 ticks=5930338 frequency=24000000 queued_events=0
sample_phase=watch_unchanged_pair sample=11 scale=65536 ticks=6048927 frequency=24000000 queued_events=0
sample_phase=watch_unchanged_pair sample=12 scale=65536 ticks=5914411 frequency=24000000 queued_events=0
sample_phase=watch_unchanged_pair sample=13 scale=65536 ticks=6003828 frequency=24000000 queued_events=0
sample_phase=watch_unchanged_pair sample=14 scale=65536 ticks=5966531 frequency=24000000 queued_events=0
sample_phase=watch_unchanged_pair sample=15 scale=65536 ticks=6012106 frequency=24000000 queued_events=0
sample_phase=watch_unchanged_pair sample=16 scale=65536 ticks=5937558 frequency=24000000 queued_events=0
sample_phase=watch_unchanged_pair sample=17 scale=65536 ticks=5917290 frequency=24000000 queued_events=0
sample_phase=watch_unchanged_pair sample=18 scale=65536 ticks=5973105 frequency=24000000 queued_events=0
sample_phase=watch_unchanged_pair sample=19 scale=65536 ticks=6085364 frequency=24000000 queued_events=0
sample_phase=watch_unchanged_pair sample=20 scale=65536 ticks=5913353 frequency=24000000 queued_events=0
phase=watch_unchanged_pair scale=65536 samples=21 p50_ns_per_iter=3806 complete=1
probe_complete=1
sample_phase=watch_empty_batch sample=0 scale=128 ticks=11280 frequency=24000000 queued_events=128
sample_phase=watch_empty_batch sample=1 scale=128 ticks=11259 frequency=24000000 queued_events=128
sample_phase=watch_empty_batch sample=2 scale=128 ticks=11144 frequency=24000000 queued_events=128
sample_phase=watch_empty_batch sample=3 scale=128 ticks=11243 frequency=24000000 queued_events=128
sample_phase=watch_empty_batch sample=4 scale=128 ticks=11178 frequency=24000000 queued_events=128
sample_phase=watch_empty_batch sample=5 scale=128 ticks=11037 frequency=24000000 queued_events=128
sample_phase=watch_empty_batch sample=6 scale=128 ticks=11067 frequency=24000000 queued_events=128
sample_phase=watch_empty_batch sample=7 scale=128 ticks=11058 frequency=24000000 queued_events=128
sample_phase=watch_empty_batch sample=8 scale=128 ticks=11366 frequency=24000000 queued_events=128
sample_phase=watch_empty_batch sample=9 scale=128 ticks=11440 frequency=24000000 queued_events=128
sample_phase=watch_empty_batch sample=10 scale=128 ticks=11062 frequency=24000000 queued_events=128
sample_phase=watch_empty_batch sample=11 scale=128 ticks=11057 frequency=24000000 queued_events=128
sample_phase=watch_empty_batch sample=12 scale=128 ticks=11155 frequency=24000000 queued_events=128
sample_phase=watch_empty_batch sample=13 scale=128 ticks=11177 frequency=24000000 queued_events=128
sample_phase=watch_empty_batch sample=14 scale=128 ticks=11186 frequency=24000000 queued_events=128
sample_phase=watch_empty_batch sample=15 scale=128 ticks=11150 frequency=24000000 queued_events=128
sample_phase=watch_empty_batch sample=16 scale=128 ticks=11217 frequency=24000000 queued_events=128
sample_phase=watch_empty_batch sample=17 scale=128 ticks=11146 frequency=24000000 queued_events=128
sample_phase=watch_empty_batch sample=18 scale=128 ticks=11124 frequency=24000000 queued_events=128
sample_phase=watch_empty_batch sample=19 scale=128 ticks=11196 frequency=24000000 queued_events=128
sample_phase=watch_empty_batch sample=20 scale=128 ticks=11193 frequency=24000000 queued_events=128
phase=watch_empty_batch scale=128 samples=21 p50_ns_per_iter=3638 complete=1
sample_phase=watch_growing sample=0 scale=8192 ticks=715795 frequency=24000000 queued_events=8192
sample_phase=watch_growing sample=1 scale=8192 ticks=709412 frequency=24000000 queued_events=8192
sample_phase=watch_growing sample=2 scale=8192 ticks=719248 frequency=24000000 queued_events=8192
sample_phase=watch_growing sample=3 scale=8192 ticks=711387 frequency=24000000 queued_events=8192
sample_phase=watch_growing sample=4 scale=8192 ticks=712556 frequency=24000000 queued_events=8192
sample_phase=watch_growing sample=5 scale=8192 ticks=711785 frequency=24000000 queued_events=8192
sample_phase=watch_growing sample=6 scale=8192 ticks=727637 frequency=24000000 queued_events=8192
sample_phase=watch_growing sample=7 scale=8192 ticks=727197 frequency=24000000 queued_events=8192
sample_phase=watch_growing sample=8 scale=8192 ticks=707956 frequency=24000000 queued_events=8192
sample_phase=watch_growing sample=9 scale=8192 ticks=735820 frequency=24000000 queued_events=8192
sample_phase=watch_growing sample=10 scale=8192 ticks=709718 frequency=24000000 queued_events=8192
sample_phase=watch_growing sample=11 scale=8192 ticks=719389 frequency=24000000 queued_events=8192
sample_phase=watch_growing sample=12 scale=8192 ticks=725683 frequency=24000000 queued_events=8192
sample_phase=watch_growing sample=13 scale=8192 ticks=706723 frequency=24000000 queued_events=8192
sample_phase=watch_growing sample=14 scale=8192 ticks=721287 frequency=24000000 queued_events=8192
sample_phase=watch_growing sample=15 scale=8192 ticks=714466 frequency=24000000 queued_events=8192
sample_phase=watch_growing sample=16 scale=8192 ticks=724324 frequency=24000000 queued_events=8192
sample_phase=watch_growing sample=17 scale=8192 ticks=708810 frequency=24000000 queued_events=8192
sample_phase=watch_growing sample=18 scale=8192 ticks=721467 frequency=24000000 queued_events=8192
sample_phase=watch_growing sample=19 scale=8192 ticks=802742 frequency=24000000 queued_events=8192
sample_phase=watch_growing sample=20 scale=8192 ticks=782221 frequency=24000000 queued_events=8192
phase=watch_growing scale=8192 samples=21 p50_ns_per_iter=3658 complete=1
sample_phase=watch_overflow sample=0 scale=65536 ticks=6187313 frequency=24000000 queued_events=16385
sample_phase=watch_overflow sample=1 scale=65536 ticks=5788632 frequency=24000000 queued_events=16385
sample_phase=watch_overflow sample=2 scale=65536 ticks=5871575 frequency=24000000 queued_events=16385
sample_phase=watch_overflow sample=3 scale=65536 ticks=5835835 frequency=24000000 queued_events=16385
sample_phase=watch_overflow sample=4 scale=65536 ticks=5777350 frequency=24000000 queued_events=16385
sample_phase=watch_overflow sample=5 scale=65536 ticks=5809882 frequency=24000000 queued_events=16385
sample_phase=watch_overflow sample=6 scale=65536 ticks=5930008 frequency=24000000 queued_events=16385
sample_phase=watch_overflow sample=7 scale=65536 ticks=5756371 frequency=24000000 queued_events=16385
sample_phase=watch_overflow sample=8 scale=65536 ticks=5940331 frequency=24000000 queued_events=16385
sample_phase=watch_overflow sample=9 scale=65536 ticks=5852532 frequency=24000000 queued_events=16385
sample_phase=watch_overflow sample=10 scale=65536 ticks=5788147 frequency=24000000 queued_events=16385
sample_phase=watch_overflow sample=11 scale=65536 ticks=5851430 frequency=24000000 queued_events=16385
sample_phase=watch_overflow sample=12 scale=65536 ticks=5781324 frequency=24000000 queued_events=16385
sample_phase=watch_overflow sample=13 scale=65536 ticks=5831977 frequency=24000000 queued_events=16385
sample_phase=watch_overflow sample=14 scale=65536 ticks=5892195 frequency=24000000 queued_events=16385
sample_phase=watch_overflow sample=15 scale=65536 ticks=5849865 frequency=24000000 queued_events=16385
sample_phase=watch_overflow sample=16 scale=65536 ticks=5839945 frequency=24000000 queued_events=16385
sample_phase=watch_overflow sample=17 scale=65536 ticks=5904775 frequency=24000000 queued_events=16385
sample_phase=watch_overflow sample=18 scale=65536 ticks=5805682 frequency=24000000 queued_events=16385
sample_phase=watch_overflow sample=19 scale=65536 ticks=5764273 frequency=24000000 queued_events=16385
sample_phase=watch_overflow sample=20 scale=65536 ticks=5877441 frequency=24000000 queued_events=16385
phase=watch_overflow scale=65536 samples=21 p50_ns_per_iter=3712 complete=1
probe_complete=1
