sample_phase=watch_invalid_pair sample=0 scale=65536 ticks=4866717 frequency=24000000 queued_events=0
sample_phase=watch_invalid_pair sample=1 scale=65536 ticks=4654953 frequency=24000000 queued_events=0
sample_phase=watch_invalid_pair sample=2 scale=65536 ticks=4675177 frequency=24000000 queued_events=0
sample_phase=watch_invalid_pair sample=3 scale=65536 ticks=4673236 frequency=24000000 queued_events=0
sample_phase=watch_invalid_pair sample=4 scale=65536 ticks=4616436 frequency=24000000 queued_events=0
sample_phase=watch_invalid_pair sample=5 scale=65536 ticks=4660466 frequency=24000000 queued_events=0
sample_phase=watch_invalid_pair sample=6 scale=65536 ticks=4646480 frequency=24000000 queued_events=0
sample_phase=watch_invalid_pair sample=7 scale=65536 ticks=4630545 frequency=24000000 queued_events=0
sample_phase=watch_invalid_pair sample=8 scale=65536 ticks=4714092 frequency=24000000 queued_events=0
sample_phase=watch_invalid_pair sample=9 scale=65536 ticks=4706244 frequency=24000000 queued_events=0
sample_phase=watch_invalid_pair sample=10 scale=65536 ticks=4694915 frequency=24000000 queued_events=0
sample_phase=watch_invalid_pair sample=11 scale=65536 ticks=4640612 frequency=24000000 queued_events=0
sample_phase=watch_invalid_pair sample=12 scale=65536 ticks=4637152 frequency=24000000 queued_events=0
sample_phase=watch_invalid_pair sample=13 scale=65536 ticks=4631206 frequency=24000000 queued_events=0
sample_phase=watch_invalid_pair sample=14 scale=65536 ticks=4622477 frequency=24000000 queued_events=0
sample_phase=watch_invalid_pair sample=15 scale=65536 ticks=4642588 frequency=24000000 queued_events=0
sample_phase=watch_invalid_pair sample=16 scale=65536 ticks=4680106 frequency=24000000 queued_events=0
sample_phase=watch_invalid_pair sample=17 scale=65536 ticks=4700721 frequency=24000000 queued_events=0
sample_phase=watch_invalid_pair sample=18 scale=65536 ticks=4639433 frequency=24000000 queued_events=0
sample_phase=watch_invalid_pair sample=19 scale=65536 ticks=4687012 frequency=24000000 queued_events=0
sample_phase=watch_invalid_pair sample=20 scale=65536 ticks=4638629 frequency=24000000 queued_events=0
phase=watch_invalid_pair scale=65536 samples=21 p50_ns_per_iter=2959 complete=1
sample_phase=watch_unchanged_pair sample=0 scale=65536 ticks=5381099 frequency=24000000 queued_events=0
sample_phase=watch_unchanged_pair sample=1 scale=65536 ticks=5385017 frequency=24000000 queued_events=0
sample_phase=watch_unchanged_pair sample=2 scale=65536 ticks=5369850 frequency=24000000 queued_events=0
sample_phase=watch_unchanged_pair sample=3 scale=65536 ticks=5376933 frequency=24000000 queued_events=0
sample_phase=watch_unchanged_pair sample=4 scale=65536 ticks=5367482 frequency=24000000 queued_events=0
sample_phase=watch_unchanged_pair sample=5 scale=65536 ticks=5337348 frequency=24000000 queued_events=0
sample_phase=watch_unchanged_pair sample=6 scale=65536 ticks=5407187 frequency=24000000 queued_events=0
sample_phase=watch_unchanged_pair sample=7 scale=65536 ticks=5466585 frequency=24000000 queued_events=0
sample_phase=watch_unchanged_pair sample=8 scale=65536 ticks=5344646 frequency=24000000 queued_events=0
sample_phase=watch_unchanged_pair sample=9 scale=65536 ticks=5368127 frequency=24000000 queued_events=0
sample_phase=watch_unchanged_pair sample=10 scale=65536 ticks=5430928 frequency=24000000 queued_events=0
sample_phase=watch_unchanged_pair sample=11 scale=65536 ticks=5271014 frequency=24000000 queued_events=0
sample_phase=watch_unchanged_pair sample=12 scale=65536 ticks=5356596 frequency=24000000 queued_events=0
sample_phase=watch_unchanged_pair sample=13 scale=65536 ticks=5399793 frequency=24000000 queued_events=0
sample_phase=watch_unchanged_pair sample=14 scale=65536 ticks=5480931 frequency=24000000 queued_events=0
sample_phase=watch_unchanged_pair sample=15 scale=65536 ticks=5365301 frequency=24000000 queued_events=0
sample_phase=watch_unchanged_pair sample=16 scale=65536 ticks=5357359 frequency=24000000 queued_events=0
sample_phase=watch_unchanged_pair sample=17 scale=65536 ticks=5289236 frequency=24000000 queued_events=0
sample_phase=watch_unchanged_pair sample=18 scale=65536 ticks=5462995 frequency=24000000 queued_events=0
sample_phase=watch_unchanged_pair sample=19 scale=65536 ticks=5434062 frequency=24000000 queued_events=0
sample_phase=watch_unchanged_pair sample=20 scale=65536 ticks=5399201 frequency=24000000 queued_events=0
phase=watch_unchanged_pair scale=65536 samples=21 p50_ns_per_iter=3418 complete=1
probe_complete=1
sample_phase=watch_empty_batch sample=0 scale=128 ticks=10465 frequency=24000000 queued_events=128
sample_phase=watch_empty_batch sample=1 scale=128 ticks=10338 frequency=24000000 queued_events=128
sample_phase=watch_empty_batch sample=2 scale=128 ticks=10378 frequency=24000000 queued_events=128
sample_phase=watch_empty_batch sample=3 scale=128 ticks=10294 frequency=24000000 queued_events=128
sample_phase=watch_empty_batch sample=4 scale=128 ticks=10258 frequency=24000000 queued_events=128
sample_phase=watch_empty_batch sample=5 scale=128 ticks=10336 frequency=24000000 queued_events=128
sample_phase=watch_empty_batch sample=6 scale=128 ticks=10209 frequency=24000000 queued_events=128
sample_phase=watch_empty_batch sample=7 scale=128 ticks=10266 frequency=24000000 queued_events=128
sample_phase=watch_empty_batch sample=8 scale=128 ticks=10405 frequency=24000000 queued_events=128
sample_phase=watch_empty_batch sample=9 scale=128 ticks=10249 frequency=24000000 queued_events=128
sample_phase=watch_empty_batch sample=10 scale=128 ticks=10568 frequency=24000000 queued_events=128
sample_phase=watch_empty_batch sample=11 scale=128 ticks=10364 frequency=24000000 queued_events=128
sample_phase=watch_empty_batch sample=12 scale=128 ticks=10210 frequency=24000000 queued_events=128
sample_phase=watch_empty_batch sample=13 scale=128 ticks=10170 frequency=24000000 queued_events=128
sample_phase=watch_empty_batch sample=14 scale=128 ticks=10186 frequency=24000000 queued_events=128
sample_phase=watch_empty_batch sample=15 scale=128 ticks=10295 frequency=24000000 queued_events=128
sample_phase=watch_empty_batch sample=16 scale=128 ticks=10252 frequency=24000000 queued_events=128
sample_phase=watch_empty_batch sample=17 scale=128 ticks=10100 frequency=24000000 queued_events=128
sample_phase=watch_empty_batch sample=18 scale=128 ticks=10145 frequency=24000000 queued_events=128
sample_phase=watch_empty_batch sample=19 scale=128 ticks=10231 frequency=24000000 queued_events=128
sample_phase=watch_empty_batch sample=20 scale=128 ticks=10230 frequency=24000000 queued_events=128
phase=watch_empty_batch scale=128 samples=21 p50_ns_per_iter=3339 complete=1
sample_phase=watch_growing sample=0 scale=8192 ticks=647140 frequency=24000000 queued_events=8192
sample_phase=watch_growing sample=1 scale=8192 ticks=656539 frequency=24000000 queued_events=8192
sample_phase=watch_growing sample=2 scale=8192 ticks=646512 frequency=24000000 queued_events=8192
sample_phase=watch_growing sample=3 scale=8192 ticks=652857 frequency=24000000 queued_events=8192
sample_phase=watch_growing sample=4 scale=8192 ticks=648149 frequency=24000000 queued_events=8192
sample_phase=watch_growing sample=5 scale=8192 ticks=661100 frequency=24000000 queued_events=8192
sample_phase=watch_growing sample=6 scale=8192 ticks=651388 frequency=24000000 queued_events=8192
sample_phase=watch_growing sample=7 scale=8192 ticks=646270 frequency=24000000 queued_events=8192
sample_phase=watch_growing sample=8 scale=8192 ticks=646757 frequency=24000000 queued_events=8192
sample_phase=watch_growing sample=9 scale=8192 ticks=654706 frequency=24000000 queued_events=8192
sample_phase=watch_growing sample=10 scale=8192 ticks=644279 frequency=24000000 queued_events=8192
sample_phase=watch_growing sample=11 scale=8192 ticks=643924 frequency=24000000 queued_events=8192
sample_phase=watch_growing sample=12 scale=8192 ticks=648429 frequency=24000000 queued_events=8192
sample_phase=watch_growing sample=13 scale=8192 ticks=643923 frequency=24000000 queued_events=8192
sample_phase=watch_growing sample=14 scale=8192 ticks=645691 frequency=24000000 queued_events=8192
sample_phase=watch_growing sample=15 scale=8192 ticks=647621 frequency=24000000 queued_events=8192
sample_phase=watch_growing sample=16 scale=8192 ticks=654262 frequency=24000000 queued_events=8192
sample_phase=watch_growing sample=17 scale=8192 ticks=647961 frequency=24000000 queued_events=8192
sample_phase=watch_growing sample=18 scale=8192 ticks=653131 frequency=24000000 queued_events=8192
sample_phase=watch_growing sample=19 scale=8192 ticks=654814 frequency=24000000 queued_events=8192
sample_phase=watch_growing sample=20 scale=8192 ticks=653735 frequency=24000000 queued_events=8192
phase=watch_growing scale=8192 samples=21 p50_ns_per_iter=3296 complete=1
sample_phase=watch_overflow sample=0 scale=65536 ticks=5154390 frequency=24000000 queued_events=16385
sample_phase=watch_overflow sample=1 scale=65536 ticks=5257471 frequency=24000000 queued_events=16385
sample_phase=watch_overflow sample=2 scale=65536 ticks=5223871 frequency=24000000 queued_events=16385
sample_phase=watch_overflow sample=3 scale=65536 ticks=5256292 frequency=24000000 queued_events=16385
sample_phase=watch_overflow sample=4 scale=65536 ticks=5153230 frequency=24000000 queued_events=16385
sample_phase=watch_overflow sample=5 scale=65536 ticks=5319087 frequency=24000000 queued_events=16385
sample_phase=watch_overflow sample=6 scale=65536 ticks=5127090 frequency=24000000 queued_events=16385
sample_phase=watch_overflow sample=7 scale=65536 ticks=5173504 frequency=24000000 queued_events=16385
sample_phase=watch_overflow sample=8 scale=65536 ticks=5190953 frequency=24000000 queued_events=16385
sample_phase=watch_overflow sample=9 scale=65536 ticks=5319314 frequency=24000000 queued_events=16385
sample_phase=watch_overflow sample=10 scale=65536 ticks=5210177 frequency=24000000 queued_events=16385
sample_phase=watch_overflow sample=11 scale=65536 ticks=5237970 frequency=24000000 queued_events=16385
sample_phase=watch_overflow sample=12 scale=65536 ticks=5173391 frequency=24000000 queued_events=16385
sample_phase=watch_overflow sample=13 scale=65536 ticks=5189289 frequency=24000000 queued_events=16385
sample_phase=watch_overflow sample=14 scale=65536 ticks=5316486 frequency=24000000 queued_events=16385
sample_phase=watch_overflow sample=15 scale=65536 ticks=5182175 frequency=24000000 queued_events=16385
sample_phase=watch_overflow sample=16 scale=65536 ticks=5250959 frequency=24000000 queued_events=16385
sample_phase=watch_overflow sample=17 scale=65536 ticks=5163222 frequency=24000000 queued_events=16385
sample_phase=watch_overflow sample=18 scale=65536 ticks=5201703 frequency=24000000 queued_events=16385
sample_phase=watch_overflow sample=19 scale=65536 ticks=5286924 frequency=24000000 queued_events=16385
sample_phase=watch_overflow sample=20 scale=65536 ticks=5237691 frequency=24000000 queued_events=16385
phase=watch_overflow scale=65536 samples=21 p50_ns_per_iter=3312 complete=1
probe_complete=1
