sample_phase=watch_invalid_pair sample=0 scale=65536 ticks=5297788 frequency=24000000 queued_events=0
sample_phase=watch_invalid_pair sample=1 scale=65536 ticks=5395187 frequency=24000000 queued_events=0
sample_phase=watch_invalid_pair sample=2 scale=65536 ticks=5449450 frequency=24000000 queued_events=0
sample_phase=watch_invalid_pair sample=3 scale=65536 ticks=5452948 frequency=24000000 queued_events=0
sample_phase=watch_invalid_pair sample=4 scale=65536 ticks=5312121 frequency=24000000 queued_events=0
sample_phase=watch_invalid_pair sample=5 scale=65536 ticks=5421564 frequency=24000000 queued_events=0
sample_phase=watch_invalid_pair sample=6 scale=65536 ticks=5325407 frequency=24000000 queued_events=0
sample_phase=watch_invalid_pair sample=7 scale=65536 ticks=5330894 frequency=24000000 queued_events=0
sample_phase=watch_invalid_pair sample=8 scale=65536 ticks=5360148 frequency=24000000 queued_events=0
sample_phase=watch_invalid_pair sample=9 scale=65536 ticks=5480255 frequency=24000000 queued_events=0
sample_phase=watch_invalid_pair sample=10 scale=65536 ticks=5455028 frequency=24000000 queued_events=0
sample_phase=watch_invalid_pair sample=11 scale=65536 ticks=5329395 frequency=24000000 queued_events=0
sample_phase=watch_invalid_pair sample=12 scale=65536 ticks=5344224 frequency=24000000 queued_events=0
sample_phase=watch_invalid_pair sample=13 scale=65536 ticks=5395370 frequency=24000000 queued_events=0
sample_phase=watch_invalid_pair sample=14 scale=65536 ticks=5418635 frequency=24000000 queued_events=0
sample_phase=watch_invalid_pair sample=15 scale=65536 ticks=5354413 frequency=24000000 queued_events=0
sample_phase=watch_invalid_pair sample=16 scale=65536 ticks=5479278 frequency=24000000 queued_events=0
sample_phase=watch_invalid_pair sample=17 scale=65536 ticks=5388801 frequency=24000000 queued_events=0
sample_phase=watch_invalid_pair sample=18 scale=65536 ticks=5385522 frequency=24000000 queued_events=0
sample_phase=watch_invalid_pair sample=19 scale=65536 ticks=5339386 frequency=24000000 queued_events=0
sample_phase=watch_invalid_pair sample=20 scale=65536 ticks=5423751 frequency=24000000 queued_events=0
phase=watch_invalid_pair scale=65536 samples=21 p50_ns_per_iter=3426 complete=1
sample_phase=watch_unchanged_pair sample=0 scale=65536 ticks=6017987 frequency=24000000 queued_events=0
sample_phase=watch_unchanged_pair sample=1 scale=65536 ticks=6089241 frequency=24000000 queued_events=0
sample_phase=watch_unchanged_pair sample=2 scale=65536 ticks=6025804 frequency=24000000 queued_events=0
sample_phase=watch_unchanged_pair sample=3 scale=65536 ticks=6184783 frequency=24000000 queued_events=0
sample_phase=watch_unchanged_pair sample=4 scale=65536 ticks=6111186 frequency=24000000 queued_events=0
sample_phase=watch_unchanged_pair sample=5 scale=65536 ticks=6108312 frequency=24000000 queued_events=0
sample_phase=watch_unchanged_pair sample=6 scale=65536 ticks=6035562 frequency=24000000 queued_events=0
sample_phase=watch_unchanged_pair sample=7 scale=65536 ticks=6036396 frequency=24000000 queued_events=0
sample_phase=watch_unchanged_pair sample=8 scale=65536 ticks=6153943 frequency=24000000 queued_events=0
sample_phase=watch_unchanged_pair sample=9 scale=65536 ticks=6241704 frequency=24000000 queued_events=0
sample_phase=watch_unchanged_pair sample=10 scale=65536 ticks=6004148 frequency=24000000 queued_events=0
sample_phase=watch_unchanged_pair sample=11 scale=65536 ticks=6028964 frequency=24000000 queued_events=0
sample_phase=watch_unchanged_pair sample=12 scale=65536 ticks=6151457 frequency=24000000 queued_events=0
sample_phase=watch_unchanged_pair sample=13 scale=65536 ticks=6007475 frequency=24000000 queued_events=0
sample_phase=watch_unchanged_pair sample=14 scale=65536 ticks=6046060 frequency=24000000 queued_events=0
sample_phase=watch_unchanged_pair sample=15 scale=65536 ticks=6174382 frequency=24000000 queued_events=0
sample_phase=watch_unchanged_pair sample=16 scale=65536 ticks=5992713 frequency=24000000 queued_events=0
sample_phase=watch_unchanged_pair sample=17 scale=65536 ticks=6139082 frequency=24000000 queued_events=0
sample_phase=watch_unchanged_pair sample=18 scale=65536 ticks=6037474 frequency=24000000 queued_events=0
sample_phase=watch_unchanged_pair sample=19 scale=65536 ticks=6094709 frequency=24000000 queued_events=0
sample_phase=watch_unchanged_pair sample=20 scale=65536 ticks=6215119 frequency=24000000 queued_events=0
phase=watch_unchanged_pair scale=65536 samples=21 p50_ns_per_iter=3871 complete=1
probe_complete=1
sample_phase=watch_empty_batch sample=0 scale=128 ticks=11180 frequency=24000000 queued_events=128
sample_phase=watch_empty_batch sample=1 scale=128 ticks=11030 frequency=24000000 queued_events=128
sample_phase=watch_empty_batch sample=2 scale=128 ticks=10913 frequency=24000000 queued_events=128
sample_phase=watch_empty_batch sample=3 scale=128 ticks=10943 frequency=24000000 queued_events=128
sample_phase=watch_empty_batch sample=4 scale=128 ticks=11499 frequency=24000000 queued_events=128
sample_phase=watch_empty_batch sample=5 scale=128 ticks=10731 frequency=24000000 queued_events=128
sample_phase=watch_empty_batch sample=6 scale=128 ticks=11103 frequency=24000000 queued_events=128
sample_phase=watch_empty_batch sample=7 scale=128 ticks=10887 frequency=24000000 queued_events=128
sample_phase=watch_empty_batch sample=8 scale=128 ticks=10973 frequency=24000000 queued_events=128
sample_phase=watch_empty_batch sample=9 scale=128 ticks=11078 frequency=24000000 queued_events=128
sample_phase=watch_empty_batch sample=10 scale=128 ticks=11161 frequency=24000000 queued_events=128
sample_phase=watch_empty_batch sample=11 scale=128 ticks=11031 frequency=24000000 queued_events=128
sample_phase=watch_empty_batch sample=12 scale=128 ticks=11143 frequency=24000000 queued_events=128
sample_phase=watch_empty_batch sample=13 scale=128 ticks=11028 frequency=24000000 queued_events=128
sample_phase=watch_empty_batch sample=14 scale=128 ticks=10896 frequency=24000000 queued_events=128
sample_phase=watch_empty_batch sample=15 scale=128 ticks=10864 frequency=24000000 queued_events=128
sample_phase=watch_empty_batch sample=16 scale=128 ticks=10815 frequency=24000000 queued_events=128
sample_phase=watch_empty_batch sample=17 scale=128 ticks=11017 frequency=24000000 queued_events=128
sample_phase=watch_empty_batch sample=18 scale=128 ticks=11041 frequency=24000000 queued_events=128
sample_phase=watch_empty_batch sample=19 scale=128 ticks=11016 frequency=24000000 queued_events=128
sample_phase=watch_empty_batch sample=20 scale=128 ticks=11089 frequency=24000000 queued_events=128
phase=watch_empty_batch scale=128 samples=21 p50_ns_per_iter=3589 complete=1
sample_phase=watch_growing sample=0 scale=8192 ticks=718728 frequency=24000000 queued_events=8192
sample_phase=watch_growing sample=1 scale=8192 ticks=732151 frequency=24000000 queued_events=8192
sample_phase=watch_growing sample=2 scale=8192 ticks=740477 frequency=24000000 queued_events=8192
sample_phase=watch_growing sample=3 scale=8192 ticks=754065 frequency=24000000 queued_events=8192
sample_phase=watch_growing sample=4 scale=8192 ticks=711004 frequency=24000000 queued_events=8192
sample_phase=watch_growing sample=5 scale=8192 ticks=734806 frequency=24000000 queued_events=8192
sample_phase=watch_growing sample=6 scale=8192 ticks=714351 frequency=24000000 queued_events=8192
sample_phase=watch_growing sample=7 scale=8192 ticks=733210 frequency=24000000 queued_events=8192
sample_phase=watch_growing sample=8 scale=8192 ticks=726653 frequency=24000000 queued_events=8192
sample_phase=watch_growing sample=9 scale=8192 ticks=717711 frequency=24000000 queued_events=8192
sample_phase=watch_growing sample=10 scale=8192 ticks=731817 frequency=24000000 queued_events=8192
sample_phase=watch_growing sample=11 scale=8192 ticks=734873 frequency=24000000 queued_events=8192
sample_phase=watch_growing sample=12 scale=8192 ticks=722411 frequency=24000000 queued_events=8192
sample_phase=watch_growing sample=13 scale=8192 ticks=724247 frequency=24000000 queued_events=8192
sample_phase=watch_growing sample=14 scale=8192 ticks=737428 frequency=24000000 queued_events=8192
sample_phase=watch_growing sample=15 scale=8192 ticks=735239 frequency=24000000 queued_events=8192
sample_phase=watch_growing sample=16 scale=8192 ticks=729729 frequency=24000000 queued_events=8192
sample_phase=watch_growing sample=17 scale=8192 ticks=737445 frequency=24000000 queued_events=8192
sample_phase=watch_growing sample=18 scale=8192 ticks=746332 frequency=24000000 queued_events=8192
sample_phase=watch_growing sample=19 scale=8192 ticks=749405 frequency=24000000 queued_events=8192
sample_phase=watch_growing sample=20 scale=8192 ticks=745935 frequency=24000000 queued_events=8192
phase=watch_growing scale=8192 samples=21 p50_ns_per_iter=3729 complete=1
sample_phase=watch_overflow sample=0 scale=65536 ticks=5871893 frequency=24000000 queued_events=16385
sample_phase=watch_overflow sample=1 scale=65536 ticks=6032897 frequency=24000000 queued_events=16385
sample_phase=watch_overflow sample=2 scale=65536 ticks=5858841 frequency=24000000 queued_events=16385
sample_phase=watch_overflow sample=3 scale=65536 ticks=5918319 frequency=24000000 queued_events=16385
sample_phase=watch_overflow sample=4 scale=65536 ticks=6016252 frequency=24000000 queued_events=16385
sample_phase=watch_overflow sample=5 scale=65536 ticks=5863235 frequency=24000000 queued_events=16385
sample_phase=watch_overflow sample=6 scale=65536 ticks=5887832 frequency=24000000 queued_events=16385
sample_phase=watch_overflow sample=7 scale=65536 ticks=5968835 frequency=24000000 queued_events=16385
sample_phase=watch_overflow sample=8 scale=65536 ticks=5908742 frequency=24000000 queued_events=16385
sample_phase=watch_overflow sample=9 scale=65536 ticks=5847810 frequency=24000000 queued_events=16385
sample_phase=watch_overflow sample=10 scale=65536 ticks=5975376 frequency=24000000 queued_events=16385
sample_phase=watch_overflow sample=11 scale=65536 ticks=5872237 frequency=24000000 queued_events=16385
sample_phase=watch_overflow sample=12 scale=65536 ticks=5891580 frequency=24000000 queued_events=16385
sample_phase=watch_overflow sample=13 scale=65536 ticks=5975511 frequency=24000000 queued_events=16385
sample_phase=watch_overflow sample=14 scale=65536 ticks=5952646 frequency=24000000 queued_events=16385
sample_phase=watch_overflow sample=15 scale=65536 ticks=5944219 frequency=24000000 queued_events=16385
sample_phase=watch_overflow sample=16 scale=65536 ticks=5872506 frequency=24000000 queued_events=16385
sample_phase=watch_overflow sample=17 scale=65536 ticks=5972221 frequency=24000000 queued_events=16385
sample_phase=watch_overflow sample=18 scale=65536 ticks=6034402 frequency=24000000 queued_events=16385
sample_phase=watch_overflow sample=19 scale=65536 ticks=5989545 frequency=24000000 queued_events=16385
sample_phase=watch_overflow sample=20 scale=65536 ticks=5910919 frequency=24000000 queued_events=16385
phase=watch_overflow scale=65536 samples=21 p50_ns_per_iter=3762 complete=1
probe_complete=1
