sample_phase=watch_invalid_pair sample=0 scale=65536 ticks=4737767 frequency=24000000 queued_events=0
sample_phase=watch_invalid_pair sample=1 scale=65536 ticks=4728712 frequency=24000000 queued_events=0
sample_phase=watch_invalid_pair sample=2 scale=65536 ticks=4707715 frequency=24000000 queued_events=0
sample_phase=watch_invalid_pair sample=3 scale=65536 ticks=4766499 frequency=24000000 queued_events=0
sample_phase=watch_invalid_pair sample=4 scale=65536 ticks=4830094 frequency=24000000 queued_events=0
sample_phase=watch_invalid_pair sample=5 scale=65536 ticks=4712029 frequency=24000000 queued_events=0
sample_phase=watch_invalid_pair sample=6 scale=65536 ticks=4715879 frequency=24000000 queued_events=0
sample_phase=watch_invalid_pair sample=7 scale=65536 ticks=4765134 frequency=24000000 queued_events=0
sample_phase=watch_invalid_pair sample=8 scale=65536 ticks=4737522 frequency=24000000 queued_events=0
sample_phase=watch_invalid_pair sample=9 scale=65536 ticks=4923424 frequency=24000000 queued_events=0
sample_phase=watch_invalid_pair sample=10 scale=65536 ticks=4765604 frequency=24000000 queued_events=0
sample_phase=watch_invalid_pair sample=11 scale=65536 ticks=4782611 frequency=24000000 queued_events=0
sample_phase=watch_invalid_pair sample=12 scale=65536 ticks=4787838 frequency=24000000 queued_events=0
sample_phase=watch_invalid_pair sample=13 scale=65536 ticks=4842944 frequency=24000000 queued_events=0
sample_phase=watch_invalid_pair sample=14 scale=65536 ticks=4765982 frequency=24000000 queued_events=0
sample_phase=watch_invalid_pair sample=15 scale=65536 ticks=4720479 frequency=24000000 queued_events=0
sample_phase=watch_invalid_pair sample=16 scale=65536 ticks=4769069 frequency=24000000 queued_events=0
sample_phase=watch_invalid_pair sample=17 scale=65536 ticks=4721751 frequency=24000000 queued_events=0
sample_phase=watch_invalid_pair sample=18 scale=65536 ticks=4696083 frequency=24000000 queued_events=0
sample_phase=watch_invalid_pair sample=19 scale=65536 ticks=4989388 frequency=24000000 queued_events=0
sample_phase=watch_invalid_pair sample=20 scale=65536 ticks=4764634 frequency=24000000 queued_events=0
phase=watch_invalid_pair scale=65536 samples=21 p50_ns_per_iter=3029 complete=1
sample_phase=watch_unchanged_pair sample=0 scale=65536 ticks=5556018 frequency=24000000 queued_events=0
sample_phase=watch_unchanged_pair sample=1 scale=65536 ticks=5454210 frequency=24000000 queued_events=0
sample_phase=watch_unchanged_pair sample=2 scale=65536 ticks=5485706 frequency=24000000 queued_events=0
sample_phase=watch_unchanged_pair sample=3 scale=65536 ticks=5543443 frequency=24000000 queued_events=0
sample_phase=watch_unchanged_pair sample=4 scale=65536 ticks=5634828 frequency=24000000 queued_events=0
sample_phase=watch_unchanged_pair sample=5 scale=65536 ticks=5510814 frequency=24000000 queued_events=0
sample_phase=watch_unchanged_pair sample=6 scale=65536 ticks=5501710 frequency=24000000 queued_events=0
sample_phase=watch_unchanged_pair sample=7 scale=65536 ticks=5597119 frequency=24000000 queued_events=0
sample_phase=watch_unchanged_pair sample=8 scale=65536 ticks=5501226 frequency=24000000 queued_events=0
sample_phase=watch_unchanged_pair sample=9 scale=65536 ticks=5496955 frequency=24000000 queued_events=0
sample_phase=watch_unchanged_pair sample=10 scale=65536 ticks=5483324 frequency=24000000 queued_events=0
sample_phase=watch_unchanged_pair sample=11 scale=65536 ticks=5515222 frequency=24000000 queued_events=0
sample_phase=watch_unchanged_pair sample=12 scale=65536 ticks=5551156 frequency=24000000 queued_events=0
sample_phase=watch_unchanged_pair sample=13 scale=65536 ticks=5593551 frequency=24000000 queued_events=0
sample_phase=watch_unchanged_pair sample=14 scale=65536 ticks=5505885 frequency=24000000 queued_events=0
sample_phase=watch_unchanged_pair sample=15 scale=65536 ticks=5646187 frequency=24000000 queued_events=0
sample_phase=watch_unchanged_pair sample=16 scale=65536 ticks=5643779 frequency=24000000 queued_events=0
sample_phase=watch_unchanged_pair sample=17 scale=65536 ticks=5642250 frequency=24000000 queued_events=0
sample_phase=watch_unchanged_pair sample=18 scale=65536 ticks=5627972 frequency=24000000 queued_events=0
sample_phase=watch_unchanged_pair sample=19 scale=65536 ticks=5583843 frequency=24000000 queued_events=0
sample_phase=watch_unchanged_pair sample=20 scale=65536 ticks=5708730 frequency=24000000 queued_events=0
phase=watch_unchanged_pair scale=65536 samples=21 p50_ns_per_iter=3529 complete=1
probe_complete=1
sample_phase=watch_empty_batch sample=0 scale=128 ticks=10007 frequency=24000000 queued_events=128
sample_phase=watch_empty_batch sample=1 scale=128 ticks=11313 frequency=24000000 queued_events=128
sample_phase=watch_empty_batch sample=2 scale=128 ticks=11550 frequency=24000000 queued_events=128
sample_phase=watch_empty_batch sample=3 scale=128 ticks=11241 frequency=24000000 queued_events=128
sample_phase=watch_empty_batch sample=4 scale=128 ticks=11298 frequency=24000000 queued_events=128
sample_phase=watch_empty_batch sample=5 scale=128 ticks=11582 frequency=24000000 queued_events=128
sample_phase=watch_empty_batch sample=6 scale=128 ticks=11386 frequency=24000000 queued_events=128
sample_phase=watch_empty_batch sample=7 scale=128 ticks=10925 frequency=24000000 queued_events=128
sample_phase=watch_empty_batch sample=8 scale=128 ticks=9921 frequency=24000000 queued_events=128
sample_phase=watch_empty_batch sample=9 scale=128 ticks=10236 frequency=24000000 queued_events=128
sample_phase=watch_empty_batch sample=10 scale=128 ticks=10207 frequency=24000000 queued_events=128
sample_phase=watch_empty_batch sample=11 scale=128 ticks=10830 frequency=24000000 queued_events=128
sample_phase=watch_empty_batch sample=12 scale=128 ticks=11622 frequency=24000000 queued_events=128
sample_phase=watch_empty_batch sample=13 scale=128 ticks=11296 frequency=24000000 queued_events=128
sample_phase=watch_empty_batch sample=14 scale=128 ticks=11251 frequency=24000000 queued_events=128
sample_phase=watch_empty_batch sample=15 scale=128 ticks=11379 frequency=24000000 queued_events=128
sample_phase=watch_empty_batch sample=16 scale=128 ticks=11054 frequency=24000000 queued_events=128
sample_phase=watch_empty_batch sample=17 scale=128 ticks=10276 frequency=24000000 queued_events=128
sample_phase=watch_empty_batch sample=18 scale=128 ticks=9804 frequency=24000000 queued_events=128
sample_phase=watch_empty_batch sample=19 scale=128 ticks=9865 frequency=24000000 queued_events=128
sample_phase=watch_empty_batch sample=20 scale=128 ticks=9935 frequency=24000000 queued_events=128
phase=watch_empty_batch scale=128 samples=21 p50_ns_per_iter=3598 complete=1
sample_phase=watch_growing sample=0 scale=8192 ticks=673074 frequency=24000000 queued_events=8192
sample_phase=watch_growing sample=1 scale=8192 ticks=682092 frequency=24000000 queued_events=8192
sample_phase=watch_growing sample=2 scale=8192 ticks=673061 frequency=24000000 queued_events=8192
sample_phase=watch_growing sample=3 scale=8192 ticks=679242 frequency=24000000 queued_events=8192
sample_phase=watch_growing sample=4 scale=8192 ticks=672268 frequency=24000000 queued_events=8192
sample_phase=watch_growing sample=5 scale=8192 ticks=666035 frequency=24000000 queued_events=8192
sample_phase=watch_growing sample=6 scale=8192 ticks=653470 frequency=24000000 queued_events=8192
sample_phase=watch_growing sample=7 scale=8192 ticks=652928 frequency=24000000 queued_events=8192
sample_phase=watch_growing sample=8 scale=8192 ticks=651609 frequency=24000000 queued_events=8192
sample_phase=watch_growing sample=9 scale=8192 ticks=661666 frequency=24000000 queued_events=8192
sample_phase=watch_growing sample=10 scale=8192 ticks=676103 frequency=24000000 queued_events=8192
sample_phase=watch_growing sample=11 scale=8192 ticks=661406 frequency=24000000 queued_events=8192
sample_phase=watch_growing sample=12 scale=8192 ticks=663674 frequency=24000000 queued_events=8192
sample_phase=watch_growing sample=13 scale=8192 ticks=677068 frequency=24000000 queued_events=8192
sample_phase=watch_growing sample=14 scale=8192 ticks=674653 frequency=24000000 queued_events=8192
sample_phase=watch_growing sample=15 scale=8192 ticks=683982 frequency=24000000 queued_events=8192
sample_phase=watch_growing sample=16 scale=8192 ticks=653547 frequency=24000000 queued_events=8192
sample_phase=watch_growing sample=17 scale=8192 ticks=649564 frequency=24000000 queued_events=8192
sample_phase=watch_growing sample=18 scale=8192 ticks=663285 frequency=24000000 queued_events=8192
sample_phase=watch_growing sample=19 scale=8192 ticks=670764 frequency=24000000 queued_events=8192
sample_phase=watch_growing sample=20 scale=8192 ticks=671690 frequency=24000000 queued_events=8192
phase=watch_growing scale=8192 samples=21 p50_ns_per_iter=3411 complete=1
sample_phase=watch_overflow sample=0 scale=65536 ticks=5304010 frequency=24000000 queued_events=16385
sample_phase=watch_overflow sample=1 scale=65536 ticks=5397165 frequency=24000000 queued_events=16385
sample_phase=watch_overflow sample=2 scale=65536 ticks=5431620 frequency=24000000 queued_events=16385
sample_phase=watch_overflow sample=3 scale=65536 ticks=5620231 frequency=24000000 queued_events=16385
sample_phase=watch_overflow sample=4 scale=65536 ticks=5670517 frequency=24000000 queued_events=16385
sample_phase=watch_overflow sample=5 scale=65536 ticks=5540300 frequency=24000000 queued_events=16385
sample_phase=watch_overflow sample=6 scale=65536 ticks=5415566 frequency=24000000 queued_events=16385
sample_phase=watch_overflow sample=7 scale=65536 ticks=5484932 frequency=24000000 queued_events=16385
sample_phase=watch_overflow sample=8 scale=65536 ticks=5500262 frequency=24000000 queued_events=16385
sample_phase=watch_overflow sample=9 scale=65536 ticks=5424188 frequency=24000000 queued_events=16385
sample_phase=watch_overflow sample=10 scale=65536 ticks=5550846 frequency=24000000 queued_events=16385
sample_phase=watch_overflow sample=11 scale=65536 ticks=5486328 frequency=24000000 queued_events=16385
sample_phase=watch_overflow sample=12 scale=65536 ticks=5517496 frequency=24000000 queued_events=16385
sample_phase=watch_overflow sample=13 scale=65536 ticks=5460327 frequency=24000000 queued_events=16385
sample_phase=watch_overflow sample=14 scale=65536 ticks=5373565 frequency=24000000 queued_events=16385
sample_phase=watch_overflow sample=15 scale=65536 ticks=5318389 frequency=24000000 queued_events=16385
sample_phase=watch_overflow sample=16 scale=65536 ticks=5432780 frequency=24000000 queued_events=16385
sample_phase=watch_overflow sample=17 scale=65536 ticks=5407639 frequency=24000000 queued_events=16385
sample_phase=watch_overflow sample=18 scale=65536 ticks=5411809 frequency=24000000 queued_events=16385
sample_phase=watch_overflow sample=19 scale=65536 ticks=5270966 frequency=24000000 queued_events=16385
sample_phase=watch_overflow sample=20 scale=65536 ticks=5352288 frequency=24000000 queued_events=16385
phase=watch_overflow scale=65536 samples=21 p50_ns_per_iter=3453 complete=1
probe_complete=1
