sample_phase=watch_invalid_pair sample=0 scale=65536 ticks=5632597 frequency=24000000 queued_events=0
sample_phase=watch_invalid_pair sample=1 scale=65536 ticks=5705350 frequency=24000000 queued_events=0
sample_phase=watch_invalid_pair sample=2 scale=65536 ticks=5542357 frequency=24000000 queued_events=0
sample_phase=watch_invalid_pair sample=3 scale=65536 ticks=5424777 frequency=24000000 queued_events=0
sample_phase=watch_invalid_pair sample=4 scale=65536 ticks=5476983 frequency=24000000 queued_events=0
sample_phase=watch_invalid_pair sample=5 scale=65536 ticks=5468969 frequency=24000000 queued_events=0
sample_phase=watch_invalid_pair sample=6 scale=65536 ticks=5402840 frequency=24000000 queued_events=0
sample_phase=watch_invalid_pair sample=7 scale=65536 ticks=5517818 frequency=24000000 queued_events=0
sample_phase=watch_invalid_pair sample=8 scale=65536 ticks=5458272 frequency=24000000 queued_events=0
sample_phase=watch_invalid_pair sample=9 scale=65536 ticks=5531692 frequency=24000000 queued_events=0
sample_phase=watch_invalid_pair sample=10 scale=65536 ticks=5448165 frequency=24000000 queued_events=0
sample_phase=watch_invalid_pair sample=11 scale=65536 ticks=5406989 frequency=24000000 queued_events=0
sample_phase=watch_invalid_pair sample=12 scale=65536 ticks=5541329 frequency=24000000 queued_events=0
sample_phase=watch_invalid_pair sample=13 scale=65536 ticks=5444383 frequency=24000000 queued_events=0
sample_phase=watch_invalid_pair sample=14 scale=65536 ticks=5459533 frequency=24000000 queued_events=0
sample_phase=watch_invalid_pair sample=15 scale=65536 ticks=5412093 frequency=24000000 queued_events=0
sample_phase=watch_invalid_pair sample=16 scale=65536 ticks=5436986 frequency=24000000 queued_events=0
sample_phase=watch_invalid_pair sample=17 scale=65536 ticks=5356759 frequency=24000000 queued_events=0
sample_phase=watch_invalid_pair sample=18 scale=65536 ticks=5465978 frequency=24000000 queued_events=0
sample_phase=watch_invalid_pair sample=19 scale=65536 ticks=5479008 frequency=24000000 queued_events=0
sample_phase=watch_invalid_pair sample=20 scale=65536 ticks=5421943 frequency=24000000 queued_events=0
phase=watch_invalid_pair scale=65536 samples=21 p50_ns_per_iter=3471 complete=1
sample_phase=watch_unchanged_pair sample=0 scale=65536 ticks=6239709 frequency=24000000 queued_events=0
sample_phase=watch_unchanged_pair sample=1 scale=65536 ticks=6246851 frequency=24000000 queued_events=0
sample_phase=watch_unchanged_pair sample=2 scale=65536 ticks=6369575 frequency=24000000 queued_events=0
sample_phase=watch_unchanged_pair sample=3 scale=65536 ticks=6159581 frequency=24000000 queued_events=0
sample_phase=watch_unchanged_pair sample=4 scale=65536 ticks=6221571 frequency=24000000 queued_events=0
sample_phase=watch_unchanged_pair sample=5 scale=65536 ticks=6346474 frequency=24000000 queued_events=0
sample_phase=watch_unchanged_pair sample=6 scale=65536 ticks=6166840 frequency=24000000 queued_events=0
sample_phase=watch_unchanged_pair sample=7 scale=65536 ticks=6227706 frequency=24000000 queued_events=0
sample_phase=watch_unchanged_pair sample=8 scale=65536 ticks=6279975 frequency=24000000 queued_events=0
sample_phase=watch_unchanged_pair sample=9 scale=65536 ticks=6278058 frequency=24000000 queued_events=0
sample_phase=watch_unchanged_pair sample=10 scale=65536 ticks=6209910 frequency=24000000 queued_events=0
sample_phase=watch_unchanged_pair sample=11 scale=65536 ticks=6215481 frequency=24000000 queued_events=0
sample_phase=watch_unchanged_pair sample=12 scale=65536 ticks=6342898 frequency=24000000 queued_events=0
sample_phase=watch_unchanged_pair sample=13 scale=65536 ticks=6282855 frequency=24000000 queued_events=0
sample_phase=watch_unchanged_pair sample=14 scale=65536 ticks=6230560 frequency=24000000 queued_events=0
sample_phase=watch_unchanged_pair sample=15 scale=65536 ticks=6157929 frequency=24000000 queued_events=0
sample_phase=watch_unchanged_pair sample=16 scale=65536 ticks=6136494 frequency=24000000 queued_events=0
sample_phase=watch_unchanged_pair sample=17 scale=65536 ticks=6295840 frequency=24000000 queued_events=0
sample_phase=watch_unchanged_pair sample=18 scale=65536 ticks=6251387 frequency=24000000 queued_events=0
sample_phase=watch_unchanged_pair sample=19 scale=65536 ticks=6147280 frequency=24000000 queued_events=0
sample_phase=watch_unchanged_pair sample=20 scale=65536 ticks=6189914 frequency=24000000 queued_events=0
phase=watch_unchanged_pair scale=65536 samples=21 p50_ns_per_iter=3961 complete=1
probe_complete=1
sample_phase=watch_empty_batch sample=0 scale=128 ticks=11295 frequency=24000000 queued_events=128
sample_phase=watch_empty_batch sample=1 scale=128 ticks=11192 frequency=24000000 queued_events=128
sample_phase=watch_empty_batch sample=2 scale=128 ticks=11126 frequency=24000000 queued_events=128
sample_phase=watch_empty_batch sample=3 scale=128 ticks=11235 frequency=24000000 queued_events=128
sample_phase=watch_empty_batch sample=4 scale=128 ticks=11110 frequency=24000000 queued_events=128
sample_phase=watch_empty_batch sample=5 scale=128 ticks=11226 frequency=24000000 queued_events=128
sample_phase=watch_empty_batch sample=6 scale=128 ticks=11061 frequency=24000000 queued_events=128
sample_phase=watch_empty_batch sample=7 scale=128 ticks=11235 frequency=24000000 queued_events=128
sample_phase=watch_empty_batch sample=8 scale=128 ticks=11087 frequency=24000000 queued_events=128
sample_phase=watch_empty_batch sample=9 scale=128 ticks=11329 frequency=24000000 queued_events=128
sample_phase=watch_empty_batch sample=10 scale=128 ticks=11346 frequency=24000000 queued_events=128
sample_phase=watch_empty_batch sample=11 scale=128 ticks=11098 frequency=24000000 queued_events=128
sample_phase=watch_empty_batch sample=12 scale=128 ticks=11280 frequency=24000000 queued_events=128
sample_phase=watch_empty_batch sample=13 scale=128 ticks=11356 frequency=24000000 queued_events=128
sample_phase=watch_empty_batch sample=14 scale=128 ticks=11558 frequency=24000000 queued_events=128
sample_phase=watch_empty_batch sample=15 scale=128 ticks=11355 frequency=24000000 queued_events=128
sample_phase=watch_empty_batch sample=16 scale=128 ticks=11117 frequency=24000000 queued_events=128
sample_phase=watch_empty_batch sample=17 scale=128 ticks=10997 frequency=24000000 queued_events=128
sample_phase=watch_empty_batch sample=18 scale=128 ticks=11403 frequency=24000000 queued_events=128
sample_phase=watch_empty_batch sample=19 scale=128 ticks=11270 frequency=24000000 queued_events=128
sample_phase=watch_empty_batch sample=20 scale=128 ticks=11160 frequency=24000000 queued_events=128
phase=watch_empty_batch scale=128 samples=21 p50_ns_per_iter=3657 complete=1
sample_phase=watch_growing sample=0 scale=8192 ticks=733685 frequency=24000000 queued_events=8192
sample_phase=watch_growing sample=1 scale=8192 ticks=733311 frequency=24000000 queued_events=8192
sample_phase=watch_growing sample=2 scale=8192 ticks=735795 frequency=24000000 queued_events=8192
sample_phase=watch_growing sample=3 scale=8192 ticks=738005 frequency=24000000 queued_events=8192
sample_phase=watch_growing sample=4 scale=8192 ticks=743048 frequency=24000000 queued_events=8192
sample_phase=watch_growing sample=5 scale=8192 ticks=759090 frequency=24000000 queued_events=8192
sample_phase=watch_growing sample=6 scale=8192 ticks=768415 frequency=24000000 queued_events=8192
sample_phase=watch_growing sample=7 scale=8192 ticks=758781 frequency=24000000 queued_events=8192
sample_phase=watch_growing sample=8 scale=8192 ticks=761395 frequency=24000000 queued_events=8192
sample_phase=watch_growing sample=9 scale=8192 ticks=732642 frequency=24000000 queued_events=8192
sample_phase=watch_growing sample=10 scale=8192 ticks=748614 frequency=24000000 queued_events=8192
sample_phase=watch_growing sample=11 scale=8192 ticks=746501 frequency=24000000 queued_events=8192
sample_phase=watch_growing sample=12 scale=8192 ticks=745902 frequency=24000000 queued_events=8192
sample_phase=watch_growing sample=13 scale=8192 ticks=732833 frequency=24000000 queued_events=8192
sample_phase=watch_growing sample=14 scale=8192 ticks=755520 frequency=24000000 queued_events=8192
sample_phase=watch_growing sample=15 scale=8192 ticks=743277 frequency=24000000 queued_events=8192
sample_phase=watch_growing sample=16 scale=8192 ticks=748145 frequency=24000000 queued_events=8192
sample_phase=watch_growing sample=17 scale=8192 ticks=740245 frequency=24000000 queued_events=8192
sample_phase=watch_growing sample=18 scale=8192 ticks=749465 frequency=24000000 queued_events=8192
sample_phase=watch_growing sample=19 scale=8192 ticks=739433 frequency=24000000 queued_events=8192
sample_phase=watch_growing sample=20 scale=8192 ticks=735439 frequency=24000000 queued_events=8192
phase=watch_growing scale=8192 samples=21 p50_ns_per_iter=3780 complete=1
sample_phase=watch_overflow sample=0 scale=65536 ticks=6069171 frequency=24000000 queued_events=16385
sample_phase=watch_overflow sample=1 scale=65536 ticks=6000499 frequency=24000000 queued_events=16385
sample_phase=watch_overflow sample=2 scale=65536 ticks=6014747 frequency=24000000 queued_events=16385
sample_phase=watch_overflow sample=3 scale=65536 ticks=6074900 frequency=24000000 queued_events=16385
sample_phase=watch_overflow sample=4 scale=65536 ticks=5969976 frequency=24000000 queued_events=16385
sample_phase=watch_overflow sample=5 scale=65536 ticks=6129547 frequency=24000000 queued_events=16385
sample_phase=watch_overflow sample=6 scale=65536 ticks=5987440 frequency=24000000 queued_events=16385
sample_phase=watch_overflow sample=7 scale=65536 ticks=5987730 frequency=24000000 queued_events=16385
sample_phase=watch_overflow sample=8 scale=65536 ticks=6174169 frequency=24000000 queued_events=16385
sample_phase=watch_overflow sample=9 scale=65536 ticks=6031461 frequency=24000000 queued_events=16385
sample_phase=watch_overflow sample=10 scale=65536 ticks=6014806 frequency=24000000 queued_events=16385
sample_phase=watch_overflow sample=11 scale=65536 ticks=5991033 frequency=24000000 queued_events=16385
sample_phase=watch_overflow sample=12 scale=65536 ticks=6077680 frequency=24000000 queued_events=16385
sample_phase=watch_overflow sample=13 scale=65536 ticks=5953980 frequency=24000000 queued_events=16385
sample_phase=watch_overflow sample=14 scale=65536 ticks=6183747 frequency=24000000 queued_events=16385
sample_phase=watch_overflow sample=15 scale=65536 ticks=5957713 frequency=24000000 queued_events=16385
sample_phase=watch_overflow sample=16 scale=65536 ticks=6042667 frequency=24000000 queued_events=16385
sample_phase=watch_overflow sample=17 scale=65536 ticks=5954582 frequency=24000000 queued_events=16385
sample_phase=watch_overflow sample=18 scale=65536 ticks=6001680 frequency=24000000 queued_events=16385
sample_phase=watch_overflow sample=19 scale=65536 ticks=5974225 frequency=24000000 queued_events=16385
sample_phase=watch_overflow sample=20 scale=65536 ticks=6078221 frequency=24000000 queued_events=16385
phase=watch_overflow scale=65536 samples=21 p50_ns_per_iter=3824 complete=1
probe_complete=1
