tst_tmpdir.c:308: TINFO: Using /tmp/LTP_inoKm4tJa as tmpdir (overlayfs filesystem)
tst_test.c:2042: TINFO: LTP version: 20260529
tst_test.c:2045: TINFO: Tested kernel: 7.0.12-linuxkit #1 SMP PREEMPT Thu Aug 27 14:02:21 UTC 2026 aarch64
tst_kconfig.c:90: TINFO: Parsing kernel config '/proc/config.gz'
tst_test.c:1870: TINFO: Overall timeout per run is 0h 03m 00s
../../../../include/tst_fuzzy_sync.h:484: TINFO: Minimum sampling period ended
../../../../include/tst_fuzzy_sync.h:307: TINFO: loop = 1024, delay_bias = 0
../../../../include/tst_fuzzy_sync.h:295: TINFO: start_a - start_b: { avg =   -55ns, avg_dev =    12ns, dev_ratio = 0.21 }
../../../../include/tst_fuzzy_sync.h:295: TINFO: end_a - start_a  : { avg =   622ns, avg_dev =    91ns, dev_ratio = 0.15 }
../../../../include/tst_fuzzy_sync.h:295: TINFO: end_b - start_b  : { avg =   829ns, avg_dev =    23ns, dev_ratio = 0.03 }
../../../../include/tst_fuzzy_sync.h:295: TINFO: end_a - end_b    : { avg =  -263ns, avg_dev =   105ns, dev_ratio = 0.40 }
../../../../include/tst_fuzzy_sync.h:295: TINFO: spins            : { avg =   116  , avg_dev =    44  , dev_ratio = 0.38 }
../../../../include/tst_fuzzy_sync.h:494: TINFO: Reached deviation ratios < 0.10, introducing randomness
../../../../include/tst_fuzzy_sync.h:497: TINFO: Delay range is [-754, 485]
../../../../include/tst_fuzzy_sync.h:307: TINFO: loop = 4734, delay_bias = 0
../../../../include/tst_fuzzy_sync.h:295: TINFO: start_a - start_b: { avg =   -41ns, avg_dev =     3ns, dev_ratio = 0.08 }
../../../../include/tst_fuzzy_sync.h:295: TINFO: end_a - start_a  : { avg =   398ns, avg_dev =    20ns, dev_ratio = 0.05 }
../../../../include/tst_fuzzy_sync.h:295: TINFO: end_b - start_b  : { avg =   620ns, avg_dev =    10ns, dev_ratio = 0.02 }
../../../../include/tst_fuzzy_sync.h:295: TINFO: end_a - end_b    : { avg =  -262ns, avg_dev =    25ns, dev_ratio = 0.09 }
../../../../include/tst_fuzzy_sync.h:295: TINFO: spins            : { avg =   319  , avg_dev =    17  , dev_ratio = 0.05 }
../../../../include/tst_fuzzy_sync.h:654: TINFO: Exceeded execution loops, requesting exit
inotify09.c:90: TPASS: kernel survived inotify beating

Summary:
passed   1
failed   0
broken   0
skipped  0
warnings 0
