sample_phase=watch_invalid_pair sample=0 scale=65536 ticks=487059 frequency=24000000 queued_events=0
sample_phase=watch_invalid_pair sample=1 scale=65536 ticks=407188 frequency=24000000 queued_events=0
sample_phase=watch_invalid_pair sample=2 scale=65536 ticks=400607 frequency=24000000 queued_events=0
sample_phase=watch_invalid_pair sample=3 scale=65536 ticks=403522 frequency=24000000 queued_events=0
sample_phase=watch_invalid_pair sample=4 scale=65536 ticks=402758 frequency=24000000 queued_events=0
sample_phase=watch_invalid_pair sample=5 scale=65536 ticks=402724 frequency=24000000 queued_events=0
sample_phase=watch_invalid_pair sample=6 scale=65536 ticks=407229 frequency=24000000 queued_events=0
sample_phase=watch_invalid_pair sample=7 scale=65536 ticks=406631 frequency=24000000 queued_events=0
sample_phase=watch_invalid_pair sample=8 scale=65536 ticks=401537 frequency=24000000 queued_events=0
sample_phase=watch_invalid_pair sample=9 scale=65536 ticks=403212 frequency=24000000 queued_events=0
sample_phase=watch_invalid_pair sample=10 scale=65536 ticks=405033 frequency=24000000 queued_events=0
sample_phase=watch_invalid_pair sample=11 scale=65536 ticks=404303 frequency=24000000 queued_events=0
sample_phase=watch_invalid_pair sample=12 scale=65536 ticks=402429 frequency=24000000 queued_events=0
sample_phase=watch_invalid_pair sample=13 scale=65536 ticks=401373 frequency=24000000 queued_events=0
sample_phase=watch_invalid_pair sample=14 scale=65536 ticks=400836 frequency=24000000 queued_events=0
sample_phase=watch_invalid_pair sample=15 scale=65536 ticks=400654 frequency=24000000 queued_events=0
sample_phase=watch_invalid_pair sample=16 scale=65536 ticks=399955 frequency=24000000 queued_events=0
sample_phase=watch_invalid_pair sample=17 scale=65536 ticks=400560 frequency=24000000 queued_events=0
sample_phase=watch_invalid_pair sample=18 scale=65536 ticks=405414 frequency=24000000 queued_events=0
sample_phase=watch_invalid_pair sample=19 scale=65536 ticks=405185 frequency=24000000 queued_events=0
sample_phase=watch_invalid_pair sample=20 scale=65536 ticks=400434 frequency=24000000 queued_events=0
phase=watch_invalid_pair scale=65536 samples=21 p50_ns_per_iter=256 complete=1
sample_phase=watch_unchanged_pair sample=0 scale=65536 ticks=871113 frequency=24000000 queued_events=0
sample_phase=watch_unchanged_pair sample=1 scale=65536 ticks=862519 frequency=24000000 queued_events=0
sample_phase=watch_unchanged_pair sample=2 scale=65536 ticks=869126 frequency=24000000 queued_events=0
sample_phase=watch_unchanged_pair sample=3 scale=65536 ticks=870997 frequency=24000000 queued_events=0
sample_phase=watch_unchanged_pair sample=4 scale=65536 ticks=850243 frequency=24000000 queued_events=0
sample_phase=watch_unchanged_pair sample=5 scale=65536 ticks=860787 frequency=24000000 queued_events=0
sample_phase=watch_unchanged_pair sample=6 scale=65536 ticks=853021 frequency=24000000 queued_events=0
sample_phase=watch_unchanged_pair sample=7 scale=65536 ticks=852893 frequency=24000000 queued_events=0
sample_phase=watch_unchanged_pair sample=8 scale=65536 ticks=873560 frequency=24000000 queued_events=0
sample_phase=watch_unchanged_pair sample=9 scale=65536 ticks=852344 frequency=24000000 queued_events=0
sample_phase=watch_unchanged_pair sample=10 scale=65536 ticks=857475 frequency=24000000 queued_events=0
sample_phase=watch_unchanged_pair sample=11 scale=65536 ticks=880385 frequency=24000000 queued_events=0
sample_phase=watch_unchanged_pair sample=12 scale=65536 ticks=878100 frequency=24000000 queued_events=0
sample_phase=watch_unchanged_pair sample=13 scale=65536 ticks=869519 frequency=24000000 queued_events=0
sample_phase=watch_unchanged_pair sample=14 scale=65536 ticks=868257 frequency=24000000 queued_events=0
sample_phase=watch_unchanged_pair sample=15 scale=65536 ticks=861924 frequency=24000000 queued_events=0
sample_phase=watch_unchanged_pair sample=16 scale=65536 ticks=875018 frequency=24000000 queued_events=0
sample_phase=watch_unchanged_pair sample=17 scale=65536 ticks=873815 frequency=24000000 queued_events=0
sample_phase=watch_unchanged_pair sample=18 scale=65536 ticks=881969 frequency=24000000 queued_events=0
sample_phase=watch_unchanged_pair sample=19 scale=65536 ticks=871018 frequency=24000000 queued_events=0
sample_phase=watch_unchanged_pair sample=20 scale=65536 ticks=849150 frequency=24000000 queued_events=0
phase=watch_unchanged_pair scale=65536 samples=21 p50_ns_per_iter=552 complete=1
probe_complete=1
sample_phase=watch_empty_batch sample=0 scale=128 ticks=3548 frequency=24000000 queued_events=128
sample_phase=watch_empty_batch sample=1 scale=128 ticks=4843 frequency=24000000 queued_events=128
sample_phase=watch_empty_batch sample=2 scale=128 ticks=5341 frequency=24000000 queued_events=128
sample_phase=watch_empty_batch sample=3 scale=128 ticks=4834 frequency=24000000 queued_events=128
sample_phase=watch_empty_batch sample=4 scale=128 ticks=5509 frequency=24000000 queued_events=128
sample_phase=watch_empty_batch sample=5 scale=128 ticks=3541 frequency=24000000 queued_events=128
sample_phase=watch_empty_batch sample=6 scale=128 ticks=3182 frequency=24000000 queued_events=128
sample_phase=watch_empty_batch sample=7 scale=128 ticks=4526 frequency=24000000 queued_events=128
sample_phase=watch_empty_batch sample=8 scale=128 ticks=4850 frequency=24000000 queued_events=128
sample_phase=watch_empty_batch sample=9 scale=128 ticks=4701 frequency=24000000 queued_events=128
sample_phase=watch_empty_batch sample=10 scale=128 ticks=3188 frequency=24000000 queued_events=128
sample_phase=watch_empty_batch sample=11 scale=128 ticks=3714 frequency=24000000 queued_events=128
sample_phase=watch_empty_batch sample=12 scale=128 ticks=5160 frequency=24000000 queued_events=128
sample_phase=watch_empty_batch sample=13 scale=128 ticks=3382 frequency=24000000 queued_events=128
sample_phase=watch_empty_batch sample=14 scale=128 ticks=3353 frequency=24000000 queued_events=128
sample_phase=watch_empty_batch sample=15 scale=128 ticks=3778 frequency=24000000 queued_events=128
sample_phase=watch_empty_batch sample=16 scale=128 ticks=3523 frequency=24000000 queued_events=128
sample_phase=watch_empty_batch sample=17 scale=128 ticks=4208 frequency=24000000 queued_events=128
sample_phase=watch_empty_batch sample=18 scale=128 ticks=3499 frequency=24000000 queued_events=128
sample_phase=watch_empty_batch sample=19 scale=128 ticks=3680 frequency=24000000 queued_events=128
sample_phase=watch_empty_batch sample=20 scale=128 ticks=3907 frequency=24000000 queued_events=128
phase=watch_empty_batch scale=128 samples=21 p50_ns_per_iter=1229 complete=1
sample_phase=watch_growing sample=0 scale=8192 ticks=266734 frequency=24000000 queued_events=8192
sample_phase=watch_growing sample=1 scale=8192 ticks=200873 frequency=24000000 queued_events=8192
sample_phase=watch_growing sample=2 scale=8192 ticks=192565 frequency=24000000 queued_events=8192
sample_phase=watch_growing sample=3 scale=8192 ticks=185251 frequency=24000000 queued_events=8192
sample_phase=watch_growing sample=4 scale=8192 ticks=178856 frequency=24000000 queued_events=8192
sample_phase=watch_growing sample=5 scale=8192 ticks=174103 frequency=24000000 queued_events=8192
sample_phase=watch_growing sample=6 scale=8192 ticks=162547 frequency=24000000 queued_events=8192
sample_phase=watch_growing sample=7 scale=8192 ticks=163666 frequency=24000000 queued_events=8192
sample_phase=watch_growing sample=8 scale=8192 ticks=161849 frequency=24000000 queued_events=8192
sample_phase=watch_growing sample=9 scale=8192 ticks=165856 frequency=24000000 queued_events=8192
sample_phase=watch_growing sample=10 scale=8192 ticks=164023 frequency=24000000 queued_events=8192
sample_phase=watch_growing sample=11 scale=8192 ticks=163413 frequency=24000000 queued_events=8192
sample_phase=watch_growing sample=12 scale=8192 ticks=165504 frequency=24000000 queued_events=8192
sample_phase=watch_growing sample=13 scale=8192 ticks=163614 frequency=24000000 queued_events=8192
sample_phase=watch_growing sample=14 scale=8192 ticks=165773 frequency=24000000 queued_events=8192
sample_phase=watch_growing sample=15 scale=8192 ticks=162962 frequency=24000000 queued_events=8192
sample_phase=watch_growing sample=16 scale=8192 ticks=165959 frequency=24000000 queued_events=8192
sample_phase=watch_growing sample=17 scale=8192 ticks=164639 frequency=24000000 queued_events=8192
sample_phase=watch_growing sample=18 scale=8192 ticks=162277 frequency=24000000 queued_events=8192
sample_phase=watch_growing sample=19 scale=8192 ticks=165957 frequency=24000000 queued_events=8192
sample_phase=watch_growing sample=20 scale=8192 ticks=165894 frequency=24000000 queued_events=8192
phase=watch_growing scale=8192 samples=21 p50_ns_per_iter=843 complete=1
sample_phase=watch_overflow sample=0 scale=65536 ticks=1433921 frequency=24000000 queued_events=16385
sample_phase=watch_overflow sample=1 scale=65536 ticks=1405669 frequency=24000000 queued_events=16385
sample_phase=watch_overflow sample=2 scale=65536 ticks=1414488 frequency=24000000 queued_events=16385
sample_phase=watch_overflow sample=3 scale=65536 ticks=1388489 frequency=24000000 queued_events=16385
sample_phase=watch_overflow sample=4 scale=65536 ticks=1411080 frequency=24000000 queued_events=16385
sample_phase=watch_overflow sample=5 scale=65536 ticks=1421341 frequency=24000000 queued_events=16385
sample_phase=watch_overflow sample=6 scale=65536 ticks=1409346 frequency=24000000 queued_events=16385
sample_phase=watch_overflow sample=7 scale=65536 ticks=1415335 frequency=24000000 queued_events=16385
sample_phase=watch_overflow sample=8 scale=65536 ticks=1402808 frequency=24000000 queued_events=16385
sample_phase=watch_overflow sample=9 scale=65536 ticks=1411521 frequency=24000000 queued_events=16385
sample_phase=watch_overflow sample=10 scale=65536 ticks=1440195 frequency=24000000 queued_events=16385
sample_phase=watch_overflow sample=11 scale=65536 ticks=1437950 frequency=24000000 queued_events=16385
sample_phase=watch_overflow sample=12 scale=65536 ticks=1439618 frequency=24000000 queued_events=16385
sample_phase=watch_overflow sample=13 scale=65536 ticks=1411784 frequency=24000000 queued_events=16385
sample_phase=watch_overflow sample=14 scale=65536 ticks=1409616 frequency=24000000 queued_events=16385
sample_phase=watch_overflow sample=15 scale=65536 ticks=1417373 frequency=24000000 queued_events=16385
sample_phase=watch_overflow sample=16 scale=65536 ticks=1433121 frequency=24000000 queued_events=16385
sample_phase=watch_overflow sample=17 scale=65536 ticks=1435792 frequency=24000000 queued_events=16385
sample_phase=watch_overflow sample=18 scale=65536 ticks=1455880 frequency=24000000 queued_events=16385
sample_phase=watch_overflow sample=19 scale=65536 ticks=1415863 frequency=24000000 queued_events=16385
sample_phase=watch_overflow sample=20 scale=65536 ticks=1426684 frequency=24000000 queued_events=16385
phase=watch_overflow scale=65536 samples=21 p50_ns_per_iter=900 complete=1
probe_complete=1
