sample_phase=watch_invalid_pair sample=0 scale=65536 ticks=4820938 frequency=24000000 queued_events=0
sample_phase=watch_invalid_pair sample=1 scale=65536 ticks=4825577 frequency=24000000 queued_events=0
sample_phase=watch_invalid_pair sample=2 scale=65536 ticks=4829080 frequency=24000000 queued_events=0
sample_phase=watch_invalid_pair sample=3 scale=65536 ticks=4824723 frequency=24000000 queued_events=0
sample_phase=watch_invalid_pair sample=4 scale=65536 ticks=4816933 frequency=24000000 queued_events=0
sample_phase=watch_invalid_pair sample=5 scale=65536 ticks=4915246 frequency=24000000 queued_events=0
sample_phase=watch_invalid_pair sample=6 scale=65536 ticks=4835812 frequency=24000000 queued_events=0
sample_phase=watch_invalid_pair sample=7 scale=65536 ticks=4886093 frequency=24000000 queued_events=0
sample_phase=watch_invalid_pair sample=8 scale=65536 ticks=4852314 frequency=24000000 queued_events=0
sample_phase=watch_invalid_pair sample=9 scale=65536 ticks=4911170 frequency=24000000 queued_events=0
sample_phase=watch_invalid_pair sample=10 scale=65536 ticks=4841609 frequency=24000000 queued_events=0
sample_phase=watch_invalid_pair sample=11 scale=65536 ticks=4967303 frequency=24000000 queued_events=0
sample_phase=watch_invalid_pair sample=12 scale=65536 ticks=4985711 frequency=24000000 queued_events=0
sample_phase=watch_invalid_pair sample=13 scale=65536 ticks=4829085 frequency=24000000 queued_events=0
sample_phase=watch_invalid_pair sample=14 scale=65536 ticks=4857266 frequency=24000000 queued_events=0
sample_phase=watch_invalid_pair sample=15 scale=65536 ticks=4880051 frequency=24000000 queued_events=0
sample_phase=watch_invalid_pair sample=16 scale=65536 ticks=4927837 frequency=24000000 queued_events=0
sample_phase=watch_invalid_pair sample=17 scale=65536 ticks=4944470 frequency=24000000 queued_events=0
sample_phase=watch_invalid_pair sample=18 scale=65536 ticks=4841584 frequency=24000000 queued_events=0
sample_phase=watch_invalid_pair sample=19 scale=65536 ticks=4781449 frequency=24000000 queued_events=0
sample_phase=watch_invalid_pair sample=20 scale=65536 ticks=4817998 frequency=24000000 queued_events=0
phase=watch_invalid_pair scale=65536 samples=21 p50_ns_per_iter=3078 complete=1
sample_phase=watch_unchanged_pair sample=0 scale=65536 ticks=5527998 frequency=24000000 queued_events=0
sample_phase=watch_unchanged_pair sample=1 scale=65536 ticks=5754574 frequency=24000000 queued_events=0
sample_phase=watch_unchanged_pair sample=2 scale=65536 ticks=5736963 frequency=24000000 queued_events=0
sample_phase=watch_unchanged_pair sample=3 scale=65536 ticks=5547441 frequency=24000000 queued_events=0
sample_phase=watch_unchanged_pair sample=4 scale=65536 ticks=5518166 frequency=24000000 queued_events=0
sample_phase=watch_unchanged_pair sample=5 scale=65536 ticks=5603258 frequency=24000000 queued_events=0
sample_phase=watch_unchanged_pair sample=6 scale=65536 ticks=5616964 frequency=24000000 queued_events=0
sample_phase=watch_unchanged_pair sample=7 scale=65536 ticks=5636691 frequency=24000000 queued_events=0
sample_phase=watch_unchanged_pair sample=8 scale=65536 ticks=5468225 frequency=24000000 queued_events=0
sample_phase=watch_unchanged_pair sample=9 scale=65536 ticks=5526213 frequency=24000000 queued_events=0
sample_phase=watch_unchanged_pair sample=10 scale=65536 ticks=5574697 frequency=24000000 queued_events=0
sample_phase=watch_unchanged_pair sample=11 scale=65536 ticks=5525202 frequency=24000000 queued_events=0
sample_phase=watch_unchanged_pair sample=12 scale=65536 ticks=5523610 frequency=24000000 queued_events=0
sample_phase=watch_unchanged_pair sample=13 scale=65536 ticks=5535575 frequency=24000000 queued_events=0
sample_phase=watch_unchanged_pair sample=14 scale=65536 ticks=5637306 frequency=24000000 queued_events=0
sample_phase=watch_unchanged_pair sample=15 scale=65536 ticks=5504410 frequency=24000000 queued_events=0
sample_phase=watch_unchanged_pair sample=16 scale=65536 ticks=5644454 frequency=24000000 queued_events=0
sample_phase=watch_unchanged_pair sample=17 scale=65536 ticks=5600306 frequency=24000000 queued_events=0
sample_phase=watch_unchanged_pair sample=18 scale=65536 ticks=5580214 frequency=24000000 queued_events=0
sample_phase=watch_unchanged_pair sample=19 scale=65536 ticks=5549220 frequency=24000000 queued_events=0
sample_phase=watch_unchanged_pair sample=20 scale=65536 ticks=5451068 frequency=24000000 queued_events=0
phase=watch_unchanged_pair scale=65536 samples=21 p50_ns_per_iter=3528 complete=1
probe_complete=1
sample_phase=watch_empty_batch sample=0 scale=128 ticks=10226 frequency=24000000 queued_events=128
sample_phase=watch_empty_batch sample=1 scale=128 ticks=10044 frequency=24000000 queued_events=128
sample_phase=watch_empty_batch sample=2 scale=128 ticks=9992 frequency=24000000 queued_events=128
sample_phase=watch_empty_batch sample=3 scale=128 ticks=10015 frequency=24000000 queued_events=128
sample_phase=watch_empty_batch sample=4 scale=128 ticks=10060 frequency=24000000 queued_events=128
sample_phase=watch_empty_batch sample=5 scale=128 ticks=10155 frequency=24000000 queued_events=128
sample_phase=watch_empty_batch sample=6 scale=128 ticks=10220 frequency=24000000 queued_events=128
sample_phase=watch_empty_batch sample=7 scale=128 ticks=10145 frequency=24000000 queued_events=128
sample_phase=watch_empty_batch sample=8 scale=128 ticks=10198 frequency=24000000 queued_events=128
sample_phase=watch_empty_batch sample=9 scale=128 ticks=10102 frequency=24000000 queued_events=128
sample_phase=watch_empty_batch sample=10 scale=128 ticks=10027 frequency=24000000 queued_events=128
sample_phase=watch_empty_batch sample=11 scale=128 ticks=10124 frequency=24000000 queued_events=128
sample_phase=watch_empty_batch sample=12 scale=128 ticks=10206 frequency=24000000 queued_events=128
sample_phase=watch_empty_batch sample=13 scale=128 ticks=10014 frequency=24000000 queued_events=128
sample_phase=watch_empty_batch sample=14 scale=128 ticks=10121 frequency=24000000 queued_events=128
sample_phase=watch_empty_batch sample=15 scale=128 ticks=10064 frequency=24000000 queued_events=128
sample_phase=watch_empty_batch sample=16 scale=128 ticks=10051 frequency=24000000 queued_events=128
sample_phase=watch_empty_batch sample=17 scale=128 ticks=9934 frequency=24000000 queued_events=128
sample_phase=watch_empty_batch sample=18 scale=128 ticks=10112 frequency=24000000 queued_events=128
sample_phase=watch_empty_batch sample=19 scale=128 ticks=10017 frequency=24000000 queued_events=128
sample_phase=watch_empty_batch sample=20 scale=128 ticks=10049 frequency=24000000 queued_events=128
phase=watch_empty_batch scale=128 samples=21 p50_ns_per_iter=3276 complete=1
sample_phase=watch_growing sample=0 scale=8192 ticks=664225 frequency=24000000 queued_events=8192
sample_phase=watch_growing sample=1 scale=8192 ticks=653409 frequency=24000000 queued_events=8192
sample_phase=watch_growing sample=2 scale=8192 ticks=658046 frequency=24000000 queued_events=8192
sample_phase=watch_growing sample=3 scale=8192 ticks=653297 frequency=24000000 queued_events=8192
sample_phase=watch_growing sample=4 scale=8192 ticks=678348 frequency=24000000 queued_events=8192
sample_phase=watch_growing sample=5 scale=8192 ticks=665016 frequency=24000000 queued_events=8192
sample_phase=watch_growing sample=6 scale=8192 ticks=669434 frequency=24000000 queued_events=8192
sample_phase=watch_growing sample=7 scale=8192 ticks=671005 frequency=24000000 queued_events=8192
sample_phase=watch_growing sample=8 scale=8192 ticks=663549 frequency=24000000 queued_events=8192
sample_phase=watch_growing sample=9 scale=8192 ticks=652915 frequency=24000000 queued_events=8192
sample_phase=watch_growing sample=10 scale=8192 ticks=656327 frequency=24000000 queued_events=8192
sample_phase=watch_growing sample=11 scale=8192 ticks=655721 frequency=24000000 queued_events=8192
sample_phase=watch_growing sample=12 scale=8192 ticks=656812 frequency=24000000 queued_events=8192
sample_phase=watch_growing sample=13 scale=8192 ticks=656850 frequency=24000000 queued_events=8192
sample_phase=watch_growing sample=14 scale=8192 ticks=669840 frequency=24000000 queued_events=8192
sample_phase=watch_growing sample=15 scale=8192 ticks=673039 frequency=24000000 queued_events=8192
sample_phase=watch_growing sample=16 scale=8192 ticks=654533 frequency=24000000 queued_events=8192
sample_phase=watch_growing sample=17 scale=8192 ticks=669620 frequency=24000000 queued_events=8192
sample_phase=watch_growing sample=18 scale=8192 ticks=665642 frequency=24000000 queued_events=8192
sample_phase=watch_growing sample=19 scale=8192 ticks=681622 frequency=24000000 queued_events=8192
sample_phase=watch_growing sample=20 scale=8192 ticks=653773 frequency=24000000 queued_events=8192
phase=watch_growing scale=8192 samples=21 p50_ns_per_iter=3374 complete=1
sample_phase=watch_overflow sample=0 scale=65536 ticks=5313437 frequency=24000000 queued_events=16385
sample_phase=watch_overflow sample=1 scale=65536 ticks=5395558 frequency=24000000 queued_events=16385
sample_phase=watch_overflow sample=2 scale=65536 ticks=5443967 frequency=24000000 queued_events=16385
sample_phase=watch_overflow sample=3 scale=65536 ticks=5331819 frequency=24000000 queued_events=16385
sample_phase=watch_overflow sample=4 scale=65536 ticks=5327778 frequency=24000000 queued_events=16385
sample_phase=watch_overflow sample=5 scale=65536 ticks=5347613 frequency=24000000 queued_events=16385
sample_phase=watch_overflow sample=6 scale=65536 ticks=5379910 frequency=24000000 queued_events=16385
sample_phase=watch_overflow sample=7 scale=65536 ticks=5379900 frequency=24000000 queued_events=16385
sample_phase=watch_overflow sample=8 scale=65536 ticks=5345746 frequency=24000000 queued_events=16385
sample_phase=watch_overflow sample=9 scale=65536 ticks=5319030 frequency=24000000 queued_events=16385
sample_phase=watch_overflow sample=10 scale=65536 ticks=5375769 frequency=24000000 queued_events=16385
sample_phase=watch_overflow sample=11 scale=65536 ticks=5432883 frequency=24000000 queued_events=16385
sample_phase=watch_overflow sample=12 scale=65536 ticks=5428783 frequency=24000000 queued_events=16385
sample_phase=watch_overflow sample=13 scale=65536 ticks=5333536 frequency=24000000 queued_events=16385
sample_phase=watch_overflow sample=14 scale=65536 ticks=5304794 frequency=24000000 queued_events=16385
sample_phase=watch_overflow sample=15 scale=65536 ticks=5442208 frequency=24000000 queued_events=16385
sample_phase=watch_overflow sample=16 scale=65536 ticks=5330156 frequency=24000000 queued_events=16385
sample_phase=watch_overflow sample=17 scale=65536 ticks=5429336 frequency=24000000 queued_events=16385
sample_phase=watch_overflow sample=18 scale=65536 ticks=5346388 frequency=24000000 queued_events=16385
sample_phase=watch_overflow sample=19 scale=65536 ticks=5358739 frequency=24000000 queued_events=16385
sample_phase=watch_overflow sample=20 scale=65536 ticks=5374396 frequency=24000000 queued_events=16385
phase=watch_overflow scale=65536 samples=21 p50_ns_per_iter=3406 complete=1
probe_complete=1
