tst_tmpdir.c:308: TINFO: Using /tmp/LTP_inot6g2I6 as tmpdir (overlayfs filesystem)
tst_test.c:2042: TINFO: LTP version: 20260529
tst_test.c:2045: TINFO: Tested kernel: 6.12.0-carrick #1 SMP PREEMPT_DYNAMIC aarch64
tst_kconfig.c:90: TINFO: Parsing kernel config '/proc/config.gz'
tst_test.c:1870: TINFO: Overall timeout per run is 0h 03m 00s
../../../../include/tst_fuzzy_sync.h:484: TINFO: Minimum sampling period ended
../../../../include/tst_fuzzy_sync.h:307: TINFO: loop = 1024, delay_bias = 0
../../../../include/tst_fuzzy_sync.h:295: TINFO: start_a - start_b: { avg =   -14ns, avg_dev =    16ns, dev_ratio = 1.20 }
../../../../include/tst_fuzzy_sync.h:295: TINFO: end_a - start_a  : { avg =  2298ns, avg_dev =    51ns, dev_ratio = 0.02 }
../../../../include/tst_fuzzy_sync.h:295: TINFO: end_b - start_b  : { avg =  2936ns, avg_dev =    60ns, dev_ratio = 0.02 }
../../../../include/tst_fuzzy_sync.h:295: TINFO: end_a - end_b    : { avg =  -652ns, avg_dev =    91ns, dev_ratio = 0.14 }
../../../../include/tst_fuzzy_sync.h:295: TINFO: spins            : { avg =   864  , avg_dev =   114  , dev_ratio = 0.13 }
../../../../include/tst_fuzzy_sync.h:494: TINFO: Reached deviation ratios < 0.10, introducing randomness
../../../../include/tst_fuzzy_sync.h:497: TINFO: Delay range is [-3803, 2993]
../../../../include/tst_fuzzy_sync.h:307: TINFO: loop = 1275, delay_bias = 0
../../../../include/tst_fuzzy_sync.h:295: TINFO: start_a - start_b: { avg =   -41ns, avg_dev =     3ns, dev_ratio = 0.07 }
../../../../include/tst_fuzzy_sync.h:295: TINFO: end_a - start_a  : { avg =  2483ns, avg_dev =    75ns, dev_ratio = 0.03 }
../../../../include/tst_fuzzy_sync.h:295: TINFO: end_b - start_b  : { avg =  3156ns, avg_dev =    44ns, dev_ratio = 0.01 }
../../../../include/tst_fuzzy_sync.h:295: TINFO: end_a - end_b    : { avg =  -714ns, avg_dev =    69ns, dev_ratio = 0.10 }
../../../../include/tst_fuzzy_sync.h:295: TINFO: spins            : { avg =   860  , avg_dev =    77  , dev_ratio = 0.09 }
../../../../include/tst_fuzzy_sync.h:654: TINFO: Exceeded execution loops, requesting exit
inotify09.c:90: TPASS: kernel survived inotify beating

Summary:
passed   1
failed   0
broken   0
skipped  0
warnings 0
