sample_phase=watch_invalid_pair sample=0 scale=65536 ticks=4786936 frequency=24000000 queued_events=0
sample_phase=watch_invalid_pair sample=1 scale=65536 ticks=4868060 frequency=24000000 queued_events=0
sample_phase=watch_invalid_pair sample=2 scale=65536 ticks=4819110 frequency=24000000 queued_events=0
sample_phase=watch_invalid_pair sample=3 scale=65536 ticks=4822549 frequency=24000000 queued_events=0
sample_phase=watch_invalid_pair sample=4 scale=65536 ticks=4852628 frequency=24000000 queued_events=0
sample_phase=watch_invalid_pair sample=5 scale=65536 ticks=4905408 frequency=24000000 queued_events=0
sample_phase=watch_invalid_pair sample=6 scale=65536 ticks=4831634 frequency=24000000 queued_events=0
sample_phase=watch_invalid_pair sample=7 scale=65536 ticks=4760994 frequency=24000000 queued_events=0
sample_phase=watch_invalid_pair sample=8 scale=65536 ticks=4831424 frequency=24000000 queued_events=0
sample_phase=watch_invalid_pair sample=9 scale=65536 ticks=4960428 frequency=24000000 queued_events=0
sample_phase=watch_invalid_pair sample=10 scale=65536 ticks=5029601 frequency=24000000 queued_events=0
sample_phase=watch_invalid_pair sample=11 scale=65536 ticks=4769559 frequency=24000000 queued_events=0
sample_phase=watch_invalid_pair sample=12 scale=65536 ticks=4812118 frequency=24000000 queued_events=0
sample_phase=watch_invalid_pair sample=13 scale=65536 ticks=4831796 frequency=24000000 queued_events=0
sample_phase=watch_invalid_pair sample=14 scale=65536 ticks=4823752 frequency=24000000 queued_events=0
sample_phase=watch_invalid_pair sample=15 scale=65536 ticks=4876719 frequency=24000000 queued_events=0
sample_phase=watch_invalid_pair sample=16 scale=65536 ticks=4748575 frequency=24000000 queued_events=0
sample_phase=watch_invalid_pair sample=17 scale=65536 ticks=4815405 frequency=24000000 queued_events=0
sample_phase=watch_invalid_pair sample=18 scale=65536 ticks=4787055 frequency=24000000 queued_events=0
sample_phase=watch_invalid_pair sample=19 scale=65536 ticks=4872397 frequency=24000000 queued_events=0
sample_phase=watch_invalid_pair sample=20 scale=65536 ticks=4924565 frequency=24000000 queued_events=0
phase=watch_invalid_pair scale=65536 samples=21 p50_ns_per_iter=3071 complete=1
sample_phase=watch_unchanged_pair sample=0 scale=65536 ticks=5472139 frequency=24000000 queued_events=0
sample_phase=watch_unchanged_pair sample=1 scale=65536 ticks=5575967 frequency=24000000 queued_events=0
sample_phase=watch_unchanged_pair sample=2 scale=65536 ticks=5456848 frequency=24000000 queued_events=0
sample_phase=watch_unchanged_pair sample=3 scale=65536 ticks=5480648 frequency=24000000 queued_events=0
sample_phase=watch_unchanged_pair sample=4 scale=65536 ticks=5532173 frequency=24000000 queued_events=0
sample_phase=watch_unchanged_pair sample=5 scale=65536 ticks=5521146 frequency=24000000 queued_events=0
sample_phase=watch_unchanged_pair sample=6 scale=65536 ticks=5527710 frequency=24000000 queued_events=0
sample_phase=watch_unchanged_pair sample=7 scale=65536 ticks=5568803 frequency=24000000 queued_events=0
sample_phase=watch_unchanged_pair sample=8 scale=65536 ticks=5467021 frequency=24000000 queued_events=0
sample_phase=watch_unchanged_pair sample=9 scale=65536 ticks=5422881 frequency=24000000 queued_events=0
sample_phase=watch_unchanged_pair sample=10 scale=65536 ticks=5509915 frequency=24000000 queued_events=0
sample_phase=watch_unchanged_pair sample=11 scale=65536 ticks=5508187 frequency=24000000 queued_events=0
sample_phase=watch_unchanged_pair sample=12 scale=65536 ticks=5547462 frequency=24000000 queued_events=0
sample_phase=watch_unchanged_pair sample=13 scale=65536 ticks=5511682 frequency=24000000 queued_events=0
sample_phase=watch_unchanged_pair sample=14 scale=65536 ticks=5490816 frequency=24000000 queued_events=0
sample_phase=watch_unchanged_pair sample=15 scale=65536 ticks=5501375 frequency=24000000 queued_events=0
sample_phase=watch_unchanged_pair sample=16 scale=65536 ticks=5550381 frequency=24000000 queued_events=0
sample_phase=watch_unchanged_pair sample=17 scale=65536 ticks=5467038 frequency=24000000 queued_events=0
sample_phase=watch_unchanged_pair sample=18 scale=65536 ticks=5528687 frequency=24000000 queued_events=0
sample_phase=watch_unchanged_pair sample=19 scale=65536 ticks=5474537 frequency=24000000 queued_events=0
sample_phase=watch_unchanged_pair sample=20 scale=65536 ticks=5573510 frequency=24000000 queued_events=0
phase=watch_unchanged_pair scale=65536 samples=21 p50_ns_per_iter=3503 complete=1
probe_complete=1
sample_phase=watch_empty_batch sample=0 scale=128 ticks=10016 frequency=24000000 queued_events=128
sample_phase=watch_empty_batch sample=1 scale=128 ticks=9866 frequency=24000000 queued_events=128
sample_phase=watch_empty_batch sample=2 scale=128 ticks=9969 frequency=24000000 queued_events=128
sample_phase=watch_empty_batch sample=3 scale=128 ticks=9911 frequency=24000000 queued_events=128
sample_phase=watch_empty_batch sample=4 scale=128 ticks=10005 frequency=24000000 queued_events=128
sample_phase=watch_empty_batch sample=5 scale=128 ticks=10398 frequency=24000000 queued_events=128
sample_phase=watch_empty_batch sample=6 scale=128 ticks=9941 frequency=24000000 queued_events=128
sample_phase=watch_empty_batch sample=7 scale=128 ticks=9983 frequency=24000000 queued_events=128
sample_phase=watch_empty_batch sample=8 scale=128 ticks=10068 frequency=24000000 queued_events=128
sample_phase=watch_empty_batch sample=9 scale=128 ticks=10003 frequency=24000000 queued_events=128
sample_phase=watch_empty_batch sample=10 scale=128 ticks=9966 frequency=24000000 queued_events=128
sample_phase=watch_empty_batch sample=11 scale=128 ticks=10091 frequency=24000000 queued_events=128
sample_phase=watch_empty_batch sample=12 scale=128 ticks=9943 frequency=24000000 queued_events=128
sample_phase=watch_empty_batch sample=13 scale=128 ticks=9898 frequency=24000000 queued_events=128
sample_phase=watch_empty_batch sample=14 scale=128 ticks=10022 frequency=24000000 queued_events=128
sample_phase=watch_empty_batch sample=15 scale=128 ticks=10009 frequency=24000000 queued_events=128
sample_phase=watch_empty_batch sample=16 scale=128 ticks=10144 frequency=24000000 queued_events=128
sample_phase=watch_empty_batch sample=17 scale=128 ticks=9930 frequency=24000000 queued_events=128
sample_phase=watch_empty_batch sample=18 scale=128 ticks=9865 frequency=24000000 queued_events=128
sample_phase=watch_empty_batch sample=19 scale=128 ticks=9989 frequency=24000000 queued_events=128
sample_phase=watch_empty_batch sample=20 scale=128 ticks=9893 frequency=24000000 queued_events=128
phase=watch_empty_batch scale=128 samples=21 p50_ns_per_iter=3249 complete=1
sample_phase=watch_growing sample=0 scale=8192 ticks=675017 frequency=24000000 queued_events=8192
sample_phase=watch_growing sample=1 scale=8192 ticks=671210 frequency=24000000 queued_events=8192
sample_phase=watch_growing sample=2 scale=8192 ticks=678681 frequency=24000000 queued_events=8192
sample_phase=watch_growing sample=3 scale=8192 ticks=647523 frequency=24000000 queued_events=8192
sample_phase=watch_growing sample=4 scale=8192 ticks=657312 frequency=24000000 queued_events=8192
sample_phase=watch_growing sample=5 scale=8192 ticks=683280 frequency=24000000 queued_events=8192
sample_phase=watch_growing sample=6 scale=8192 ticks=652525 frequency=24000000 queued_events=8192
sample_phase=watch_growing sample=7 scale=8192 ticks=649389 frequency=24000000 queued_events=8192
sample_phase=watch_growing sample=8 scale=8192 ticks=663102 frequency=24000000 queued_events=8192
sample_phase=watch_growing sample=9 scale=8192 ticks=654771 frequency=24000000 queued_events=8192
sample_phase=watch_growing sample=10 scale=8192 ticks=654835 frequency=24000000 queued_events=8192
sample_phase=watch_growing sample=11 scale=8192 ticks=652541 frequency=24000000 queued_events=8192
sample_phase=watch_growing sample=12 scale=8192 ticks=654045 frequency=24000000 queued_events=8192
sample_phase=watch_growing sample=13 scale=8192 ticks=648998 frequency=24000000 queued_events=8192
sample_phase=watch_growing sample=14 scale=8192 ticks=653306 frequency=24000000 queued_events=8192
sample_phase=watch_growing sample=15 scale=8192 ticks=649176 frequency=24000000 queued_events=8192
sample_phase=watch_growing sample=16 scale=8192 ticks=668216 frequency=24000000 queued_events=8192
sample_phase=watch_growing sample=17 scale=8192 ticks=662322 frequency=24000000 queued_events=8192
sample_phase=watch_growing sample=18 scale=8192 ticks=657019 frequency=24000000 queued_events=8192
sample_phase=watch_growing sample=19 scale=8192 ticks=658591 frequency=24000000 queued_events=8192
sample_phase=watch_growing sample=20 scale=8192 ticks=652946 frequency=24000000 queued_events=8192
phase=watch_growing scale=8192 samples=21 p50_ns_per_iter=3330 complete=1
sample_phase=watch_overflow sample=0 scale=65536 ticks=5377193 frequency=24000000 queued_events=16385
sample_phase=watch_overflow sample=1 scale=65536 ticks=5459071 frequency=24000000 queued_events=16385
sample_phase=watch_overflow sample=2 scale=65536 ticks=5322977 frequency=24000000 queued_events=16385
sample_phase=watch_overflow sample=3 scale=65536 ticks=5367517 frequency=24000000 queued_events=16385
sample_phase=watch_overflow sample=4 scale=65536 ticks=5285731 frequency=24000000 queued_events=16385
sample_phase=watch_overflow sample=5 scale=65536 ticks=5417985 frequency=24000000 queued_events=16385
sample_phase=watch_overflow sample=6 scale=65536 ticks=5357741 frequency=24000000 queued_events=16385
sample_phase=watch_overflow sample=7 scale=65536 ticks=5351435 frequency=24000000 queued_events=16385
sample_phase=watch_overflow sample=8 scale=65536 ticks=5333187 frequency=24000000 queued_events=16385
sample_phase=watch_overflow sample=9 scale=65536 ticks=5311712 frequency=24000000 queued_events=16385
sample_phase=watch_overflow sample=10 scale=65536 ticks=5383396 frequency=24000000 queued_events=16385
sample_phase=watch_overflow sample=11 scale=65536 ticks=5339518 frequency=24000000 queued_events=16385
sample_phase=watch_overflow sample=12 scale=65536 ticks=5345318 frequency=24000000 queued_events=16385
sample_phase=watch_overflow sample=13 scale=65536 ticks=5364935 frequency=24000000 queued_events=16385
sample_phase=watch_overflow sample=14 scale=65536 ticks=5353953 frequency=24000000 queued_events=16385
sample_phase=watch_overflow sample=15 scale=65536 ticks=5293940 frequency=24000000 queued_events=16385
sample_phase=watch_overflow sample=16 scale=65536 ticks=5346442 frequency=24000000 queued_events=16385
sample_phase=watch_overflow sample=17 scale=65536 ticks=5409498 frequency=24000000 queued_events=16385
sample_phase=watch_overflow sample=18 scale=65536 ticks=5376228 frequency=24000000 queued_events=16385
sample_phase=watch_overflow sample=19 scale=65536 ticks=5337980 frequency=24000000 queued_events=16385
sample_phase=watch_overflow sample=20 scale=65536 ticks=5334618 frequency=24000000 queued_events=16385
phase=watch_overflow scale=65536 samples=21 p50_ns_per_iter=3402 complete=1
probe_complete=1
