tst_tmpdir.c:308: TINFO: Using /tmp/LTP_inoFILqNE as tmpdir (overlayfs filesystem)
tst_test.c:2042: TINFO: LTP version: 20260529
tst_test.c:2045: TINFO: Tested kernel: 6.12.0-carrick #1 SMP PREEMPT_DYNAMIC aarch64
tst_kconfig.c:90: TINFO: Parsing kernel config '/proc/config.gz'
tst_test.c:1870: TINFO: Overall timeout per run is 0h 03m 00s
../../../../include/tst_fuzzy_sync.h:484: TINFO: Minimum sampling period ended
../../../../include/tst_fuzzy_sync.h:307: TINFO: loop = 1024, delay_bias = 0
../../../../include/tst_fuzzy_sync.h:295: TINFO: start_a - start_b: { avg =   -61ns, avg_dev =    15ns, dev_ratio = 0.25 }
../../../../include/tst_fuzzy_sync.h:295: TINFO: end_a - start_a  : { avg =  2787ns, avg_dev =   103ns, dev_ratio = 0.04 }
../../../../include/tst_fuzzy_sync.h:295: TINFO: end_b - start_b  : { avg =  3353ns, avg_dev =    94ns, dev_ratio = 0.03 }
../../../../include/tst_fuzzy_sync.h:295: TINFO: end_a - end_b    : { avg =  -627ns, avg_dev =    67ns, dev_ratio = 0.11 }
../../../../include/tst_fuzzy_sync.h:295: TINFO: spins            : { avg =   814  , avg_dev =    97  , dev_ratio = 0.12 }
../../../../include/tst_fuzzy_sync.h:494: TINFO: Reached deviation ratios < 0.10, introducing randomness
../../../../include/tst_fuzzy_sync.h:497: TINFO: Delay range is [-4544, 3643]
../../../../include/tst_fuzzy_sync.h:307: TINFO: loop = 1264, delay_bias = 0
../../../../include/tst_fuzzy_sync.h:295: TINFO: start_a - start_b: { avg =   -40ns, avg_dev =     4ns, dev_ratio = 0.10 }
../../../../include/tst_fuzzy_sync.h:295: TINFO: end_a - start_a  : { avg =  3081ns, avg_dev =   127ns, dev_ratio = 0.04 }
../../../../include/tst_fuzzy_sync.h:295: TINFO: end_b - start_b  : { avg =  3842ns, avg_dev =   136ns, dev_ratio = 0.04 }
../../../../include/tst_fuzzy_sync.h:295: TINFO: end_a - end_b    : { avg =  -802ns, avg_dev =    70ns, dev_ratio = 0.09 }
../../../../include/tst_fuzzy_sync.h:295: TINFO: spins            : { avg =   948  , avg_dev =    80  , dev_ratio = 0.08 }
../../../../include/tst_fuzzy_sync.h:654: TINFO: Exceeded execution loops, requesting exit
inotify09.c:90: TPASS: kernel survived inotify beating

Summary:
passed   1
failed   0
broken   0
skipped  0
warnings 0
