sample_phase=watch_invalid_pair sample=0 scale=65536 ticks=478960 frequency=24000000 queued_events=0
sample_phase=watch_invalid_pair sample=1 scale=65536 ticks=420959 frequency=24000000 queued_events=0
sample_phase=watch_invalid_pair sample=2 scale=65536 ticks=405932 frequency=24000000 queued_events=0
sample_phase=watch_invalid_pair sample=3 scale=65536 ticks=401768 frequency=24000000 queued_events=0
sample_phase=watch_invalid_pair sample=4 scale=65536 ticks=402752 frequency=24000000 queued_events=0
sample_phase=watch_invalid_pair sample=5 scale=65536 ticks=403810 frequency=24000000 queued_events=0
sample_phase=watch_invalid_pair sample=6 scale=65536 ticks=401521 frequency=24000000 queued_events=0
sample_phase=watch_invalid_pair sample=7 scale=65536 ticks=410322 frequency=24000000 queued_events=0
sample_phase=watch_invalid_pair sample=8 scale=65536 ticks=401140 frequency=24000000 queued_events=0
sample_phase=watch_invalid_pair sample=9 scale=65536 ticks=402971 frequency=24000000 queued_events=0
sample_phase=watch_invalid_pair sample=10 scale=65536 ticks=409159 frequency=24000000 queued_events=0
sample_phase=watch_invalid_pair sample=11 scale=65536 ticks=400272 frequency=24000000 queued_events=0
sample_phase=watch_invalid_pair sample=12 scale=65536 ticks=399574 frequency=24000000 queued_events=0
sample_phase=watch_invalid_pair sample=13 scale=65536 ticks=400559 frequency=24000000 queued_events=0
sample_phase=watch_invalid_pair sample=14 scale=65536 ticks=402566 frequency=24000000 queued_events=0
sample_phase=watch_invalid_pair sample=15 scale=65536 ticks=404030 frequency=24000000 queued_events=0
sample_phase=watch_invalid_pair sample=16 scale=65536 ticks=414764 frequency=24000000 queued_events=0
sample_phase=watch_invalid_pair sample=17 scale=65536 ticks=401649 frequency=24000000 queued_events=0
sample_phase=watch_invalid_pair sample=18 scale=65536 ticks=400605 frequency=24000000 queued_events=0
sample_phase=watch_invalid_pair sample=19 scale=65536 ticks=402726 frequency=24000000 queued_events=0
sample_phase=watch_invalid_pair sample=20 scale=65536 ticks=401651 frequency=24000000 queued_events=0
phase=watch_invalid_pair scale=65536 samples=21 p50_ns_per_iter=256 complete=1
sample_phase=watch_unchanged_pair sample=0 scale=65536 ticks=879304 frequency=24000000 queued_events=0
sample_phase=watch_unchanged_pair sample=1 scale=65536 ticks=878487 frequency=24000000 queued_events=0
sample_phase=watch_unchanged_pair sample=2 scale=65536 ticks=857517 frequency=24000000 queued_events=0
sample_phase=watch_unchanged_pair sample=3 scale=65536 ticks=872856 frequency=24000000 queued_events=0
sample_phase=watch_unchanged_pair sample=4 scale=65536 ticks=874654 frequency=24000000 queued_events=0
sample_phase=watch_unchanged_pair sample=5 scale=65536 ticks=877086 frequency=24000000 queued_events=0
sample_phase=watch_unchanged_pair sample=6 scale=65536 ticks=871805 frequency=24000000 queued_events=0
sample_phase=watch_unchanged_pair sample=7 scale=65536 ticks=870247 frequency=24000000 queued_events=0
sample_phase=watch_unchanged_pair sample=8 scale=65536 ticks=867620 frequency=24000000 queued_events=0
sample_phase=watch_unchanged_pair sample=9 scale=65536 ticks=871482 frequency=24000000 queued_events=0
sample_phase=watch_unchanged_pair sample=10 scale=65536 ticks=859801 frequency=24000000 queued_events=0
sample_phase=watch_unchanged_pair sample=11 scale=65536 ticks=876965 frequency=24000000 queued_events=0
sample_phase=watch_unchanged_pair sample=12 scale=65536 ticks=868433 frequency=24000000 queued_events=0
sample_phase=watch_unchanged_pair sample=13 scale=65536 ticks=873867 frequency=24000000 queued_events=0
sample_phase=watch_unchanged_pair sample=14 scale=65536 ticks=871992 frequency=24000000 queued_events=0
sample_phase=watch_unchanged_pair sample=15 scale=65536 ticks=877270 frequency=24000000 queued_events=0
sample_phase=watch_unchanged_pair sample=16 scale=65536 ticks=865481 frequency=24000000 queued_events=0
sample_phase=watch_unchanged_pair sample=17 scale=65536 ticks=867001 frequency=24000000 queued_events=0
sample_phase=watch_unchanged_pair sample=18 scale=65536 ticks=859943 frequency=24000000 queued_events=0
sample_phase=watch_unchanged_pair sample=19 scale=65536 ticks=869191 frequency=24000000 queued_events=0
sample_phase=watch_unchanged_pair sample=20 scale=65536 ticks=866516 frequency=24000000 queued_events=0
phase=watch_unchanged_pair scale=65536 samples=21 p50_ns_per_iter=554 complete=1
probe_complete=1
sample_phase=watch_empty_batch sample=0 scale=128 ticks=4336 frequency=24000000 queued_events=128
sample_phase=watch_empty_batch sample=1 scale=128 ticks=5318 frequency=24000000 queued_events=128
sample_phase=watch_empty_batch sample=2 scale=128 ticks=5318 frequency=24000000 queued_events=128
sample_phase=watch_empty_batch sample=3 scale=128 ticks=4834 frequency=24000000 queued_events=128
sample_phase=watch_empty_batch sample=4 scale=128 ticks=3230 frequency=24000000 queued_events=128
sample_phase=watch_empty_batch sample=5 scale=128 ticks=3233 frequency=24000000 queued_events=128
sample_phase=watch_empty_batch sample=6 scale=128 ticks=5527 frequency=24000000 queued_events=128
sample_phase=watch_empty_batch sample=7 scale=128 ticks=3388 frequency=24000000 queued_events=128
sample_phase=watch_empty_batch sample=8 scale=128 ticks=5181 frequency=24000000 queued_events=128
sample_phase=watch_empty_batch sample=9 scale=128 ticks=3421 frequency=24000000 queued_events=128
sample_phase=watch_empty_batch sample=10 scale=128 ticks=3388 frequency=24000000 queued_events=128
sample_phase=watch_empty_batch sample=11 scale=128 ticks=4201 frequency=24000000 queued_events=128
sample_phase=watch_empty_batch sample=12 scale=128 ticks=3398 frequency=24000000 queued_events=128
sample_phase=watch_empty_batch sample=13 scale=128 ticks=3395 frequency=24000000 queued_events=128
sample_phase=watch_empty_batch sample=14 scale=128 ticks=3499 frequency=24000000 queued_events=128
sample_phase=watch_empty_batch sample=15 scale=128 ticks=3530 frequency=24000000 queued_events=128
sample_phase=watch_empty_batch sample=16 scale=128 ticks=4330 frequency=24000000 queued_events=128
sample_phase=watch_empty_batch sample=17 scale=128 ticks=3726 frequency=24000000 queued_events=128
sample_phase=watch_empty_batch sample=18 scale=128 ticks=3660 frequency=24000000 queued_events=128
sample_phase=watch_empty_batch sample=19 scale=128 ticks=4016 frequency=24000000 queued_events=128
sample_phase=watch_empty_batch sample=20 scale=128 ticks=3964 frequency=24000000 queued_events=128
phase=watch_empty_batch scale=128 samples=21 p50_ns_per_iter=1212 complete=1
sample_phase=watch_growing sample=0 scale=8192 ticks=275962 frequency=24000000 queued_events=8192
sample_phase=watch_growing sample=1 scale=8192 ticks=203850 frequency=24000000 queued_events=8192
sample_phase=watch_growing sample=2 scale=8192 ticks=192451 frequency=24000000 queued_events=8192
sample_phase=watch_growing sample=3 scale=8192 ticks=188758 frequency=24000000 queued_events=8192
sample_phase=watch_growing sample=4 scale=8192 ticks=182317 frequency=24000000 queued_events=8192
sample_phase=watch_growing sample=5 scale=8192 ticks=184102 frequency=24000000 queued_events=8192
sample_phase=watch_growing sample=6 scale=8192 ticks=179905 frequency=24000000 queued_events=8192
sample_phase=watch_growing sample=7 scale=8192 ticks=170030 frequency=24000000 queued_events=8192
sample_phase=watch_growing sample=8 scale=8192 ticks=165805 frequency=24000000 queued_events=8192
sample_phase=watch_growing sample=9 scale=8192 ticks=163783 frequency=24000000 queued_events=8192
sample_phase=watch_growing sample=10 scale=8192 ticks=168024 frequency=24000000 queued_events=8192
sample_phase=watch_growing sample=11 scale=8192 ticks=169393 frequency=24000000 queued_events=8192
sample_phase=watch_growing sample=12 scale=8192 ticks=169442 frequency=24000000 queued_events=8192
sample_phase=watch_growing sample=13 scale=8192 ticks=166895 frequency=24000000 queued_events=8192
sample_phase=watch_growing sample=14 scale=8192 ticks=168346 frequency=24000000 queued_events=8192
sample_phase=watch_growing sample=15 scale=8192 ticks=167681 frequency=24000000 queued_events=8192
sample_phase=watch_growing sample=16 scale=8192 ticks=170798 frequency=24000000 queued_events=8192
sample_phase=watch_growing sample=17 scale=8192 ticks=171002 frequency=24000000 queued_events=8192
sample_phase=watch_growing sample=18 scale=8192 ticks=165965 frequency=24000000 queued_events=8192
sample_phase=watch_growing sample=19 scale=8192 ticks=162340 frequency=24000000 queued_events=8192
sample_phase=watch_growing sample=20 scale=8192 ticks=163783 frequency=24000000 queued_events=8192
phase=watch_growing scale=8192 samples=21 p50_ns_per_iter=861 complete=1
sample_phase=watch_overflow sample=0 scale=65536 ticks=1438953 frequency=24000000 queued_events=16385
sample_phase=watch_overflow sample=1 scale=65536 ticks=1406408 frequency=24000000 queued_events=16385
sample_phase=watch_overflow sample=2 scale=65536 ticks=1436385 frequency=24000000 queued_events=16385
sample_phase=watch_overflow sample=3 scale=65536 ticks=1393480 frequency=24000000 queued_events=16385
sample_phase=watch_overflow sample=4 scale=65536 ticks=1432232 frequency=24000000 queued_events=16385
sample_phase=watch_overflow sample=5 scale=65536 ticks=1442737 frequency=24000000 queued_events=16385
sample_phase=watch_overflow sample=6 scale=65536 ticks=1393788 frequency=24000000 queued_events=16385
sample_phase=watch_overflow sample=7 scale=65536 ticks=1431822 frequency=24000000 queued_events=16385
sample_phase=watch_overflow sample=8 scale=65536 ticks=1437227 frequency=24000000 queued_events=16385
sample_phase=watch_overflow sample=9 scale=65536 ticks=1413223 frequency=24000000 queued_events=16385
sample_phase=watch_overflow sample=10 scale=65536 ticks=1410325 frequency=24000000 queued_events=16385
sample_phase=watch_overflow sample=11 scale=65536 ticks=1430453 frequency=24000000 queued_events=16385
sample_phase=watch_overflow sample=12 scale=65536 ticks=1440435 frequency=24000000 queued_events=16385
sample_phase=watch_overflow sample=13 scale=65536 ticks=1433948 frequency=24000000 queued_events=16385
sample_phase=watch_overflow sample=14 scale=65536 ticks=1437865 frequency=24000000 queued_events=16385
sample_phase=watch_overflow sample=15 scale=65536 ticks=1415295 frequency=24000000 queued_events=16385
sample_phase=watch_overflow sample=16 scale=65536 ticks=1437081 frequency=24000000 queued_events=16385
sample_phase=watch_overflow sample=17 scale=65536 ticks=1430410 frequency=24000000 queued_events=16385
sample_phase=watch_overflow sample=18 scale=65536 ticks=1397635 frequency=24000000 queued_events=16385
sample_phase=watch_overflow sample=19 scale=65536 ticks=1414169 frequency=24000000 queued_events=16385
sample_phase=watch_overflow sample=20 scale=65536 ticks=1417513 frequency=24000000 queued_events=16385
phase=watch_overflow scale=65536 samples=21 p50_ns_per_iter=909 complete=1
probe_complete=1
