{"run_id": "itc-micro-mailbox-0-20260922", "elapsed_s": 15.54234612500295, "returncode": 0, "medians": {"watch_invalid_pair": 2959, "watch_unchanged_pair": 3418, "watch_empty_batch": 3339, "watch_growing": 3296, "watch_overflow": 3312}}
{"run_id": "itc-micro-legacy-1-20260922", "elapsed_s": 16.960354209004436, "returncode": 0, "medians": {"watch_invalid_pair": 3338, "watch_unchanged_pair": 3806, "watch_empty_batch": 3638, "watch_growing": 3658, "watch_overflow": 3712}}
{"run_id": "itc-micro-mailbox-2-20260922", "elapsed_s": 15.671943042005296, "returncode": 0, "medians": {"watch_invalid_pair": 3029, "watch_unchanged_pair": 3529, "watch_empty_batch": 3598, "watch_growing": 3411, "watch_overflow": 3453}}
{"run_id": "itc-micro-legacy-3-20260922", "elapsed_s": 17.355891499988502, "returncode": 0, "medians": {"watch_invalid_pair": 3425, "watch_unchanged_pair": 3880, "watch_empty_batch": 3610, "watch_growing": 3702, "watch_overflow": 3778}}
{"run_id": "itc-micro-legacy-4-20260922", "elapsed_s": 17.248867249989416, "returncode": 0, "medians": {"watch_invalid_pair": 3426, "watch_unchanged_pair": 3871, "watch_empty_batch": 3589, "watch_growing": 3729, "watch_overflow": 3762}}
{"run_id": "itc-micro-mailbox-5-20260922", "elapsed_s": 15.579022249992704, "returncode": 0, "medians": {"watch_invalid_pair": 3071, "watch_unchanged_pair": 3503, "watch_empty_batch": 3249, "watch_growing": 3330, "watch_overflow": 3402}}
{"run_id": "itc-micro-legacy-6-20260922", "elapsed_s": 17.58441299998958, "returncode": 0, "medians": {"watch_invalid_pair": 3471, "watch_unchanged_pair": 3961, "watch_empty_batch": 3657, "watch_growing": 3780, "watch_overflow": 3824}}
{"run_id": "itc-micro-mailbox-7-20260922", "elapsed_s": 15.670036374998745, "returncode": 0, "medians": {"watch_invalid_pair": 3078, "watch_unchanged_pair": 3528, "watch_empty_batch": 3276, "watch_growing": 3374, "watch_overflow": 3406}}
{"run_id": "itc-micro-mailbox-8-20260922", "elapsed_s": 15.855119083993486, "returncode": 0, "medians": {"watch_invalid_pair": 3093, "watch_unchanged_pair": 3579, "watch_empty_batch": 3442, "watch_growing": 3449, "watch_overflow": 3458}}
{"run_id": "itc-micro-legacy-9-20260922", "elapsed_s": 17.34721583299688, "returncode": 0, "medians": {"watch_invalid_pair": 3453, "watch_unchanged_pair": 3875, "watch_empty_batch": 3561, "watch_growing": 3725, "watch_overflow": 3765}}
{"run_id": "itc-ltp-mailbox-0-20260922", "elapsed_s": 21.456768624993856, "returncode": 0}
{"run_id": "itc-ltp-legacy-1-20260922", "elapsed_s": 23.89595541599556, "returncode": 0}
{"run_id": "itc-ltp-legacy-2-20260922", "elapsed_s": 24.133778874995187, "returncode": 0}
{"run_id": "itc-ltp-mailbox-3-20260922", "elapsed_s": 21.59360066600493, "returncode": 0}
{"run_id": "itc-micro-docker-0-20260922", "elapsed_s": 3.4123944580060197, "returncode": 0, "medians": {"watch_invalid_pair": 255, "watch_unchanged_pair": 559, "watch_empty_batch": 1184, "watch_growing": 864, "watch_overflow": 921}}
{"run_id": "itc-micro-docker-1-20260922", "elapsed_s": 3.3057813750056084, "returncode": 0, "medians": {"watch_invalid_pair": 256, "watch_unchanged_pair": 554, "watch_empty_batch": 1212, "watch_growing": 861, "watch_overflow": 909}}
{"run_id": "itc-micro-docker-2-20260922", "elapsed_s": 3.2887581669929205, "returncode": 0, "medians": {"watch_invalid_pair": 256, "watch_unchanged_pair": 552, "watch_empty_batch": 1229, "watch_growing": 843, "watch_overflow": 900}}
{"run_id": "itc-ltp-docker-0-20260922", "elapsed_s": 5.772673792002024, "returncode": 0}
{
  "watch_invalid_pair": {
    "mailbox": [
      3029,
      3071,
      3078,
      3093
    ],
    "legacy": [
      3425,
      3426,
      3471,
      3453
    ],
    "docker": [
      255,
      256,
      256
    ],
    "mailbox_to_legacy": 0.8938799244076174,
    "mailbox_to_linux": 12.009765625
  },
  "watch_unchanged_pair": {
    "mailbox": [
      3529,
      3503,
      3528,
      3579
    ],
    "legacy": [
      3880,
      3871,
      3961,
      3875
    ],
    "docker": [
      559,
      554,
      552
    ],
    "mailbox_to_legacy": 0.9099935525467441,
    "mailbox_to_linux": 6.36913357400722
  },
  "watch_empty_batch": {
    "mailbox": [
      3598,
      3249,
      3276,
      3442
    ],
    "legacy": [
      3610,
      3589,
      3657,
      3561
    ],
    "docker": [
      1184,
      1212,
      1229
    ],
    "mailbox_to_legacy": 0.9331851646061953,
    "mailbox_to_linux": 2.7714521452145213
  },
  "watch_growing": {
    "mailbox": [
      3411,
      3330,
      3374,
      3449
    ],
    "legacy": [
      3702,
      3729,
      3780,
      3725
    ],
    "docker": [
      864,
      861,
      843
    ],
    "mailbox_to_legacy": 0.9102495304534478,
    "mailbox_to_linux": 3.940185830429733
  },
  "watch_overflow": {
    "mailbox": [
      3453,
      3402,
      3406,
      3458
    ],
    "legacy": [
      3778,
      3762,
      3824,
      3765
    ],
    "docker": [
      921,
      909,
      900
    ],
    "mailbox_to_legacy": 0.9093198992443325,
    "mailbox_to_linux": 3.7728272827282727
  }
}
