2026-09-22T22:55:09.618049Z  WARN carrick::commands: carrick trace: not root; re-executing under sudo
TRACECHILD1|euid=501|egid=20|groups=12,20,33,61,79,80,81,98,100,204,250,395,398,399,400,701
tst_tmpdir.c:308: TINFO: Using /tmp/LTP_inopxFKWB as tmpdir (overlayfs filesystem)
tst_test.c:2042: TINFO: LTP version: 20260529
tst_test.c:2045: TINFO: Tested kernel: 6.12.0-carrick #1 SMP PREEMPT_DYNAMIC aarch64
tst_kconfig.c:90: TINFO: Parsing kernel config '/proc/config.gz'
tst_test.c:1870: TINFO: Overall timeout per run is 0h 03m 00s
../../../../include/tst_fuzzy_sync.h:484: TINFO: Minimum sampling period ended
../../../../include/tst_fuzzy_sync.h:307: TINFO: loop = 1024, delay_bias = 0
../../../../include/tst_fuzzy_sync.h:295: TINFO: start_a - start_b: { avg =   -85ns, avg_dev =    24ns, dev_ratio = 0.28 }
../../../../include/tst_fuzzy_sync.h:295: TINFO: end_a - start_a  : { avg =  3465ns, avg_dev =   147ns, dev_ratio = 0.04 }
../../../../include/tst_fuzzy_sync.h:295: TINFO: end_b - start_b  : { avg =  3109ns, avg_dev =   104ns, dev_ratio = 0.03 }
../../../../include/tst_fuzzy_sync.h:295: TINFO: end_a - end_b    : { avg =   272ns, avg_dev =   226ns, dev_ratio = 0.83 }
../../../../include/tst_fuzzy_sync.h:295: TINFO: spins            : { avg =   462  , avg_dev =   156  , dev_ratio = 0.34 }
../../../../include/tst_fuzzy_sync.h:494: TINFO: Reached deviation ratios < 0.10, introducing randomness
../../../../include/tst_fuzzy_sync.h:497: TINFO: Delay range is [-3311, 3715]
../../../../include/tst_fuzzy_sync.h:307: TINFO: loop = 1326, delay_bias = 0
../../../../include/tst_fuzzy_sync.h:295: TINFO: start_a - start_b: { avg =   -80ns, avg_dev =     7ns, dev_ratio = 0.09 }
../../../../include/tst_fuzzy_sync.h:295: TINFO: end_a - start_a  : { avg =  3334ns, avg_dev =    32ns, dev_ratio = 0.01 }
../../../../include/tst_fuzzy_sync.h:295: TINFO: end_b - start_b  : { avg =  2972ns, avg_dev =    31ns, dev_ratio = 0.01 }
../../../../include/tst_fuzzy_sync.h:295: TINFO: end_a - end_b    : { avg =   282ns, avg_dev =    26ns, dev_ratio = 0.09 }
../../../../include/tst_fuzzy_sync.h:295: TINFO: spins            : { avg =   315  , avg_dev =    27  , dev_ratio = 0.09 }
../../../../include/tst_fuzzy_sync.h:654: TINFO: Exceeded execution loops, requesting exit
inotify09.c:90: TPASS: kernel survived inotify beating

Summary:
passed   1
failed   0
broken   0
skipped  0
warnings 0
inotify09 host-service population accepted: 55 syscall numbers, 3000000 add/remove pairs; excludes EL1/engine fast paths
