   Compiling proc-macro2 v1.0.106
    Checking carrick-fatal v0.1.0 (/Volumes/CaseSensitive/carrick/.worktrees/wt-cp3-adapter/crates/carrick-fatal)
    Checking carrick-sched-core v0.1.0 (/Volumes/CaseSensitive/carrick/.worktrees/wt-cp3-adapter/crates/carrick-sched-core)
    Checking carrick-inotify-core v0.1.0 (/Volumes/CaseSensitive/carrick/.worktrees/wt-cp3-adapter/crates/carrick-inotify-core)
    Checking carrick-pipe-core v0.1.0 (/Volumes/CaseSensitive/carrick/.worktrees/wt-cp3-adapter/crates/carrick-pipe-core)
    Checking tempfile v3.27.0
    Checking carrick-mmu-core v0.1.0 (/Volumes/CaseSensitive/carrick/.worktrees/wt-cp3-adapter/crates/carrick-mmu-core)
    Checking carrick-signal-core v0.1.0 (/Volumes/CaseSensitive/carrick/.worktrees/wt-cp3-adapter/crates/carrick-signal-core)
    Checking carrick-timer-core v0.1.0 (/Volumes/CaseSensitive/carrick/.worktrees/wt-cp3-adapter/crates/carrick-timer-core)
    Checking carrick-kernel-arena v0.1.0 (/Volumes/CaseSensitive/carrick/.worktrees/wt-cp3-adapter/crates/carrick-kernel-arena)
    Checking num-traits v0.2.19
    Checking carrick-portable v0.1.0 (/Volumes/CaseSensitive/carrick/.worktrees/wt-cp3-adapter/crates/carrick-portable)
   Compiling carrick-kernel v0.1.0 (/Volumes/CaseSensitive/carrick/.worktrees/wt-cp3-adapter/crates/carrick-kernel)
    Checking carrick-host v0.1.0 (/Volumes/CaseSensitive/carrick/.worktrees/wt-cp3-adapter/crates/carrick-host)
    Checking quote v1.0.45
    Checking carrick-fd-core v0.1.0 (/Volumes/CaseSensitive/carrick/.worktrees/wt-cp3-adapter/crates/carrick-fd-core)
    Checking syn v2.0.117
   Compiling syn v3.0.3
    Checking carrick-el1-abi v0.1.0 (/Volumes/CaseSensitive/carrick/.worktrees/wt-cp3-adapter/crates/carrick-el1-abi)
   Compiling proc-macro-error-attr2 v2.0.0
   Compiling const_format_proc_macros v0.2.34
    Checking carrick-el1-image v0.1.0 (/Volumes/CaseSensitive/carrick/.worktrees/wt-cp3-adapter/crates/carrick-el1-image)
    Checking carrick-el1 v0.1.0 (/Volumes/CaseSensitive/carrick/.worktrees/wt-cp3-adapter/crates/carrick-el1)
    Checking const_format v0.2.36
   Compiling thiserror-impl v2.0.20
    Checking thiserror v2.0.20
   Compiling synstructure v0.13.2
   Compiling pest_generator v2.8.6
   Compiling darling_core v0.20.11
   Compiling proc-macro-error2 v2.0.1
   Compiling serde_derive v1.0.228
   Compiling zerofrom-derive v0.1.7
   Compiling yoke-derive v0.8.2
   Compiling zerovec-derive v0.11.3
   Compiling zerocopy-derive v0.8.48
   Compiling displaydoc v0.2.5
   Compiling scroll_derive v0.13.1
   Compiling tokio-macros v2.7.0
   Compiling pest_derive v2.8.6
   Compiling dtrace-parser v0.3.0
   Compiling tracing-attributes v0.1.31
    Checking tokio v1.52.3
    Checking scroll v0.13.0
   Compiling futures-macro v0.3.32
    Checking goblin v0.10.5
    Checking zerofrom v0.1.8
   Compiling strum_macros v0.27.2
   Compiling getset v0.1.6
    Checking zerocopy v0.8.48
    Checking yoke v0.8.2
    Checking futures-util v0.3.32
    Checking zerovec v0.11.6
    Checking zerotrie v0.2.4
    Checking tracing v0.1.44
   Compiling darling_macro v0.20.11
   Compiling clap_derive v4.6.1
    Checking tracing-subscriber v0.3.23
   Compiling darling v0.20.11
    Checking tinystr v0.8.3
    Checking potential_utf v0.1.5
    Checking icu_locale_core v2.2.0
    Checking icu_collections v2.2.0
   Compiling derive_builder_core v0.20.2
    Checking serde v1.0.228
    Checking icu_provider v2.2.0
    Checking icu_properties v2.2.0
    Checking icu_normalizer v2.2.0
    Checking clap v4.6.1
    Checking hyper v1.9.0
    Checking tower v0.5.3
    Checking tokio-rustls v0.26.4
   Compiling derive_builder_macro v0.20.2
    Checking tokio-util v0.7.18
    Checking serde_urlencoded v0.7.1
   Compiling usdt-impl v0.6.0
   Compiling serde_tokenstream v0.2.3
    Checking olpc-cjson v0.1.4
    Checking jwt v0.16.0
    Checking derive_builder v0.20.2
    Checking chrono v0.4.44
   Compiling usdt-attr-macro v0.6.0
   Compiling usdt-macro v0.6.0
    Checking hyper-util v0.1.20
    Checking oci-spec v0.8.4
    Checking idna_adapter v1.2.2
    Checking idna v1.1.0
    Checking url v2.5.8
    Checking carrick-abi v0.1.0 (/Volumes/CaseSensitive/carrick/.worktrees/wt-cp3-adapter/crates/carrick-abi)
    Checking carrick-guest-mem v0.1.0 (/Volumes/CaseSensitive/carrick/.worktrees/wt-cp3-adapter/crates/carrick-guest-mem)
    Checking dof v0.4.0
    Checking tower-http v0.6.10
    Checking hickory-proto v0.26.1
    Checking hyper-rustls v0.27.9
    Checking reqwest v0.12.28
    Checking usdt v0.6.0
    Checking oci-client v0.15.0
    Checking carrick-signal-linux v0.1.0 (/Volumes/CaseSensitive/carrick/.worktrees/wt-cp3-adapter/crates/carrick-signal-linux)
    Checking carrick-observability v0.1.0 (/Volumes/CaseSensitive/carrick/.worktrees/wt-cp3-adapter/crates/carrick-observability)
    Checking carrick-mem v0.1.0 (/Volumes/CaseSensitive/carrick/.worktrees/wt-cp3-adapter/crates/carrick-mem)
    Checking carrick-spec v0.1.0 (/Volumes/CaseSensitive/carrick/.worktrees/wt-cp3-adapter/crates/carrick-spec)
    Checking carrick-hal v0.1.0 (/Volumes/CaseSensitive/carrick/.worktrees/wt-cp3-adapter/crates/carrick-hal)
    Checking carrick-host-bsd v0.1.0 (/Volumes/CaseSensitive/carrick/.worktrees/wt-cp3-adapter/crates/carrick-host-bsd)
    Checking carrick-thread v0.1.0 (/Volumes/CaseSensitive/carrick/.worktrees/wt-cp3-adapter/crates/carrick-thread)
    Checking carrick-aarch64 v0.1.0 (/Volumes/CaseSensitive/carrick/.worktrees/wt-cp3-adapter/crates/carrick-aarch64)
    Checking carrick-vfs v0.1.0 (/Volumes/CaseSensitive/carrick/.worktrees/wt-cp3-adapter/crates/carrick-vfs)
    Checking carrick-vmm-hvf v0.1.0 (/Volumes/CaseSensitive/carrick/.worktrees/wt-cp3-adapter/crates/carrick-vmm-hvf)
    Checking carrick-runtime v0.1.0 (/Volumes/CaseSensitive/carrick/.worktrees/wt-cp3-adapter/crates/carrick-runtime)
    Finished `dev` profile [unoptimized + debuginfo] target(s) in 16.31s
