   Compiling carrick-kernel v0.1.0 (/Volumes/CaseSensitive/carrick/.worktrees/wt-cp3-adapter/crates/carrick-kernel)
warning: method `ipc_description` is never used
    --> crates/carrick-kernel/src/kernel/objects.rs:1124:19
     |
1123 | impl FileDescription {
     | -------------------- method in this implementation
1124 |     pub(crate) fn ipc_description(
     |                   ^^^^^^^^^^^^^^^
     |
     = note: `#[warn(dead_code)]` (part of `#[warn(unused)]`) on by default

warning: `carrick-kernel` (lib) generated 1 warning
    Finished `test` profile [unoptimized + debuginfo] target(s) in 42.17s
     Running unittests src/lib.rs (target/debug/deps/carrick_kernel-d0fe76dc24f313d1)

running 1 test
test kernel::objects::tests::serial_host_el1_ipc_host_description_alias_and_functional_retirement ... FAILED

failures:

---- kernel::objects::tests::serial_host_el1_ipc_host_description_alias_and_functional_retirement stdout ----

thread 'kernel::objects::tests::serial_host_el1_ipc_host_description_alias_and_functional_retirement' (34320386) panicked at crates/carrick-kernel/src/kernel/objects.rs:4094:57:
host descriptor admission: NoMemory
note: run with `RUST_BACKTRACE=1` environment variable to display a backtrace


failures:
    kernel::objects::tests::serial_host_el1_ipc_host_description_alias_and_functional_retirement

test result: FAILED. 0 passed; 1 failed; 0 ignored; 0 measured; 2332 filtered out; finished in 0.01s

error: test failed, to rerun pass `-p carrick-kernel --lib`
