    Finished `release` profile [optimized] target(s) in 0.09s
build-embed-interceptor-probe: wrote /Volumes/CaseSensitive/carrick/.worktrees/wt-cp3-adapter/target/embed-fixtures/interceptor-probe-aarch64
    Finished `release` profile [optimized] target(s) in 0.06s
build-embed-zone-readers: wrote /Volumes/CaseSensitive/carrick/.worktrees/wt-cp3-adapter/target/embed-fixtures/zone-readers-aarch64
   Compiling carrick-embed-el1-sched v0.0.0 (/Volumes/CaseSensitive/carrick/.worktrees/wt-cp3-adapter/fixtures/embed-el1-sched)
    Finished `release` profile [optimized] target(s) in 0.85s
build-embed-el1-sched: wrote /Volumes/CaseSensitive/carrick/.worktrees/wt-cp3-adapter/target/embed-fixtures/el1-sched-aarch64
   Compiling carrick-embed v0.1.0 (/Volumes/CaseSensitive/carrick/.worktrees/wt-cp3-adapter/crates/carrick-embed)
    Finished `release` profile [optimized + debuginfo] target(s) in 12.15s
/Applications/Xcode-beta.app/Contents/Developer/Toolchains/XcodeDefault.xctoolchain/usr/bin/vtool warning: code signature will be invalid for /Volumes/CaseSensitive/carrick/.worktrees/wt-cp3-adapter/target/release/deps/carrick_embed-ac5091a89d42fbfc.tmp.97701
/Volumes/CaseSensitive/carrick/.worktrees/wt-cp3-adapter/target/release/deps/carrick_embed-ac5091a89d42fbfc.tmp.97701: replacing existing signature
test-signed: signed /Volumes/CaseSensitive/carrick/.worktrees/wt-cp3-adapter/target/release/deps/carrick_embed-ac5091a89d42fbfc
/Applications/Xcode-beta.app/Contents/Developer/Toolchains/XcodeDefault.xctoolchain/usr/bin/vtool warning: code signature will be invalid for /Volumes/CaseSensitive/carrick/.worktrees/wt-cp3-adapter/target/release/deps/two_process_parallelism-266adc1a3cc33999.tmp.97701
/Volumes/CaseSensitive/carrick/.worktrees/wt-cp3-adapter/target/release/deps/two_process_parallelism-266adc1a3cc33999.tmp.97701: replacing existing signature
test-signed: signed /Volumes/CaseSensitive/carrick/.worktrees/wt-cp3-adapter/target/release/deps/two_process_parallelism-266adc1a3cc33999
/Applications/Xcode-beta.app/Contents/Developer/Toolchains/XcodeDefault.xctoolchain/usr/bin/vtool warning: code signature will be invalid for /Volumes/CaseSensitive/carrick/.worktrees/wt-cp3-adapter/target/release/deps/el1_files-f14f7a86ea8287c9.tmp.97701
/Volumes/CaseSensitive/carrick/.worktrees/wt-cp3-adapter/target/release/deps/el1_files-f14f7a86ea8287c9.tmp.97701: replacing existing signature
test-signed: signed /Volumes/CaseSensitive/carrick/.worktrees/wt-cp3-adapter/target/release/deps/el1_files-f14f7a86ea8287c9
/Applications/Xcode-beta.app/Contents/Developer/Toolchains/XcodeDefault.xctoolchain/usr/bin/vtool warning: code signature will be invalid for /Volumes/CaseSensitive/carrick/.worktrees/wt-cp3-adapter/target/release/deps/scheduler_preemption-fec5a6ce0c55a5db.tmp.97701
/Volumes/CaseSensitive/carrick/.worktrees/wt-cp3-adapter/target/release/deps/scheduler_preemption-fec5a6ce0c55a5db.tmp.97701: replacing existing signature
test-signed: signed /Volumes/CaseSensitive/carrick/.worktrees/wt-cp3-adapter/target/release/deps/scheduler_preemption-fec5a6ce0c55a5db
/Applications/Xcode-beta.app/Contents/Developer/Toolchains/XcodeDefault.xctoolchain/usr/bin/vtool warning: code signature will be invalid for /Volumes/CaseSensitive/carrick/.worktrees/wt-cp3-adapter/target/release/deps/el1_ipc_routing-3355072563416c12.tmp.97701
/Volumes/CaseSensitive/carrick/.worktrees/wt-cp3-adapter/target/release/deps/el1_ipc_routing-3355072563416c12.tmp.97701: replacing existing signature
test-signed: signed /Volumes/CaseSensitive/carrick/.worktrees/wt-cp3-adapter/target/release/deps/el1_ipc_routing-3355072563416c12
/Applications/Xcode-beta.app/Contents/Developer/Toolchains/XcodeDefault.xctoolchain/usr/bin/vtool warning: code signature will be invalid for /Volumes/CaseSensitive/carrick/.worktrees/wt-cp3-adapter/target/release/deps/inotify_hotpath_contract-447c6fd266adf039.tmp.97701
/Volumes/CaseSensitive/carrick/.worktrees/wt-cp3-adapter/target/release/deps/inotify_hotpath_contract-447c6fd266adf039.tmp.97701: replacing existing signature
test-signed: signed /Volumes/CaseSensitive/carrick/.worktrees/wt-cp3-adapter/target/release/deps/inotify_hotpath_contract-447c6fd266adf039
/Applications/Xcode-beta.app/Contents/Developer/Toolchains/XcodeDefault.xctoolchain/usr/bin/vtool warning: code signature will be invalid for /Volumes/CaseSensitive/carrick/.worktrees/wt-cp3-adapter/target/release/deps/write_seek_contract-ae3942d64d36dd47.tmp.97701
/Volumes/CaseSensitive/carrick/.worktrees/wt-cp3-adapter/target/release/deps/write_seek_contract-ae3942d64d36dd47.tmp.97701: replacing existing signature
test-signed: signed /Volumes/CaseSensitive/carrick/.worktrees/wt-cp3-adapter/target/release/deps/write_seek_contract-ae3942d64d36dd47
/Applications/Xcode-beta.app/Contents/Developer/Toolchains/XcodeDefault.xctoolchain/usr/bin/vtool warning: code signature will be invalid for /Volumes/CaseSensitive/carrick/.worktrees/wt-cp3-adapter/target/release/deps/wedge_capture_ladder-c184a6d912502b10.tmp.97701
/Volumes/CaseSensitive/carrick/.worktrees/wt-cp3-adapter/target/release/deps/wedge_capture_ladder-c184a6d912502b10.tmp.97701: replacing existing signature
test-signed: signed /Volumes/CaseSensitive/carrick/.worktrees/wt-cp3-adapter/target/release/deps/wedge_capture_ladder-c184a6d912502b10
/Applications/Xcode-beta.app/Contents/Developer/Toolchains/XcodeDefault.xctoolchain/usr/bin/vtool warning: code signature will be invalid for /Volumes/CaseSensitive/carrick/.worktrees/wt-cp3-adapter/target/release/deps/discard_fork_threads-40d01799be59a0ad.tmp.97701
/Volumes/CaseSensitive/carrick/.worktrees/wt-cp3-adapter/target/release/deps/discard_fork_threads-40d01799be59a0ad.tmp.97701: replacing existing signature
test-signed: signed /Volumes/CaseSensitive/carrick/.worktrees/wt-cp3-adapter/target/release/deps/discard_fork_threads-40d01799be59a0ad
/Applications/Xcode-beta.app/Contents/Developer/Toolchains/XcodeDefault.xctoolchain/usr/bin/vtool warning: code signature will be invalid for /Volumes/CaseSensitive/carrick/.worktrees/wt-cp3-adapter/target/release/deps/scheduler_race-3690085b56dad18b.tmp.97701
/Volumes/CaseSensitive/carrick/.worktrees/wt-cp3-adapter/target/release/deps/scheduler_race-3690085b56dad18b.tmp.97701: replacing existing signature
test-signed: signed /Volumes/CaseSensitive/carrick/.worktrees/wt-cp3-adapter/target/release/deps/scheduler_race-3690085b56dad18b
/Applications/Xcode-beta.app/Contents/Developer/Toolchains/XcodeDefault.xctoolchain/usr/bin/vtool warning: code signature will be invalid for /Volumes/CaseSensitive/carrick/.worktrees/wt-cp3-adapter/target/release/deps/entitlement_negative-9743e1c29a1cd363.tmp.97701
/Volumes/CaseSensitive/carrick/.worktrees/wt-cp3-adapter/target/release/deps/entitlement_negative-9743e1c29a1cd363.tmp.97701: replacing existing signature
test-signed: signed /Volumes/CaseSensitive/carrick/.worktrees/wt-cp3-adapter/target/release/deps/entitlement_negative-9743e1c29a1cd363
/Applications/Xcode-beta.app/Contents/Developer/Toolchains/XcodeDefault.xctoolchain/usr/bin/vtool warning: code signature will be invalid for /Volumes/CaseSensitive/carrick/.worktrees/wt-cp3-adapter/target/release/deps/host_wait_policy-728fed50fb490be5.tmp.97701
/Volumes/CaseSensitive/carrick/.worktrees/wt-cp3-adapter/target/release/deps/host_wait_policy-728fed50fb490be5.tmp.97701: replacing existing signature
test-signed: signed /Volumes/CaseSensitive/carrick/.worktrees/wt-cp3-adapter/target/release/deps/host_wait_policy-728fed50fb490be5
/Applications/Xcode-beta.app/Contents/Developer/Toolchains/XcodeDefault.xctoolchain/usr/bin/vtool warning: code signature will be invalid for /Volumes/CaseSensitive/carrick/.worktrees/wt-cp3-adapter/target/release/deps/fault_budget_guest-b05d4abe5fb16d7c.tmp.97701
/Volumes/CaseSensitive/carrick/.worktrees/wt-cp3-adapter/target/release/deps/fault_budget_guest-b05d4abe5fb16d7c.tmp.97701: replacing existing signature
test-signed: signed /Volumes/CaseSensitive/carrick/.worktrees/wt-cp3-adapter/target/release/deps/fault_budget_guest-b05d4abe5fb16d7c
/Applications/Xcode-beta.app/Contents/Developer/Toolchains/XcodeDefault.xctoolchain/usr/bin/vtool warning: code signature will be invalid for /Volumes/CaseSensitive/carrick/.worktrees/wt-cp3-adapter/target/release/deps/perf_regression-c77a40a76f722eca.tmp.97701
/Volumes/CaseSensitive/carrick/.worktrees/wt-cp3-adapter/target/release/deps/perf_regression-c77a40a76f722eca.tmp.97701: replacing existing signature
test-signed: signed /Volumes/CaseSensitive/carrick/.worktrees/wt-cp3-adapter/target/release/deps/perf_regression-c77a40a76f722eca
/Applications/Xcode-beta.app/Contents/Developer/Toolchains/XcodeDefault.xctoolchain/usr/bin/vtool warning: code signature will be invalid for /Volumes/CaseSensitive/carrick/.worktrees/wt-cp3-adapter/target/release/deps/el1_vcpu_lifetime-16462fe60de7b299.tmp.97701
/Volumes/CaseSensitive/carrick/.worktrees/wt-cp3-adapter/target/release/deps/el1_vcpu_lifetime-16462fe60de7b299.tmp.97701: replacing existing signature
test-signed: signed /Volumes/CaseSensitive/carrick/.worktrees/wt-cp3-adapter/target/release/deps/el1_vcpu_lifetime-16462fe60de7b299
/Applications/Xcode-beta.app/Contents/Developer/Toolchains/XcodeDefault.xctoolchain/usr/bin/vtool warning: code signature will be invalid for /Volumes/CaseSensitive/carrick/.worktrees/wt-cp3-adapter/target/release/deps/el1_inotify-8d58401ad14f61d2.tmp.97701
/Volumes/CaseSensitive/carrick/.worktrees/wt-cp3-adapter/target/release/deps/el1_inotify-8d58401ad14f61d2.tmp.97701: replacing existing signature
test-signed: signed /Volumes/CaseSensitive/carrick/.worktrees/wt-cp3-adapter/target/release/deps/el1_inotify-8d58401ad14f61d2
/Applications/Xcode-beta.app/Contents/Developer/Toolchains/XcodeDefault.xctoolchain/usr/bin/vtool warning: code signature will be invalid for /Volumes/CaseSensitive/carrick/.worktrees/wt-cp3-adapter/target/release/deps/crash_parked_thread-daaf29baf92b16c3.tmp.97701
/Volumes/CaseSensitive/carrick/.worktrees/wt-cp3-adapter/target/release/deps/crash_parked_thread-daaf29baf92b16c3.tmp.97701: replacing existing signature
test-signed: signed /Volumes/CaseSensitive/carrick/.worktrees/wt-cp3-adapter/target/release/deps/crash_parked_thread-daaf29baf92b16c3
/Applications/Xcode-beta.app/Contents/Developer/Toolchains/XcodeDefault.xctoolchain/usr/bin/vtool warning: code signature will be invalid for /Volumes/CaseSensitive/carrick/.worktrees/wt-cp3-adapter/target/release/deps/el1_gic-08087e1d0b8bdf2e.tmp.97701
/Volumes/CaseSensitive/carrick/.worktrees/wt-cp3-adapter/target/release/deps/el1_gic-08087e1d0b8bdf2e.tmp.97701: replacing existing signature
test-signed: signed /Volumes/CaseSensitive/carrick/.worktrees/wt-cp3-adapter/target/release/deps/el1_gic-08087e1d0b8bdf2e
/Applications/Xcode-beta.app/Contents/Developer/Toolchains/XcodeDefault.xctoolchain/usr/bin/vtool warning: code signature will be invalid for /Volumes/CaseSensitive/carrick/.worktrees/wt-cp3-adapter/target/release/deps/guest_smoke-820ee32ef5a9e9d3.tmp.97701
/Volumes/CaseSensitive/carrick/.worktrees/wt-cp3-adapter/target/release/deps/guest_smoke-820ee32ef5a9e9d3.tmp.97701: replacing existing signature
test-signed: signed /Volumes/CaseSensitive/carrick/.worktrees/wt-cp3-adapter/target/release/deps/guest_smoke-820ee32ef5a9e9d3
/Applications/Xcode-beta.app/Contents/Developer/Toolchains/XcodeDefault.xctoolchain/usr/bin/vtool warning: code signature will be invalid for /Volumes/CaseSensitive/carrick/.worktrees/wt-cp3-adapter/target/release/deps/el1_transparent-2ea7e87d7d389879.tmp.97701
/Volumes/CaseSensitive/carrick/.worktrees/wt-cp3-adapter/target/release/deps/el1_transparent-2ea7e87d7d389879.tmp.97701: replacing existing signature
test-signed: signed /Volumes/CaseSensitive/carrick/.worktrees/wt-cp3-adapter/target/release/deps/el1_transparent-2ea7e87d7d389879
/Applications/Xcode-beta.app/Contents/Developer/Toolchains/XcodeDefault.xctoolchain/usr/bin/vtool warning: code signature will be invalid for /Volumes/CaseSensitive/carrick/.worktrees/wt-cp3-adapter/target/release/deps/el1_kick_served_loop-9721202fdb30b811.tmp.97701
/Volumes/CaseSensitive/carrick/.worktrees/wt-cp3-adapter/target/release/deps/el1_kick_served_loop-9721202fdb30b811.tmp.97701: replacing existing signature
test-signed: signed /Volumes/CaseSensitive/carrick/.worktrees/wt-cp3-adapter/target/release/deps/el1_kick_served_loop-9721202fdb30b811
/Applications/Xcode-beta.app/Contents/Developer/Toolchains/XcodeDefault.xctoolchain/usr/bin/vtool warning: code signature will be invalid for /Volumes/CaseSensitive/carrick/.worktrees/wt-cp3-adapter/target/release/deps/kernel_abort-201c922b6ee92d74.tmp.97701
/Volumes/CaseSensitive/carrick/.worktrees/wt-cp3-adapter/target/release/deps/kernel_abort-201c922b6ee92d74.tmp.97701: replacing existing signature
test-signed: signed /Volumes/CaseSensitive/carrick/.worktrees/wt-cp3-adapter/target/release/deps/kernel_abort-201c922b6ee92d74
/Applications/Xcode-beta.app/Contents/Developer/Toolchains/XcodeDefault.xctoolchain/usr/bin/vtool warning: code signature will be invalid for /Volumes/CaseSensitive/carrick/.worktrees/wt-cp3-adapter/target/release/deps/shared_buffer_futex-f5fc4aac3288eaab.tmp.97701
/Volumes/CaseSensitive/carrick/.worktrees/wt-cp3-adapter/target/release/deps/shared_buffer_futex-f5fc4aac3288eaab.tmp.97701: replacing existing signature
test-signed: signed /Volumes/CaseSensitive/carrick/.worktrees/wt-cp3-adapter/target/release/deps/shared_buffer_futex-f5fc4aac3288eaab
/Applications/Xcode-beta.app/Contents/Developer/Toolchains/XcodeDefault.xctoolchain/usr/bin/vtool warning: code signature will be invalid for /Volumes/CaseSensitive/carrick/.worktrees/wt-cp3-adapter/target/release/deps/realtime_calibration-ab4ec1be5f00ad51.tmp.97701
/Volumes/CaseSensitive/carrick/.worktrees/wt-cp3-adapter/target/release/deps/realtime_calibration-ab4ec1be5f00ad51.tmp.97701: replacing existing signature
test-signed: signed /Volumes/CaseSensitive/carrick/.worktrees/wt-cp3-adapter/target/release/deps/realtime_calibration-ab4ec1be5f00ad51
/Applications/Xcode-beta.app/Contents/Developer/Toolchains/XcodeDefault.xctoolchain/usr/bin/vtool warning: code signature will be invalid for /Volumes/CaseSensitive/carrick/.worktrees/wt-cp3-adapter/target/release/deps/conformance_contracts-e010d7eaa8826e2d.tmp.97701
/Volumes/CaseSensitive/carrick/.worktrees/wt-cp3-adapter/target/release/deps/conformance_contracts-e010d7eaa8826e2d.tmp.97701: replacing existing signature
test-signed: signed /Volumes/CaseSensitive/carrick/.worktrees/wt-cp3-adapter/target/release/deps/conformance_contracts-e010d7eaa8826e2d
/Applications/Xcode-beta.app/Contents/Developer/Toolchains/XcodeDefault.xctoolchain/usr/bin/vtool warning: code signature will be invalid for /Volumes/CaseSensitive/carrick/.worktrees/wt-cp3-adapter/target/release/deps/el1_inotify09_probe-8ab374e06b8cf677.tmp.97701
/Volumes/CaseSensitive/carrick/.worktrees/wt-cp3-adapter/target/release/deps/el1_inotify09_probe-8ab374e06b8cf677.tmp.97701: replacing existing signature
test-signed: signed /Volumes/CaseSensitive/carrick/.worktrees/wt-cp3-adapter/target/release/deps/el1_inotify09_probe-8ab374e06b8cf677
/Applications/Xcode-beta.app/Contents/Developer/Toolchains/XcodeDefault.xctoolchain/usr/bin/vtool warning: code signature will be invalid for /Volumes/CaseSensitive/carrick/.worktrees/wt-cp3-adapter/target/release/deps/pt_pause_drain_pressure-e1f729ebc91cdf7d.tmp.97701
/Volumes/CaseSensitive/carrick/.worktrees/wt-cp3-adapter/target/release/deps/pt_pause_drain_pressure-e1f729ebc91cdf7d.tmp.97701: replacing existing signature
test-signed: signed /Volumes/CaseSensitive/carrick/.worktrees/wt-cp3-adapter/target/release/deps/pt_pause_drain_pressure-e1f729ebc91cdf7d
/Volumes/CaseSensitive/carrick/.worktrees/wt-cp3-adapter/target/release/deps/el1_sched-3c030f910e35df6e.tmp.97701: replacing existing signature
test-signed: signed /Volumes/CaseSensitive/carrick/.worktrees/wt-cp3-adapter/target/release/deps/el1_sched-3c030f910e35df6e
test-signed: resolved exact filter el1_ipc_pairs_blocking -> el1_ipc_pairs_blocking
test-signed: running /Volumes/CaseSensitive/carrick/.worktrees/wt-cp3-adapter/target/release/deps/el1_sched-3c030f910e35df6e el1_ipc_pairs_blocking --exact --nocapture

running 1 test
test el1_ipc_pairs_blocking ... IPC pairs pipe n=1: zone=ZoneCounts { el1_parks: 258, el1_switches: 256, host_parks: 1, signal_claims: 0, control_claims: 0, cross_wakes: 0, sgis: 0, preemptions: 0, migrations: 0, timeouts: 0, idle_entries: 11, wfi_entries: 7, idle_exits: 5, misplaced: 0, steals: 0, service_exits: 2, service_placements: 3, ready_placements: 0, service_adoptions: 3, exit_adoptions: 1, host_handbacks: 1, host_queue_claims: 1, host_executor_parks: 0 } forwarded=[(57, 4), (59, 2), (64, 1), (73, 1), (93, 2), (94, 1), (96, 1), (98, 2), (132, 10), (134, 5), (135, 12), (178, 2), (215, 5), (220, 2), (226, 5)] exit 0 signal None stdout "ipc-pairs kind=pipe pairs=1 rounds=128 completed=128\n" stderr ""
IPC pairs pipe n=8: zone=ZoneCounts { el1_parks: 2056, el1_switches: 2037, host_parks: 3, signal_claims: 0, control_claims: 0, cross_wakes: 89, sgis: 73, preemptions: 0, migrations: 0, timeouts: 0, idle_entries: 64, wfi_entries: 23, idle_exits: 32, misplaced: 0, steals: 33, service_exits: 27, service_placements: 23, ready_placements: 0, service_adoptions: 23, exit_adoptions: 22, host_handbacks: 1, host_queue_claims: 0, host_executor_parks: 0 } forwarded=[(57, 33), (59, 16), (63, 7), (64, 2), (73, 1), (93, 16), (94, 1), (96, 1), (98, 4), (132, 56), (134, 5), (135, 68), (178, 16), (215, 34), (220, 16), (222, 3), (226, 33)] exit 0 signal None stdout "ipc-pairs kind=pipe pairs=8 rounds=128 completed=1024\n" stderr ""

thread 'el1_ipc_pairs_blocking' (34422995) panicked at crates/carrick-embed/tests/el1_sched.rs:836:13:
IPC fell back: served before=[510, 256] after=[4570, 2303]
note: run with `RUST_BACKTRACE=1` environment variable to display a backtrace
FAILED

failures:

failures:
    el1_ipc_pairs_blocking

test result: FAILED. 0 passed; 1 failed; 0 ignored; 0 measured; 40 filtered out; finished in 0.22s

test-signed: FAIL /Volumes/CaseSensitive/carrick/.worktrees/wt-cp3-adapter/target/release/deps/el1_sched-3c030f910e35df6e
/Volumes/CaseSensitive/carrick/.worktrees/wt-cp3-adapter/target/release/deps/entitlement_negative-9743e1c29a1cd363.noent.97701: replacing existing signature
test-signed: negative control on /Volumes/CaseSensitive/carrick/.worktrees/wt-cp3-adapter/target/release/deps/entitlement_negative-9743e1c29a1cd363.noent.97701

running 1 test
test unsigned_executable_maps_hv_denied_to_entitlement ... ok

test result: ok. 1 passed; 0 failed; 0 ignored; 0 measured; 0 filtered out; finished in 0.06s

test-signed: FAILED (carrick-embed)
remaining carrick procs (run-id el1-ipc-pairs-20260929-a) = 0
remaining carrick procs (run-id el1-ipc-pairs-20260929-a-cli) = 0
