    Finished `release` profile [optimized] target(s) in 0.07s
build-embed-interceptor-probe: wrote /Volumes/CaseSensitive/carrick/.worktrees/wt-cp3-adapter/target/embed-fixtures/interceptor-probe-aarch64
    Finished `release` profile [optimized] target(s) in 0.06s
build-embed-zone-readers: wrote /Volumes/CaseSensitive/carrick/.worktrees/wt-cp3-adapter/target/embed-fixtures/zone-readers-aarch64
    Finished `release` profile [optimized] target(s) in 0.07s
build-embed-el1-sched: wrote /Volumes/CaseSensitive/carrick/.worktrees/wt-cp3-adapter/target/embed-fixtures/el1-sched-aarch64
   Compiling carrick-kernel v0.1.0 (/Volumes/CaseSensitive/carrick/.worktrees/wt-cp3-adapter/crates/carrick-kernel)
   Compiling carrick-runtime v0.1.0 (/Volumes/CaseSensitive/carrick/.worktrees/wt-cp3-adapter/crates/carrick-runtime)
   Compiling carrick-engine v0.1.0 (/Volumes/CaseSensitive/carrick/.worktrees/wt-cp3-adapter/crates/carrick-engine)
   Compiling carrick-embed v0.1.0 (/Volumes/CaseSensitive/carrick/.worktrees/wt-cp3-adapter/crates/carrick-embed)
    Finished `release` profile [optimized + debuginfo] target(s) in 2m 28s
/Volumes/CaseSensitive/carrick/.worktrees/wt-cp3-adapter/target/release/deps/write_seek_contract-ae3942d64d36dd47.tmp.16847: replacing existing signature
test-signed: signed /Volumes/CaseSensitive/carrick/.worktrees/wt-cp3-adapter/target/release/deps/write_seek_contract-ae3942d64d36dd47
/Volumes/CaseSensitive/carrick/.worktrees/wt-cp3-adapter/target/release/deps/host_wait_policy-728fed50fb490be5.tmp.16847: replacing existing signature
test-signed: signed /Volumes/CaseSensitive/carrick/.worktrees/wt-cp3-adapter/target/release/deps/host_wait_policy-728fed50fb490be5
/Volumes/CaseSensitive/carrick/.worktrees/wt-cp3-adapter/target/release/deps/entitlement_negative-9743e1c29a1cd363.tmp.16847: replacing existing signature
test-signed: signed /Volumes/CaseSensitive/carrick/.worktrees/wt-cp3-adapter/target/release/deps/entitlement_negative-9743e1c29a1cd363
/Volumes/CaseSensitive/carrick/.worktrees/wt-cp3-adapter/target/release/deps/el1_inotify09_probe-8ab374e06b8cf677.tmp.16847: replacing existing signature
test-signed: signed /Volumes/CaseSensitive/carrick/.worktrees/wt-cp3-adapter/target/release/deps/el1_inotify09_probe-8ab374e06b8cf677
/Volumes/CaseSensitive/carrick/.worktrees/wt-cp3-adapter/target/release/deps/el1_gic-08087e1d0b8bdf2e.tmp.16847: replacing existing signature
test-signed: signed /Volumes/CaseSensitive/carrick/.worktrees/wt-cp3-adapter/target/release/deps/el1_gic-08087e1d0b8bdf2e
/Volumes/CaseSensitive/carrick/.worktrees/wt-cp3-adapter/target/release/deps/el1_files-f14f7a86ea8287c9.tmp.16847: replacing existing signature
test-signed: signed /Volumes/CaseSensitive/carrick/.worktrees/wt-cp3-adapter/target/release/deps/el1_files-f14f7a86ea8287c9
/Volumes/CaseSensitive/carrick/.worktrees/wt-cp3-adapter/target/release/deps/shared_buffer_futex-f5fc4aac3288eaab.tmp.16847: replacing existing signature
test-signed: signed /Volumes/CaseSensitive/carrick/.worktrees/wt-cp3-adapter/target/release/deps/shared_buffer_futex-f5fc4aac3288eaab
/Volumes/CaseSensitive/carrick/.worktrees/wt-cp3-adapter/target/release/deps/scheduler_race-3690085b56dad18b.tmp.16847: replacing existing signature
test-signed: signed /Volumes/CaseSensitive/carrick/.worktrees/wt-cp3-adapter/target/release/deps/scheduler_race-3690085b56dad18b
/Volumes/CaseSensitive/carrick/.worktrees/wt-cp3-adapter/target/release/deps/el1_sched-3c030f910e35df6e.tmp.16847: replacing existing signature
test-signed: signed /Volumes/CaseSensitive/carrick/.worktrees/wt-cp3-adapter/target/release/deps/el1_sched-3c030f910e35df6e
/Volumes/CaseSensitive/carrick/.worktrees/wt-cp3-adapter/target/release/deps/el1_kick_served_loop-9721202fdb30b811.tmp.16847: replacing existing signature
test-signed: signed /Volumes/CaseSensitive/carrick/.worktrees/wt-cp3-adapter/target/release/deps/el1_kick_served_loop-9721202fdb30b811
/Volumes/CaseSensitive/carrick/.worktrees/wt-cp3-adapter/target/release/deps/el1_transparent-2ea7e87d7d389879.tmp.16847: replacing existing signature
test-signed: signed /Volumes/CaseSensitive/carrick/.worktrees/wt-cp3-adapter/target/release/deps/el1_transparent-2ea7e87d7d389879
/Volumes/CaseSensitive/carrick/.worktrees/wt-cp3-adapter/target/release/deps/conformance_contracts-e010d7eaa8826e2d.tmp.16847: replacing existing signature
test-signed: signed /Volumes/CaseSensitive/carrick/.worktrees/wt-cp3-adapter/target/release/deps/conformance_contracts-e010d7eaa8826e2d
/Volumes/CaseSensitive/carrick/.worktrees/wt-cp3-adapter/target/release/deps/realtime_calibration-ab4ec1be5f00ad51.tmp.16847: replacing existing signature
test-signed: signed /Volumes/CaseSensitive/carrick/.worktrees/wt-cp3-adapter/target/release/deps/realtime_calibration-ab4ec1be5f00ad51
/Volumes/CaseSensitive/carrick/.worktrees/wt-cp3-adapter/target/release/deps/el1_inotify-8d58401ad14f61d2.tmp.16847: replacing existing signature
test-signed: signed /Volumes/CaseSensitive/carrick/.worktrees/wt-cp3-adapter/target/release/deps/el1_inotify-8d58401ad14f61d2
/Volumes/CaseSensitive/carrick/.worktrees/wt-cp3-adapter/target/release/deps/kernel_abort-201c922b6ee92d74.tmp.16847: replacing existing signature
test-signed: signed /Volumes/CaseSensitive/carrick/.worktrees/wt-cp3-adapter/target/release/deps/kernel_abort-201c922b6ee92d74
/Volumes/CaseSensitive/carrick/.worktrees/wt-cp3-adapter/target/release/deps/scheduler_preemption-fec5a6ce0c55a5db.tmp.16847: replacing existing signature
test-signed: signed /Volumes/CaseSensitive/carrick/.worktrees/wt-cp3-adapter/target/release/deps/scheduler_preemption-fec5a6ce0c55a5db
/Volumes/CaseSensitive/carrick/.worktrees/wt-cp3-adapter/target/release/deps/inotify_hotpath_contract-447c6fd266adf039.tmp.16847: replacing existing signature
test-signed: signed /Volumes/CaseSensitive/carrick/.worktrees/wt-cp3-adapter/target/release/deps/inotify_hotpath_contract-447c6fd266adf039
/Volumes/CaseSensitive/carrick/.worktrees/wt-cp3-adapter/target/release/deps/guest_smoke-820ee32ef5a9e9d3.tmp.16847: replacing existing signature
test-signed: signed /Volumes/CaseSensitive/carrick/.worktrees/wt-cp3-adapter/target/release/deps/guest_smoke-820ee32ef5a9e9d3
/Volumes/CaseSensitive/carrick/.worktrees/wt-cp3-adapter/target/release/deps/pt_pause_drain_pressure-e1f729ebc91cdf7d.tmp.16847: replacing existing signature
test-signed: signed /Volumes/CaseSensitive/carrick/.worktrees/wt-cp3-adapter/target/release/deps/pt_pause_drain_pressure-e1f729ebc91cdf7d
/Volumes/CaseSensitive/carrick/.worktrees/wt-cp3-adapter/target/release/deps/wedge_capture_ladder-c184a6d912502b10.tmp.16847: replacing existing signature
test-signed: signed /Volumes/CaseSensitive/carrick/.worktrees/wt-cp3-adapter/target/release/deps/wedge_capture_ladder-c184a6d912502b10
/Volumes/CaseSensitive/carrick/.worktrees/wt-cp3-adapter/target/release/deps/two_process_parallelism-266adc1a3cc33999.tmp.16847: replacing existing signature
test-signed: signed /Volumes/CaseSensitive/carrick/.worktrees/wt-cp3-adapter/target/release/deps/two_process_parallelism-266adc1a3cc33999
/Volumes/CaseSensitive/carrick/.worktrees/wt-cp3-adapter/target/release/deps/crash_parked_thread-daaf29baf92b16c3.tmp.16847: replacing existing signature
test-signed: signed /Volumes/CaseSensitive/carrick/.worktrees/wt-cp3-adapter/target/release/deps/crash_parked_thread-daaf29baf92b16c3
/Volumes/CaseSensitive/carrick/.worktrees/wt-cp3-adapter/target/release/deps/el1_ipc_routing-3355072563416c12.tmp.16847: replacing existing signature
test-signed: signed /Volumes/CaseSensitive/carrick/.worktrees/wt-cp3-adapter/target/release/deps/el1_ipc_routing-3355072563416c12
/Volumes/CaseSensitive/carrick/.worktrees/wt-cp3-adapter/target/release/deps/carrick_embed-ac5091a89d42fbfc.tmp.16847: replacing existing signature
test-signed: signed /Volumes/CaseSensitive/carrick/.worktrees/wt-cp3-adapter/target/release/deps/carrick_embed-ac5091a89d42fbfc
/Volumes/CaseSensitive/carrick/.worktrees/wt-cp3-adapter/target/release/deps/perf_regression-c77a40a76f722eca.tmp.16847: replacing existing signature
test-signed: signed /Volumes/CaseSensitive/carrick/.worktrees/wt-cp3-adapter/target/release/deps/perf_regression-c77a40a76f722eca
/Volumes/CaseSensitive/carrick/.worktrees/wt-cp3-adapter/target/release/deps/fault_budget_guest-b05d4abe5fb16d7c.tmp.16847: replacing existing signature
test-signed: signed /Volumes/CaseSensitive/carrick/.worktrees/wt-cp3-adapter/target/release/deps/fault_budget_guest-b05d4abe5fb16d7c
/Volumes/CaseSensitive/carrick/.worktrees/wt-cp3-adapter/target/release/deps/discard_fork_threads-40d01799be59a0ad.tmp.16847: replacing existing signature
test-signed: signed /Volumes/CaseSensitive/carrick/.worktrees/wt-cp3-adapter/target/release/deps/discard_fork_threads-40d01799be59a0ad
/Volumes/CaseSensitive/carrick/.worktrees/wt-cp3-adapter/target/release/deps/el1_vcpu_lifetime-16462fe60de7b299.tmp.16847: replacing existing signature
test-signed: signed /Volumes/CaseSensitive/carrick/.worktrees/wt-cp3-adapter/target/release/deps/el1_vcpu_lifetime-16462fe60de7b299
test-signed: resolved exact filter el1_ipc_mixed_venue_roundtrips -> el1_ipc_mixed_venue_roundtrips
test-signed: running /Volumes/CaseSensitive/carrick/.worktrees/wt-cp3-adapter/target/release/deps/el1_sched-3c030f910e35df6e el1_ipc_mixed_venue_roundtrips --exact --nocapture

running 1 test
test el1_ipc_mixed_venue_roundtrips ... IPC mixed pipe zone=ZoneCounts { el1_parks: 127, el1_switches: 63, host_parks: 1, signal_claims: 0, control_claims: 0, cross_wakes: 1, sgis: 0, preemptions: 0, migrations: 0, timeouts: 0, idle_entries: 282, wfi_entries: 32, idle_exits: 29, misplaced: 0, steals: 75, service_exits: 186, service_placements: 139, ready_placements: 62, service_adoptions: 139, exit_adoptions: 3, host_handbacks: 65, host_queue_claims: 0, host_executor_parks: 0 } forwarded=[(57, 4), (59, 2), (64, 1), (65, 128), (66, 131), (73, 1), (93, 1), (94, 1), (96, 1), (98, 1), (132, 6), (134, 5), (135, 8), (178, 1), (215, 3), (220, 1), (226, 3)] exit 0 signal None stdout "ipc-mixed kind=pipe completed=128\n" stderr ""
IPC mixed eventfd zone=ZoneCounts { el1_parks: 128, el1_switches: 64, host_parks: 1, signal_claims: 0, control_claims: 0, cross_wakes: 1, sgis: 0, preemptions: 0, migrations: 0, timeouts: 0, idle_entries: 266, wfi_entries: 8, idle_exits: 8, misplaced: 0, steals: 69, service_exits: 194, service_placements: 131, ready_placements: 64, service_adoptions: 131, exit_adoptions: 0, host_handbacks: 64, host_queue_claims: 0, host_executor_parks: 0 } forwarded=[(19, 2), (57, 2), (64, 1), (65, 128), (66, 128), (73, 1), (93, 1), (94, 1), (96, 1), (98, 1), (132, 6), (134, 5), (135, 8), (178, 1), (215, 3), (220, 1), (226, 3)] exit 0 signal None stdout "ipc-mixed kind=eventfd completed=128\n" stderr ""
ok

test result: ok. 1 passed; 0 failed; 0 ignored; 0 measured; 43 filtered out; finished in 0.21s

/Volumes/CaseSensitive/carrick/.worktrees/wt-cp3-adapter/target/release/deps/entitlement_negative-9743e1c29a1cd363.noent.16847: replacing existing signature
test-signed: negative control on /Volumes/CaseSensitive/carrick/.worktrees/wt-cp3-adapter/target/release/deps/entitlement_negative-9743e1c29a1cd363.noent.16847

running 1 test
test unsigned_executable_maps_hv_denied_to_entitlement ... ok

test result: ok. 1 passed; 0 failed; 0 ignored; 0 measured; 0 filtered out; finished in 0.06s

remaining carrick procs (run-id el1-ipc-vector-20260929-a) = 0
remaining carrick procs (run-id el1-ipc-vector-20260929-a-cli) = 0
test-signed: receipt target/test-results/carrick-embed-signed-artifacts.jsonl
test-signed: OK (carrick-embed: 1 invoked signed executable(s) passed, 28 signed, negative control passed)
