
running 1 test
test vcpu_loop::exec::tests::invalid_inotify_service_completion_cost ... service_completion sample=0 ns_per_pair=562.1757507324219
service_completion sample=1 ns_per_pair=540.2463226318359
service_completion sample=2 ns_per_pair=541.5248870849609
service_completion sample=3 ns_per_pair=542.6629486083984
service_completion sample=4 ns_per_pair=541.7308807373047
service_completion sample=5 ns_per_pair=540.9730377197266
service_completion sample=6 ns_per_pair=541.5668487548828
service_completion sample=7 ns_per_pair=541.4981842041016
service_completion sample=8 ns_per_pair=540.8293304443359
service_completion sample=9 ns_per_pair=541.9578552246094
service_completion sample=10 ns_per_pair=540.7886505126953
service_completion sample=11 ns_per_pair=541.9139862060547
service_completion sample=12 ns_per_pair=544.7063446044922
service_completion sample=13 ns_per_pair=542.3208923339844
service_completion sample=14 ns_per_pair=541.8033599853516
service_completion sample=15 ns_per_pair=541.4943695068359
service_completion sample=16 ns_per_pair=540.0314331054688
service_completion sample=17 ns_per_pair=540.8477783203125
service_completion sample=18 ns_per_pair=547.3067016601563
service_completion sample=19 ns_per_pair=542.0576782226563
service_completion sample=20 ns_per_pair=541.6259765625
ok

test result: ok. 1 passed; 0 failed; 0 ignored; 0 measured; 596 filtered out; finished in 0.81s

